
> ox-board@1.0.0 test
> jest --verbose --no-coverage

FAIL tests/unit/lib/gestures/gestureStemMapper.test.ts
  GestureStemMapper
    Gesture Detection
      × should detect peace sign gesture (6 ms)
      √ should detect fist gesture (1 ms)
      × should detect pinch gesture (1 ms)
    Gesture Processing
      √ should process gestures and return control mappings (1 ms)
      √ should handle empty gesture arrays (1 ms)
      √ should handle multiple gestures
    Profile Management
      √ should get active profile
      √ should get all profiles
      √ should set active profile
      √ should handle invalid profile ID
    Feedback State
      √ should provide feedback state (1 ms)
      √ should track active gestures
    Performance Requirements
      √ should detect gestures within performance budget (1 ms)
      √ should process gestures within performance budget (1 ms)
    Error Handling
      √ should handle invalid landmarks gracefully
      √ should handle null hand results
      √ should cleanup properly (1 ms)

  ● GestureStemMapper › Gesture Detection › should detect peace sign gesture

    expect(received).toBeDefined()

    Received: undefined

    [0m [90m 42 |[39m       )[33m;[39m
     [90m 43 |[39m
    [31m[1m>[22m[39m[90m 44 |[39m       expect(peaceGesture)[33m.[39mtoBeDefined()[33m;[39m
     [90m    |[39m                            [31m[1m^[22m[39m
     [90m 45 |[39m       expect(peaceGesture[33m?[39m[33m.[39mconfidence)[33m.[39mtoBeGreaterThan([35m0.7[39m)[33m;[39m
     [90m 46 |[39m     })[33m;[39m
     [90m 47 |[39m[0m

      at Object.toBeDefined (tests/unit/lib/gestures/gestureStemMapper.test.ts:44:28)

  ● GestureStemMapper › Gesture Detection › should detect pinch gesture

    expect(received).toBeDefined()

    Received: undefined

    [0m [90m  99 |[39m       )[33m;[39m
     [90m 100 |[39m
    [31m[1m>[22m[39m[90m 101 |[39m       expect(pinchGesture)[33m.[39mtoBeDefined()[33m;[39m
     [90m     |[39m                            [31m[1m^[22m[39m
     [90m 102 |[39m       expect(pinchGesture[33m?[39m[33m.[39mconfidence)[33m.[39mtoBeGreaterThan([35m0.7[39m)[33m;[39m
     [90m 103 |[39m     })[33m;[39m
     [90m 104 |[39m   })[33m;[39m[0m

      at Object.toBeDefined (tests/unit/lib/gestures/gestureStemMapper.test.ts:101:28)

  console.log
    Essentia.js initialized successfully

      at MusicAnalyzer.log [as initializeEssentia] (app/lib/audio/musicAnalyzer.ts:188:15)

  console.log
    Essentia.js initialized successfully

      at MusicAnalyzer.log [as initializeEssentia] (app/lib/audio/musicAnalyzer.ts:188:15)

  console.log
    Essentia.js initialized successfully

      at MusicAnalyzer.log [as initializeEssentia] (app/lib/audio/musicAnalyzer.ts:188:15)

  console.log
    Essentia.js initialized successfully

      at MusicAnalyzer.log [as initializeEssentia] (app/lib/audio/musicAnalyzer.ts:188:15)

  console.log
    Essentia.js initialized successfully

      at MusicAnalyzer.log [as initializeEssentia] (app/lib/audio/musicAnalyzer.ts:188:15)

  console.log
    Essentia.js initialized successfully

      at MusicAnalyzer.log [as initializeEssentia] (app/lib/audio/musicAnalyzer.ts:188:15)

  console.error
    BPM extraction failed: TypeError: this.algorithms.equalLoudness is not a function
        at MusicAnalyzer.equalLoudness [as extractBPM] (C:\Users\Nate2\code\ox-board\app\lib\audio\musicAnalyzer.ts:263:48)
        at processTicksAndRejections (node:internal/process/task_queues:105:5)
        at Object.<anonymous> (C:\Users\Nate2\code\ox-board\tests\unit\lib\audio\musicAnalyzer.test.ts:174:22)

    [0m [90m 103 |[39m     [36mreturn[39m[33m;[39m
     [90m 104 |[39m   }
    [31m[1m>[22m[39m[90m 105 |[39m   originalError[33m.[39mcall(console[33m,[39m [33m...[39margs)[33m;[39m
     [90m     |[39m                 [31m[1m^[22m[39m
     [90m 106 |[39m }[33m;[39m
     [90m 107 |[39m
     [90m 108 |[39m [90m// Suppress specific warnings during tests[39m[0m

      at console.call [as error] (tests/setup/jest.setup.js:105:17)
      at MusicAnalyzer.error [as extractBPM] (app/lib/audio/musicAnalyzer.ts:335:15)
      at Object.<anonymous> (tests/unit/lib/audio/musicAnalyzer.test.ts:174:22)

  console.log
    Essentia.js initialized successfully

      at MusicAnalyzer.log [as initializeEssentia] (app/lib/audio/musicAnalyzer.ts:188:15)

  console.error
    BPM extraction failed: TypeError: this.algorithms.equalLoudness is not a function
        at MusicAnalyzer.equalLoudness [as extractBPM] (C:\Users\Nate2\code\ox-board\app\lib\audio\musicAnalyzer.ts:263:48)
        at processTicksAndRejections (node:internal/process/task_queues:105:5)
        at Object.<anonymous> (C:\Users\Nate2\code\ox-board\tests\unit\lib\audio\musicAnalyzer.test.ts:191:22)

    [0m [90m 103 |[39m     [36mreturn[39m[33m;[39m
     [90m 104 |[39m   }
    [31m[1m>[22m[39m[90m 105 |[39m   originalError[33m.[39mcall(console[33m,[39m [33m...[39margs)[33m;[39m
     [90m     |[39m                 [31m[1m^[22m[39m
     [90m 106 |[39m }[33m;[39m
     [90m 107 |[39m
     [90m 108 |[39m [90m// Suppress specific warnings during tests[39m[0m

      at console.call [as error] (tests/setup/jest.setup.js:105:17)
      at MusicAnalyzer.error [as extractBPM] (app/lib/audio/musicAnalyzer.ts:335:15)
      at Object.<anonymous> (tests/unit/lib/audio/musicAnalyzer.test.ts:191:22)

  console.log
    Essentia.js initialized successfully

      at MusicAnalyzer.log [as initializeEssentia] (app/lib/audio/musicAnalyzer.ts:188:15)

  console.error
    BPM extraction failed: TypeError: this.algorithms.equalLoudness is not a function
        at MusicAnalyzer.equalLoudness [as extractBPM] (C:\Users\Nate2\code\ox-board\app\lib\audio\musicAnalyzer.ts:263:48)
        at processTicksAndRejections (node:internal/process/task_queues:105:5)
        at Object.<anonymous> (C:\Users\Nate2\code\ox-board\tests\unit\lib\audio\musicAnalyzer.test.ts:198:22)

    [0m [90m 103 |[39m     [36mreturn[39m[33m;[39m
     [90m 104 |[39m   }
    [31m[1m>[22m[39m[90m 105 |[39m   originalError[33m.[39mcall(console[33m,[39m [33m...[39margs)[33m;[39m
     [90m     |[39m                 [31m[1m^[22m[39m
     [90m 106 |[39m }[33m;[39m
     [90m 107 |[39m
     [90m 108 |[39m [90m// Suppress specific warnings during tests[39m[0m

      at console.call [as error] (tests/setup/jest.setup.js:105:17)
      at MusicAnalyzer.error [as extractBPM] (app/lib/audio/musicAnalyzer.ts:335:15)
      at Object.<anonymous> (tests/unit/lib/audio/musicAnalyzer.test.ts:198:22)

  console.log
    Essentia.js initialized successfully

      at MusicAnalyzer.log [as initializeEssentia] (app/lib/audio/musicAnalyzer.ts:188:15)

  console.error
    BPM extraction failed: TypeError: this.algorithms.equalLoudness is not a function
        at MusicAnalyzer.equalLoudness [as extractBPM] (C:\Users\Nate2\code\ox-board\app\lib\audio\musicAnalyzer.ts:263:48)
        at processTicksAndRejections (node:internal/process/task_queues:105:5)
        at Object.<anonymous> (C:\Users\Nate2\code\ox-board\tests\unit\lib\audio\musicAnalyzer.test.ts:205:22)

    [0m [90m 103 |[39m     [36mreturn[39m[33m;[39m
     [90m 104 |[39m   }
    [31m[1m>[22m[39m[90m 105 |[39m   originalError[33m.[39mcall(console[33m,[39m [33m...[39margs)[33m;[39m
     [90m     |[39m                 [31m[1m^[22m[39m
     [90m 106 |[39m }[33m;[39m
     [90m 107 |[39m
     [90m 108 |[39m [90m// Suppress specific warnings during tests[39m[0m

      at console.call [as error] (tests/setup/jest.setup.js:105:17)
      at MusicAnalyzer.error [as extractBPM] (app/lib/audio/musicAnalyzer.ts:335:15)
      at Object.<anonymous> (tests/unit/lib/audio/musicAnalyzer.test.ts:205:22)

  console.log
    Essentia.js initialized successfully

      at MusicAnalyzer.log [as initializeEssentia] (app/lib/audio/musicAnalyzer.ts:188:15)

  console.error
    BPM extraction failed: TypeError: this.algorithms.equalLoudness is not a function
        at MusicAnalyzer.equalLoudness [as extractBPM] (C:\Users\Nate2\code\ox-board\app\lib\audio\musicAnalyzer.ts:263:48)
        at processTicksAndRejections (node:internal/process/task_queues:105:5)
        at Object.<anonymous> (C:\Users\Nate2\code\ox-board\tests\unit\lib\audio\musicAnalyzer.test.ts:227:22)

    [0m [90m 103 |[39m     [36mreturn[39m[33m;[39m
     [90m 104 |[39m   }
    [31m[1m>[22m[39m[90m 105 |[39m   originalError[33m.[39mcall(console[33m,[39m [33m...[39margs)[33m;[39m
     [90m     |[39m                 [31m[1m^[22m[39m
     [90m 106 |[39m }[33m;[39m
     [90m 107 |[39m
     [90m 108 |[39m [90m// Suppress specific warnings during tests[39m[0m

      at console.call [as error] (tests/setup/jest.setup.js:105:17)
      at MusicAnalyzer.error [as extractBPM] (app/lib/audio/musicAnalyzer.ts:335:15)
      at Object.<anonymous> (tests/unit/lib/audio/musicAnalyzer.test.ts:227:22)

  console.log
    Essentia.js initialized successfully

      at MusicAnalyzer.log [as initializeEssentia] (app/lib/audio/musicAnalyzer.ts:188:15)

  console.error
    Key detection failed: TypeError: this.algorithms.keyExtractor is not a function
        at MusicAnalyzer.keyExtractor [as detectKey] (C:\Users\Nate2\code\ox-board\app\lib\audio\musicAnalyzer.ts:352:41)
        at processTicksAndRejections (node:internal/process/task_queues:105:5)
        at Object.<anonymous> (C:\Users\Nate2\code\ox-board\tests\unit\lib\audio\musicAnalyzer.test.ts:250:22)

    [0m [90m 103 |[39m     [36mreturn[39m[33m;[39m
     [90m 104 |[39m   }
    [31m[1m>[22m[39m[90m 105 |[39m   originalError[33m.[39mcall(console[33m,[39m [33m...[39margs)[33m;[39m
     [90m     |[39m                 [31m[1m^[22m[39m
     [90m 106 |[39m }[33m;[39m
     [90m 107 |[39m
     [90m 108 |[39m [90m// Suppress specific warnings during tests[39m[0m

      at console.call [as error] (tests/setup/jest.setup.js:105:17)
      at MusicAnalyzer.error [as detectKey] (app/lib/audio/musicAnalyzer.ts:388:15)
      at Object.<anonymous> (tests/unit/lib/audio/musicAnalyzer.test.ts:250:22)

  console.log
    Essentia.js initialized successfully

      at MusicAnalyzer.log [as initializeEssentia] (app/lib/audio/musicAnalyzer.ts:188:15)

  console.error
    Key detection failed: TypeError: this.algorithms.keyExtractor is not a function
        at MusicAnalyzer.keyExtractor [as detectKey] (C:\Users\Nate2\code\ox-board\app\lib\audio\musicAnalyzer.ts:352:41)
        at processTicksAndRejections (node:internal/process/task_queues:105:5)
        at Object.<anonymous> (C:\Users\Nate2\code\ox-board\tests\unit\lib\audio\musicAnalyzer.test.ts:282:24)

    [0m [90m 103 |[39m     [36mreturn[39m[33m;[39m
     [90m 104 |[39m   }
    [31m[1m>[22m[39m[90m 105 |[39m   originalError[33m.[39mcall(console[33m,[39m [33m...[39margs)[33m;[39m
     [90m     |[39m                 [31m[1m^[22m[39m
     [90m 106 |[39m }[33m;[39m
     [90m 107 |[39m
     [90m 108 |[39m [90m// Suppress specific warnings during tests[39m[0m

      at console.call [as error] (tests/setup/jest.setup.js:105:17)
      at MusicAnalyzer.error [as detectKey] (app/lib/audio/musicAnalyzer.ts:388:15)
      at Object.<anonymous> (tests/unit/lib/audio/musicAnalyzer.test.ts:282:24)

  console.error
    Key detection failed: TypeError: this.algorithms.keyExtractor is not a function
        at MusicAnalyzer.keyExtractor [as detectKey] (C:\Users\Nate2\code\ox-board\app\lib\audio\musicAnalyzer.ts:352:41)
        at processTicksAndRejections (node:internal/process/task_queues:105:5)
        at Object.<anonymous> (C:\Users\Nate2\code\ox-board\tests\unit\lib\audio\musicAnalyzer.test.ts:282:24)

    [0m [90m 103 |[39m     [36mreturn[39m[33m;[39m
     [90m 104 |[39m   }
    [31m[1m>[22m[39m[90m 105 |[39m   originalError[33m.[39mcall(console[33m,[39m [33m...[39margs)[33m;[39m
     [90m     |[39m                 [31m[1m^[22m[39m
     [90m 106 |[39m }[33m;[39m
     [90m 107 |[39m
     [90m 108 |[39m [90m// Suppress specific warnings during tests[39m[0m

      at console.call [as error] (tests/setup/jest.setup.js:105:17)
      at MusicAnalyzer.error [as detectKey] (app/lib/audio/musicAnalyzer.ts:388:15)
      at Object.<anonymous> (tests/unit/lib/audio/musicAnalyzer.test.ts:282:24)

  console.error
    Key detection failed: TypeError: this.algorithms.keyExtractor is not a function
        at MusicAnalyzer.keyExtractor [as detectKey] (C:\Users\Nate2\code\ox-board\app\lib\audio\musicAnalyzer.ts:352:41)
        at processTicksAndRejections (node:internal/process/task_queues:105:5)
        at Object.<anonymous> (C:\Users\Nate2\code\ox-board\tests\unit\lib\audio\musicAnalyzer.test.ts:282:24)

    [0m [90m 103 |[39m     [36mreturn[39m[33m;[39m
     [90m 104 |[39m   }
    [31m[1m>[22m[39m[90m 105 |[39m   originalError[33m.[39mcall(console[33m,[39m [33m...[39margs)[33m;[39m
     [90m     |[39m                 [31m[1m^[22m[39m
     [90m 106 |[39m }[33m;[39m
     [90m 107 |[39m
     [90m 108 |[39m [90m// Suppress specific warnings during tests[39m[0m

      at console.call [as error] (tests/setup/jest.setup.js:105:17)
      at MusicAnalyzer.error [as detectKey] (app/lib/audio/musicAnalyzer.ts:388:15)
      at Object.<anonymous> (tests/unit/lib/audio/musicAnalyzer.test.ts:282:24)

  console.error
    Key detection failed: TypeError: this.algorithms.keyExtractor is not a function
        at MusicAnalyzer.keyExtractor [as detectKey] (C:\Users\Nate2\code\ox-board\app\lib\audio\musicAnalyzer.ts:352:41)
        at processTicksAndRejections (node:internal/process/task_queues:105:5)
        at Object.<anonymous> (C:\Users\Nate2\code\ox-board\tests\unit\lib\audio\musicAnalyzer.test.ts:282:24)

    [0m [90m 103 |[39m     [36mreturn[39m[33m;[39m
     [90m 104 |[39m   }
    [31m[1m>[22m[39m[90m 105 |[39m   originalError[33m.[39mcall(console[33m,[39m [33m...[39margs)[33m;[39m
     [90m     |[39m                 [31m[1m^[22m[39m
     [90m 106 |[39m }[33m;[39m
     [90m 107 |[39m
     [90m 108 |[39m [90m// Suppress specific warnings during tests[39m[0m

      at console.call [as error] (tests/setup/jest.setup.js:105:17)
      at MusicAnalyzer.error [as detectKey] (app/lib/audio/musicAnalyzer.ts:388:15)
      at Object.<anonymous> (tests/unit/lib/audio/musicAnalyzer.test.ts:282:24)

  console.error
    Key detection failed: TypeError: this.algorithms.keyExtractor is not a function
        at MusicAnalyzer.keyExtractor [as detectKey] (C:\Users\Nate2\code\ox-board\app\lib\audio\musicAnalyzer.ts:352:41)
        at processTicksAndRejections (node:internal/process/task_queues:105:5)
        at Object.<anonymous> (C:\Users\Nate2\code\ox-board\tests\unit\lib\audio\musicAnalyzer.test.ts:282:24)

    [0m [90m 103 |[39m     [36mreturn[39m[33m;[39m
     [90m 104 |[39m   }
    [31m[1m>[22m[39m[90m 105 |[39m   originalError[33m.[39mcall(console[33m,[39m [33m...[39margs)[33m;[39m
     [90m     |[39m                 [31m[1m^[22m[39m
     [90m 106 |[39m }[33m;[39m
     [90m 107 |[39m
     [90m 108 |[39m [90m// Suppress specific warnings during tests[39m[0m

      at console.call [as error] (tests/setup/jest.setup.js:105:17)
      at MusicAnalyzer.error [as detectKey] (app/lib/audio/musicAnalyzer.ts:388:15)
      at Object.<anonymous> (tests/unit/lib/audio/musicAnalyzer.test.ts:282:24)

FAIL tests/unit/lib/audio/stemEffects.test.ts
  StemEffectsProcessor
    Initialization
      √ should initialize stem effects processor (6 ms)
      × should initialize all 4 stems without errors (44 ms)
      √ should throw error for invalid stem indices (2 ms)
      × should create default effect configuration for each stem (1 ms)
      × should initialize with compression enabled by default (1 ms)
    Effect Parameter Control
      × should set reverb parameters correctly (1 ms)
      × should set delay parameters correctly (1 ms)
      × should set filter parameters correctly (1 ms)
      × should set distortion parameters correctly (1 ms)
      × should set compression parameters correctly
      × should set modulation effects parameters correctly (1 ms)
      × should handle bypass correctly
      × should throw error for uninitialized stem
    Effect Presets
      × should apply club preset correctly
      × should apply hall preset correctly
      × should apply studio preset correctly
      × should apply outdoor preset correctly
      × should get available presets (1 ms)
      × should throw error for invalid preset
    Gesture Control
      × should process pinch gesture for effect intensity (1 ms)
      × should process rotation gesture for parameter sweep (1 ms)
      × should process spread gesture for wet/dry mix (1 ms)
      × should process tap gesture for effect toggle (1 ms)
      × should process swipe gesture for effect cycling (1 ms)
      × should ignore gestures below threshold (1 ms)
      × should update gesture mapping (1 ms)
      × should clamp gesture mapping values
    Performance Optimization
      × should enable CPU monitoring (1 ms)
      × should calculate CPU usage for active effects (1 ms)
      × should bypass effects when parameters are at default (1 ms)
      × should measure latency correctly (1 ms)
      × should track active effects count correctly
    Audio Node Connections
      × should provide input and output nodes (1 ms)
      × should connect source to stem input (1 ms)
      × should connect stem output to destination (2 ms)
      × should throw error for uninitialized stem connections (1 ms)
    Reset and Cleanup
      × should reset stem to default configuration (1 ms)
      × should dispose all resources correctly
      × should handle multiple dispose calls safely
    Edge Cases and Error Handling
      × should handle invalid effect types gracefully
      × should clamp parameter values to valid ranges (1 ms)
      × should handle concurrent effect parameter changes (1 ms)
      × should maintain state consistency during rapid gesture input (1 ms)
    Performance Benchmarks
      × should process effect parameter changes within latency budget (1 ms)
      × should handle gesture processing within latency budget
      × should maintain CPU usage estimates below threshold

  ● StemEffectsProcessor › Initialization › should initialize all 4 stems without errors

    expect(received).not.toThrow()

    Error name:    "TypeError"
    Error message: "_tone.FeedbackDelay is not a constructor"

        [0m [90m 184 |[39m
         [90m 185 |[39m       [36mcase[39m [32m"delay"[39m[33m:[39m
        [31m[1m>[22m[39m[90m 186 |[39m         [36mreturn[39m [36mnew[39m [33mFeedbackDelay[39m({
         [90m     |[39m                [31m[1m^[22m[39m
         [90m 187 |[39m           delayTime[33m:[39m [32m"8n"[39m[33m,[39m
         [90m 188 |[39m           feedback[33m:[39m [35m0.3[39m[33m,[39m
         [90m 189 |[39m           wet[33m:[39m [35m0.3[39m[33m,[39m[0m

      at EffectProcessor.createEffect (app/lib/audio/stemEffects.ts:186:16)
      at new createEffect (app/lib/audio/stemEffects.ts:176:24)
      at StemEffectsProcessor.initializeStem (app/lib/audio/stemEffects.ts:427:35)
      at initializeStem (tests/unit/lib/audio/stemEffects.test.ts:104:23)
      at Object.<anonymous> (node_modules/expect/build/index.js:1824:9)
      at Object.throwingMatcher [as toThrow] (node_modules/expect/build/index.js:2235:93)
      at Object.toThrow (tests/unit/lib/audio/stemEffects.test.ts:106:14)
      at Object.toThrow (tests/unit/lib/audio/stemEffects.test.ts:106:14)

  ● StemEffectsProcessor › Initialization › should create default effect configuration for each stem

    TypeError: _tone.FeedbackDelay is not a constructor

    [0m [90m 184 |[39m
     [90m 185 |[39m       [36mcase[39m [32m"delay"[39m[33m:[39m
    [31m[1m>[22m[39m[90m 186 |[39m         [36mreturn[39m [36mnew[39m [33mFeedbackDelay[39m({
     [90m     |[39m                [31m[1m^[22m[39m
     [90m 187 |[39m           delayTime[33m:[39m [32m"8n"[39m[33m,[39m
     [90m 188 |[39m           feedback[33m:[39m [35m0.3[39m[33m,[39m
     [90m 189 |[39m           wet[33m:[39m [35m0.3[39m[33m,[39m[0m

      at EffectProcessor.createEffect (app/lib/audio/stemEffects.ts:186:16)
      at new createEffect (app/lib/audio/stemEffects.ts:176:24)
      at StemEffectsProcessor.initializeStem (app/lib/audio/stemEffects.ts:427:35)
      at Object.initializeStem (tests/unit/lib/audio/stemEffects.test.ts:121:21)

  ● StemEffectsProcessor › Initialization › should initialize with compression enabled by default

    TypeError: _tone.FeedbackDelay is not a constructor

    [0m [90m 184 |[39m
     [90m 185 |[39m       [36mcase[39m [32m"delay"[39m[33m:[39m
    [31m[1m>[22m[39m[90m 186 |[39m         [36mreturn[39m [36mnew[39m [33mFeedbackDelay[39m({
     [90m     |[39m                [31m[1m^[22m[39m
     [90m 187 |[39m           delayTime[33m:[39m [32m"8n"[39m[33m,[39m
     [90m 188 |[39m           feedback[33m:[39m [35m0.3[39m[33m,[39m
     [90m 189 |[39m           wet[33m:[39m [35m0.3[39m[33m,[39m[0m

      at EffectProcessor.createEffect (app/lib/audio/stemEffects.ts:186:16)
      at new createEffect (app/lib/audio/stemEffects.ts:176:24)
      at StemEffectsProcessor.initializeStem (app/lib/audio/stemEffects.ts:427:35)
      at Object.initializeStem (tests/unit/lib/audio/stemEffects.test.ts:141:19)

  ● StemEffectsProcessor › Effect Parameter Control › should set reverb parameters correctly

    TypeError: _tone.FeedbackDelay is not a constructor

    [0m [90m 184 |[39m
     [90m 185 |[39m       [36mcase[39m [32m"delay"[39m[33m:[39m
    [31m[1m>[22m[39m[90m 186 |[39m         [36mreturn[39m [36mnew[39m [33mFeedbackDelay[39m({
     [90m     |[39m                [31m[1m^[22m[39m
     [90m 187 |[39m           delayTime[33m:[39m [32m"8n"[39m[33m,[39m
     [90m 188 |[39m           feedback[33m:[39m [35m0.3[39m[33m,[39m
     [90m 189 |[39m           wet[33m:[39m [35m0.3[39m[33m,[39m[0m

      at EffectProcessor.createEffect (app/lib/audio/stemEffects.ts:186:16)
      at new createEffect (app/lib/audio/stemEffects.ts:176:24)
      at StemEffectsProcessor.initializeStem (app/lib/audio/stemEffects.ts:427:35)
      at Object.initializeStem (tests/unit/lib/audio/stemEffects.test.ts:151:19)

  ● StemEffectsProcessor › Effect Parameter Control › should set delay parameters correctly

    TypeError: _tone.FeedbackDelay is not a constructor

    [0m [90m 184 |[39m
     [90m 185 |[39m       [36mcase[39m [32m"delay"[39m[33m:[39m
    [31m[1m>[22m[39m[90m 186 |[39m         [36mreturn[39m [36mnew[39m [33mFeedbackDelay[39m({
     [90m     |[39m                [31m[1m^[22m[39m
     [90m 187 |[39m           delayTime[33m:[39m [32m"8n"[39m[33m,[39m
     [90m 188 |[39m           feedback[33m:[39m [35m0.3[39m[33m,[39m
     [90m 189 |[39m           wet[33m:[39m [35m0.3[39m[33m,[39m[0m

      at EffectProcessor.createEffect (app/lib/audio/stemEffects.ts:186:16)
      at new createEffect (app/lib/audio/stemEffects.ts:176:24)
      at StemEffectsProcessor.initializeStem (app/lib/audio/stemEffects.ts:427:35)
      at Object.initializeStem (tests/unit/lib/audio/stemEffects.test.ts:151:19)

  ● StemEffectsProcessor › Effect Parameter Control › should set filter parameters correctly

    TypeError: _tone.FeedbackDelay is not a constructor

    [0m [90m 184 |[39m
     [90m 185 |[39m       [36mcase[39m [32m"delay"[39m[33m:[39m
    [31m[1m>[22m[39m[90m 186 |[39m         [36mreturn[39m [36mnew[39m [33mFeedbackDelay[39m({
     [90m     |[39m                [31m[1m^[22m[39m
     [90m 187 |[39m           delayTime[33m:[39m [32m"8n"[39m[33m,[39m
     [90m 188 |[39m           feedback[33m:[39m [35m0.3[39m[33m,[39m
     [90m 189 |[39m           wet[33m:[39m [35m0.3[39m[33m,[39m[0m

      at EffectProcessor.createEffect (app/lib/audio/stemEffects.ts:186:16)
      at new createEffect (app/lib/audio/stemEffects.ts:176:24)
      at StemEffectsProcessor.initializeStem (app/lib/audio/stemEffects.ts:427:35)
      at Object.initializeStem (tests/unit/lib/audio/stemEffects.test.ts:151:19)

  ● StemEffectsProcessor › Effect Parameter Control › should set distortion parameters correctly

    TypeError: _tone.FeedbackDelay is not a constructor

    [0m [90m 184 |[39m
     [90m 185 |[39m       [36mcase[39m [32m"delay"[39m[33m:[39m
    [31m[1m>[22m[39m[90m 186 |[39m         [36mreturn[39m [36mnew[39m [33mFeedbackDelay[39m({
     [90m     |[39m                [31m[1m^[22m[39m
     [90m 187 |[39m           delayTime[33m:[39m [32m"8n"[39m[33m,[39m
     [90m 188 |[39m           feedback[33m:[39m [35m0.3[39m[33m,[39m
     [90m 189 |[39m           wet[33m:[39m [35m0.3[39m[33m,[39m[0m

      at EffectProcessor.createEffect (app/lib/audio/stemEffects.ts:186:16)
      at new createEffect (app/lib/audio/stemEffects.ts:176:24)
      at StemEffectsProcessor.initializeStem (app/lib/audio/stemEffects.ts:427:35)
      at Object.initializeStem (tests/unit/lib/audio/stemEffects.test.ts:151:19)

  ● StemEffectsProcessor › Effect Parameter Control › should set compression parameters correctly

    TypeError: _tone.FeedbackDelay is not a constructor

    [0m [90m 184 |[39m
     [90m 185 |[39m       [36mcase[39m [32m"delay"[39m[33m:[39m
    [31m[1m>[22m[39m[90m 186 |[39m         [36mreturn[39m [36mnew[39m [33mFeedbackDelay[39m({
     [90m     |[39m                [31m[1m^[22m[39m
     [90m 187 |[39m           delayTime[33m:[39m [32m"8n"[39m[33m,[39m
     [90m 188 |[39m           feedback[33m:[39m [35m0.3[39m[33m,[39m
     [90m 189 |[39m           wet[33m:[39m [35m0.3[39m[33m,[39m[0m

      at EffectProcessor.createEffect (app/lib/audio/stemEffects.ts:186:16)
      at new createEffect (app/lib/audio/stemEffects.ts:176:24)
      at StemEffectsProcessor.initializeStem (app/lib/audio/stemEffects.ts:427:35)
      at Object.initializeStem (tests/unit/lib/audio/stemEffects.test.ts:151:19)

  ● StemEffectsProcessor › Effect Parameter Control › should set modulation effects parameters correctly

    TypeError: _tone.FeedbackDelay is not a constructor

    [0m [90m 184 |[39m
     [90m 185 |[39m       [36mcase[39m [32m"delay"[39m[33m:[39m
    [31m[1m>[22m[39m[90m 186 |[39m         [36mreturn[39m [36mnew[39m [33mFeedbackDelay[39m({
     [90m     |[39m                [31m[1m^[22m[39m
     [90m 187 |[39m           delayTime[33m:[39m [32m"8n"[39m[33m,[39m
     [90m 188 |[39m           feedback[33m:[39m [35m0.3[39m[33m,[39m
     [90m 189 |[39m           wet[33m:[39m [35m0.3[39m[33m,[39m[0m

      at EffectProcessor.createEffect (app/lib/audio/stemEffects.ts:186:16)
      at new createEffect (app/lib/audio/stemEffects.ts:176:24)
      at StemEffectsProcessor.initializeStem (app/lib/audio/stemEffects.ts:427:35)
      at Object.initializeStem (tests/unit/lib/audio/stemEffects.test.ts:151:19)

  ● StemEffectsProcessor › Effect Parameter Control › should handle bypass correctly

    TypeError: _tone.FeedbackDelay is not a constructor

    [0m [90m 184 |[39m
     [90m 185 |[39m       [36mcase[39m [32m"delay"[39m[33m:[39m
    [31m[1m>[22m[39m[90m 186 |[39m         [36mreturn[39m [36mnew[39m [33mFeedbackDelay[39m({
     [90m     |[39m                [31m[1m^[22m[39m
     [90m 187 |[39m           delayTime[33m:[39m [32m"8n"[39m[33m,[39m
     [90m 188 |[39m           feedback[33m:[39m [35m0.3[39m[33m,[39m
     [90m 189 |[39m           wet[33m:[39m [35m0.3[39m[33m,[39m[0m

      at EffectProcessor.createEffect (app/lib/audio/stemEffects.ts:186:16)
      at new createEffect (app/lib/audio/stemEffects.ts:176:24)
      at StemEffectsProcessor.initializeStem (app/lib/audio/stemEffects.ts:427:35)
      at Object.initializeStem (tests/unit/lib/audio/stemEffects.test.ts:151:19)

  ● StemEffectsProcessor › Effect Parameter Control › should throw error for uninitialized stem

    TypeError: _tone.FeedbackDelay is not a constructor

    [0m [90m 184 |[39m
     [90m 185 |[39m       [36mcase[39m [32m"delay"[39m[33m:[39m
    [31m[1m>[22m[39m[90m 186 |[39m         [36mreturn[39m [36mnew[39m [33mFeedbackDelay[39m({
     [90m     |[39m                [31m[1m^[22m[39m
     [90m 187 |[39m           delayTime[33m:[39m [32m"8n"[39m[33m,[39m
     [90m 188 |[39m           feedback[33m:[39m [35m0.3[39m[33m,[39m
     [90m 189 |[39m           wet[33m:[39m [35m0.3[39m[33m,[39m[0m

      at EffectProcessor.createEffect (app/lib/audio/stemEffects.ts:186:16)
      at new createEffect (app/lib/audio/stemEffects.ts:176:24)
      at StemEffectsProcessor.initializeStem (app/lib/audio/stemEffects.ts:427:35)
      at Object.initializeStem (tests/unit/lib/audio/stemEffects.test.ts:151:19)

  ● StemEffectsProcessor › Effect Presets › should apply club preset correctly

    TypeError: _tone.FeedbackDelay is not a constructor

    [0m [90m 184 |[39m
     [90m 185 |[39m       [36mcase[39m [32m"delay"[39m[33m:[39m
    [31m[1m>[22m[39m[90m 186 |[39m         [36mreturn[39m [36mnew[39m [33mFeedbackDelay[39m({
     [90m     |[39m                [31m[1m^[22m[39m
     [90m 187 |[39m           delayTime[33m:[39m [32m"8n"[39m[33m,[39m
     [90m 188 |[39m           feedback[33m:[39m [35m0.3[39m[33m,[39m
     [90m 189 |[39m           wet[33m:[39m [35m0.3[39m[33m,[39m[0m

      at EffectProcessor.createEffect (app/lib/audio/stemEffects.ts:186:16)
      at new createEffect (app/lib/audio/stemEffects.ts:176:24)
      at StemEffectsProcessor.initializeStem (app/lib/audio/stemEffects.ts:427:35)
      at Object.initializeStem (tests/unit/lib/audio/stemEffects.test.ts:294:21)

  ● StemEffectsProcessor › Effect Presets › should apply hall preset correctly

    TypeError: _tone.FeedbackDelay is not a constructor

    [0m [90m 184 |[39m
     [90m 185 |[39m       [36mcase[39m [32m"delay"[39m[33m:[39m
    [31m[1m>[22m[39m[90m 186 |[39m         [36mreturn[39m [36mnew[39m [33mFeedbackDelay[39m({
     [90m     |[39m                [31m[1m^[22m[39m
     [90m 187 |[39m           delayTime[33m:[39m [32m"8n"[39m[33m,[39m
     [90m 188 |[39m           feedback[33m:[39m [35m0.3[39m[33m,[39m
     [90m 189 |[39m           wet[33m:[39m [35m0.3[39m[33m,[39m[0m

      at EffectProcessor.createEffect (app/lib/audio/stemEffects.ts:186:16)
      at new createEffect (app/lib/audio/stemEffects.ts:176:24)
      at StemEffectsProcessor.initializeStem (app/lib/audio/stemEffects.ts:427:35)
      at Object.initializeStem (tests/unit/lib/audio/stemEffects.test.ts:294:21)

  ● StemEffectsProcessor › Effect Presets › should apply studio preset correctly

    TypeError: _tone.FeedbackDelay is not a constructor

    [0m [90m 184 |[39m
     [90m 185 |[39m       [36mcase[39m [32m"delay"[39m[33m:[39m
    [31m[1m>[22m[39m[90m 186 |[39m         [36mreturn[39m [36mnew[39m [33mFeedbackDelay[39m({
     [90m     |[39m                [31m[1m^[22m[39m
     [90m 187 |[39m           delayTime[33m:[39m [32m"8n"[39m[33m,[39m
     [90m 188 |[39m           feedback[33m:[39m [35m0.3[39m[33m,[39m
     [90m 189 |[39m           wet[33m:[39m [35m0.3[39m[33m,[39m[0m

      at EffectProcessor.createEffect (app/lib/audio/stemEffects.ts:186:16)
      at new createEffect (app/lib/audio/stemEffects.ts:176:24)
      at StemEffectsProcessor.initializeStem (app/lib/audio/stemEffects.ts:427:35)
      at Object.initializeStem (tests/unit/lib/audio/stemEffects.test.ts:294:21)

  ● StemEffectsProcessor › Effect Presets › should apply outdoor preset correctly

    TypeError: _tone.FeedbackDelay is not a constructor

    [0m [90m 184 |[39m
     [90m 185 |[39m       [36mcase[39m [32m"delay"[39m[33m:[39m
    [31m[1m>[22m[39m[90m 186 |[39m         [36mreturn[39m [36mnew[39m [33mFeedbackDelay[39m({
     [90m     |[39m                [31m[1m^[22m[39m
     [90m 187 |[39m           delayTime[33m:[39m [32m"8n"[39m[33m,[39m
     [90m 188 |[39m           feedback[33m:[39m [35m0.3[39m[33m,[39m
     [90m 189 |[39m           wet[33m:[39m [35m0.3[39m[33m,[39m[0m

      at EffectProcessor.createEffect (app/lib/audio/stemEffects.ts:186:16)
      at new createEffect (app/lib/audio/stemEffects.ts:176:24)
      at StemEffectsProcessor.initializeStem (app/lib/audio/stemEffects.ts:427:35)
      at Object.initializeStem (tests/unit/lib/audio/stemEffects.test.ts:294:21)

  ● StemEffectsProcessor › Effect Presets › should get available presets

    TypeError: _tone.FeedbackDelay is not a constructor

    [0m [90m 184 |[39m
     [90m 185 |[39m       [36mcase[39m [32m"delay"[39m[33m:[39m
    [31m[1m>[22m[39m[90m 186 |[39m         [36mreturn[39m [36mnew[39m [33mFeedbackDelay[39m({
     [90m     |[39m                [31m[1m^[22m[39m
     [90m 187 |[39m           delayTime[33m:[39m [32m"8n"[39m[33m,[39m
     [90m 188 |[39m           feedback[33m:[39m [35m0.3[39m[33m,[39m
     [90m 189 |[39m           wet[33m:[39m [35m0.3[39m[33m,[39m[0m

      at EffectProcessor.createEffect (app/lib/audio/stemEffects.ts:186:16)
      at new createEffect (app/lib/audio/stemEffects.ts:176:24)
      at StemEffectsProcessor.initializeStem (app/lib/audio/stemEffects.ts:427:35)
      at Object.initializeStem (tests/unit/lib/audio/stemEffects.test.ts:294:21)

  ● StemEffectsProcessor › Effect Presets › should throw error for invalid preset

    TypeError: _tone.FeedbackDelay is not a constructor

    [0m [90m 184 |[39m
     [90m 185 |[39m       [36mcase[39m [32m"delay"[39m[33m:[39m
    [31m[1m>[22m[39m[90m 186 |[39m         [36mreturn[39m [36mnew[39m [33mFeedbackDelay[39m({
     [90m     |[39m                [31m[1m^[22m[39m
     [90m 187 |[39m           delayTime[33m:[39m [32m"8n"[39m[33m,[39m
     [90m 188 |[39m           feedback[33m:[39m [35m0.3[39m[33m,[39m
     [90m 189 |[39m           wet[33m:[39m [35m0.3[39m[33m,[39m[0m

      at EffectProcessor.createEffect (app/lib/audio/stemEffects.ts:186:16)
      at new createEffect (app/lib/audio/stemEffects.ts:176:24)
      at StemEffectsProcessor.initializeStem (app/lib/audio/stemEffects.ts:427:35)
      at Object.initializeStem (tests/unit/lib/audio/stemEffects.test.ts:294:21)

  ● StemEffectsProcessor › Gesture Control › should process pinch gesture for effect intensity

    TypeError: _tone.FeedbackDelay is not a constructor

    [0m [90m 184 |[39m
     [90m 185 |[39m       [36mcase[39m [32m"delay"[39m[33m:[39m
    [31m[1m>[22m[39m[90m 186 |[39m         [36mreturn[39m [36mnew[39m [33mFeedbackDelay[39m({
     [90m     |[39m                [31m[1m^[22m[39m
     [90m 187 |[39m           delayTime[33m:[39m [32m"8n"[39m[33m,[39m
     [90m 188 |[39m           feedback[33m:[39m [35m0.3[39m[33m,[39m
     [90m 189 |[39m           wet[33m:[39m [35m0.3[39m[33m,[39m[0m

      at EffectProcessor.createEffect (app/lib/audio/stemEffects.ts:186:16)
      at new createEffect (app/lib/audio/stemEffects.ts:176:24)
      at StemEffectsProcessor.initializeStem (app/lib/audio/stemEffects.ts:427:35)
      at Object.initializeStem (tests/unit/lib/audio/stemEffects.test.ts:366:19)

  ● StemEffectsProcessor › Gesture Control › should process rotation gesture for parameter sweep

    TypeError: _tone.FeedbackDelay is not a constructor

    [0m [90m 184 |[39m
     [90m 185 |[39m       [36mcase[39m [32m"delay"[39m[33m:[39m
    [31m[1m>[22m[39m[90m 186 |[39m         [36mreturn[39m [36mnew[39m [33mFeedbackDelay[39m({
     [90m     |[39m                [31m[1m^[22m[39m
     [90m 187 |[39m           delayTime[33m:[39m [32m"8n"[39m[33m,[39m
     [90m 188 |[39m           feedback[33m:[39m [35m0.3[39m[33m,[39m
     [90m 189 |[39m           wet[33m:[39m [35m0.3[39m[33m,[39m[0m

      at EffectProcessor.createEffect (app/lib/audio/stemEffects.ts:186:16)
      at new createEffect (app/lib/audio/stemEffects.ts:176:24)
      at StemEffectsProcessor.initializeStem (app/lib/audio/stemEffects.ts:427:35)
      at Object.initializeStem (tests/unit/lib/audio/stemEffects.test.ts:366:19)

  ● StemEffectsProcessor › Gesture Control › should process spread gesture for wet/dry mix

    TypeError: _tone.FeedbackDelay is not a constructor

    [0m [90m 184 |[39m
     [90m 185 |[39m       [36mcase[39m [32m"delay"[39m[33m:[39m
    [31m[1m>[22m[39m[90m 186 |[39m         [36mreturn[39m [36mnew[39m [33mFeedbackDelay[39m({
     [90m     |[39m                [31m[1m^[22m[39m
     [90m 187 |[39m           delayTime[33m:[39m [32m"8n"[39m[33m,[39m
     [90m 188 |[39m           feedback[33m:[39m [35m0.3[39m[33m,[39m
     [90m 189 |[39m           wet[33m:[39m [35m0.3[39m[33m,[39m[0m

      at EffectProcessor.createEffect (app/lib/audio/stemEffects.ts:186:16)
      at new createEffect (app/lib/audio/stemEffects.ts:176:24)
      at StemEffectsProcessor.initializeStem (app/lib/audio/stemEffects.ts:427:35)
      at Object.initializeStem (tests/unit/lib/audio/stemEffects.test.ts:366:19)

  ● StemEffectsProcessor › Gesture Control › should process tap gesture for effect toggle

    TypeError: _tone.FeedbackDelay is not a constructor

    [0m [90m 184 |[39m
     [90m 185 |[39m       [36mcase[39m [32m"delay"[39m[33m:[39m
    [31m[1m>[22m[39m[90m 186 |[39m         [36mreturn[39m [36mnew[39m [33mFeedbackDelay[39m({
     [90m     |[39m                [31m[1m^[22m[39m
     [90m 187 |[39m           delayTime[33m:[39m [32m"8n"[39m[33m,[39m
     [90m 188 |[39m           feedback[33m:[39m [35m0.3[39m[33m,[39m
     [90m 189 |[39m           wet[33m:[39m [35m0.3[39m[33m,[39m[0m

      at EffectProcessor.createEffect (app/lib/audio/stemEffects.ts:186:16)
      at new createEffect (app/lib/audio/stemEffects.ts:176:24)
      at StemEffectsProcessor.initializeStem (app/lib/audio/stemEffects.ts:427:35)
      at Object.initializeStem (tests/unit/lib/audio/stemEffects.test.ts:366:19)

  ● StemEffectsProcessor › Gesture Control › should process swipe gesture for effect cycling

    TypeError: _tone.FeedbackDelay is not a constructor

    [0m [90m 184 |[39m
     [90m 185 |[39m       [36mcase[39m [32m"delay"[39m[33m:[39m
    [31m[1m>[22m[39m[90m 186 |[39m         [36mreturn[39m [36mnew[39m [33mFeedbackDelay[39m({
     [90m     |[39m                [31m[1m^[22m[39m
     [90m 187 |[39m           delayTime[33m:[39m [32m"8n"[39m[33m,[39m
     [90m 188 |[39m           feedback[33m:[39m [35m0.3[39m[33m,[39m
     [90m 189 |[39m           wet[33m:[39m [35m0.3[39m[33m,[39m[0m

      at EffectProcessor.createEffect (app/lib/audio/stemEffects.ts:186:16)
      at new createEffect (app/lib/audio/stemEffects.ts:176:24)
      at StemEffectsProcessor.initializeStem (app/lib/audio/stemEffects.ts:427:35)
      at Object.initializeStem (tests/unit/lib/audio/stemEffects.test.ts:366:19)

  ● StemEffectsProcessor › Gesture Control › should ignore gestures below threshold

    TypeError: _tone.FeedbackDelay is not a constructor

    [0m [90m 184 |[39m
     [90m 185 |[39m       [36mcase[39m [32m"delay"[39m[33m:[39m
    [31m[1m>[22m[39m[90m 186 |[39m         [36mreturn[39m [36mnew[39m [33mFeedbackDelay[39m({
     [90m     |[39m                [31m[1m^[22m[39m
     [90m 187 |[39m           delayTime[33m:[39m [32m"8n"[39m[33m,[39m
     [90m 188 |[39m           feedback[33m:[39m [35m0.3[39m[33m,[39m
     [90m 189 |[39m           wet[33m:[39m [35m0.3[39m[33m,[39m[0m

      at EffectProcessor.createEffect (app/lib/audio/stemEffects.ts:186:16)
      at new createEffect (app/lib/audio/stemEffects.ts:176:24)
      at StemEffectsProcessor.initializeStem (app/lib/audio/stemEffects.ts:427:35)
      at Object.initializeStem (tests/unit/lib/audio/stemEffects.test.ts:366:19)

  ● StemEffectsProcessor › Gesture Control › should update gesture mapping

    TypeError: _tone.FeedbackDelay is not a constructor

    [0m [90m 184 |[39m
     [90m 185 |[39m       [36mcase[39m [32m"delay"[39m[33m:[39m
    [31m[1m>[22m[39m[90m 186 |[39m         [36mreturn[39m [36mnew[39m [33mFeedbackDelay[39m({
     [90m     |[39m                [31m[1m^[22m[39m
     [90m 187 |[39m           delayTime[33m:[39m [32m"8n"[39m[33m,[39m
     [90m 188 |[39m           feedback[33m:[39m [35m0.3[39m[33m,[39m
     [90m 189 |[39m           wet[33m:[39m [35m0.3[39m[33m,[39m[0m

      at EffectProcessor.createEffect (app/lib/audio/stemEffects.ts:186:16)
      at new createEffect (app/lib/audio/stemEffects.ts:176:24)
      at StemEffectsProcessor.initializeStem (app/lib/audio/stemEffects.ts:427:35)
      at Object.initializeStem (tests/unit/lib/audio/stemEffects.test.ts:366:19)

  ● StemEffectsProcessor › Gesture Control › should clamp gesture mapping values

    TypeError: _tone.FeedbackDelay is not a constructor

    [0m [90m 184 |[39m
     [90m 185 |[39m       [36mcase[39m [32m"delay"[39m[33m:[39m
    [31m[1m>[22m[39m[90m 186 |[39m         [36mreturn[39m [36mnew[39m [33mFeedbackDelay[39m({
     [90m     |[39m                [31m[1m^[22m[39m
     [90m 187 |[39m           delayTime[33m:[39m [32m"8n"[39m[33m,[39m
     [90m 188 |[39m           feedback[33m:[39m [35m0.3[39m[33m,[39m
     [90m 189 |[39m           wet[33m:[39m [35m0.3[39m[33m,[39m[0m

      at EffectProcessor.createEffect (app/lib/audio/stemEffects.ts:186:16)
      at new createEffect (app/lib/audio/stemEffects.ts:176:24)
      at StemEffectsProcessor.initializeStem (app/lib/audio/stemEffects.ts:427:35)
      at Object.initializeStem (tests/unit/lib/audio/stemEffects.test.ts:366:19)

  ● StemEffectsProcessor › Performance Optimization › should enable CPU monitoring

    TypeError: _tone.FeedbackDelay is not a constructor

    [0m [90m 184 |[39m
     [90m 185 |[39m       [36mcase[39m [32m"delay"[39m[33m:[39m
    [31m[1m>[22m[39m[90m 186 |[39m         [36mreturn[39m [36mnew[39m [33mFeedbackDelay[39m({
     [90m     |[39m                [31m[1m^[22m[39m
     [90m 187 |[39m           delayTime[33m:[39m [32m"8n"[39m[33m,[39m
     [90m 188 |[39m           feedback[33m:[39m [35m0.3[39m[33m,[39m
     [90m 189 |[39m           wet[33m:[39m [35m0.3[39m[33m,[39m[0m

      at EffectProcessor.createEffect (app/lib/audio/stemEffects.ts:186:16)
      at new createEffect (app/lib/audio/stemEffects.ts:176:24)
      at StemEffectsProcessor.initializeStem (app/lib/audio/stemEffects.ts:427:35)
      at Object.initializeStem (tests/unit/lib/audio/stemEffects.test.ts:489:21)

  ● StemEffectsProcessor › Performance Optimization › should calculate CPU usage for active effects

    TypeError: _tone.FeedbackDelay is not a constructor

    [0m [90m 184 |[39m
     [90m 185 |[39m       [36mcase[39m [32m"delay"[39m[33m:[39m
    [31m[1m>[22m[39m[90m 186 |[39m         [36mreturn[39m [36mnew[39m [33mFeedbackDelay[39m({
     [90m     |[39m                [31m[1m^[22m[39m
     [90m 187 |[39m           delayTime[33m:[39m [32m"8n"[39m[33m,[39m
     [90m 188 |[39m           feedback[33m:[39m [35m0.3[39m[33m,[39m
     [90m 189 |[39m           wet[33m:[39m [35m0.3[39m[33m,[39m[0m

      at EffectProcessor.createEffect (app/lib/audio/stemEffects.ts:186:16)
      at new createEffect (app/lib/audio/stemEffects.ts:176:24)
      at StemEffectsProcessor.initializeStem (app/lib/audio/stemEffects.ts:427:35)
      at Object.initializeStem (tests/unit/lib/audio/stemEffects.test.ts:489:21)

  ● StemEffectsProcessor › Performance Optimization › should bypass effects when parameters are at default

    TypeError: _tone.FeedbackDelay is not a constructor

    [0m [90m 184 |[39m
     [90m 185 |[39m       [36mcase[39m [32m"delay"[39m[33m:[39m
    [31m[1m>[22m[39m[90m 186 |[39m         [36mreturn[39m [36mnew[39m [33mFeedbackDelay[39m({
     [90m     |[39m                [31m[1m^[22m[39m
     [90m 187 |[39m           delayTime[33m:[39m [32m"8n"[39m[33m,[39m
     [90m 188 |[39m           feedback[33m:[39m [35m0.3[39m[33m,[39m
     [90m 189 |[39m           wet[33m:[39m [35m0.3[39m[33m,[39m[0m

      at EffectProcessor.createEffect (app/lib/audio/stemEffects.ts:186:16)
      at new createEffect (app/lib/audio/stemEffects.ts:176:24)
      at StemEffectsProcessor.initializeStem (app/lib/audio/stemEffects.ts:427:35)
      at Object.initializeStem (tests/unit/lib/audio/stemEffects.test.ts:489:21)

  ● StemEffectsProcessor › Performance Optimization › should measure latency correctly

    TypeError: _tone.FeedbackDelay is not a constructor

    [0m [90m 184 |[39m
     [90m 185 |[39m       [36mcase[39m [32m"delay"[39m[33m:[39m
    [31m[1m>[22m[39m[90m 186 |[39m         [36mreturn[39m [36mnew[39m [33mFeedbackDelay[39m({
     [90m     |[39m                [31m[1m^[22m[39m
     [90m 187 |[39m           delayTime[33m:[39m [32m"8n"[39m[33m,[39m
     [90m 188 |[39m           feedback[33m:[39m [35m0.3[39m[33m,[39m
     [90m 189 |[39m           wet[33m:[39m [35m0.3[39m[33m,[39m[0m

      at EffectProcessor.createEffect (app/lib/audio/stemEffects.ts:186:16)
      at new createEffect (app/lib/audio/stemEffects.ts:176:24)
      at StemEffectsProcessor.initializeStem (app/lib/audio/stemEffects.ts:427:35)
      at Object.initializeStem (tests/unit/lib/audio/stemEffects.test.ts:489:21)

  ● StemEffectsProcessor › Performance Optimization › should track active effects count correctly

    TypeError: _tone.FeedbackDelay is not a constructor

    [0m [90m 184 |[39m
     [90m 185 |[39m       [36mcase[39m [32m"delay"[39m[33m:[39m
    [31m[1m>[22m[39m[90m 186 |[39m         [36mreturn[39m [36mnew[39m [33mFeedbackDelay[39m({
     [90m     |[39m                [31m[1m^[22m[39m
     [90m 187 |[39m           delayTime[33m:[39m [32m"8n"[39m[33m,[39m
     [90m 188 |[39m           feedback[33m:[39m [35m0.3[39m[33m,[39m
     [90m 189 |[39m           wet[33m:[39m [35m0.3[39m[33m,[39m[0m

      at EffectProcessor.createEffect (app/lib/audio/stemEffects.ts:186:16)
      at new createEffect (app/lib/audio/stemEffects.ts:176:24)
      at StemEffectsProcessor.initializeStem (app/lib/audio/stemEffects.ts:427:35)
      at Object.initializeStem (tests/unit/lib/audio/stemEffects.test.ts:489:21)

  ● StemEffectsProcessor › Audio Node Connections › should provide input and output nodes

    TypeError: _tone.FeedbackDelay is not a constructor

    [0m [90m 184 |[39m
     [90m 185 |[39m       [36mcase[39m [32m"delay"[39m[33m:[39m
    [31m[1m>[22m[39m[90m 186 |[39m         [36mreturn[39m [36mnew[39m [33mFeedbackDelay[39m({
     [90m     |[39m                [31m[1m^[22m[39m
     [90m 187 |[39m           delayTime[33m:[39m [32m"8n"[39m[33m,[39m
     [90m 188 |[39m           feedback[33m:[39m [35m0.3[39m[33m,[39m
     [90m 189 |[39m           wet[33m:[39m [35m0.3[39m[33m,[39m[0m

      at EffectProcessor.createEffect (app/lib/audio/stemEffects.ts:186:16)
      at new createEffect (app/lib/audio/stemEffects.ts:176:24)
      at StemEffectsProcessor.initializeStem (app/lib/audio/stemEffects.ts:427:35)
      at Object.initializeStem (tests/unit/lib/audio/stemEffects.test.ts:589:19)

  ● StemEffectsProcessor › Audio Node Connections › should connect source to stem input

    TypeError: _tone.FeedbackDelay is not a constructor

    [0m [90m 184 |[39m
     [90m 185 |[39m       [36mcase[39m [32m"delay"[39m[33m:[39m
    [31m[1m>[22m[39m[90m 186 |[39m         [36mreturn[39m [36mnew[39m [33mFeedbackDelay[39m({
     [90m     |[39m                [31m[1m^[22m[39m
     [90m 187 |[39m           delayTime[33m:[39m [32m"8n"[39m[33m,[39m
     [90m 188 |[39m           feedback[33m:[39m [35m0.3[39m[33m,[39m
     [90m 189 |[39m           wet[33m:[39m [35m0.3[39m[33m,[39m[0m

      at EffectProcessor.createEffect (app/lib/audio/stemEffects.ts:186:16)
      at new createEffect (app/lib/audio/stemEffects.ts:176:24)
      at StemEffectsProcessor.initializeStem (app/lib/audio/stemEffects.ts:427:35)
      at Object.initializeStem (tests/unit/lib/audio/stemEffects.test.ts:589:19)

  ● StemEffectsProcessor › Audio Node Connections › should connect stem output to destination

    TypeError: _tone.FeedbackDelay is not a constructor

    [0m [90m 184 |[39m
     [90m 185 |[39m       [36mcase[39m [32m"delay"[39m[33m:[39m
    [31m[1m>[22m[39m[90m 186 |[39m         [36mreturn[39m [36mnew[39m [33mFeedbackDelay[39m({
     [90m     |[39m                [31m[1m^[22m[39m
     [90m 187 |[39m           delayTime[33m:[39m [32m"8n"[39m[33m,[39m
     [90m 188 |[39m           feedback[33m:[39m [35m0.3[39m[33m,[39m
     [90m 189 |[39m           wet[33m:[39m [35m0.3[39m[33m,[39m[0m

      at EffectProcessor.createEffect (app/lib/audio/stemEffects.ts:186:16)
      at new createEffect (app/lib/audio/stemEffects.ts:176:24)
      at StemEffectsProcessor.initializeStem (app/lib/audio/stemEffects.ts:427:35)
      at Object.initializeStem (tests/unit/lib/audio/stemEffects.test.ts:589:19)

  ● StemEffectsProcessor › Audio Node Connections › should throw error for uninitialized stem connections

    TypeError: _tone.FeedbackDelay is not a constructor

    [0m [90m 184 |[39m
     [90m 185 |[39m       [36mcase[39m [32m"delay"[39m[33m:[39m
    [31m[1m>[22m[39m[90m 186 |[39m         [36mreturn[39m [36mnew[39m [33mFeedbackDelay[39m({
     [90m     |[39m                [31m[1m^[22m[39m
     [90m 187 |[39m           delayTime[33m:[39m [32m"8n"[39m[33m,[39m
     [90m 188 |[39m           feedback[33m:[39m [35m0.3[39m[33m,[39m
     [90m 189 |[39m           wet[33m:[39m [35m0.3[39m[33m,[39m[0m

      at EffectProcessor.createEffect (app/lib/audio/stemEffects.ts:186:16)
      at new createEffect (app/lib/audio/stemEffects.ts:176:24)
      at StemEffectsProcessor.initializeStem (app/lib/audio/stemEffects.ts:427:35)
      at Object.initializeStem (tests/unit/lib/audio/stemEffects.test.ts:589:19)

  ● StemEffectsProcessor › Reset and Cleanup › should reset stem to default configuration

    TypeError: _tone.FeedbackDelay is not a constructor

    [0m [90m 184 |[39m
     [90m 185 |[39m       [36mcase[39m [32m"delay"[39m[33m:[39m
    [31m[1m>[22m[39m[90m 186 |[39m         [36mreturn[39m [36mnew[39m [33mFeedbackDelay[39m({
     [90m     |[39m                [31m[1m^[22m[39m
     [90m 187 |[39m           delayTime[33m:[39m [32m"8n"[39m[33m,[39m
     [90m 188 |[39m           feedback[33m:[39m [35m0.3[39m[33m,[39m
     [90m 189 |[39m           wet[33m:[39m [35m0.3[39m[33m,[39m[0m

      at EffectProcessor.createEffect (app/lib/audio/stemEffects.ts:186:16)
      at new createEffect (app/lib/audio/stemEffects.ts:176:24)
      at StemEffectsProcessor.initializeStem (app/lib/audio/stemEffects.ts:427:35)
      at Object.initializeStem (tests/unit/lib/audio/stemEffects.test.ts:638:21)

  ● StemEffectsProcessor › Reset and Cleanup › should dispose all resources correctly

    TypeError: _tone.FeedbackDelay is not a constructor

    [0m [90m 184 |[39m
     [90m 185 |[39m       [36mcase[39m [32m"delay"[39m[33m:[39m
    [31m[1m>[22m[39m[90m 186 |[39m         [36mreturn[39m [36mnew[39m [33mFeedbackDelay[39m({
     [90m     |[39m                [31m[1m^[22m[39m
     [90m 187 |[39m           delayTime[33m:[39m [32m"8n"[39m[33m,[39m
     [90m 188 |[39m           feedback[33m:[39m [35m0.3[39m[33m,[39m
     [90m 189 |[39m           wet[33m:[39m [35m0.3[39m[33m,[39m[0m

      at EffectProcessor.createEffect (app/lib/audio/stemEffects.ts:186:16)
      at new createEffect (app/lib/audio/stemEffects.ts:176:24)
      at StemEffectsProcessor.initializeStem (app/lib/audio/stemEffects.ts:427:35)
      at Object.initializeStem (tests/unit/lib/audio/stemEffects.test.ts:638:21)

  ● StemEffectsProcessor › Reset and Cleanup › should handle multiple dispose calls safely

    TypeError: _tone.FeedbackDelay is not a constructor

    [0m [90m 184 |[39m
     [90m 185 |[39m       [36mcase[39m [32m"delay"[39m[33m:[39m
    [31m[1m>[22m[39m[90m 186 |[39m         [36mreturn[39m [36mnew[39m [33mFeedbackDelay[39m({
     [90m     |[39m                [31m[1m^[22m[39m
     [90m 187 |[39m           delayTime[33m:[39m [32m"8n"[39m[33m,[39m
     [90m 188 |[39m           feedback[33m:[39m [35m0.3[39m[33m,[39m
     [90m 189 |[39m           wet[33m:[39m [35m0.3[39m[33m,[39m[0m

      at EffectProcessor.createEffect (app/lib/audio/stemEffects.ts:186:16)
      at new createEffect (app/lib/audio/stemEffects.ts:176:24)
      at StemEffectsProcessor.initializeStem (app/lib/audio/stemEffects.ts:427:35)
      at Object.initializeStem (tests/unit/lib/audio/stemEffects.test.ts:638:21)

  ● StemEffectsProcessor › Edge Cases and Error Handling › should handle invalid effect types gracefully

    TypeError: _tone.FeedbackDelay is not a constructor

    [0m [90m 184 |[39m
     [90m 185 |[39m       [36mcase[39m [32m"delay"[39m[33m:[39m
    [31m[1m>[22m[39m[90m 186 |[39m         [36mreturn[39m [36mnew[39m [33mFeedbackDelay[39m({
     [90m     |[39m                [31m[1m^[22m[39m
     [90m 187 |[39m           delayTime[33m:[39m [32m"8n"[39m[33m,[39m
     [90m 188 |[39m           feedback[33m:[39m [35m0.3[39m[33m,[39m
     [90m 189 |[39m           wet[33m:[39m [35m0.3[39m[33m,[39m[0m

      at EffectProcessor.createEffect (app/lib/audio/stemEffects.ts:186:16)
      at new createEffect (app/lib/audio/stemEffects.ts:176:24)
      at StemEffectsProcessor.initializeStem (app/lib/audio/stemEffects.ts:427:35)
      at Object.initializeStem (tests/unit/lib/audio/stemEffects.test.ts:682:19)

  ● StemEffectsProcessor › Edge Cases and Error Handling › should clamp parameter values to valid ranges

    TypeError: _tone.FeedbackDelay is not a constructor

    [0m [90m 184 |[39m
     [90m 185 |[39m       [36mcase[39m [32m"delay"[39m[33m:[39m
    [31m[1m>[22m[39m[90m 186 |[39m         [36mreturn[39m [36mnew[39m [33mFeedbackDelay[39m({
     [90m     |[39m                [31m[1m^[22m[39m
     [90m 187 |[39m           delayTime[33m:[39m [32m"8n"[39m[33m,[39m
     [90m 188 |[39m           feedback[33m:[39m [35m0.3[39m[33m,[39m
     [90m 189 |[39m           wet[33m:[39m [35m0.3[39m[33m,[39m[0m

      at EffectProcessor.createEffect (app/lib/audio/stemEffects.ts:186:16)
      at new createEffect (app/lib/audio/stemEffects.ts:176:24)
      at StemEffectsProcessor.initializeStem (app/lib/audio/stemEffects.ts:427:35)
      at Object.initializeStem (tests/unit/lib/audio/stemEffects.test.ts:697:19)

  ● StemEffectsProcessor › Edge Cases and Error Handling › should handle concurrent effect parameter changes

    TypeError: _tone.FeedbackDelay is not a constructor

    [0m [90m 184 |[39m
     [90m 185 |[39m       [36mcase[39m [32m"delay"[39m[33m:[39m
    [31m[1m>[22m[39m[90m 186 |[39m         [36mreturn[39m [36mnew[39m [33mFeedbackDelay[39m({
     [90m     |[39m                [31m[1m^[22m[39m
     [90m 187 |[39m           delayTime[33m:[39m [32m"8n"[39m[33m,[39m
     [90m 188 |[39m           feedback[33m:[39m [35m0.3[39m[33m,[39m
     [90m 189 |[39m           wet[33m:[39m [35m0.3[39m[33m,[39m[0m

      at EffectProcessor.createEffect (app/lib/audio/stemEffects.ts:186:16)
      at new createEffect (app/lib/audio/stemEffects.ts:176:24)
      at StemEffectsProcessor.initializeStem (app/lib/audio/stemEffects.ts:427:35)
      at Object.initializeStem (tests/unit/lib/audio/stemEffects.test.ts:718:19)

  ● StemEffectsProcessor › Edge Cases and Error Handling › should maintain state consistency during rapid gesture input

    TypeError: _tone.FeedbackDelay is not a constructor

    [0m [90m 184 |[39m
     [90m 185 |[39m       [36mcase[39m [32m"delay"[39m[33m:[39m
    [31m[1m>[22m[39m[90m 186 |[39m         [36mreturn[39m [36mnew[39m [33mFeedbackDelay[39m({
     [90m     |[39m                [31m[1m^[22m[39m
     [90m 187 |[39m           delayTime[33m:[39m [32m"8n"[39m[33m,[39m
     [90m 188 |[39m           feedback[33m:[39m [35m0.3[39m[33m,[39m
     [90m 189 |[39m           wet[33m:[39m [35m0.3[39m[33m,[39m[0m

      at EffectProcessor.createEffect (app/lib/audio/stemEffects.ts:186:16)
      at new createEffect (app/lib/audio/stemEffects.ts:176:24)
      at StemEffectsProcessor.initializeStem (app/lib/audio/stemEffects.ts:427:35)
      at Object.initializeStem (tests/unit/lib/audio/stemEffects.test.ts:744:19)

  ● StemEffectsProcessor › Performance Benchmarks › should process effect parameter changes within latency budget

    TypeError: _tone.FeedbackDelay is not a constructor

    [0m [90m 184 |[39m
     [90m 185 |[39m       [36mcase[39m [32m"delay"[39m[33m:[39m
    [31m[1m>[22m[39m[90m 186 |[39m         [36mreturn[39m [36mnew[39m [33mFeedbackDelay[39m({
     [90m     |[39m                [31m[1m^[22m[39m
     [90m 187 |[39m           delayTime[33m:[39m [32m"8n"[39m[33m,[39m
     [90m 188 |[39m           feedback[33m:[39m [35m0.3[39m[33m,[39m
     [90m 189 |[39m           wet[33m:[39m [35m0.3[39m[33m,[39m[0m

      at EffectProcessor.createEffect (app/lib/audio/stemEffects.ts:186:16)
      at new createEffect (app/lib/audio/stemEffects.ts:176:24)
      at StemEffectsProcessor.initializeStem (app/lib/audio/stemEffects.ts:427:35)
      at Object.initializeStem (tests/unit/lib/audio/stemEffects.test.ts:762:21)

  ● StemEffectsProcessor › Performance Benchmarks › should handle gesture processing within latency budget

    TypeError: _tone.FeedbackDelay is not a constructor

    [0m [90m 184 |[39m
     [90m 185 |[39m       [36mcase[39m [32m"delay"[39m[33m:[39m
    [31m[1m>[22m[39m[90m 186 |[39m         [36mreturn[39m [36mnew[39m [33mFeedbackDelay[39m({
     [90m     |[39m                [31m[1m^[22m[39m
     [90m 187 |[39m           delayTime[33m:[39m [32m"8n"[39m[33m,[39m
     [90m 188 |[39m           feedback[33m:[39m [35m0.3[39m[33m,[39m
     [90m 189 |[39m           wet[33m:[39m [35m0.3[39m[33m,[39m[0m

      at EffectProcessor.createEffect (app/lib/audio/stemEffects.ts:186:16)
      at new createEffect (app/lib/audio/stemEffects.ts:176:24)
      at StemEffectsProcessor.initializeStem (app/lib/audio/stemEffects.ts:427:35)
      at Object.initializeStem (tests/unit/lib/audio/stemEffects.test.ts:762:21)

  ● StemEffectsProcessor › Performance Benchmarks › should maintain CPU usage estimates below threshold

    TypeError: _tone.FeedbackDelay is not a constructor

    [0m [90m 184 |[39m
     [90m 185 |[39m       [36mcase[39m [32m"delay"[39m[33m:[39m
    [31m[1m>[22m[39m[90m 186 |[39m         [36mreturn[39m [36mnew[39m [33mFeedbackDelay[39m({
     [90m     |[39m                [31m[1m^[22m[39m
     [90m 187 |[39m           delayTime[33m:[39m [32m"8n"[39m[33m,[39m
     [90m 188 |[39m           feedback[33m:[39m [35m0.3[39m[33m,[39m
     [90m 189 |[39m           wet[33m:[39m [35m0.3[39m[33m,[39m[0m

      at EffectProcessor.createEffect (app/lib/audio/stemEffects.ts:186:16)
      at new createEffect (app/lib/audio/stemEffects.ts:176:24)
      at StemEffectsProcessor.initializeStem (app/lib/audio/stemEffects.ts:427:35)
      at Object.initializeStem (tests/unit/lib/audio/stemEffects.test.ts:762:21)

  console.error
    Key detection failed: TypeError: this.algorithms.keyExtractor is not a function
        at MusicAnalyzer.keyExtractor [as detectKey] (C:\Users\Nate2\code\ox-board\app\lib\audio\musicAnalyzer.ts:352:41)
        at processTicksAndRejections (node:internal/process/task_queues:105:5)
        at Object.<anonymous> (C:\Users\Nate2\code\ox-board\tests\unit\lib\audio\musicAnalyzer.test.ts:282:24)

    [0m [90m 103 |[39m     [36mreturn[39m[33m;[39m
     [90m 104 |[39m   }
    [31m[1m>[22m[39m[90m 105 |[39m   originalError[33m.[39mcall(console[33m,[39m [33m...[39margs)[33m;[39m
     [90m     |[39m                 [31m[1m^[22m[39m
     [90m 106 |[39m }[33m;[39m
     [90m 107 |[39m
     [90m 108 |[39m [90m// Suppress specific warnings during tests[39m[0m

      at console.call [as error] (tests/setup/jest.setup.js:105:17)
      at MusicAnalyzer.error [as detectKey] (app/lib/audio/musicAnalyzer.ts:388:15)
      at Object.<anonymous> (tests/unit/lib/audio/musicAnalyzer.test.ts:282:24)

  console.error
    Key detection failed: TypeError: this.algorithms.keyExtractor is not a function
        at MusicAnalyzer.keyExtractor [as detectKey] (C:\Users\Nate2\code\ox-board\app\lib\audio\musicAnalyzer.ts:352:41)
        at processTicksAndRejections (node:internal/process/task_queues:105:5)
        at Object.<anonymous> (C:\Users\Nate2\code\ox-board\tests\unit\lib\audio\musicAnalyzer.test.ts:282:24)

    [0m [90m 103 |[39m     [36mreturn[39m[33m;[39m
     [90m 104 |[39m   }
    [31m[1m>[22m[39m[90m 105 |[39m   originalError[33m.[39mcall(console[33m,[39m [33m...[39margs)[33m;[39m
     [90m     |[39m                 [31m[1m^[22m[39m
     [90m 106 |[39m }[33m;[39m
     [90m 107 |[39m
     [90m 108 |[39m [90m// Suppress specific warnings during tests[39m[0m

      at console.call [as error] (tests/setup/jest.setup.js:105:17)
      at MusicAnalyzer.error [as detectKey] (app/lib/audio/musicAnalyzer.ts:388:15)
      at Object.<anonymous> (tests/unit/lib/audio/musicAnalyzer.test.ts:282:24)

  console.error
    Key detection failed: TypeError: this.algorithms.keyExtractor is not a function
        at MusicAnalyzer.keyExtractor [as detectKey] (C:\Users\Nate2\code\ox-board\app\lib\audio\musicAnalyzer.ts:352:41)
        at processTicksAndRejections (node:internal/process/task_queues:105:5)
        at Object.<anonymous> (C:\Users\Nate2\code\ox-board\tests\unit\lib\audio\musicAnalyzer.test.ts:282:24)

    [0m [90m 103 |[39m     [36mreturn[39m[33m;[39m
     [90m 104 |[39m   }
    [31m[1m>[22m[39m[90m 105 |[39m   originalError[33m.[39mcall(console[33m,[39m [33m...[39margs)[33m;[39m
     [90m     |[39m                 [31m[1m^[22m[39m
     [90m 106 |[39m }[33m;[39m
     [90m 107 |[39m
     [90m 108 |[39m [90m// Suppress specific warnings during tests[39m[0m

      at console.call [as error] (tests/setup/jest.setup.js:105:17)
      at MusicAnalyzer.error [as detectKey] (app/lib/audio/musicAnalyzer.ts:388:15)
      at Object.<anonymous> (tests/unit/lib/audio/musicAnalyzer.test.ts:282:24)

  console.error
    Key detection failed: TypeError: this.algorithms.keyExtractor is not a function
        at MusicAnalyzer.keyExtractor [as detectKey] (C:\Users\Nate2\code\ox-board\app\lib\audio\musicAnalyzer.ts:352:41)
        at processTicksAndRejections (node:internal/process/task_queues:105:5)
        at Object.<anonymous> (C:\Users\Nate2\code\ox-board\tests\unit\lib\audio\musicAnalyzer.test.ts:282:24)

    [0m [90m 103 |[39m     [36mreturn[39m[33m;[39m
     [90m 104 |[39m   }
    [31m[1m>[22m[39m[90m 105 |[39m   originalError[33m.[39mcall(console[33m,[39m [33m...[39margs)[33m;[39m
     [90m     |[39m                 [31m[1m^[22m[39m
     [90m 106 |[39m }[33m;[39m
     [90m 107 |[39m
     [90m 108 |[39m [90m// Suppress specific warnings during tests[39m[0m

      at console.call [as error] (tests/setup/jest.setup.js:105:17)
      at MusicAnalyzer.error [as detectKey] (app/lib/audio/musicAnalyzer.ts:388:15)
      at Object.<anonymous> (tests/unit/lib/audio/musicAnalyzer.test.ts:282:24)

  console.error
    Key detection failed: TypeError: this.algorithms.keyExtractor is not a function
        at MusicAnalyzer.keyExtractor [as detectKey] (C:\Users\Nate2\code\ox-board\app\lib\audio\musicAnalyzer.ts:352:41)
        at processTicksAndRejections (node:internal/process/task_queues:105:5)
        at Object.<anonymous> (C:\Users\Nate2\code\ox-board\tests\unit\lib\audio\musicAnalyzer.test.ts:282:24)

    [0m [90m 103 |[39m     [36mreturn[39m[33m;[39m
     [90m 104 |[39m   }
    [31m[1m>[22m[39m[90m 105 |[39m   originalError[33m.[39mcall(console[33m,[39m [33m...[39margs)[33m;[39m
     [90m     |[39m                 [31m[1m^[22m[39m
     [90m 106 |[39m }[33m;[39m
     [90m 107 |[39m
     [90m 108 |[39m [90m// Suppress specific warnings during tests[39m[0m

      at console.call [as error] (tests/setup/jest.setup.js:105:17)
      at MusicAnalyzer.error [as detectKey] (app/lib/audio/musicAnalyzer.ts:388:15)
      at Object.<anonymous> (tests/unit/lib/audio/musicAnalyzer.test.ts:282:24)

  console.error
    Key detection failed: TypeError: this.algorithms.keyExtractor is not a function
        at MusicAnalyzer.keyExtractor [as detectKey] (C:\Users\Nate2\code\ox-board\app\lib\audio\musicAnalyzer.ts:352:41)
        at processTicksAndRejections (node:internal/process/task_queues:105:5)
        at Object.<anonymous> (C:\Users\Nate2\code\ox-board\tests\unit\lib\audio\musicAnalyzer.test.ts:282:24)

    [0m [90m 103 |[39m     [36mreturn[39m[33m;[39m
     [90m 104 |[39m   }
    [31m[1m>[22m[39m[90m 105 |[39m   originalError[33m.[39mcall(console[33m,[39m [33m...[39margs)[33m;[39m
     [90m     |[39m                 [31m[1m^[22m[39m
     [90m 106 |[39m }[33m;[39m
     [90m 107 |[39m
     [90m 108 |[39m [90m// Suppress specific warnings during tests[39m[0m

      at console.call [as error] (tests/setup/jest.setup.js:105:17)
      at MusicAnalyzer.error [as detectKey] (app/lib/audio/musicAnalyzer.ts:388:15)
      at Object.<anonymous> (tests/unit/lib/audio/musicAnalyzer.test.ts:282:24)

  console.error
    Key detection failed: TypeError: this.algorithms.keyExtractor is not a function
        at MusicAnalyzer.keyExtractor [as detectKey] (C:\Users\Nate2\code\ox-board\app\lib\audio\musicAnalyzer.ts:352:41)
        at processTicksAndRejections (node:internal/process/task_queues:105:5)
        at Object.<anonymous> (C:\Users\Nate2\code\ox-board\tests\unit\lib\audio\musicAnalyzer.test.ts:282:24)

    [0m [90m 103 |[39m     [36mreturn[39m[33m;[39m
     [90m 104 |[39m   }
    [31m[1m>[22m[39m[90m 105 |[39m   originalError[33m.[39mcall(console[33m,[39m [33m...[39margs)[33m;[39m
     [90m     |[39m                 [31m[1m^[22m[39m
     [90m 106 |[39m }[33m;[39m
     [90m 107 |[39m
     [90m 108 |[39m [90m// Suppress specific warnings during tests[39m[0m

      at console.call [as error] (tests/setup/jest.setup.js:105:17)
      at MusicAnalyzer.error [as detectKey] (app/lib/audio/musicAnalyzer.ts:388:15)
      at Object.<anonymous> (tests/unit/lib/audio/musicAnalyzer.test.ts:282:24)

  console.log
    Essentia.js initialized successfully

      at MusicAnalyzer.log [as initializeEssentia] (app/lib/audio/musicAnalyzer.ts:188:15)

  console.error
    Key detection failed: TypeError: this.algorithms.keyExtractor is not a function
        at MusicAnalyzer.keyExtractor [as detectKey] (C:\Users\Nate2\code\ox-board\app\lib\audio\musicAnalyzer.ts:352:41)
        at processTicksAndRejections (node:internal/process/task_queues:105:5)
        at Object.<anonymous> (C:\Users\Nate2\code\ox-board\tests\unit\lib\audio\musicAnalyzer.test.ts:295:27)

    [0m [90m 103 |[39m     [36mreturn[39m[33m;[39m
     [90m 104 |[39m   }
    [31m[1m>[22m[39m[90m 105 |[39m   originalError[33m.[39mcall(console[33m,[39m [33m...[39margs)[33m;[39m
     [90m     |[39m                 [31m[1m^[22m[39m
     [90m 106 |[39m }[33m;[39m
     [90m 107 |[39m
     [90m 108 |[39m [90m// Suppress specific warnings during tests[39m[0m

      at console.call [as error] (tests/setup/jest.setup.js:105:17)
      at MusicAnalyzer.error [as detectKey] (app/lib/audio/musicAnalyzer.ts:388:15)
      at Object.<anonymous> (tests/unit/lib/audio/musicAnalyzer.test.ts:295:27)

  console.log
    Essentia.js initialized successfully

      at MusicAnalyzer.log [as initializeEssentia] (app/lib/audio/musicAnalyzer.ts:188:15)

  console.error
    Key detection failed: TypeError: this.algorithms.keyExtractor is not a function
        at MusicAnalyzer.keyExtractor [as detectKey] (C:\Users\Nate2\code\ox-board\app\lib\audio\musicAnalyzer.ts:352:41)
        at processTicksAndRejections (node:internal/process/task_queues:105:5)
        at Object.<anonymous> (C:\Users\Nate2\code\ox-board\tests\unit\lib\audio\musicAnalyzer.test.ts:310:22)

    [0m [90m 103 |[39m     [36mreturn[39m[33m;[39m
     [90m 104 |[39m   }
    [31m[1m>[22m[39m[90m 105 |[39m   originalError[33m.[39mcall(console[33m,[39m [33m...[39margs)[33m;[39m
     [90m     |[39m                 [31m[1m^[22m[39m
     [90m 106 |[39m }[33m;[39m
     [90m 107 |[39m
     [90m 108 |[39m [90m// Suppress specific warnings during tests[39m[0m

      at console.call [as error] (tests/setup/jest.setup.js:105:17)
      at MusicAnalyzer.error [as detectKey] (app/lib/audio/musicAnalyzer.ts:388:15)
      at Object.<anonymous> (tests/unit/lib/audio/musicAnalyzer.test.ts:310:22)

  console.log
    Essentia.js initialized successfully

      at MusicAnalyzer.log [as initializeEssentia] (app/lib/audio/musicAnalyzer.ts:188:15)

  console.error
    Spectral analysis failed: TypeError: this.algorithms.windowing is not a function
        at MusicAnalyzer.windowing [as getSpectralFeatures] (C:\Users\Nate2\code\ox-board\app\lib\audio\musicAnalyzer.ts:422:42)
        at processTicksAndRejections (node:internal/process/task_queues:105:5)
        at Object.<anonymous> (C:\Users\Nate2\code\ox-board\tests\unit\lib\audio\musicAnalyzer.test.ts:333:22)

    [0m [90m 103 |[39m     [36mreturn[39m[33m;[39m
     [90m 104 |[39m   }
    [31m[1m>[22m[39m[90m 105 |[39m   originalError[33m.[39mcall(console[33m,[39m [33m...[39margs)[33m;[39m
     [90m     |[39m                 [31m[1m^[22m[39m
     [90m 106 |[39m }[33m;[39m
     [90m 107 |[39m
     [90m 108 |[39m [90m// Suppress specific warnings during tests[39m[0m

      at console.call [as error] (tests/setup/jest.setup.js:105:17)
      at MusicAnalyzer.error [as getSpectralFeatures] (app/lib/audio/musicAnalyzer.ts:489:15)
      at Object.<anonymous> (tests/unit/lib/audio/musicAnalyzer.test.ts:333:22)

  console.log
    Essentia.js initialized successfully

      at MusicAnalyzer.log [as initializeEssentia] (app/lib/audio/musicAnalyzer.ts:188:15)

  console.error
    Spectral analysis failed: Error: No valid frames for spectral analysis
        at MusicAnalyzer.getSpectralFeatures (C:\Users\Nate2\code\ox-board\app\lib\audio\musicAnalyzer.ts:475:15)
        at processTicksAndRejections (node:internal/process/task_queues:105:5)
        at Object.<anonymous> (C:\Users\Nate2\code\ox-board\tests\unit\lib\audio\musicAnalyzer.test.ts:350:22)

    [0m [90m 103 |[39m     [36mreturn[39m[33m;[39m
     [90m 104 |[39m   }
    [31m[1m>[22m[39m[90m 105 |[39m   originalError[33m.[39mcall(console[33m,[39m [33m...[39margs)[33m;[39m
     [90m     |[39m                 [31m[1m^[22m[39m
     [90m 106 |[39m }[33m;[39m
     [90m 107 |[39m
     [90m 108 |[39m [90m// Suppress specific warnings during tests[39m[0m

      at console.call [as error] (tests/setup/jest.setup.js:105:17)
      at MusicAnalyzer.error [as getSpectralFeatures] (app/lib/audio/musicAnalyzer.ts:489:15)
      at Object.<anonymous> (tests/unit/lib/audio/musicAnalyzer.test.ts:350:22)

  console.log
    Essentia.js initialized successfully

      at MusicAnalyzer.log [as initializeEssentia] (app/lib/audio/musicAnalyzer.ts:188:15)

  console.error
    Spectral analysis failed: TypeError: this.algorithms.windowing is not a function
        at MusicAnalyzer.windowing [as getSpectralFeatures] (C:\Users\Nate2\code\ox-board\app\lib\audio\musicAnalyzer.ts:422:42)
        at processTicksAndRejections (node:internal/process/task_queues:105:5)
        at Object.<anonymous> (C:\Users\Nate2\code\ox-board\tests\unit\lib\audio\musicAnalyzer.test.ts:358:22)

    [0m [90m 103 |[39m     [36mreturn[39m[33m;[39m
     [90m 104 |[39m   }
    [31m[1m>[22m[39m[90m 105 |[39m   originalError[33m.[39mcall(console[33m,[39m [33m...[39margs)[33m;[39m
     [90m     |[39m                 [31m[1m^[22m[39m
     [90m 106 |[39m }[33m;[39m
     [90m 107 |[39m
     [90m 108 |[39m [90m// Suppress specific warnings during tests[39m[0m

      at console.call [as error] (tests/setup/jest.setup.js:105:17)
      at MusicAnalyzer.error [as getSpectralFeatures] (app/lib/audio/musicAnalyzer.ts:489:15)
      at Object.<anonymous> (tests/unit/lib/audio/musicAnalyzer.test.ts:358:22)

  console.log
    Essentia.js initialized successfully

      at MusicAnalyzer.log [as initializeEssentia] (app/lib/audio/musicAnalyzer.ts:188:15)

  console.error
    Onset detection failed: TypeError: this.algorithms.onsetDetection is not a function
        at MusicAnalyzer.onsetDetection [as detectOnsets] (C:\Users\Nate2\code\ox-board\app\lib\audio\musicAnalyzer.ts:510:38)
        at processTicksAndRejections (node:internal/process/task_queues:105:5)
        at Object.<anonymous> (C:\Users\Nate2\code\ox-board\tests\unit\lib\audio\musicAnalyzer.test.ts:394:22)

    [0m [90m 103 |[39m     [36mreturn[39m[33m;[39m
     [90m 104 |[39m   }
    [31m[1m>[22m[39m[90m 105 |[39m   originalError[33m.[39mcall(console[33m,[39m [33m...[39margs)[33m;[39m
     [90m     |[39m                 [31m[1m^[22m[39m
     [90m 106 |[39m }[33m;[39m
     [90m 107 |[39m
     [90m 108 |[39m [90m// Suppress specific warnings during tests[39m[0m

      at console.call [as error] (tests/setup/jest.setup.js:105:17)
      at MusicAnalyzer.error [as detectOnsets] (app/lib/audio/musicAnalyzer.ts:566:15)
      at Object.<anonymous> (tests/unit/lib/audio/musicAnalyzer.test.ts:394:22)

  console.log
    Essentia.js initialized successfully

      at MusicAnalyzer.log [as initializeEssentia] (app/lib/audio/musicAnalyzer.ts:188:15)

  console.error
    Onset detection failed: TypeError: this.algorithms.onsetDetection is not a function
        at MusicAnalyzer.onsetDetection [as detectOnsets] (C:\Users\Nate2\code\ox-board\app\lib\audio\musicAnalyzer.ts:510:38)
        at processTicksAndRejections (node:internal/process/task_queues:105:5)
        at Object.<anonymous> (C:\Users\Nate2\code\ox-board\tests\unit\lib\audio\musicAnalyzer.test.ts:405:22)

    [0m [90m 103 |[39m     [36mreturn[39m[33m;[39m
     [90m 104 |[39m   }
    [31m[1m>[22m[39m[90m 105 |[39m   originalError[33m.[39mcall(console[33m,[39m [33m...[39margs)[33m;[39m
     [90m     |[39m                 [31m[1m^[22m[39m
     [90m 106 |[39m }[33m;[39m
     [90m 107 |[39m
     [90m 108 |[39m [90m// Suppress specific warnings during tests[39m[0m

      at console.call [as error] (tests/setup/jest.setup.js:105:17)
      at MusicAnalyzer.error [as detectOnsets] (app/lib/audio/musicAnalyzer.ts:566:15)
      at Object.<anonymous> (tests/unit/lib/audio/musicAnalyzer.test.ts:405:22)

  console.log
    Essentia.js initialized successfully

      at MusicAnalyzer.log [as initializeEssentia] (app/lib/audio/musicAnalyzer.ts:188:15)

  console.error
    Onset detection failed: TypeError: this.algorithms.onsetDetection is not a function
        at MusicAnalyzer.onsetDetection [as detectOnsets] (C:\Users\Nate2\code\ox-board\app\lib\audio\musicAnalyzer.ts:510:38)
        at processTicksAndRejections (node:internal/process/task_queues:105:5)
        at Object.<anonymous> (C:\Users\Nate2\code\ox-board\tests\unit\lib\audio\musicAnalyzer.test.ts:414:22)

    [0m [90m 103 |[39m     [36mreturn[39m[33m;[39m
     [90m 104 |[39m   }
    [31m[1m>[22m[39m[90m 105 |[39m   originalError[33m.[39mcall(console[33m,[39m [33m...[39margs)[33m;[39m
     [90m     |[39m                 [31m[1m^[22m[39m
     [90m 106 |[39m }[33m;[39m
     [90m 107 |[39m
     [90m 108 |[39m [90m// Suppress specific warnings during tests[39m[0m

      at console.call [as error] (tests/setup/jest.setup.js:105:17)
      at MusicAnalyzer.error [as detectOnsets] (app/lib/audio/musicAnalyzer.ts:566:15)
      at Object.<anonymous> (tests/unit/lib/audio/musicAnalyzer.test.ts:414:22)

  console.log
    Essentia.js initialized successfully

      at MusicAnalyzer.log [as initializeEssentia] (app/lib/audio/musicAnalyzer.ts:188:15)

  console.error
    Onset detection failed: TypeError: this.algorithms.onsetDetection is not a function
        at MusicAnalyzer.onsetDetection [as detectOnsets] (C:\Users\Nate2\code\ox-board\app\lib\audio\musicAnalyzer.ts:510:38)
        at processTicksAndRejections (node:internal/process/task_queues:105:5)
        at Object.<anonymous> (C:\Users\Nate2\code\ox-board\tests\unit\lib\audio\musicAnalyzer.test.ts:428:22)

    [0m [90m 103 |[39m     [36mreturn[39m[33m;[39m
     [90m 104 |[39m   }
    [31m[1m>[22m[39m[90m 105 |[39m   originalError[33m.[39mcall(console[33m,[39m [33m...[39margs)[33m;[39m
     [90m     |[39m                 [31m[1m^[22m[39m
     [90m 106 |[39m }[33m;[39m
     [90m 107 |[39m
     [90m 108 |[39m [90m// Suppress specific warnings during tests[39m[0m

      at console.call [as error] (tests/setup/jest.setup.js:105:17)
      at MusicAnalyzer.error [as detectOnsets] (app/lib/audio/musicAnalyzer.ts:566:15)
      at Object.<anonymous> (tests/unit/lib/audio/musicAnalyzer.test.ts:428:22)

  console.log
    Essentia.js initialized successfully

      at MusicAnalyzer.log [as initializeEssentia] (app/lib/audio/musicAnalyzer.ts:188:15)

  console.error
    BPM extraction failed: TypeError: this.algorithms.equalLoudness is not a function
        at MusicAnalyzer.equalLoudness [as extractBPM] (C:\Users\Nate2\code\ox-board\app\lib\audio\musicAnalyzer.ts:263:48)
        at processTicksAndRejections (node:internal/process/task_queues:105:5)
        at async Promise.all (index 0)
        at MusicAnalyzer.analyzeTrack (C:\Users\Nate2\code\ox-board\app\lib\audio\musicAnalyzer.ts:810:44)
        at Object.<anonymous> (C:\Users\Nate2\code\ox-board\tests\unit\lib\audio\musicAnalyzer.test.ts:467:22)

    [0m [90m 103 |[39m     [36mreturn[39m[33m;[39m
     [90m 104 |[39m   }
    [31m[1m>[22m[39m[90m 105 |[39m   originalError[33m.[39mcall(console[33m,[39m [33m...[39margs)[33m;[39m
     [90m     |[39m                 [31m[1m^[22m[39m
     [90m 106 |[39m }[33m;[39m
     [90m 107 |[39m
     [90m 108 |[39m [90m// Suppress specific warnings during tests[39m[0m

      at console.call [as error] (tests/setup/jest.setup.js:105:17)
      at MusicAnalyzer.error [as extractBPM] (app/lib/audio/musicAnalyzer.ts:335:15)
          at async Promise.all (index 0)
      at MusicAnalyzer.analyzeTrack (app/lib/audio/musicAnalyzer.ts:810:44)
      at Object.<anonymous> (tests/unit/lib/audio/musicAnalyzer.test.ts:467:22)

  console.error
    Key detection failed: TypeError: this.algorithms.keyExtractor is not a function
        at MusicAnalyzer.keyExtractor [as detectKey] (C:\Users\Nate2\code\ox-board\app\lib\audio\musicAnalyzer.ts:352:41)
        at processTicksAndRejections (node:internal/process/task_queues:105:5)
        at async Promise.all (index 1)
        at MusicAnalyzer.analyzeTrack (C:\Users\Nate2\code\ox-board\app\lib\audio\musicAnalyzer.ts:810:44)
        at Object.<anonymous> (C:\Users\Nate2\code\ox-board\tests\unit\lib\audio\musicAnalyzer.test.ts:467:22)

    [0m [90m 103 |[39m     [36mreturn[39m[33m;[39m
     [90m 104 |[39m   }
    [31m[1m>[22m[39m[90m 105 |[39m   originalError[33m.[39mcall(console[33m,[39m [33m...[39margs)[33m;[39m
     [90m     |[39m                 [31m[1m^[22m[39m
     [90m 106 |[39m }[33m;[39m
     [90m 107 |[39m
     [90m 108 |[39m [90m// Suppress specific warnings during tests[39m[0m

      at console.call [as error] (tests/setup/jest.setup.js:105:17)
      at MusicAnalyzer.error [as detectKey] (app/lib/audio/musicAnalyzer.ts:388:15)
          at async Promise.all (index 1)
      at MusicAnalyzer.analyzeTrack (app/lib/audio/musicAnalyzer.ts:810:44)
      at Object.<anonymous> (tests/unit/lib/audio/musicAnalyzer.test.ts:467:22)

  console.error
    Spectral analysis failed: TypeError: this.algorithms.windowing is not a function
        at MusicAnalyzer.windowing [as getSpectralFeatures] (C:\Users\Nate2\code\ox-board\app\lib\audio\musicAnalyzer.ts:422:42)
        at processTicksAndRejections (node:internal/process/task_queues:105:5)
        at async Promise.all (index 2)
        at MusicAnalyzer.analyzeTrack (C:\Users\Nate2\code\ox-board\app\lib\audio\musicAnalyzer.ts:810:44)
        at Object.<anonymous> (C:\Users\Nate2\code\ox-board\tests\unit\lib\audio\musicAnalyzer.test.ts:467:22)

    [0m [90m 103 |[39m     [36mreturn[39m[33m;[39m
     [90m 104 |[39m   }
    [31m[1m>[22m[39m[90m 105 |[39m   originalError[33m.[39mcall(console[33m,[39m [33m...[39margs)[33m;[39m
     [90m     |[39m                 [31m[1m^[22m[39m
     [90m 106 |[39m }[33m;[39m
     [90m 107 |[39m
     [90m 108 |[39m [90m// Suppress specific warnings during tests[39m[0m

      at console.call [as error] (tests/setup/jest.setup.js:105:17)
      at MusicAnalyzer.error [as getSpectralFeatures] (app/lib/audio/musicAnalyzer.ts:489:15)
          at async Promise.all (index 2)
      at MusicAnalyzer.analyzeTrack (app/lib/audio/musicAnalyzer.ts:810:44)
      at Object.<anonymous> (tests/unit/lib/audio/musicAnalyzer.test.ts:467:22)

  console.error
    Onset detection failed: TypeError: this.algorithms.onsetDetection is not a function
        at MusicAnalyzer.onsetDetection [as detectOnsets] (C:\Users\Nate2\code\ox-board\app\lib\audio\musicAnalyzer.ts:510:38)
        at processTicksAndRejections (node:internal/process/task_queues:105:5)
        at async Promise.all (index 3)
        at MusicAnalyzer.analyzeTrack (C:\Users\Nate2\code\ox-board\app\lib\audio\musicAnalyzer.ts:810:44)
        at Object.<anonymous> (C:\Users\Nate2\code\ox-board\tests\unit\lib\audio\musicAnalyzer.test.ts:467:22)

    [0m [90m 103 |[39m     [36mreturn[39m[33m;[39m
     [90m 104 |[39m   }
    [31m[1m>[22m[39m[90m 105 |[39m   originalError[33m.[39mcall(console[33m,[39m [33m...[39margs)[33m;[39m
     [90m     |[39m                 [31m[1m^[22m[39m
     [90m 106 |[39m }[33m;[39m
     [90m 107 |[39m
     [90m 108 |[39m [90m// Suppress specific warnings during tests[39m[0m

      at console.call [as error] (tests/setup/jest.setup.js:105:17)
      at MusicAnalyzer.error [as detectOnsets] (app/lib/audio/musicAnalyzer.ts:566:15)
          at async Promise.all (index 3)
      at MusicAnalyzer.analyzeTrack (app/lib/audio/musicAnalyzer.ts:810:44)
      at Object.<anonymous> (tests/unit/lib/audio/musicAnalyzer.test.ts:467:22)

  console.warn
    Harmonic frame analysis failed: TypeError: this.algorithms.windowing is not a function
        at MusicAnalyzer.windowing [as analyzeHarmonics] (C:\Users\Nate2\code\ox-board\app\lib\audio\musicAnalyzer.ts:595:44)
        at processTicksAndRejections (node:internal/process/task_queues:105:5)
        at MusicAnalyzer.analyzeTrack (C:\Users\Nate2\code\ox-board\app\lib\audio\musicAnalyzer.ts:819:11)
        at Object.<anonymous> (C:\Users\Nate2\code\ox-board\tests\unit\lib\audio\musicAnalyzer.test.ts:467:22)

    [0m [90m 117 |[39m     [36mreturn[39m[33m;[39m
     [90m 118 |[39m   }
    [31m[1m>[22m[39m[90m 119 |[39m   originalWarn[33m.[39mcall(console[33m,[39m [33m...[39margs)[33m;[39m
     [90m     |[39m                [31m[1m^[22m[39m
     [90m 120 |[39m }[33m;[39m
     [90m 121 |[39m[0m

      at console.call (tests/setup/jest.setup.js:119:16)
      at MusicAnalyzer.warn [as analyzeHarmonics] (app/lib/audio/musicAnalyzer.ts:628:19)
      at MusicAnalyzer.analyzeTrack (app/lib/audio/musicAnalyzer.ts:819:11)
      at Object.<anonymous> (tests/unit/lib/audio/musicAnalyzer.test.ts:467:22)

  console.warn
    Harmonic frame analysis failed: TypeError: this.algorithms.windowing is not a function
        at MusicAnalyzer.windowing [as analyzeHarmonics] (C:\Users\Nate2\code\ox-board\app\lib\audio\musicAnalyzer.ts:595:44)
        at processTicksAndRejections (node:internal/process/task_queues:105:5)
        at MusicAnalyzer.analyzeTrack (C:\Users\Nate2\code\ox-board\app\lib\audio\musicAnalyzer.ts:819:11)
        at Object.<anonymous> (C:\Users\Nate2\code\ox-board\tests\unit\lib\audio\musicAnalyzer.test.ts:467:22)

    [0m [90m 117 |[39m     [36mreturn[39m[33m;[39m
     [90m 118 |[39m   }
    [31m[1m>[22m[39m[90m 119 |[39m   originalWarn[33m.[39mcall(console[33m,[39m [33m...[39margs)[33m;[39m
     [90m     |[39m                [31m[1m^[22m[39m
     [90m 120 |[39m }[33m;[39m
     [90m 121 |[39m[0m

      at console.call (tests/setup/jest.setup.js:119:16)
      at MusicAnalyzer.warn [as analyzeHarmonics] (app/lib/audio/musicAnalyzer.ts:628:19)
      at MusicAnalyzer.analyzeTrack (app/lib/audio/musicAnalyzer.ts:819:11)
      at Object.<anonymous> (tests/unit/lib/audio/musicAnalyzer.test.ts:467:22)

  console.warn
    Harmonic frame analysis failed: TypeError: this.algorithms.windowing is not a function
        at MusicAnalyzer.windowing [as analyzeHarmonics] (C:\Users\Nate2\code\ox-board\app\lib\audio\musicAnalyzer.ts:595:44)
        at processTicksAndRejections (node:internal/process/task_queues:105:5)
        at MusicAnalyzer.analyzeTrack (C:\Users\Nate2\code\ox-board\app\lib\audio\musicAnalyzer.ts:819:11)
        at Object.<anonymous> (C:\Users\Nate2\code\ox-board\tests\unit\lib\audio\musicAnalyzer.test.ts:467:22)

    [0m [90m 117 |[39m     [36mreturn[39m[33m;[39m
     [90m 118 |[39m   }
    [31m[1m>[22m[39m[90m 119 |[39m   originalWarn[33m.[39mcall(console[33m,[39m [33m...[39margs)[33m;[39m
     [90m     |[39m                [31m[1m^[22m[39m
     [90m 120 |[39m }[33m;[39m
     [90m 121 |[39m[0m

      at console.call (tests/setup/jest.setup.js:119:16)
      at MusicAnalyzer.warn [as analyzeHarmonics] (app/lib/audio/musicAnalyzer.ts:628:19)
      at MusicAnalyzer.analyzeTrack (app/lib/audio/musicAnalyzer.ts:819:11)
      at Object.<anonymous> (tests/unit/lib/audio/musicAnalyzer.test.ts:467:22)

  console.warn
    Harmonic frame analysis failed: TypeError: this.algorithms.windowing is not a function
        at MusicAnalyzer.windowing [as analyzeHarmonics] (C:\Users\Nate2\code\ox-board\app\lib\audio\musicAnalyzer.ts:595:44)
        at processTicksAndRejections (node:internal/process/task_queues:105:5)
        at MusicAnalyzer.analyzeTrack (C:\Users\Nate2\code\ox-board\app\lib\audio\musicAnalyzer.ts:819:11)
        at Object.<anonymous> (C:\Users\Nate2\code\ox-board\tests\unit\lib\audio\musicAnalyzer.test.ts:467:22)

    [0m [90m 117 |[39m     [36mreturn[39m[33m;[39m
     [90m 118 |[39m   }
    [31m[1m>[22m[39m[90m 119 |[39m   originalWarn[33m.[39mcall(console[33m,[39m [33m...[39margs)[33m;[39m
     [90m     |[39m                [31m[1m^[22m[39m
     [90m 120 |[39m }[33m;[39m
     [90m 121 |[39m[0m

      at console.call (tests/setup/jest.setup.js:119:16)
      at MusicAnalyzer.warn [as analyzeHarmonics] (app/lib/audio/musicAnalyzer.ts:628:19)
      at MusicAnalyzer.analyzeTrack (app/lib/audio/musicAnalyzer.ts:819:11)
      at Object.<anonymous> (tests/unit/lib/audio/musicAnalyzer.test.ts:467:22)

  console.warn
    Harmonic frame analysis failed: TypeError: this.algorithms.windowing is not a function
        at MusicAnalyzer.windowing [as analyzeHarmonics] (C:\Users\Nate2\code\ox-board\app\lib\audio\musicAnalyzer.ts:595:44)
        at processTicksAndRejections (node:internal/process/task_queues:105:5)
        at MusicAnalyzer.analyzeTrack (C:\Users\Nate2\code\ox-board\app\lib\audio\musicAnalyzer.ts:819:11)
        at Object.<anonymous> (C:\Users\Nate2\code\ox-board\tests\unit\lib\audio\musicAnalyzer.test.ts:467:22)

    [0m [90m 117 |[39m     [36mreturn[39m[33m;[39m
     [90m 118 |[39m   }
    [31m[1m>[22m[39m[90m 119 |[39m   originalWarn[33m.[39mcall(console[33m,[39m [33m...[39margs)[33m;[39m
     [90m     |[39m                [31m[1m^[22m[39m
     [90m 120 |[39m }[33m;[39m
     [90m 121 |[39m[0m

      at console.call (tests/setup/jest.setup.js:119:16)
      at MusicAnalyzer.warn [as analyzeHarmonics] (app/lib/audio/musicAnalyzer.ts:628:19)
      at MusicAnalyzer.analyzeTrack (app/lib/audio/musicAnalyzer.ts:819:11)
      at Object.<anonymous> (tests/unit/lib/audio/musicAnalyzer.test.ts:467:22)

  console.warn
    Harmonic frame analysis failed: TypeError: this.algorithms.windowing is not a function
        at MusicAnalyzer.windowing [as analyzeHarmonics] (C:\Users\Nate2\code\ox-board\app\lib\audio\musicAnalyzer.ts:595:44)
        at processTicksAndRejections (node:internal/process/task_queues:105:5)
        at MusicAnalyzer.analyzeTrack (C:\Users\Nate2\code\ox-board\app\lib\audio\musicAnalyzer.ts:819:11)
        at Object.<anonymous> (C:\Users\Nate2\code\ox-board\tests\unit\lib\audio\musicAnalyzer.test.ts:467:22)

    [0m [90m 117 |[39m     [36mreturn[39m[33m;[39m
     [90m 118 |[39m   }
    [31m[1m>[22m[39m[90m 119 |[39m   originalWarn[33m.[39mcall(console[33m,[39m [33m...[39margs)[33m;[39m
     [90m     |[39m                [31m[1m^[22m[39m
     [90m 120 |[39m }[33m;[39m
     [90m 121 |[39m[0m

      at console.call (tests/setup/jest.setup.js:119:16)
      at MusicAnalyzer.warn [as analyzeHarmonics] (app/lib/audio/musicAnalyzer.ts:628:19)
      at MusicAnalyzer.analyzeTrack (app/lib/audio/musicAnalyzer.ts:819:11)
      at Object.<anonymous> (tests/unit/lib/audio/musicAnalyzer.test.ts:467:22)

  console.warn
    Harmonic frame analysis failed: TypeError: this.algorithms.windowing is not a function
        at MusicAnalyzer.windowing [as analyzeHarmonics] (C:\Users\Nate2\code\ox-board\app\lib\audio\musicAnalyzer.ts:595:44)
        at processTicksAndRejections (node:internal/process/task_queues:105:5)
        at MusicAnalyzer.analyzeTrack (C:\Users\Nate2\code\ox-board\app\lib\audio\musicAnalyzer.ts:819:11)
        at Object.<anonymous> (C:\Users\Nate2\code\ox-board\tests\unit\lib\audio\musicAnalyzer.test.ts:467:22)

    [0m [90m 117 |[39m     [36mreturn[39m[33m;[39m
     [90m 118 |[39m   }
    [31m[1m>[22m[39m[90m 119 |[39m   originalWarn[33m.[39mcall(console[33m,[39m [33m...[39margs)[33m;[39m
     [90m     |[39m                [31m[1m^[22m[39m
     [90m 120 |[39m }[33m;[39m
     [90m 121 |[39m[0m

      at console.call (tests/setup/jest.setup.js:119:16)
      at MusicAnalyzer.warn [as analyzeHarmonics] (app/lib/audio/musicAnalyzer.ts:628:19)
      at MusicAnalyzer.analyzeTrack (app/lib/audio/musicAnalyzer.ts:819:11)
      at Object.<anonymous> (tests/unit/lib/audio/musicAnalyzer.test.ts:467:22)

  console.warn
    Harmonic frame analysis failed: TypeError: this.algorithms.windowing is not a function
        at MusicAnalyzer.windowing [as analyzeHarmonics] (C:\Users\Nate2\code\ox-board\app\lib\audio\musicAnalyzer.ts:595:44)
        at processTicksAndRejections (node:internal/process/task_queues:105:5)
        at MusicAnalyzer.analyzeTrack (C:\Users\Nate2\code\ox-board\app\lib\audio\musicAnalyzer.ts:819:11)
        at Object.<anonymous> (C:\Users\Nate2\code\ox-board\tests\unit\lib\audio\musicAnalyzer.test.ts:467:22)

    [0m [90m 117 |[39m     [36mreturn[39m[33m;[39m
     [90m 118 |[39m   }
    [31m[1m>[22m[39m[90m 119 |[39m   originalWarn[33m.[39mcall(console[33m,[39m [33m...[39margs)[33m;[39m
     [90m     |[39m                [31m[1m^[22m[39m
     [90m 120 |[39m }[33m;[39m
     [90m 121 |[39m[0m

      at console.call (tests/setup/jest.setup.js:119:16)
      at MusicAnalyzer.warn [as analyzeHarmonics] (app/lib/audio/musicAnalyzer.ts:628:19)
      at MusicAnalyzer.analyzeTrack (app/lib/audio/musicAnalyzer.ts:819:11)
      at Object.<anonymous> (tests/unit/lib/audio/musicAnalyzer.test.ts:467:22)

  console.warn
    Harmonic frame analysis failed: TypeError: this.algorithms.windowing is not a function
        at MusicAnalyzer.windowing [as analyzeHarmonics] (C:\Users\Nate2\code\ox-board\app\lib\audio\musicAnalyzer.ts:595:44)
        at processTicksAndRejections (node:internal/process/task_queues:105:5)
        at MusicAnalyzer.analyzeTrack (C:\Users\Nate2\code\ox-board\app\lib\audio\musicAnalyzer.ts:819:11)
        at Object.<anonymous> (C:\Users\Nate2\code\ox-board\tests\unit\lib\audio\musicAnalyzer.test.ts:467:22)

    [0m [90m 117 |[39m     [36mreturn[39m[33m;[39m
     [90m 118 |[39m   }
    [31m[1m>[22m[39m[90m 119 |[39m   originalWarn[33m.[39mcall(console[33m,[39m [33m...[39margs)[33m;[39m
     [90m     |[39m                [31m[1m^[22m[39m
     [90m 120 |[39m }[33m;[39m
     [90m 121 |[39m[0m

      at console.call (tests/setup/jest.setup.js:119:16)
      at MusicAnalyzer.warn [as analyzeHarmonics] (app/lib/audio/musicAnalyzer.ts:628:19)
      at MusicAnalyzer.analyzeTrack (app/lib/audio/musicAnalyzer.ts:819:11)
      at Object.<anonymous> (tests/unit/lib/audio/musicAnalyzer.test.ts:467:22)

  console.warn
    Harmonic frame analysis failed: TypeError: this.algorithms.windowing is not a function
        at MusicAnalyzer.windowing [as analyzeHarmonics] (C:\Users\Nate2\code\ox-board\app\lib\audio\musicAnalyzer.ts:595:44)
        at processTicksAndRejections (node:internal/process/task_queues:105:5)
        at MusicAnalyzer.analyzeTrack (C:\Users\Nate2\code\ox-board\app\lib\audio\musicAnalyzer.ts:819:11)
        at Object.<anonymous> (C:\Users\Nate2\code\ox-board\tests\unit\lib\audio\musicAnalyzer.test.ts:467:22)

    [0m [90m 117 |[39m     [36mreturn[39m[33m;[39m
     [90m 118 |[39m   }
    [31m[1m>[22m[39m[90m 119 |[39m   originalWarn[33m.[39mcall(console[33m,[39m [33m...[39margs)[33m;[39m
     [90m     |[39m                [31m[1m^[22m[39m
     [90m 120 |[39m }[33m;[39m
     [90m 121 |[39m[0m

      at console.call (tests/setup/jest.setup.js:119:16)
      at MusicAnalyzer.warn [as analyzeHarmonics] (app/lib/audio/musicAnalyzer.ts:628:19)
      at MusicAnalyzer.analyzeTrack (app/lib/audio/musicAnalyzer.ts:819:11)
      at Object.<anonymous> (tests/unit/lib/audio/musicAnalyzer.test.ts:467:22)

  console.warn
    Harmonic frame analysis failed: TypeError: this.algorithms.windowing is not a function
        at MusicAnalyzer.windowing [as analyzeHarmonics] (C:\Users\Nate2\code\ox-board\app\lib\audio\musicAnalyzer.ts:595:44)
        at processTicksAndRejections (node:internal/process/task_queues:105:5)
        at MusicAnalyzer.analyzeTrack (C:\Users\Nate2\code\ox-board\app\lib\audio\musicAnalyzer.ts:819:11)
        at Object.<anonymous> (C:\Users\Nate2\code\ox-board\tests\unit\lib\audio\musicAnalyzer.test.ts:467:22)

    [0m [90m 117 |[39m     [36mreturn[39m[33m;[39m
     [90m 118 |[39m   }
    [31m[1m>[22m[39m[90m 119 |[39m   originalWarn[33m.[39mcall(console[33m,[39m [33m...[39margs)[33m;[39m
     [90m     |[39m                [31m[1m^[22m[39m
     [90m 120 |[39m }[33m;[39m
     [90m 121 |[39m[0m

      at console.call (tests/setup/jest.setup.js:119:16)
      at MusicAnalyzer.warn [as analyzeHarmonics] (app/lib/audio/musicAnalyzer.ts:628:19)
      at MusicAnalyzer.analyzeTrack (app/lib/audio/musicAnalyzer.ts:819:11)
      at Object.<anonymous> (tests/unit/lib/audio/musicAnalyzer.test.ts:467:22)

  console.warn
    Harmonic frame analysis failed: TypeError: this.algorithms.windowing is not a function
        at MusicAnalyzer.windowing [as analyzeHarmonics] (C:\Users\Nate2\code\ox-board\app\lib\audio\musicAnalyzer.ts:595:44)
        at processTicksAndRejections (node:internal/process/task_queues:105:5)
        at MusicAnalyzer.analyzeTrack (C:\Users\Nate2\code\ox-board\app\lib\audio\musicAnalyzer.ts:819:11)
        at Object.<anonymous> (C:\Users\Nate2\code\ox-board\tests\unit\lib\audio\musicAnalyzer.test.ts:467:22)

    [0m [90m 117 |[39m     [36mreturn[39m[33m;[39m
     [90m 118 |[39m   }
    [31m[1m>[22m[39m[90m 119 |[39m   originalWarn[33m.[39mcall(console[33m,[39m [33m...[39margs)[33m;[39m
     [90m     |[39m                [31m[1m^[22m[39m
     [90m 120 |[39m }[33m;[39m
     [90m 121 |[39m[0m

      at console.call (tests/setup/jest.setup.js:119:16)
      at MusicAnalyzer.warn [as analyzeHarmonics] (app/lib/audio/musicAnalyzer.ts:628:19)
      at MusicAnalyzer.analyzeTrack (app/lib/audio/musicAnalyzer.ts:819:11)
      at Object.<anonymous> (tests/unit/lib/audio/musicAnalyzer.test.ts:467:22)

  console.warn
    Harmonic frame analysis failed: TypeError: this.algorithms.windowing is not a function
        at MusicAnalyzer.windowing [as analyzeHarmonics] (C:\Users\Nate2\code\ox-board\app\lib\audio\musicAnalyzer.ts:595:44)
        at processTicksAndRejections (node:internal/process/task_queues:105:5)
        at MusicAnalyzer.analyzeTrack (C:\Users\Nate2\code\ox-board\app\lib\audio\musicAnalyzer.ts:819:11)
        at Object.<anonymous> (C:\Users\Nate2\code\ox-board\tests\unit\lib\audio\musicAnalyzer.test.ts:467:22)

    [0m [90m 117 |[39m     [36mreturn[39m[33m;[39m
     [90m 118 |[39m   }
    [31m[1m>[22m[39m[90m 119 |[39m   originalWarn[33m.[39mcall(console[33m,[39m [33m...[39margs)[33m;[39m
     [90m     |[39m                [31m[1m^[22m[39m
     [90m 120 |[39m }[33m;[39m
     [90m 121 |[39m[0m

      at console.call (tests/setup/jest.setup.js:119:16)
      at MusicAnalyzer.warn [as analyzeHarmonics] (app/lib/audio/musicAnalyzer.ts:628:19)
      at MusicAnalyzer.analyzeTrack (app/lib/audio/musicAnalyzer.ts:819:11)
      at Object.<anonymous> (tests/unit/lib/audio/musicAnalyzer.test.ts:467:22)

  console.warn
    Harmonic frame analysis failed: TypeError: this.algorithms.windowing is not a function
        at MusicAnalyzer.windowing [as analyzeHarmonics] (C:\Users\Nate2\code\ox-board\app\lib\audio\musicAnalyzer.ts:595:44)
        at processTicksAndRejections (node:internal/process/task_queues:105:5)
        at MusicAnalyzer.analyzeTrack (C:\Users\Nate2\code\ox-board\app\lib\audio\musicAnalyzer.ts:819:11)
        at Object.<anonymous> (C:\Users\Nate2\code\ox-board\tests\unit\lib\audio\musicAnalyzer.test.ts:467:22)

    [0m [90m 117 |[39m     [36mreturn[39m[33m;[39m
     [90m 118 |[39m   }
    [31m[1m>[22m[39m[90m 119 |[39m   originalWarn[33m.[39mcall(console[33m,[39m [33m...[39margs)[33m;[39m
     [90m     |[39m                [31m[1m^[22m[39m
     [90m 120 |[39m }[33m;[39m
     [90m 121 |[39m[0m

      at console.call (tests/setup/jest.setup.js:119:16)
      at MusicAnalyzer.warn [as analyzeHarmonics] (app/lib/audio/musicAnalyzer.ts:628:19)
      at MusicAnalyzer.analyzeTrack (app/lib/audio/musicAnalyzer.ts:819:11)
      at Object.<anonymous> (tests/unit/lib/audio/musicAnalyzer.test.ts:467:22)

  console.warn
    Harmonic frame analysis failed: TypeError: this.algorithms.windowing is not a function
        at MusicAnalyzer.windowing [as analyzeHarmonics] (C:\Users\Nate2\code\ox-board\app\lib\audio\musicAnalyzer.ts:595:44)
        at processTicksAndRejections (node:internal/process/task_queues:105:5)
        at MusicAnalyzer.analyzeTrack (C:\Users\Nate2\code\ox-board\app\lib\audio\musicAnalyzer.ts:819:11)
        at Object.<anonymous> (C:\Users\Nate2\code\ox-board\tests\unit\lib\audio\musicAnalyzer.test.ts:467:22)

    [0m [90m 117 |[39m     [36mreturn[39m[33m;[39m
     [90m 118 |[39m   }
    [31m[1m>[22m[39m[90m 119 |[39m   originalWarn[33m.[39mcall(console[33m,[39m [33m...[39margs)[33m;[39m
     [90m     |[39m                [31m[1m^[22m[39m
     [90m 120 |[39m }[33m;[39m
     [90m 121 |[39m[0m

      at console.call (tests/setup/jest.setup.js:119:16)
      at MusicAnalyzer.warn [as analyzeHarmonics] (app/lib/audio/musicAnalyzer.ts:628:19)
      at MusicAnalyzer.analyzeTrack (app/lib/audio/musicAnalyzer.ts:819:11)
      at Object.<anonymous> (tests/unit/lib/audio/musicAnalyzer.test.ts:467:22)

  console.warn
    Harmonic frame analysis failed: TypeError: this.algorithms.windowing is not a function
        at MusicAnalyzer.windowing [as analyzeHarmonics] (C:\Users\Nate2\code\ox-board\app\lib\audio\musicAnalyzer.ts:595:44)
        at processTicksAndRejections (node:internal/process/task_queues:105:5)
        at MusicAnalyzer.analyzeTrack (C:\Users\Nate2\code\ox-board\app\lib\audio\musicAnalyzer.ts:819:11)
        at Object.<anonymous> (C:\Users\Nate2\code\ox-board\tests\unit\lib\audio\musicAnalyzer.test.ts:467:22)

    [0m [90m 117 |[39m     [36mreturn[39m[33m;[39m
     [90m 118 |[39m   }
    [31m[1m>[22m[39m[90m 119 |[39m   originalWarn[33m.[39mcall(console[33m,[39m [33m...[39margs)[33m;[39m
     [90m     |[39m                [31m[1m^[22m[39m
     [90m 120 |[39m }[33m;[39m
     [90m 121 |[39m[0m

      at console.call (tests/setup/jest.setup.js:119:16)
      at MusicAnalyzer.warn [as analyzeHarmonics] (app/lib/audio/musicAnalyzer.ts:628:19)
      at MusicAnalyzer.analyzeTrack (app/lib/audio/musicAnalyzer.ts:819:11)
      at Object.<anonymous> (tests/unit/lib/audio/musicAnalyzer.test.ts:467:22)

  console.warn
    Harmonic frame analysis failed: TypeError: this.algorithms.windowing is not a function
        at MusicAnalyzer.windowing [as analyzeHarmonics] (C:\Users\Nate2\code\ox-board\app\lib\audio\musicAnalyzer.ts:595:44)
        at processTicksAndRejections (node:internal/process/task_queues:105:5)
        at MusicAnalyzer.analyzeTrack (C:\Users\Nate2\code\ox-board\app\lib\audio\musicAnalyzer.ts:819:11)
        at Object.<anonymous> (C:\Users\Nate2\code\ox-board\tests\unit\lib\audio\musicAnalyzer.test.ts:467:22)

    [0m [90m 117 |[39m     [36mreturn[39m[33m;[39m
     [90m 118 |[39m   }
    [31m[1m>[22m[39m[90m 119 |[39m   originalWarn[33m.[39mcall(console[33m,[39m [33m...[39margs)[33m;[39m
     [90m     |[39m                [31m[1m^[22m[39m
     [90m 120 |[39m }[33m;[39m
     [90m 121 |[39m[0m

      at console.call (tests/setup/jest.setup.js:119:16)
      at MusicAnalyzer.warn [as analyzeHarmonics] (app/lib/audio/musicAnalyzer.ts:628:19)
      at MusicAnalyzer.analyzeTrack (app/lib/audio/musicAnalyzer.ts:819:11)
      at Object.<anonymous> (tests/unit/lib/audio/musicAnalyzer.test.ts:467:22)

  console.warn
    Harmonic frame analysis failed: TypeError: this.algorithms.windowing is not a function
        at MusicAnalyzer.windowing [as analyzeHarmonics] (C:\Users\Nate2\code\ox-board\app\lib\audio\musicAnalyzer.ts:595:44)
        at processTicksAndRejections (node:internal/process/task_queues:105:5)
        at MusicAnalyzer.analyzeTrack (C:\Users\Nate2\code\ox-board\app\lib\audio\musicAnalyzer.ts:819:11)
        at Object.<anonymous> (C:\Users\Nate2\code\ox-board\tests\unit\lib\audio\musicAnalyzer.test.ts:467:22)

    [0m [90m 117 |[39m     [36mreturn[39m[33m;[39m
     [90m 118 |[39m   }
    [31m[1m>[22m[39m[90m 119 |[39m   originalWarn[33m.[39mcall(console[33m,[39m [33m...[39margs)[33m;[39m
     [90m     |[39m                [31m[1m^[22m[39m
     [90m 120 |[39m }[33m;[39m
     [90m 121 |[39m[0m

      at console.call (tests/setup/jest.setup.js:119:16)
      at MusicAnalyzer.warn [as analyzeHarmonics] (app/lib/audio/musicAnalyzer.ts:628:19)
      at MusicAnalyzer.analyzeTrack (app/lib/audio/musicAnalyzer.ts:819:11)
      at Object.<anonymous> (tests/unit/lib/audio/musicAnalyzer.test.ts:467:22)

  console.warn
    Harmonic frame analysis failed: TypeError: this.algorithms.windowing is not a function
        at MusicAnalyzer.windowing [as analyzeHarmonics] (C:\Users\Nate2\code\ox-board\app\lib\audio\musicAnalyzer.ts:595:44)
        at processTicksAndRejections (node:internal/process/task_queues:105:5)
        at MusicAnalyzer.analyzeTrack (C:\Users\Nate2\code\ox-board\app\lib\audio\musicAnalyzer.ts:819:11)
        at Object.<anonymous> (C:\Users\Nate2\code\ox-board\tests\unit\lib\audio\musicAnalyzer.test.ts:467:22)

    [0m [90m 117 |[39m     [36mreturn[39m[33m;[39m
     [90m 118 |[39m   }
    [31m[1m>[22m[39m[90m 119 |[39m   originalWarn[33m.[39mcall(console[33m,[39m [33m...[39margs)[33m;[39m
     [90m     |[39m                [31m[1m^[22m[39m
     [90m 120 |[39m }[33m;[39m
     [90m 121 |[39m[0m

      at console.call (tests/setup/jest.setup.js:119:16)
      at MusicAnalyzer.warn [as analyzeHarmonics] (app/lib/audio/musicAnalyzer.ts:628:19)
      at MusicAnalyzer.analyzeTrack (app/lib/audio/musicAnalyzer.ts:819:11)
      at Object.<anonymous> (tests/unit/lib/audio/musicAnalyzer.test.ts:467:22)

  console.warn
    Harmonic frame analysis failed: TypeError: this.algorithms.windowing is not a function
        at MusicAnalyzer.windowing [as analyzeHarmonics] (C:\Users\Nate2\code\ox-board\app\lib\audio\musicAnalyzer.ts:595:44)
        at processTicksAndRejections (node:internal/process/task_queues:105:5)
        at MusicAnalyzer.analyzeTrack (C:\Users\Nate2\code\ox-board\app\lib\audio\musicAnalyzer.ts:819:11)
        at Object.<anonymous> (C:\Users\Nate2\code\ox-board\tests\unit\lib\audio\musicAnalyzer.test.ts:467:22)

    [0m [90m 117 |[39m     [36mreturn[39m[33m;[39m
     [90m 118 |[39m   }
    [31m[1m>[22m[39m[90m 119 |[39m   originalWarn[33m.[39mcall(console[33m,[39m [33m...[39margs)[33m;[39m
     [90m     |[39m                [31m[1m^[22m[39m
     [90m 120 |[39m }[33m;[39m
     [90m 121 |[39m[0m

      at console.call (tests/setup/jest.setup.js:119:16)
      at MusicAnalyzer.warn [as analyzeHarmonics] (app/lib/audio/musicAnalyzer.ts:628:19)
      at MusicAnalyzer.analyzeTrack (app/lib/audio/musicAnalyzer.ts:819:11)
      at Object.<anonymous> (tests/unit/lib/audio/musicAnalyzer.test.ts:467:22)

  console.log
    Essentia.js initialized successfully

      at MusicAnalyzer.log [as initializeEssentia] (app/lib/audio/musicAnalyzer.ts:188:15)

  console.error
    BPM extraction failed: TypeError: this.algorithms.equalLoudness is not a function
        at MusicAnalyzer.equalLoudness [as extractBPM] (C:\Users\Nate2\code\ox-board\app\lib\audio\musicAnalyzer.ts:263:48)
        at processTicksAndRejections (node:internal/process/task_queues:105:5)
        at async Promise.all (index 0)
        at MusicAnalyzer.analyzeTrack (C:\Users\Nate2\code\ox-board\app\lib\audio\musicAnalyzer.ts:810:44)
        at Object.<anonymous> (C:\Users\Nate2\code\ox-board\tests\unit\lib\audio\musicAnalyzer.test.ts:482:22)

    [0m [90m 103 |[39m     [36mreturn[39m[33m;[39m
     [90m 104 |[39m   }
    [31m[1m>[22m[39m[90m 105 |[39m   originalError[33m.[39mcall(console[33m,[39m [33m...[39margs)[33m;[39m
     [90m     |[39m                 [31m[1m^[22m[39m
     [90m 106 |[39m }[33m;[39m
     [90m 107 |[39m
     [90m 108 |[39m [90m// Suppress specific warnings during tests[39m[0m

      at console.call [as error] (tests/setup/jest.setup.js:105:17)
      at MusicAnalyzer.error [as extractBPM] (app/lib/audio/musicAnalyzer.ts:335:15)
          at async Promise.all (index 0)
      at MusicAnalyzer.analyzeTrack (app/lib/audio/musicAnalyzer.ts:810:44)
      at Object.<anonymous> (tests/unit/lib/audio/musicAnalyzer.test.ts:482:22)

  console.error
    Key detection failed: TypeError: this.algorithms.keyExtractor is not a function
        at MusicAnalyzer.keyExtractor [as detectKey] (C:\Users\Nate2\code\ox-board\app\lib\audio\musicAnalyzer.ts:352:41)
        at processTicksAndRejections (node:internal/process/task_queues:105:5)
        at async Promise.all (index 1)
        at MusicAnalyzer.analyzeTrack (C:\Users\Nate2\code\ox-board\app\lib\audio\musicAnalyzer.ts:810:44)
        at Object.<anonymous> (C:\Users\Nate2\code\ox-board\tests\unit\lib\audio\musicAnalyzer.test.ts:482:22)

    [0m [90m 103 |[39m     [36mreturn[39m[33m;[39m
     [90m 104 |[39m   }
    [31m[1m>[22m[39m[90m 105 |[39m   originalError[33m.[39mcall(console[33m,[39m [33m...[39margs)[33m;[39m
     [90m     |[39m                 [31m[1m^[22m[39m
     [90m 106 |[39m }[33m;[39m
     [90m 107 |[39m
     [90m 108 |[39m [90m// Suppress specific warnings during tests[39m[0m

      at console.call [as error] (tests/setup/jest.setup.js:105:17)
      at MusicAnalyzer.error [as detectKey] (app/lib/audio/musicAnalyzer.ts:388:15)
          at async Promise.all (index 1)
      at MusicAnalyzer.analyzeTrack (app/lib/audio/musicAnalyzer.ts:810:44)
      at Object.<anonymous> (tests/unit/lib/audio/musicAnalyzer.test.ts:482:22)

  console.error
    Spectral analysis failed: TypeError: this.algorithms.windowing is not a function
        at MusicAnalyzer.windowing [as getSpectralFeatures] (C:\Users\Nate2\code\ox-board\app\lib\audio\musicAnalyzer.ts:422:42)
        at processTicksAndRejections (node:internal/process/task_queues:105:5)
        at async Promise.all (index 2)
        at MusicAnalyzer.analyzeTrack (C:\Users\Nate2\code\ox-board\app\lib\audio\musicAnalyzer.ts:810:44)
        at Object.<anonymous> (C:\Users\Nate2\code\ox-board\tests\unit\lib\audio\musicAnalyzer.test.ts:482:22)

    [0m [90m 103 |[39m     [36mreturn[39m[33m;[39m
     [90m 104 |[39m   }
    [31m[1m>[22m[39m[90m 105 |[39m   originalError[33m.[39mcall(console[33m,[39m [33m...[39margs)[33m;[39m
     [90m     |[39m                 [31m[1m^[22m[39m
     [90m 106 |[39m }[33m;[39m
     [90m 107 |[39m
     [90m 108 |[39m [90m// Suppress specific warnings during tests[39m[0m

      at console.call [as error] (tests/setup/jest.setup.js:105:17)
      at MusicAnalyzer.error [as getSpectralFeatures] (app/lib/audio/musicAnalyzer.ts:489:15)
          at async Promise.all (index 2)
      at MusicAnalyzer.analyzeTrack (app/lib/audio/musicAnalyzer.ts:810:44)
      at Object.<anonymous> (tests/unit/lib/audio/musicAnalyzer.test.ts:482:22)

  console.error
    Onset detection failed: TypeError: this.algorithms.onsetDetection is not a function
        at MusicAnalyzer.onsetDetection [as detectOnsets] (C:\Users\Nate2\code\ox-board\app\lib\audio\musicAnalyzer.ts:510:38)
        at processTicksAndRejections (node:internal/process/task_queues:105:5)
        at async Promise.all (index 3)
        at MusicAnalyzer.analyzeTrack (C:\Users\Nate2\code\ox-board\app\lib\audio\musicAnalyzer.ts:810:44)
        at Object.<anonymous> (C:\Users\Nate2\code\ox-board\tests\unit\lib\audio\musicAnalyzer.test.ts:482:22)

    [0m [90m 103 |[39m     [36mreturn[39m[33m;[39m
     [90m 104 |[39m   }
    [31m[1m>[22m[39m[90m 105 |[39m   originalError[33m.[39mcall(console[33m,[39m [33m...[39margs)[33m;[39m
     [90m     |[39m                 [31m[1m^[22m[39m
     [90m 106 |[39m }[33m;[39m
     [90m 107 |[39m
     [90m 108 |[39m [90m// Suppress specific warnings during tests[39m[0m

      at console.call [as error] (tests/setup/jest.setup.js:105:17)
      at MusicAnalyzer.error [as detectOnsets] (app/lib/audio/musicAnalyzer.ts:566:15)
          at async Promise.all (index 3)
      at MusicAnalyzer.analyzeTrack (app/lib/audio/musicAnalyzer.ts:810:44)
      at Object.<anonymous> (tests/unit/lib/audio/musicAnalyzer.test.ts:482:22)

  console.warn
    Harmonic frame analysis failed: TypeError: this.algorithms.windowing is not a function
        at MusicAnalyzer.windowing [as analyzeHarmonics] (C:\Users\Nate2\code\ox-board\app\lib\audio\musicAnalyzer.ts:595:44)
        at processTicksAndRejections (node:internal/process/task_queues:105:5)
        at MusicAnalyzer.analyzeTrack (C:\Users\Nate2\code\ox-board\app\lib\audio\musicAnalyzer.ts:819:11)
        at Object.<anonymous> (C:\Users\Nate2\code\ox-board\tests\unit\lib\audio\musicAnalyzer.test.ts:482:22)

    [0m [90m 117 |[39m     [36mreturn[39m[33m;[39m
     [90m 118 |[39m   }
    [31m[1m>[22m[39m[90m 119 |[39m   originalWarn[33m.[39mcall(console[33m,[39m [33m...[39margs)[33m;[39m
     [90m     |[39m                [31m[1m^[22m[39m
     [90m 120 |[39m }[33m;[39m
     [90m 121 |[39m[0m

      at console.call (tests/setup/jest.setup.js:119:16)
      at MusicAnalyzer.warn [as analyzeHarmonics] (app/lib/audio/musicAnalyzer.ts:628:19)
      at MusicAnalyzer.analyzeTrack (app/lib/audio/musicAnalyzer.ts:819:11)
      at Object.<anonymous> (tests/unit/lib/audio/musicAnalyzer.test.ts:482:22)

  console.warn
    Harmonic frame analysis failed: TypeError: this.algorithms.windowing is not a function
        at MusicAnalyzer.windowing [as analyzeHarmonics] (C:\Users\Nate2\code\ox-board\app\lib\audio\musicAnalyzer.ts:595:44)
        at processTicksAndRejections (node:internal/process/task_queues:105:5)
        at MusicAnalyzer.analyzeTrack (C:\Users\Nate2\code\ox-board\app\lib\audio\musicAnalyzer.ts:819:11)
        at Object.<anonymous> (C:\Users\Nate2\code\ox-board\tests\unit\lib\audio\musicAnalyzer.test.ts:482:22)

    [0m [90m 117 |[39m     [36mreturn[39m[33m;[39m
     [90m 118 |[39m   }
    [31m[1m>[22m[39m[90m 119 |[39m   originalWarn[33m.[39mcall(console[33m,[39m [33m...[39margs)[33m;[39m
     [90m     |[39m                [31m[1m^[22m[39m
     [90m 120 |[39m }[33m;[39m
     [90m 121 |[39m[0m

      at console.call (tests/setup/jest.setup.js:119:16)
      at MusicAnalyzer.warn [as analyzeHarmonics] (app/lib/audio/musicAnalyzer.ts:628:19)
      at MusicAnalyzer.analyzeTrack (app/lib/audio/musicAnalyzer.ts:819:11)
      at Object.<anonymous> (tests/unit/lib/audio/musicAnalyzer.test.ts:482:22)

  console.warn
    Harmonic frame analysis failed: TypeError: this.algorithms.windowing is not a function
        at MusicAnalyzer.windowing [as analyzeHarmonics] (C:\Users\Nate2\code\ox-board\app\lib\audio\musicAnalyzer.ts:595:44)
        at processTicksAndRejections (node:internal/process/task_queues:105:5)
        at MusicAnalyzer.analyzeTrack (C:\Users\Nate2\code\ox-board\app\lib\audio\musicAnalyzer.ts:819:11)
        at Object.<anonymous> (C:\Users\Nate2\code\ox-board\tests\unit\lib\audio\musicAnalyzer.test.ts:482:22)

    [0m [90m 117 |[39m     [36mreturn[39m[33m;[39m
     [90m 118 |[39m   }
    [31m[1m>[22m[39m[90m 119 |[39m   originalWarn[33m.[39mcall(console[33m,[39m [33m...[39margs)[33m;[39m
     [90m     |[39m                [31m[1m^[22m[39m
     [90m 120 |[39m }[33m;[39m
     [90m 121 |[39m[0m

      at console.call (tests/setup/jest.setup.js:119:16)
      at MusicAnalyzer.warn [as analyzeHarmonics] (app/lib/audio/musicAnalyzer.ts:628:19)
      at MusicAnalyzer.analyzeTrack (app/lib/audio/musicAnalyzer.ts:819:11)
      at Object.<anonymous> (tests/unit/lib/audio/musicAnalyzer.test.ts:482:22)

  console.warn
    Harmonic frame analysis failed: TypeError: this.algorithms.windowing is not a function
        at MusicAnalyzer.windowing [as analyzeHarmonics] (C:\Users\Nate2\code\ox-board\app\lib\audio\musicAnalyzer.ts:595:44)
        at processTicksAndRejections (node:internal/process/task_queues:105:5)
        at MusicAnalyzer.analyzeTrack (C:\Users\Nate2\code\ox-board\app\lib\audio\musicAnalyzer.ts:819:11)
        at Object.<anonymous> (C:\Users\Nate2\code\ox-board\tests\unit\lib\audio\musicAnalyzer.test.ts:482:22)

    [0m [90m 117 |[39m     [36mreturn[39m[33m;[39m
     [90m 118 |[39m   }
    [31m[1m>[22m[39m[90m 119 |[39m   originalWarn[33m.[39mcall(console[33m,[39m [33m...[39margs)[33m;[39m
     [90m     |[39m                [31m[1m^[22m[39m
     [90m 120 |[39m }[33m;[39m
     [90m 121 |[39m[0m

      at console.call (tests/setup/jest.setup.js:119:16)
      at MusicAnalyzer.warn [as analyzeHarmonics] (app/lib/audio/musicAnalyzer.ts:628:19)
      at MusicAnalyzer.analyzeTrack (app/lib/audio/musicAnalyzer.ts:819:11)
      at Object.<anonymous> (tests/unit/lib/audio/musicAnalyzer.test.ts:482:22)

  console.warn
    Harmonic frame analysis failed: TypeError: this.algorithms.windowing is not a function
        at MusicAnalyzer.windowing [as analyzeHarmonics] (C:\Users\Nate2\code\ox-board\app\lib\audio\musicAnalyzer.ts:595:44)
        at processTicksAndRejections (node:internal/process/task_queues:105:5)
        at MusicAnalyzer.analyzeTrack (C:\Users\Nate2\code\ox-board\app\lib\audio\musicAnalyzer.ts:819:11)
        at Object.<anonymous> (C:\Users\Nate2\code\ox-board\tests\unit\lib\audio\musicAnalyzer.test.ts:482:22)

    [0m [90m 117 |[39m     [36mreturn[39m[33m;[39m
     [90m 118 |[39m   }
    [31m[1m>[22m[39m[90m 119 |[39m   originalWarn[33m.[39mcall(console[33m,[39m [33m...[39margs)[33m;[39m
     [90m     |[39m                [31m[1m^[22m[39m
     [90m 120 |[39m }[33m;[39m
     [90m 121 |[39m[0m

      at console.call (tests/setup/jest.setup.js:119:16)
      at MusicAnalyzer.warn [as analyzeHarmonics] (app/lib/audio/musicAnalyzer.ts:628:19)
      at MusicAnalyzer.analyzeTrack (app/lib/audio/musicAnalyzer.ts:819:11)
      at Object.<anonymous> (tests/unit/lib/audio/musicAnalyzer.test.ts:482:22)

  console.warn
    Harmonic frame analysis failed: TypeError: this.algorithms.windowing is not a function
        at MusicAnalyzer.windowing [as analyzeHarmonics] (C:\Users\Nate2\code\ox-board\app\lib\audio\musicAnalyzer.ts:595:44)
        at processTicksAndRejections (node:internal/process/task_queues:105:5)
        at MusicAnalyzer.analyzeTrack (C:\Users\Nate2\code\ox-board\app\lib\audio\musicAnalyzer.ts:819:11)
        at Object.<anonymous> (C:\Users\Nate2\code\ox-board\tests\unit\lib\audio\musicAnalyzer.test.ts:482:22)

    [0m [90m 117 |[39m     [36mreturn[39m[33m;[39m
     [90m 118 |[39m   }
    [31m[1m>[22m[39m[90m 119 |[39m   originalWarn[33m.[39mcall(console[33m,[39m [33m...[39margs)[33m;[39m
     [90m     |[39m                [31m[1m^[22m[39m
     [90m 120 |[39m }[33m;[39m
     [90m 121 |[39m[0m

      at console.call (tests/setup/jest.setup.js:119:16)
      at MusicAnalyzer.warn [as analyzeHarmonics] (app/lib/audio/musicAnalyzer.ts:628:19)
      at MusicAnalyzer.analyzeTrack (app/lib/audio/musicAnalyzer.ts:819:11)
      at Object.<anonymous> (tests/unit/lib/audio/musicAnalyzer.test.ts:482:22)

  console.warn
    Harmonic frame analysis failed: TypeError: this.algorithms.windowing is not a function
        at MusicAnalyzer.windowing [as analyzeHarmonics] (C:\Users\Nate2\code\ox-board\app\lib\audio\musicAnalyzer.ts:595:44)
        at processTicksAndRejections (node:internal/process/task_queues:105:5)
        at MusicAnalyzer.analyzeTrack (C:\Users\Nate2\code\ox-board\app\lib\audio\musicAnalyzer.ts:819:11)
        at Object.<anonymous> (C:\Users\Nate2\code\ox-board\tests\unit\lib\audio\musicAnalyzer.test.ts:482:22)

    [0m [90m 117 |[39m     [36mreturn[39m[33m;[39m
     [90m 118 |[39m   }
    [31m[1m>[22m[39m[90m 119 |[39m   originalWarn[33m.[39mcall(console[33m,[39m [33m...[39margs)[33m;[39m
     [90m     |[39m                [31m[1m^[22m[39m
     [90m 120 |[39m }[33m;[39m
     [90m 121 |[39m[0m

      at console.call (tests/setup/jest.setup.js:119:16)
      at MusicAnalyzer.warn [as analyzeHarmonics] (app/lib/audio/musicAnalyzer.ts:628:19)
      at MusicAnalyzer.analyzeTrack (app/lib/audio/musicAnalyzer.ts:819:11)
      at Object.<anonymous> (tests/unit/lib/audio/musicAnalyzer.test.ts:482:22)

  console.warn
    Harmonic frame analysis failed: TypeError: this.algorithms.windowing is not a function
        at MusicAnalyzer.windowing [as analyzeHarmonics] (C:\Users\Nate2\code\ox-board\app\lib\audio\musicAnalyzer.ts:595:44)
        at processTicksAndRejections (node:internal/process/task_queues:105:5)
        at MusicAnalyzer.analyzeTrack (C:\Users\Nate2\code\ox-board\app\lib\audio\musicAnalyzer.ts:819:11)
        at Object.<anonymous> (C:\Users\Nate2\code\ox-board\tests\unit\lib\audio\musicAnalyzer.test.ts:482:22)

    [0m [90m 117 |[39m     [36mreturn[39m[33m;[39m
     [90m 118 |[39m   }
    [31m[1m>[22m[39m[90m 119 |[39m   originalWarn[33m.[39mcall(console[33m,[39m [33m...[39margs)[33m;[39m
     [90m     |[39m                [31m[1m^[22m[39m
     [90m 120 |[39m }[33m;[39m
     [90m 121 |[39m[0m

      at console.call (tests/setup/jest.setup.js:119:16)
      at MusicAnalyzer.warn [as analyzeHarmonics] (app/lib/audio/musicAnalyzer.ts:628:19)
      at MusicAnalyzer.analyzeTrack (app/lib/audio/musicAnalyzer.ts:819:11)
      at Object.<anonymous> (tests/unit/lib/audio/musicAnalyzer.test.ts:482:22)

  console.warn
    Harmonic frame analysis failed: TypeError: this.algorithms.windowing is not a function
        at MusicAnalyzer.windowing [as analyzeHarmonics] (C:\Users\Nate2\code\ox-board\app\lib\audio\musicAnalyzer.ts:595:44)
        at processTicksAndRejections (node:internal/process/task_queues:105:5)
        at MusicAnalyzer.analyzeTrack (C:\Users\Nate2\code\ox-board\app\lib\audio\musicAnalyzer.ts:819:11)
        at Object.<anonymous> (C:\Users\Nate2\code\ox-board\tests\unit\lib\audio\musicAnalyzer.test.ts:482:22)

    [0m [90m 117 |[39m     [36mreturn[39m[33m;[39m
     [90m 118 |[39m   }
    [31m[1m>[22m[39m[90m 119 |[39m   originalWarn[33m.[39mcall(console[33m,[39m [33m...[39margs)[33m;[39m
     [90m     |[39m                [31m[1m^[22m[39m
     [90m 120 |[39m }[33m;[39m
     [90m 121 |[39m[0m

      at console.call (tests/setup/jest.setup.js:119:16)
      at MusicAnalyzer.warn [as analyzeHarmonics] (app/lib/audio/musicAnalyzer.ts:628:19)
      at MusicAnalyzer.analyzeTrack (app/lib/audio/musicAnalyzer.ts:819:11)
      at Object.<anonymous> (tests/unit/lib/audio/musicAnalyzer.test.ts:482:22)

  console.warn
    Harmonic frame analysis failed: TypeError: this.algorithms.windowing is not a function
        at MusicAnalyzer.windowing [as analyzeHarmonics] (C:\Users\Nate2\code\ox-board\app\lib\audio\musicAnalyzer.ts:595:44)
        at processTicksAndRejections (node:internal/process/task_queues:105:5)
        at MusicAnalyzer.analyzeTrack (C:\Users\Nate2\code\ox-board\app\lib\audio\musicAnalyzer.ts:819:11)
        at Object.<anonymous> (C:\Users\Nate2\code\ox-board\tests\unit\lib\audio\musicAnalyzer.test.ts:482:22)

    [0m [90m 117 |[39m     [36mreturn[39m[33m;[39m
     [90m 118 |[39m   }
    [31m[1m>[22m[39m[90m 119 |[39m   originalWarn[33m.[39mcall(console[33m,[39m [33m...[39margs)[33m;[39m
     [90m     |[39m                [31m[1m^[22m[39m
     [90m 120 |[39m }[33m;[39m
     [90m 121 |[39m[0m

      at console.call (tests/setup/jest.setup.js:119:16)
      at MusicAnalyzer.warn [as analyzeHarmonics] (app/lib/audio/musicAnalyzer.ts:628:19)
      at MusicAnalyzer.analyzeTrack (app/lib/audio/musicAnalyzer.ts:819:11)
      at Object.<anonymous> (tests/unit/lib/audio/musicAnalyzer.test.ts:482:22)

  console.warn
    Harmonic frame analysis failed: TypeError: this.algorithms.windowing is not a function
        at MusicAnalyzer.windowing [as analyzeHarmonics] (C:\Users\Nate2\code\ox-board\app\lib\audio\musicAnalyzer.ts:595:44)
        at processTicksAndRejections (node:internal/process/task_queues:105:5)
        at MusicAnalyzer.analyzeTrack (C:\Users\Nate2\code\ox-board\app\lib\audio\musicAnalyzer.ts:819:11)
        at Object.<anonymous> (C:\Users\Nate2\code\ox-board\tests\unit\lib\audio\musicAnalyzer.test.ts:482:22)

    [0m [90m 117 |[39m     [36mreturn[39m[33m;[39m
     [90m 118 |[39m   }
    [31m[1m>[22m[39m[90m 119 |[39m   originalWarn[33m.[39mcall(console[33m,[39m [33m...[39margs)[33m;[39m
     [90m     |[39m                [31m[1m^[22m[39m
     [90m 120 |[39m }[33m;[39m
     [90m 121 |[39m[0m

      at console.call (tests/setup/jest.setup.js:119:16)
      at MusicAnalyzer.warn [as analyzeHarmonics] (app/lib/audio/musicAnalyzer.ts:628:19)
      at MusicAnalyzer.analyzeTrack (app/lib/audio/musicAnalyzer.ts:819:11)
      at Object.<anonymous> (tests/unit/lib/audio/musicAnalyzer.test.ts:482:22)

  console.warn
    Harmonic frame analysis failed: TypeError: this.algorithms.windowing is not a function
        at MusicAnalyzer.windowing [as analyzeHarmonics] (C:\Users\Nate2\code\ox-board\app\lib\audio\musicAnalyzer.ts:595:44)
        at processTicksAndRejections (node:internal/process/task_queues:105:5)
        at MusicAnalyzer.analyzeTrack (C:\Users\Nate2\code\ox-board\app\lib\audio\musicAnalyzer.ts:819:11)
        at Object.<anonymous> (C:\Users\Nate2\code\ox-board\tests\unit\lib\audio\musicAnalyzer.test.ts:482:22)

    [0m [90m 117 |[39m     [36mreturn[39m[33m;[39m
     [90m 118 |[39m   }
    [31m[1m>[22m[39m[90m 119 |[39m   originalWarn[33m.[39mcall(console[33m,[39m [33m...[39margs)[33m;[39m
     [90m     |[39m                [31m[1m^[22m[39m
     [90m 120 |[39m }[33m;[39m
     [90m 121 |[39m[0m

      at console.call (tests/setup/jest.setup.js:119:16)
      at MusicAnalyzer.warn [as analyzeHarmonics] (app/lib/audio/musicAnalyzer.ts:628:19)
      at MusicAnalyzer.analyzeTrack (app/lib/audio/musicAnalyzer.ts:819:11)
      at Object.<anonymous> (tests/unit/lib/audio/musicAnalyzer.test.ts:482:22)

  console.warn
    Harmonic frame analysis failed: TypeError: this.algorithms.windowing is not a function
        at MusicAnalyzer.windowing [as analyzeHarmonics] (C:\Users\Nate2\code\ox-board\app\lib\audio\musicAnalyzer.ts:595:44)
        at processTicksAndRejections (node:internal/process/task_queues:105:5)
        at MusicAnalyzer.analyzeTrack (C:\Users\Nate2\code\ox-board\app\lib\audio\musicAnalyzer.ts:819:11)
        at Object.<anonymous> (C:\Users\Nate2\code\ox-board\tests\unit\lib\audio\musicAnalyzer.test.ts:482:22)

    [0m [90m 117 |[39m     [36mreturn[39m[33m;[39m
     [90m 118 |[39m   }
    [31m[1m>[22m[39m[90m 119 |[39m   originalWarn[33m.[39mcall(console[33m,[39m [33m...[39margs)[33m;[39m
     [90m     |[39m                [31m[1m^[22m[39m
     [90m 120 |[39m }[33m;[39m
     [90m 121 |[39m[0m

      at console.call (tests/setup/jest.setup.js:119:16)
      at MusicAnalyzer.warn [as analyzeHarmonics] (app/lib/audio/musicAnalyzer.ts:628:19)
      at MusicAnalyzer.analyzeTrack (app/lib/audio/musicAnalyzer.ts:819:11)
      at Object.<anonymous> (tests/unit/lib/audio/musicAnalyzer.test.ts:482:22)

  console.warn
    Harmonic frame analysis failed: TypeError: this.algorithms.windowing is not a function
        at MusicAnalyzer.windowing [as analyzeHarmonics] (C:\Users\Nate2\code\ox-board\app\lib\audio\musicAnalyzer.ts:595:44)
        at processTicksAndRejections (node:internal/process/task_queues:105:5)
        at MusicAnalyzer.analyzeTrack (C:\Users\Nate2\code\ox-board\app\lib\audio\musicAnalyzer.ts:819:11)
        at Object.<anonymous> (C:\Users\Nate2\code\ox-board\tests\unit\lib\audio\musicAnalyzer.test.ts:482:22)

    [0m [90m 117 |[39m     [36mreturn[39m[33m;[39m
     [90m 118 |[39m   }
    [31m[1m>[22m[39m[90m 119 |[39m   originalWarn[33m.[39mcall(console[33m,[39m [33m...[39margs)[33m;[39m
     [90m     |[39m                [31m[1m^[22m[39m
     [90m 120 |[39m }[33m;[39m
     [90m 121 |[39m[0m

      at console.call (tests/setup/jest.setup.js:119:16)
      at MusicAnalyzer.warn [as analyzeHarmonics] (app/lib/audio/musicAnalyzer.ts:628:19)
      at MusicAnalyzer.analyzeTrack (app/lib/audio/musicAnalyzer.ts:819:11)
      at Object.<anonymous> (tests/unit/lib/audio/musicAnalyzer.test.ts:482:22)

  console.warn
    Harmonic frame analysis failed: TypeError: this.algorithms.windowing is not a function
        at MusicAnalyzer.windowing [as analyzeHarmonics] (C:\Users\Nate2\code\ox-board\app\lib\audio\musicAnalyzer.ts:595:44)
        at processTicksAndRejections (node:internal/process/task_queues:105:5)
        at MusicAnalyzer.analyzeTrack (C:\Users\Nate2\code\ox-board\app\lib\audio\musicAnalyzer.ts:819:11)
        at Object.<anonymous> (C:\Users\Nate2\code\ox-board\tests\unit\lib\audio\musicAnalyzer.test.ts:482:22)

    [0m [90m 117 |[39m     [36mreturn[39m[33m;[39m
     [90m 118 |[39m   }
    [31m[1m>[22m[39m[90m 119 |[39m   originalWarn[33m.[39mcall(console[33m,[39m [33m...[39margs)[33m;[39m
     [90m     |[39m                [31m[1m^[22m[39m
     [90m 120 |[39m }[33m;[39m
     [90m 121 |[39m[0m

      at console.call (tests/setup/jest.setup.js:119:16)
      at MusicAnalyzer.warn [as analyzeHarmonics] (app/lib/audio/musicAnalyzer.ts:628:19)
      at MusicAnalyzer.analyzeTrack (app/lib/audio/musicAnalyzer.ts:819:11)
      at Object.<anonymous> (tests/unit/lib/audio/musicAnalyzer.test.ts:482:22)

  console.warn
    Harmonic frame analysis failed: TypeError: this.algorithms.windowing is not a function
        at MusicAnalyzer.windowing [as analyzeHarmonics] (C:\Users\Nate2\code\ox-board\app\lib\audio\musicAnalyzer.ts:595:44)
        at processTicksAndRejections (node:internal/process/task_queues:105:5)
        at MusicAnalyzer.analyzeTrack (C:\Users\Nate2\code\ox-board\app\lib\audio\musicAnalyzer.ts:819:11)
        at Object.<anonymous> (C:\Users\Nate2\code\ox-board\tests\unit\lib\audio\musicAnalyzer.test.ts:482:22)

    [0m [90m 117 |[39m     [36mreturn[39m[33m;[39m
     [90m 118 |[39m   }
    [31m[1m>[22m[39m[90m 119 |[39m   originalWarn[33m.[39mcall(console[33m,[39m [33m...[39margs)[33m;[39m
     [90m     |[39m                [31m[1m^[22m[39m
     [90m 120 |[39m }[33m;[39m
     [90m 121 |[39m[0m

      at console.call (tests/setup/jest.setup.js:119:16)
      at MusicAnalyzer.warn [as analyzeHarmonics] (app/lib/audio/musicAnalyzer.ts:628:19)
      at MusicAnalyzer.analyzeTrack (app/lib/audio/musicAnalyzer.ts:819:11)
      at Object.<anonymous> (tests/unit/lib/audio/musicAnalyzer.test.ts:482:22)

  console.warn
    Harmonic frame analysis failed: TypeError: this.algorithms.windowing is not a function
        at MusicAnalyzer.windowing [as analyzeHarmonics] (C:\Users\Nate2\code\ox-board\app\lib\audio\musicAnalyzer.ts:595:44)
        at processTicksAndRejections (node:internal/process/task_queues:105:5)
        at MusicAnalyzer.analyzeTrack (C:\Users\Nate2\code\ox-board\app\lib\audio\musicAnalyzer.ts:819:11)
        at Object.<anonymous> (C:\Users\Nate2\code\ox-board\tests\unit\lib\audio\musicAnalyzer.test.ts:482:22)

    [0m [90m 117 |[39m     [36mreturn[39m[33m;[39m
     [90m 118 |[39m   }
    [31m[1m>[22m[39m[90m 119 |[39m   originalWarn[33m.[39mcall(console[33m,[39m [33m...[39margs)[33m;[39m
     [90m     |[39m                [31m[1m^[22m[39m
     [90m 120 |[39m }[33m;[39m
     [90m 121 |[39m[0m

      at console.call (tests/setup/jest.setup.js:119:16)
      at MusicAnalyzer.warn [as analyzeHarmonics] (app/lib/audio/musicAnalyzer.ts:628:19)
      at MusicAnalyzer.analyzeTrack (app/lib/audio/musicAnalyzer.ts:819:11)
      at Object.<anonymous> (tests/unit/lib/audio/musicAnalyzer.test.ts:482:22)

  console.warn
    Harmonic frame analysis failed: TypeError: this.algorithms.windowing is not a function
        at MusicAnalyzer.windowing [as analyzeHarmonics] (C:\Users\Nate2\code\ox-board\app\lib\audio\musicAnalyzer.ts:595:44)
        at processTicksAndRejections (node:internal/process/task_queues:105:5)
        at MusicAnalyzer.analyzeTrack (C:\Users\Nate2\code\ox-board\app\lib\audio\musicAnalyzer.ts:819:11)
        at Object.<anonymous> (C:\Users\Nate2\code\ox-board\tests\unit\lib\audio\musicAnalyzer.test.ts:482:22)

    [0m [90m 117 |[39m     [36mreturn[39m[33m;[39m
     [90m 118 |[39m   }
    [31m[1m>[22m[39m[90m 119 |[39m   originalWarn[33m.[39mcall(console[33m,[39m [33m...[39margs)[33m;[39m
     [90m     |[39m                [31m[1m^[22m[39m
     [90m 120 |[39m }[33m;[39m
     [90m 121 |[39m[0m

      at console.call (tests/setup/jest.setup.js:119:16)
      at MusicAnalyzer.warn [as analyzeHarmonics] (app/lib/audio/musicAnalyzer.ts:628:19)
      at MusicAnalyzer.analyzeTrack (app/lib/audio/musicAnalyzer.ts:819:11)
      at Object.<anonymous> (tests/unit/lib/audio/musicAnalyzer.test.ts:482:22)

  console.warn
    Harmonic frame analysis failed: TypeError: this.algorithms.windowing is not a function
        at MusicAnalyzer.windowing [as analyzeHarmonics] (C:\Users\Nate2\code\ox-board\app\lib\audio\musicAnalyzer.ts:595:44)
        at processTicksAndRejections (node:internal/process/task_queues:105:5)
        at MusicAnalyzer.analyzeTrack (C:\Users\Nate2\code\ox-board\app\lib\audio\musicAnalyzer.ts:819:11)
        at Object.<anonymous> (C:\Users\Nate2\code\ox-board\tests\unit\lib\audio\musicAnalyzer.test.ts:482:22)

    [0m [90m 117 |[39m     [36mreturn[39m[33m;[39m
     [90m 118 |[39m   }
    [31m[1m>[22m[39m[90m 119 |[39m   originalWarn[33m.[39mcall(console[33m,[39m [33m...[39margs)[33m;[39m
     [90m     |[39m                [31m[1m^[22m[39m
     [90m 120 |[39m }[33m;[39m
     [90m 121 |[39m[0m

      at console.call (tests/setup/jest.setup.js:119:16)
      at MusicAnalyzer.warn [as analyzeHarmonics] (app/lib/audio/musicAnalyzer.ts:628:19)
      at MusicAnalyzer.analyzeTrack (app/lib/audio/musicAnalyzer.ts:819:11)
      at Object.<anonymous> (tests/unit/lib/audio/musicAnalyzer.test.ts:482:22)

  console.warn
    Harmonic frame analysis failed: TypeError: this.algorithms.windowing is not a function
        at MusicAnalyzer.windowing [as analyzeHarmonics] (C:\Users\Nate2\code\ox-board\app\lib\audio\musicAnalyzer.ts:595:44)
        at processTicksAndRejections (node:internal/process/task_queues:105:5)
        at MusicAnalyzer.analyzeTrack (C:\Users\Nate2\code\ox-board\app\lib\audio\musicAnalyzer.ts:819:11)
        at Object.<anonymous> (C:\Users\Nate2\code\ox-board\tests\unit\lib\audio\musicAnalyzer.test.ts:482:22)

    [0m [90m 117 |[39m     [36mreturn[39m[33m;[39m
     [90m 118 |[39m   }
    [31m[1m>[22m[39m[90m 119 |[39m   originalWarn[33m.[39mcall(console[33m,[39m [33m...[39margs)[33m;[39m
     [90m     |[39m                [31m[1m^[22m[39m
     [90m 120 |[39m }[33m;[39m
     [90m 121 |[39m[0m

      at console.call (tests/setup/jest.setup.js:119:16)
      at MusicAnalyzer.warn [as analyzeHarmonics] (app/lib/audio/musicAnalyzer.ts:628:19)
      at MusicAnalyzer.analyzeTrack (app/lib/audio/musicAnalyzer.ts:819:11)
      at Object.<anonymous> (tests/unit/lib/audio/musicAnalyzer.test.ts:482:22)

  console.log
    Essentia.js initialized successfully

      at MusicAnalyzer.log [as initializeEssentia] (app/lib/audio/musicAnalyzer.ts:188:15)

  console.error
    BPM extraction failed: TypeError: this.algorithms.equalLoudness is not a function
        at MusicAnalyzer.equalLoudness [as extractBPM] (C:\Users\Nate2\code\ox-board\app\lib\audio\musicAnalyzer.ts:263:48)
        at processTicksAndRejections (node:internal/process/task_queues:105:5)
        at async Promise.all (index 0)
        at MusicAnalyzer.analyzeTrack (C:\Users\Nate2\code\ox-board\app\lib\audio\musicAnalyzer.ts:810:44)
        at Object.<anonymous> (C:\Users\Nate2\code\ox-board\tests\unit\lib\audio\musicAnalyzer.test.ts:500:22)

    [0m [90m 103 |[39m     [36mreturn[39m[33m;[39m
     [90m 104 |[39m   }
    [31m[1m>[22m[39m[90m 105 |[39m   originalError[33m.[39mcall(console[33m,[39m [33m...[39margs)[33m;[39m
     [90m     |[39m                 [31m[1m^[22m[39m
     [90m 106 |[39m }[33m;[39m
     [90m 107 |[39m
     [90m 108 |[39m [90m// Suppress specific warnings during tests[39m[0m

      at console.call [as error] (tests/setup/jest.setup.js:105:17)
      at MusicAnalyzer.error [as extractBPM] (app/lib/audio/musicAnalyzer.ts:335:15)
          at async Promise.all (index 0)
      at MusicAnalyzer.analyzeTrack (app/lib/audio/musicAnalyzer.ts:810:44)
      at Object.<anonymous> (tests/unit/lib/audio/musicAnalyzer.test.ts:500:22)

  console.error
    Key detection failed: TypeError: this.algorithms.keyExtractor is not a function
        at MusicAnalyzer.keyExtractor [as detectKey] (C:\Users\Nate2\code\ox-board\app\lib\audio\musicAnalyzer.ts:352:41)
        at processTicksAndRejections (node:internal/process/task_queues:105:5)
        at async Promise.all (index 1)
        at MusicAnalyzer.analyzeTrack (C:\Users\Nate2\code\ox-board\app\lib\audio\musicAnalyzer.ts:810:44)
        at Object.<anonymous> (C:\Users\Nate2\code\ox-board\tests\unit\lib\audio\musicAnalyzer.test.ts:500:22)

    [0m [90m 103 |[39m     [36mreturn[39m[33m;[39m
     [90m 104 |[39m   }
    [31m[1m>[22m[39m[90m 105 |[39m   originalError[33m.[39mcall(console[33m,[39m [33m...[39margs)[33m;[39m
     [90m     |[39m                 [31m[1m^[22m[39m
     [90m 106 |[39m }[33m;[39m
     [90m 107 |[39m
     [90m 108 |[39m [90m// Suppress specific warnings during tests[39m[0m

      at console.call [as error] (tests/setup/jest.setup.js:105:17)
      at MusicAnalyzer.error [as detectKey] (app/lib/audio/musicAnalyzer.ts:388:15)
          at async Promise.all (index 1)
      at MusicAnalyzer.analyzeTrack (app/lib/audio/musicAnalyzer.ts:810:44)
      at Object.<anonymous> (tests/unit/lib/audio/musicAnalyzer.test.ts:500:22)

  console.error
    Spectral analysis failed: TypeError: this.algorithms.windowing is not a function
        at MusicAnalyzer.windowing [as getSpectralFeatures] (C:\Users\Nate2\code\ox-board\app\lib\audio\musicAnalyzer.ts:422:42)
        at processTicksAndRejections (node:internal/process/task_queues:105:5)
        at async Promise.all (index 2)
        at MusicAnalyzer.analyzeTrack (C:\Users\Nate2\code\ox-board\app\lib\audio\musicAnalyzer.ts:810:44)
        at Object.<anonymous> (C:\Users\Nate2\code\ox-board\tests\unit\lib\audio\musicAnalyzer.test.ts:500:22)

    [0m [90m 103 |[39m     [36mreturn[39m[33m;[39m
     [90m 104 |[39m   }
    [31m[1m>[22m[39m[90m 105 |[39m   originalError[33m.[39mcall(console[33m,[39m [33m...[39margs)[33m;[39m
     [90m     |[39m                 [31m[1m^[22m[39m
     [90m 106 |[39m }[33m;[39m
     [90m 107 |[39m
     [90m 108 |[39m [90m// Suppress specific warnings during tests[39m[0m

      at console.call [as error] (tests/setup/jest.setup.js:105:17)
      at MusicAnalyzer.error [as getSpectralFeatures] (app/lib/audio/musicAnalyzer.ts:489:15)
          at async Promise.all (index 2)
      at MusicAnalyzer.analyzeTrack (app/lib/audio/musicAnalyzer.ts:810:44)
      at Object.<anonymous> (tests/unit/lib/audio/musicAnalyzer.test.ts:500:22)

  console.error
    Onset detection failed: TypeError: this.algorithms.onsetDetection is not a function
        at MusicAnalyzer.onsetDetection [as detectOnsets] (C:\Users\Nate2\code\ox-board\app\lib\audio\musicAnalyzer.ts:510:38)
        at processTicksAndRejections (node:internal/process/task_queues:105:5)
        at async Promise.all (index 3)
        at MusicAnalyzer.analyzeTrack (C:\Users\Nate2\code\ox-board\app\lib\audio\musicAnalyzer.ts:810:44)
        at Object.<anonymous> (C:\Users\Nate2\code\ox-board\tests\unit\lib\audio\musicAnalyzer.test.ts:500:22)

    [0m [90m 103 |[39m     [36mreturn[39m[33m;[39m
     [90m 104 |[39m   }
    [31m[1m>[22m[39m[90m 105 |[39m   originalError[33m.[39mcall(console[33m,[39m [33m...[39margs)[33m;[39m
     [90m     |[39m                 [31m[1m^[22m[39m
     [90m 106 |[39m }[33m;[39m
     [90m 107 |[39m
     [90m 108 |[39m [90m// Suppress specific warnings during tests[39m[0m

      at console.call [as error] (tests/setup/jest.setup.js:105:17)
      at MusicAnalyzer.error [as detectOnsets] (app/lib/audio/musicAnalyzer.ts:566:15)
          at async Promise.all (index 3)
      at MusicAnalyzer.analyzeTrack (app/lib/audio/musicAnalyzer.ts:810:44)
      at Object.<anonymous> (tests/unit/lib/audio/musicAnalyzer.test.ts:500:22)

  console.log
    Essentia.js initialized successfully

      at MusicAnalyzer.log [as initializeEssentia] (app/lib/audio/musicAnalyzer.ts:188:15)

  console.error
    BPM extraction failed: TypeError: this.algorithms.equalLoudness is not a function
        at MusicAnalyzer.equalLoudness [as extractBPM] (C:\Users\Nate2\code\ox-board\app\lib\audio\musicAnalyzer.ts:263:48)
        at processTicksAndRejections (node:internal/process/task_queues:105:5)
        at async Promise.all (index 0)
        at MusicAnalyzer.analyzeTrack (C:\Users\Nate2\code\ox-board\app\lib\audio\musicAnalyzer.ts:810:44)
        at Object.<anonymous> (C:\Users\Nate2\code\ox-board\tests\unit\lib\audio\musicAnalyzer.test.ts:513:7)

    [0m [90m 103 |[39m     [36mreturn[39m[33m;[39m
     [90m 104 |[39m   }
    [31m[1m>[22m[39m[90m 105 |[39m   originalError[33m.[39mcall(console[33m,[39m [33m...[39margs)[33m;[39m
     [90m     |[39m                 [31m[1m^[22m[39m
     [90m 106 |[39m }[33m;[39m
     [90m 107 |[39m
     [90m 108 |[39m [90m// Suppress specific warnings during tests[39m[0m

      at console.call [as error] (tests/setup/jest.setup.js:105:17)
      at MusicAnalyzer.error [as extractBPM] (app/lib/audio/musicAnalyzer.ts:335:15)
          at async Promise.all (index 0)
      at MusicAnalyzer.analyzeTrack (app/lib/audio/musicAnalyzer.ts:810:44)
      at Object.<anonymous> (tests/unit/lib/audio/musicAnalyzer.test.ts:513:7)

  console.error
    Key detection failed: TypeError: this.algorithms.keyExtractor is not a function
        at MusicAnalyzer.keyExtractor [as detectKey] (C:\Users\Nate2\code\ox-board\app\lib\audio\musicAnalyzer.ts:352:41)
        at processTicksAndRejections (node:internal/process/task_queues:105:5)
        at async Promise.all (index 1)
        at MusicAnalyzer.analyzeTrack (C:\Users\Nate2\code\ox-board\app\lib\audio\musicAnalyzer.ts:810:44)
        at Object.<anonymous> (C:\Users\Nate2\code\ox-board\tests\unit\lib\audio\musicAnalyzer.test.ts:513:7)

    [0m [90m 103 |[39m     [36mreturn[39m[33m;[39m
     [90m 104 |[39m   }
    [31m[1m>[22m[39m[90m 105 |[39m   originalError[33m.[39mcall(console[33m,[39m [33m...[39margs)[33m;[39m
     [90m     |[39m                 [31m[1m^[22m[39m
     [90m 106 |[39m }[33m;[39m
     [90m 107 |[39m
     [90m 108 |[39m [90m// Suppress specific warnings during tests[39m[0m

      at console.call [as error] (tests/setup/jest.setup.js:105:17)
      at MusicAnalyzer.error [as detectKey] (app/lib/audio/musicAnalyzer.ts:388:15)
          at async Promise.all (index 1)
      at MusicAnalyzer.analyzeTrack (app/lib/audio/musicAnalyzer.ts:810:44)
      at Object.<anonymous> (tests/unit/lib/audio/musicAnalyzer.test.ts:513:7)

  console.error
    Spectral analysis failed: TypeError: this.algorithms.windowing is not a function
        at MusicAnalyzer.windowing [as getSpectralFeatures] (C:\Users\Nate2\code\ox-board\app\lib\audio\musicAnalyzer.ts:422:42)
        at processTicksAndRejections (node:internal/process/task_queues:105:5)
        at async Promise.all (index 2)
        at MusicAnalyzer.analyzeTrack (C:\Users\Nate2\code\ox-board\app\lib\audio\musicAnalyzer.ts:810:44)
        at Object.<anonymous> (C:\Users\Nate2\code\ox-board\tests\unit\lib\audio\musicAnalyzer.test.ts:513:7)

    [0m [90m 103 |[39m     [36mreturn[39m[33m;[39m
     [90m 104 |[39m   }
    [31m[1m>[22m[39m[90m 105 |[39m   originalError[33m.[39mcall(console[33m,[39m [33m...[39margs)[33m;[39m
     [90m     |[39m                 [31m[1m^[22m[39m
     [90m 106 |[39m }[33m;[39m
     [90m 107 |[39m
     [90m 108 |[39m [90m// Suppress specific warnings during tests[39m[0m

      at console.call [as error] (tests/setup/jest.setup.js:105:17)
      at MusicAnalyzer.error [as getSpectralFeatures] (app/lib/audio/musicAnalyzer.ts:489:15)
          at async Promise.all (index 2)
      at MusicAnalyzer.analyzeTrack (app/lib/audio/musicAnalyzer.ts:810:44)
      at Object.<anonymous> (tests/unit/lib/audio/musicAnalyzer.test.ts:513:7)

  console.error
    Onset detection failed: TypeError: this.algorithms.onsetDetection is not a function
        at MusicAnalyzer.onsetDetection [as detectOnsets] (C:\Users\Nate2\code\ox-board\app\lib\audio\musicAnalyzer.ts:510:38)
        at processTicksAndRejections (node:internal/process/task_queues:105:5)
        at async Promise.all (index 3)
        at MusicAnalyzer.analyzeTrack (C:\Users\Nate2\code\ox-board\app\lib\audio\musicAnalyzer.ts:810:44)
        at Object.<anonymous> (C:\Users\Nate2\code\ox-board\tests\unit\lib\audio\musicAnalyzer.test.ts:513:7)

    [0m [90m 103 |[39m     [36mreturn[39m[33m;[39m
     [90m 104 |[39m   }
    [31m[1m>[22m[39m[90m 105 |[39m   originalError[33m.[39mcall(console[33m,[39m [33m...[39margs)[33m;[39m
     [90m     |[39m                 [31m[1m^[22m[39m
     [90m 106 |[39m }[33m;[39m
     [90m 107 |[39m
     [90m 108 |[39m [90m// Suppress specific warnings during tests[39m[0m

      at console.call [as error] (tests/setup/jest.setup.js:105:17)
      at MusicAnalyzer.error [as detectOnsets] (app/lib/audio/musicAnalyzer.ts:566:15)
          at async Promise.all (index 3)
      at MusicAnalyzer.analyzeTrack (app/lib/audio/musicAnalyzer.ts:810:44)
      at Object.<anonymous> (tests/unit/lib/audio/musicAnalyzer.test.ts:513:7)

  console.warn
    Harmonic frame analysis failed: TypeError: this.algorithms.windowing is not a function
        at MusicAnalyzer.windowing [as analyzeHarmonics] (C:\Users\Nate2\code\ox-board\app\lib\audio\musicAnalyzer.ts:595:44)
        at processTicksAndRejections (node:internal/process/task_queues:105:5)
        at MusicAnalyzer.analyzeTrack (C:\Users\Nate2\code\ox-board\app\lib\audio\musicAnalyzer.ts:819:11)
        at Object.<anonymous> (C:\Users\Nate2\code\ox-board\tests\unit\lib\audio\musicAnalyzer.test.ts:513:7)

    [0m [90m 117 |[39m     [36mreturn[39m[33m;[39m
     [90m 118 |[39m   }
    [31m[1m>[22m[39m[90m 119 |[39m   originalWarn[33m.[39mcall(console[33m,[39m [33m...[39margs)[33m;[39m
     [90m     |[39m                [31m[1m^[22m[39m
     [90m 120 |[39m }[33m;[39m
     [90m 121 |[39m[0m

      at console.call (tests/setup/jest.setup.js:119:16)
      at MusicAnalyzer.warn [as analyzeHarmonics] (app/lib/audio/musicAnalyzer.ts:628:19)
      at MusicAnalyzer.analyzeTrack (app/lib/audio/musicAnalyzer.ts:819:11)
      at Object.<anonymous> (tests/unit/lib/audio/musicAnalyzer.test.ts:513:7)

  console.warn
    Harmonic frame analysis failed: TypeError: this.algorithms.windowing is not a function
        at MusicAnalyzer.windowing [as analyzeHarmonics] (C:\Users\Nate2\code\ox-board\app\lib\audio\musicAnalyzer.ts:595:44)
        at processTicksAndRejections (node:internal/process/task_queues:105:5)
        at MusicAnalyzer.analyzeTrack (C:\Users\Nate2\code\ox-board\app\lib\audio\musicAnalyzer.ts:819:11)
        at Object.<anonymous> (C:\Users\Nate2\code\ox-board\tests\unit\lib\audio\musicAnalyzer.test.ts:513:7)

    [0m [90m 117 |[39m     [36mreturn[39m[33m;[39m
     [90m 118 |[39m   }
    [31m[1m>[22m[39m[90m 119 |[39m   originalWarn[33m.[39mcall(console[33m,[39m [33m...[39margs)[33m;[39m
     [90m     |[39m                [31m[1m^[22m[39m
     [90m 120 |[39m }[33m;[39m
     [90m 121 |[39m[0m

      at console.call (tests/setup/jest.setup.js:119:16)
      at MusicAnalyzer.warn [as analyzeHarmonics] (app/lib/audio/musicAnalyzer.ts:628:19)
      at MusicAnalyzer.analyzeTrack (app/lib/audio/musicAnalyzer.ts:819:11)
      at Object.<anonymous> (tests/unit/lib/audio/musicAnalyzer.test.ts:513:7)

  console.warn
    Harmonic frame analysis failed: TypeError: this.algorithms.windowing is not a function
        at MusicAnalyzer.windowing [as analyzeHarmonics] (C:\Users\Nate2\code\ox-board\app\lib\audio\musicAnalyzer.ts:595:44)
        at processTicksAndRejections (node:internal/process/task_queues:105:5)
        at MusicAnalyzer.analyzeTrack (C:\Users\Nate2\code\ox-board\app\lib\audio\musicAnalyzer.ts:819:11)
        at Object.<anonymous> (C:\Users\Nate2\code\ox-board\tests\unit\lib\audio\musicAnalyzer.test.ts:513:7)

    [0m [90m 117 |[39m     [36mreturn[39m[33m;[39m
     [90m 118 |[39m   }
    [31m[1m>[22m[39m[90m 119 |[39m   originalWarn[33m.[39mcall(console[33m,[39m [33m...[39margs)[33m;[39m
     [90m     |[39m                [31m[1m^[22m[39m
     [90m 120 |[39m }[33m;[39m
     [90m 121 |[39m[0m

      at console.call (tests/setup/jest.setup.js:119:16)
      at MusicAnalyzer.warn [as analyzeHarmonics] (app/lib/audio/musicAnalyzer.ts:628:19)
      at MusicAnalyzer.analyzeTrack (app/lib/audio/musicAnalyzer.ts:819:11)
      at Object.<anonymous> (tests/unit/lib/audio/musicAnalyzer.test.ts:513:7)

  console.warn
    Harmonic frame analysis failed: TypeError: this.algorithms.windowing is not a function
        at MusicAnalyzer.windowing [as analyzeHarmonics] (C:\Users\Nate2\code\ox-board\app\lib\audio\musicAnalyzer.ts:595:44)
        at processTicksAndRejections (node:internal/process/task_queues:105:5)
        at MusicAnalyzer.analyzeTrack (C:\Users\Nate2\code\ox-board\app\lib\audio\musicAnalyzer.ts:819:11)
        at Object.<anonymous> (C:\Users\Nate2\code\ox-board\tests\unit\lib\audio\musicAnalyzer.test.ts:513:7)

    [0m [90m 117 |[39m     [36mreturn[39m[33m;[39m
     [90m 118 |[39m   }
    [31m[1m>[22m[39m[90m 119 |[39m   originalWarn[33m.[39mcall(console[33m,[39m [33m...[39margs)[33m;[39m
     [90m     |[39m                [31m[1m^[22m[39m
     [90m 120 |[39m }[33m;[39m
     [90m 121 |[39m[0m

      at console.call (tests/setup/jest.setup.js:119:16)
      at MusicAnalyzer.warn [as analyzeHarmonics] (app/lib/audio/musicAnalyzer.ts:628:19)
      at MusicAnalyzer.analyzeTrack (app/lib/audio/musicAnalyzer.ts:819:11)
      at Object.<anonymous> (tests/unit/lib/audio/musicAnalyzer.test.ts:513:7)

  console.warn
    Harmonic frame analysis failed: TypeError: this.algorithms.windowing is not a function
        at MusicAnalyzer.windowing [as analyzeHarmonics] (C:\Users\Nate2\code\ox-board\app\lib\audio\musicAnalyzer.ts:595:44)
        at processTicksAndRejections (node:internal/process/task_queues:105:5)
        at MusicAnalyzer.analyzeTrack (C:\Users\Nate2\code\ox-board\app\lib\audio\musicAnalyzer.ts:819:11)
        at Object.<anonymous> (C:\Users\Nate2\code\ox-board\tests\unit\lib\audio\musicAnalyzer.test.ts:513:7)

    [0m [90m 117 |[39m     [36mreturn[39m[33m;[39m
     [90m 118 |[39m   }
    [31m[1m>[22m[39m[90m 119 |[39m   originalWarn[33m.[39mcall(console[33m,[39m [33m...[39margs)[33m;[39m
     [90m     |[39m                [31m[1m^[22m[39m
     [90m 120 |[39m }[33m;[39m
     [90m 121 |[39m[0m

      at console.call (tests/setup/jest.setup.js:119:16)
      at MusicAnalyzer.warn [as analyzeHarmonics] (app/lib/audio/musicAnalyzer.ts:628:19)
      at MusicAnalyzer.analyzeTrack (app/lib/audio/musicAnalyzer.ts:819:11)
      at Object.<anonymous> (tests/unit/lib/audio/musicAnalyzer.test.ts:513:7)

  console.warn
    Harmonic frame analysis failed: TypeError: this.algorithms.windowing is not a function
        at MusicAnalyzer.windowing [as analyzeHarmonics] (C:\Users\Nate2\code\ox-board\app\lib\audio\musicAnalyzer.ts:595:44)
        at processTicksAndRejections (node:internal/process/task_queues:105:5)
        at MusicAnalyzer.analyzeTrack (C:\Users\Nate2\code\ox-board\app\lib\audio\musicAnalyzer.ts:819:11)
        at Object.<anonymous> (C:\Users\Nate2\code\ox-board\tests\unit\lib\audio\musicAnalyzer.test.ts:513:7)

    [0m [90m 117 |[39m     [36mreturn[39m[33m;[39m
     [90m 118 |[39m   }
    [31m[1m>[22m[39m[90m 119 |[39m   originalWarn[33m.[39mcall(console[33m,[39m [33m...[39margs)[33m;[39m
     [90m     |[39m                [31m[1m^[22m[39m
     [90m 120 |[39m }[33m;[39m
     [90m 121 |[39m[0m

      at console.call (tests/setup/jest.setup.js:119:16)
      at MusicAnalyzer.warn [as analyzeHarmonics] (app/lib/audio/musicAnalyzer.ts:628:19)
      at MusicAnalyzer.analyzeTrack (app/lib/audio/musicAnalyzer.ts:819:11)
      at Object.<anonymous> (tests/unit/lib/audio/musicAnalyzer.test.ts:513:7)

  console.warn
    Harmonic frame analysis failed: TypeError: this.algorithms.windowing is not a function
        at MusicAnalyzer.windowing [as analyzeHarmonics] (C:\Users\Nate2\code\ox-board\app\lib\audio\musicAnalyzer.ts:595:44)
        at processTicksAndRejections (node:internal/process/task_queues:105:5)
        at MusicAnalyzer.analyzeTrack (C:\Users\Nate2\code\ox-board\app\lib\audio\musicAnalyzer.ts:819:11)
        at Object.<anonymous> (C:\Users\Nate2\code\ox-board\tests\unit\lib\audio\musicAnalyzer.test.ts:513:7)

    [0m [90m 117 |[39m     [36mreturn[39m[33m;[39m
     [90m 118 |[39m   }
    [31m[1m>[22m[39m[90m 119 |[39m   originalWarn[33m.[39mcall(console[33m,[39m [33m...[39margs)[33m;[39m
     [90m     |[39m                [31m[1m^[22m[39m
     [90m 120 |[39m }[33m;[39m
     [90m 121 |[39m[0m

      at console.call (tests/setup/jest.setup.js:119:16)
      at MusicAnalyzer.warn [as analyzeHarmonics] (app/lib/audio/musicAnalyzer.ts:628:19)
      at MusicAnalyzer.analyzeTrack (app/lib/audio/musicAnalyzer.ts:819:11)
      at Object.<anonymous> (tests/unit/lib/audio/musicAnalyzer.test.ts:513:7)

  console.warn
    Harmonic frame analysis failed: TypeError: this.algorithms.windowing is not a function
        at MusicAnalyzer.windowing [as analyzeHarmonics] (C:\Users\Nate2\code\ox-board\app\lib\audio\musicAnalyzer.ts:595:44)
        at processTicksAndRejections (node:internal/process/task_queues:105:5)
        at MusicAnalyzer.analyzeTrack (C:\Users\Nate2\code\ox-board\app\lib\audio\musicAnalyzer.ts:819:11)
        at Object.<anonymous> (C:\Users\Nate2\code\ox-board\tests\unit\lib\audio\musicAnalyzer.test.ts:513:7)

    [0m [90m 117 |[39m     [36mreturn[39m[33m;[39m
     [90m 118 |[39m   }
    [31m[1m>[22m[39m[90m 119 |[39m   originalWarn[33m.[39mcall(console[33m,[39m [33m...[39margs)[33m;[39m
     [90m     |[39m                [31m[1m^[22m[39m
     [90m 120 |[39m }[33m;[39m
     [90m 121 |[39m[0m

      at console.call (tests/setup/jest.setup.js:119:16)
      at MusicAnalyzer.warn [as analyzeHarmonics] (app/lib/audio/musicAnalyzer.ts:628:19)
      at MusicAnalyzer.analyzeTrack (app/lib/audio/musicAnalyzer.ts:819:11)
      at Object.<anonymous> (tests/unit/lib/audio/musicAnalyzer.test.ts:513:7)

  console.warn
    Harmonic frame analysis failed: TypeError: this.algorithms.windowing is not a function
        at MusicAnalyzer.windowing [as analyzeHarmonics] (C:\Users\Nate2\code\ox-board\app\lib\audio\musicAnalyzer.ts:595:44)
        at processTicksAndRejections (node:internal/process/task_queues:105:5)
        at MusicAnalyzer.analyzeTrack (C:\Users\Nate2\code\ox-board\app\lib\audio\musicAnalyzer.ts:819:11)
        at Object.<anonymous> (C:\Users\Nate2\code\ox-board\tests\unit\lib\audio\musicAnalyzer.test.ts:513:7)

    [0m [90m 117 |[39m     [36mreturn[39m[33m;[39m
     [90m 118 |[39m   }
    [31m[1m>[22m[39m[90m 119 |[39m   originalWarn[33m.[39mcall(console[33m,[39m [33m...[39margs)[33m;[39m
     [90m     |[39m                [31m[1m^[22m[39m
     [90m 120 |[39m }[33m;[39m
     [90m 121 |[39m[0m

      at console.call (tests/setup/jest.setup.js:119:16)
      at MusicAnalyzer.warn [as analyzeHarmonics] (app/lib/audio/musicAnalyzer.ts:628:19)
      at MusicAnalyzer.analyzeTrack (app/lib/audio/musicAnalyzer.ts:819:11)
      at Object.<anonymous> (tests/unit/lib/audio/musicAnalyzer.test.ts:513:7)

  console.warn
    Harmonic frame analysis failed: TypeError: this.algorithms.windowing is not a function
        at MusicAnalyzer.windowing [as analyzeHarmonics] (C:\Users\Nate2\code\ox-board\app\lib\audio\musicAnalyzer.ts:595:44)
        at processTicksAndRejections (node:internal/process/task_queues:105:5)
        at MusicAnalyzer.analyzeTrack (C:\Users\Nate2\code\ox-board\app\lib\audio\musicAnalyzer.ts:819:11)
        at Object.<anonymous> (C:\Users\Nate2\code\ox-board\tests\unit\lib\audio\musicAnalyzer.test.ts:513:7)

    [0m [90m 117 |[39m     [36mreturn[39m[33m;[39m
     [90m 118 |[39m   }
    [31m[1m>[22m[39m[90m 119 |[39m   originalWarn[33m.[39mcall(console[33m,[39m [33m...[39margs)[33m;[39m
     [90m     |[39m                [31m[1m^[22m[39m
     [90m 120 |[39m }[33m;[39m
     [90m 121 |[39m[0m

      at console.call (tests/setup/jest.setup.js:119:16)
      at MusicAnalyzer.warn [as analyzeHarmonics] (app/lib/audio/musicAnalyzer.ts:628:19)
      at MusicAnalyzer.analyzeTrack (app/lib/audio/musicAnalyzer.ts:819:11)
      at Object.<anonymous> (tests/unit/lib/audio/musicAnalyzer.test.ts:513:7)

  console.warn
    Harmonic frame analysis failed: TypeError: this.algorithms.windowing is not a function
        at MusicAnalyzer.windowing [as analyzeHarmonics] (C:\Users\Nate2\code\ox-board\app\lib\audio\musicAnalyzer.ts:595:44)
        at processTicksAndRejections (node:internal/process/task_queues:105:5)
        at MusicAnalyzer.analyzeTrack (C:\Users\Nate2\code\ox-board\app\lib\audio\musicAnalyzer.ts:819:11)
        at Object.<anonymous> (C:\Users\Nate2\code\ox-board\tests\unit\lib\audio\musicAnalyzer.test.ts:513:7)

    [0m [90m 117 |[39m     [36mreturn[39m[33m;[39m
     [90m 118 |[39m   }
    [31m[1m>[22m[39m[90m 119 |[39m   originalWarn[33m.[39mcall(console[33m,[39m [33m...[39margs)[33m;[39m
     [90m     |[39m                [31m[1m^[22m[39m
     [90m 120 |[39m }[33m;[39m
     [90m 121 |[39m[0m

      at console.call (tests/setup/jest.setup.js:119:16)
      at MusicAnalyzer.warn [as analyzeHarmonics] (app/lib/audio/musicAnalyzer.ts:628:19)
      at MusicAnalyzer.analyzeTrack (app/lib/audio/musicAnalyzer.ts:819:11)
      at Object.<anonymous> (tests/unit/lib/audio/musicAnalyzer.test.ts:513:7)

  console.warn
    Harmonic frame analysis failed: TypeError: this.algorithms.windowing is not a function
        at MusicAnalyzer.windowing [as analyzeHarmonics] (C:\Users\Nate2\code\ox-board\app\lib\audio\musicAnalyzer.ts:595:44)
        at processTicksAndRejections (node:internal/process/task_queues:105:5)
        at MusicAnalyzer.analyzeTrack (C:\Users\Nate2\code\ox-board\app\lib\audio\musicAnalyzer.ts:819:11)
        at Object.<anonymous> (C:\Users\Nate2\code\ox-board\tests\unit\lib\audio\musicAnalyzer.test.ts:513:7)

    [0m [90m 117 |[39m     [36mreturn[39m[33m;[39m
     [90m 118 |[39m   }
    [31m[1m>[22m[39m[90m 119 |[39m   originalWarn[33m.[39mcall(console[33m,[39m [33m...[39margs)[33m;[39m
     [90m     |[39m                [31m[1m^[22m[39m
     [90m 120 |[39m }[33m;[39m
     [90m 121 |[39m[0m

      at console.call (tests/setup/jest.setup.js:119:16)
      at MusicAnalyzer.warn [as analyzeHarmonics] (app/lib/audio/musicAnalyzer.ts:628:19)
      at MusicAnalyzer.analyzeTrack (app/lib/audio/musicAnalyzer.ts:819:11)
      at Object.<anonymous> (tests/unit/lib/audio/musicAnalyzer.test.ts:513:7)

  console.warn
    Harmonic frame analysis failed: TypeError: this.algorithms.windowing is not a function
        at MusicAnalyzer.windowing [as analyzeHarmonics] (C:\Users\Nate2\code\ox-board\app\lib\audio\musicAnalyzer.ts:595:44)
        at processTicksAndRejections (node:internal/process/task_queues:105:5)
        at MusicAnalyzer.analyzeTrack (C:\Users\Nate2\code\ox-board\app\lib\audio\musicAnalyzer.ts:819:11)
        at Object.<anonymous> (C:\Users\Nate2\code\ox-board\tests\unit\lib\audio\musicAnalyzer.test.ts:513:7)

    [0m [90m 117 |[39m     [36mreturn[39m[33m;[39m
     [90m 118 |[39m   }
    [31m[1m>[22m[39m[90m 119 |[39m   originalWarn[33m.[39mcall(console[33m,[39m [33m...[39margs)[33m;[39m
     [90m     |[39m                [31m[1m^[22m[39m
     [90m 120 |[39m }[33m;[39m
     [90m 121 |[39m[0m

      at console.call (tests/setup/jest.setup.js:119:16)
      at MusicAnalyzer.warn [as analyzeHarmonics] (app/lib/audio/musicAnalyzer.ts:628:19)
      at MusicAnalyzer.analyzeTrack (app/lib/audio/musicAnalyzer.ts:819:11)
      at Object.<anonymous> (tests/unit/lib/audio/musicAnalyzer.test.ts:513:7)

  console.warn
    Harmonic frame analysis failed: TypeError: this.algorithms.windowing is not a function
        at MusicAnalyzer.windowing [as analyzeHarmonics] (C:\Users\Nate2\code\ox-board\app\lib\audio\musicAnalyzer.ts:595:44)
        at processTicksAndRejections (node:internal/process/task_queues:105:5)
        at MusicAnalyzer.analyzeTrack (C:\Users\Nate2\code\ox-board\app\lib\audio\musicAnalyzer.ts:819:11)
        at Object.<anonymous> (C:\Users\Nate2\code\ox-board\tests\unit\lib\audio\musicAnalyzer.test.ts:513:7)

    [0m [90m 117 |[39m     [36mreturn[39m[33m;[39m
     [90m 118 |[39m   }
    [31m[1m>[22m[39m[90m 119 |[39m   originalWarn[33m.[39mcall(console[33m,[39m [33m...[39margs)[33m;[39m
     [90m     |[39m                [31m[1m^[22m[39m
     [90m 120 |[39m }[33m;[39m
     [90m 121 |[39m[0m

      at console.call (tests/setup/jest.setup.js:119:16)
      at MusicAnalyzer.warn [as analyzeHarmonics] (app/lib/audio/musicAnalyzer.ts:628:19)
      at MusicAnalyzer.analyzeTrack (app/lib/audio/musicAnalyzer.ts:819:11)
      at Object.<anonymous> (tests/unit/lib/audio/musicAnalyzer.test.ts:513:7)

  console.warn
    Harmonic frame analysis failed: TypeError: this.algorithms.windowing is not a function
        at MusicAnalyzer.windowing [as analyzeHarmonics] (C:\Users\Nate2\code\ox-board\app\lib\audio\musicAnalyzer.ts:595:44)
        at processTicksAndRejections (node:internal/process/task_queues:105:5)
        at MusicAnalyzer.analyzeTrack (C:\Users\Nate2\code\ox-board\app\lib\audio\musicAnalyzer.ts:819:11)
        at Object.<anonymous> (C:\Users\Nate2\code\ox-board\tests\unit\lib\audio\musicAnalyzer.test.ts:513:7)

    [0m [90m 117 |[39m     [36mreturn[39m[33m;[39m
     [90m 118 |[39m   }
    [31m[1m>[22m[39m[90m 119 |[39m   originalWarn[33m.[39mcall(console[33m,[39m [33m...[39margs)[33m;[39m
     [90m     |[39m                [31m[1m^[22m[39m
     [90m 120 |[39m }[33m;[39m
     [90m 121 |[39m[0m

      at console.call (tests/setup/jest.setup.js:119:16)
      at MusicAnalyzer.warn [as analyzeHarmonics] (app/lib/audio/musicAnalyzer.ts:628:19)
      at MusicAnalyzer.analyzeTrack (app/lib/audio/musicAnalyzer.ts:819:11)
      at Object.<anonymous> (tests/unit/lib/audio/musicAnalyzer.test.ts:513:7)

  console.warn
    Harmonic frame analysis failed: TypeError: this.algorithms.windowing is not a function
        at MusicAnalyzer.windowing [as analyzeHarmonics] (C:\Users\Nate2\code\ox-board\app\lib\audio\musicAnalyzer.ts:595:44)
        at processTicksAndRejections (node:internal/process/task_queues:105:5)
        at MusicAnalyzer.analyzeTrack (C:\Users\Nate2\code\ox-board\app\lib\audio\musicAnalyzer.ts:819:11)
        at Object.<anonymous> (C:\Users\Nate2\code\ox-board\tests\unit\lib\audio\musicAnalyzer.test.ts:513:7)

    [0m [90m 117 |[39m     [36mreturn[39m[33m;[39m
     [90m 118 |[39m   }
    [31m[1m>[22m[39m[90m 119 |[39m   originalWarn[33m.[39mcall(console[33m,[39m [33m...[39margs)[33m;[39m
     [90m     |[39m                [31m[1m^[22m[39m
     [90m 120 |[39m }[33m;[39m
     [90m 121 |[39m[0m

      at console.call (tests/setup/jest.setup.js:119:16)
      at MusicAnalyzer.warn [as analyzeHarmonics] (app/lib/audio/musicAnalyzer.ts:628:19)
      at MusicAnalyzer.analyzeTrack (app/lib/audio/musicAnalyzer.ts:819:11)
      at Object.<anonymous> (tests/unit/lib/audio/musicAnalyzer.test.ts:513:7)

  console.warn
    Harmonic frame analysis failed: TypeError: this.algorithms.windowing is not a function
        at MusicAnalyzer.windowing [as analyzeHarmonics] (C:\Users\Nate2\code\ox-board\app\lib\audio\musicAnalyzer.ts:595:44)
        at processTicksAndRejections (node:internal/process/task_queues:105:5)
        at MusicAnalyzer.analyzeTrack (C:\Users\Nate2\code\ox-board\app\lib\audio\musicAnalyzer.ts:819:11)
        at Object.<anonymous> (C:\Users\Nate2\code\ox-board\tests\unit\lib\audio\musicAnalyzer.test.ts:513:7)

    [0m [90m 117 |[39m     [36mreturn[39m[33m;[39m
     [90m 118 |[39m   }
    [31m[1m>[22m[39m[90m 119 |[39m   originalWarn[33m.[39mcall(console[33m,[39m [33m...[39margs)[33m;[39m
     [90m     |[39m                [31m[1m^[22m[39m
     [90m 120 |[39m }[33m;[39m
     [90m 121 |[39m[0m

      at console.call (tests/setup/jest.setup.js:119:16)
      at MusicAnalyzer.warn [as analyzeHarmonics] (app/lib/audio/musicAnalyzer.ts:628:19)
      at MusicAnalyzer.analyzeTrack (app/lib/audio/musicAnalyzer.ts:819:11)
      at Object.<anonymous> (tests/unit/lib/audio/musicAnalyzer.test.ts:513:7)

  console.warn
    Harmonic frame analysis failed: TypeError: this.algorithms.windowing is not a function
        at MusicAnalyzer.windowing [as analyzeHarmonics] (C:\Users\Nate2\code\ox-board\app\lib\audio\musicAnalyzer.ts:595:44)
        at processTicksAndRejections (node:internal/process/task_queues:105:5)
        at MusicAnalyzer.analyzeTrack (C:\Users\Nate2\code\ox-board\app\lib\audio\musicAnalyzer.ts:819:11)
        at Object.<anonymous> (C:\Users\Nate2\code\ox-board\tests\unit\lib\audio\musicAnalyzer.test.ts:513:7)

    [0m [90m 117 |[39m     [36mreturn[39m[33m;[39m
     [90m 118 |[39m   }
    [31m[1m>[22m[39m[90m 119 |[39m   originalWarn[33m.[39mcall(console[33m,[39m [33m...[39margs)[33m;[39m
     [90m     |[39m                [31m[1m^[22m[39m
     [90m 120 |[39m }[33m;[39m
     [90m 121 |[39m[0m

      at console.call (tests/setup/jest.setup.js:119:16)
      at MusicAnalyzer.warn [as analyzeHarmonics] (app/lib/audio/musicAnalyzer.ts:628:19)
      at MusicAnalyzer.analyzeTrack (app/lib/audio/musicAnalyzer.ts:819:11)
      at Object.<anonymous> (tests/unit/lib/audio/musicAnalyzer.test.ts:513:7)

  console.warn
    Harmonic frame analysis failed: TypeError: this.algorithms.windowing is not a function
        at MusicAnalyzer.windowing [as analyzeHarmonics] (C:\Users\Nate2\code\ox-board\app\lib\audio\musicAnalyzer.ts:595:44)
        at processTicksAndRejections (node:internal/process/task_queues:105:5)
        at MusicAnalyzer.analyzeTrack (C:\Users\Nate2\code\ox-board\app\lib\audio\musicAnalyzer.ts:819:11)
        at Object.<anonymous> (C:\Users\Nate2\code\ox-board\tests\unit\lib\audio\musicAnalyzer.test.ts:513:7)

    [0m [90m 117 |[39m     [36mreturn[39m[33m;[39m
     [90m 118 |[39m   }
    [31m[1m>[22m[39m[90m 119 |[39m   originalWarn[33m.[39mcall(console[33m,[39m [33m...[39margs)[33m;[39m
     [90m     |[39m                [31m[1m^[22m[39m
     [90m 120 |[39m }[33m;[39m
     [90m 121 |[39m[0m

      at console.call (tests/setup/jest.setup.js:119:16)
      at MusicAnalyzer.warn [as analyzeHarmonics] (app/lib/audio/musicAnalyzer.ts:628:19)
      at MusicAnalyzer.analyzeTrack (app/lib/audio/musicAnalyzer.ts:819:11)
      at Object.<anonymous> (tests/unit/lib/audio/musicAnalyzer.test.ts:513:7)

  console.warn
    Harmonic frame analysis failed: TypeError: this.algorithms.windowing is not a function
        at MusicAnalyzer.windowing [as analyzeHarmonics] (C:\Users\Nate2\code\ox-board\app\lib\audio\musicAnalyzer.ts:595:44)
        at processTicksAndRejections (node:internal/process/task_queues:105:5)
        at MusicAnalyzer.analyzeTrack (C:\Users\Nate2\code\ox-board\app\lib\audio\musicAnalyzer.ts:819:11)
        at Object.<anonymous> (C:\Users\Nate2\code\ox-board\tests\unit\lib\audio\musicAnalyzer.test.ts:513:7)

    [0m [90m 117 |[39m     [36mreturn[39m[33m;[39m
     [90m 118 |[39m   }
    [31m[1m>[22m[39m[90m 119 |[39m   originalWarn[33m.[39mcall(console[33m,[39m [33m...[39margs)[33m;[39m
     [90m     |[39m                [31m[1m^[22m[39m
     [90m 120 |[39m }[33m;[39m
     [90m 121 |[39m[0m

      at console.call (tests/setup/jest.setup.js:119:16)
      at MusicAnalyzer.warn [as analyzeHarmonics] (app/lib/audio/musicAnalyzer.ts:628:19)
      at MusicAnalyzer.analyzeTrack (app/lib/audio/musicAnalyzer.ts:819:11)
      at Object.<anonymous> (tests/unit/lib/audio/musicAnalyzer.test.ts:513:7)

  console.log
    Essentia.js initialized successfully

      at MusicAnalyzer.log [as initializeEssentia] (app/lib/audio/musicAnalyzer.ts:188:15)

  console.error
    BPM extraction failed: TypeError: this.algorithms.equalLoudness is not a function
        at MusicAnalyzer.equalLoudness [as extractBPM] (C:\Users\Nate2\code\ox-board\app\lib\audio\musicAnalyzer.ts:263:48)
        at processTicksAndRejections (node:internal/process/task_queues:105:5)
        at async Promise.all (index 0)
        at MusicAnalyzer.analyzeRealTime (C:\Users\Nate2\code\ox-board\app\lib\audio\musicAnalyzer.ts:860:29)
        at Object.<anonymous> (C:\Users\Nate2\code\ox-board\tests\unit\lib\audio\musicAnalyzer.test.ts:528:22)

    [0m [90m 103 |[39m     [36mreturn[39m[33m;[39m
     [90m 104 |[39m   }
    [31m[1m>[22m[39m[90m 105 |[39m   originalError[33m.[39mcall(console[33m,[39m [33m...[39margs)[33m;[39m
     [90m     |[39m                 [31m[1m^[22m[39m
     [90m 106 |[39m }[33m;[39m
     [90m 107 |[39m
     [90m 108 |[39m [90m// Suppress specific warnings during tests[39m[0m

      at console.call [as error] (tests/setup/jest.setup.js:105:17)
      at MusicAnalyzer.error [as extractBPM] (app/lib/audio/musicAnalyzer.ts:335:15)
          at async Promise.all (index 0)
      at MusicAnalyzer.analyzeRealTime (app/lib/audio/musicAnalyzer.ts:860:29)
      at Object.<anonymous> (tests/unit/lib/audio/musicAnalyzer.test.ts:528:22)

  console.error
    Spectral analysis failed: TypeError: this.algorithms.windowing is not a function
        at MusicAnalyzer.windowing [as getSpectralFeatures] (C:\Users\Nate2\code\ox-board\app\lib\audio\musicAnalyzer.ts:422:42)
        at processTicksAndRejections (node:internal/process/task_queues:105:5)
        at async Promise.all (index 1)
        at MusicAnalyzer.analyzeRealTime (C:\Users\Nate2\code\ox-board\app\lib\audio\musicAnalyzer.ts:860:29)
        at Object.<anonymous> (C:\Users\Nate2\code\ox-board\tests\unit\lib\audio\musicAnalyzer.test.ts:528:22)

    [0m [90m 103 |[39m     [36mreturn[39m[33m;[39m
     [90m 104 |[39m   }
    [31m[1m>[22m[39m[90m 105 |[39m   originalError[33m.[39mcall(console[33m,[39m [33m...[39margs)[33m;[39m
     [90m     |[39m                 [31m[1m^[22m[39m
     [90m 106 |[39m }[33m;[39m
     [90m 107 |[39m
     [90m 108 |[39m [90m// Suppress specific warnings during tests[39m[0m

      at console.call [as error] (tests/setup/jest.setup.js:105:17)
      at MusicAnalyzer.error [as getSpectralFeatures] (app/lib/audio/musicAnalyzer.ts:489:15)
          at async Promise.all (index 1)
      at MusicAnalyzer.analyzeRealTime (app/lib/audio/musicAnalyzer.ts:860:29)
      at Object.<anonymous> (tests/unit/lib/audio/musicAnalyzer.test.ts:528:22)

  console.log
    Essentia.js initialized successfully

      at MusicAnalyzer.log [as initializeEssentia] (app/lib/audio/musicAnalyzer.ts:188:15)

  console.error
    BPM extraction failed: TypeError: this.algorithms.equalLoudness is not a function
        at MusicAnalyzer.equalLoudness [as extractBPM] (C:\Users\Nate2\code\ox-board\app\lib\audio\musicAnalyzer.ts:263:48)
        at processTicksAndRejections (node:internal/process/task_queues:105:5)
        at async Promise.all (index 0)
        at MusicAnalyzer.analyzeRealTime (C:\Users\Nate2\code\ox-board\app\lib\audio\musicAnalyzer.ts:860:29)
        at Object.<anonymous> (C:\Users\Nate2\code\ox-board\tests\unit\lib\audio\musicAnalyzer.test.ts:543:7)

    [0m [90m 103 |[39m     [36mreturn[39m[33m;[39m
     [90m 104 |[39m   }
    [31m[1m>[22m[39m[90m 105 |[39m   originalError[33m.[39mcall(console[33m,[39m [33m...[39margs)[33m;[39m
     [90m     |[39m                 [31m[1m^[22m[39m
     [90m 106 |[39m }[33m;[39m
     [90m 107 |[39m
     [90m 108 |[39m [90m// Suppress specific warnings during tests[39m[0m

      at console.call [as error] (tests/setup/jest.setup.js:105:17)
      at MusicAnalyzer.error [as extractBPM] (app/lib/audio/musicAnalyzer.ts:335:15)
          at async Promise.all (index 0)
      at MusicAnalyzer.analyzeRealTime (app/lib/audio/musicAnalyzer.ts:860:29)
      at Object.<anonymous> (tests/unit/lib/audio/musicAnalyzer.test.ts:543:7)

  console.error
    Spectral analysis failed: TypeError: this.algorithms.windowing is not a function
        at MusicAnalyzer.windowing [as getSpectralFeatures] (C:\Users\Nate2\code\ox-board\app\lib\audio\musicAnalyzer.ts:422:42)
        at processTicksAndRejections (node:internal/process/task_queues:105:5)
        at async Promise.all (index 1)
        at MusicAnalyzer.analyzeRealTime (C:\Users\Nate2\code\ox-board\app\lib\audio\musicAnalyzer.ts:860:29)
        at Object.<anonymous> (C:\Users\Nate2\code\ox-board\tests\unit\lib\audio\musicAnalyzer.test.ts:543:7)

    [0m [90m 103 |[39m     [36mreturn[39m[33m;[39m
     [90m 104 |[39m   }
    [31m[1m>[22m[39m[90m 105 |[39m   originalError[33m.[39mcall(console[33m,[39m [33m...[39margs)[33m;[39m
     [90m     |[39m                 [31m[1m^[22m[39m
     [90m 106 |[39m }[33m;[39m
     [90m 107 |[39m
     [90m 108 |[39m [90m// Suppress specific warnings during tests[39m[0m

      at console.call [as error] (tests/setup/jest.setup.js:105:17)
      at MusicAnalyzer.error [as getSpectralFeatures] (app/lib/audio/musicAnalyzer.ts:489:15)
          at async Promise.all (index 1)
      at MusicAnalyzer.analyzeRealTime (app/lib/audio/musicAnalyzer.ts:860:29)
      at Object.<anonymous> (tests/unit/lib/audio/musicAnalyzer.test.ts:543:7)

  console.error
    BPM extraction failed: TypeError: this.algorithms.equalLoudness is not a function
        at MusicAnalyzer.equalLoudness [as extractBPM] (C:\Users\Nate2\code\ox-board\app\lib\audio\musicAnalyzer.ts:263:48)
        at processTicksAndRejections (node:internal/process/task_queues:105:5)
        at async Promise.all (index 0)
        at MusicAnalyzer.analyzeTrack (C:\Users\Nate2\code\ox-board\app\lib\audio\musicAnalyzer.ts:810:44)
        at Object.<anonymous> (C:\Users\Nate2\code\ox-board\tests\unit\lib\audio\musicAnalyzer.test.ts:547:7)

    [0m [90m 103 |[39m     [36mreturn[39m[33m;[39m
     [90m 104 |[39m   }
    [31m[1m>[22m[39m[90m 105 |[39m   originalError[33m.[39mcall(console[33m,[39m [33m...[39margs)[33m;[39m
     [90m     |[39m                 [31m[1m^[22m[39m
     [90m 106 |[39m }[33m;[39m
     [90m 107 |[39m
     [90m 108 |[39m [90m// Suppress specific warnings during tests[39m[0m

      at console.call [as error] (tests/setup/jest.setup.js:105:17)
      at MusicAnalyzer.error [as extractBPM] (app/lib/audio/musicAnalyzer.ts:335:15)
          at async Promise.all (index 0)
      at MusicAnalyzer.analyzeTrack (app/lib/audio/musicAnalyzer.ts:810:44)
      at Object.<anonymous> (tests/unit/lib/audio/musicAnalyzer.test.ts:547:7)

  console.error
    Key detection failed: TypeError: this.algorithms.keyExtractor is not a function
        at MusicAnalyzer.keyExtractor [as detectKey] (C:\Users\Nate2\code\ox-board\app\lib\audio\musicAnalyzer.ts:352:41)
        at processTicksAndRejections (node:internal/process/task_queues:105:5)
        at async Promise.all (index 1)
        at MusicAnalyzer.analyzeTrack (C:\Users\Nate2\code\ox-board\app\lib\audio\musicAnalyzer.ts:810:44)
        at Object.<anonymous> (C:\Users\Nate2\code\ox-board\tests\unit\lib\audio\musicAnalyzer.test.ts:547:7)

    [0m [90m 103 |[39m     [36mreturn[39m[33m;[39m
     [90m 104 |[39m   }
    [31m[1m>[22m[39m[90m 105 |[39m   originalError[33m.[39mcall(console[33m,[39m [33m...[39margs)[33m;[39m
     [90m     |[39m                 [31m[1m^[22m[39m
     [90m 106 |[39m }[33m;[39m
     [90m 107 |[39m
     [90m 108 |[39m [90m// Suppress specific warnings during tests[39m[0m

      at console.call [as error] (tests/setup/jest.setup.js:105:17)
      at MusicAnalyzer.error [as detectKey] (app/lib/audio/musicAnalyzer.ts:388:15)
          at async Promise.all (index 1)
      at MusicAnalyzer.analyzeTrack (app/lib/audio/musicAnalyzer.ts:810:44)
      at Object.<anonymous> (tests/unit/lib/audio/musicAnalyzer.test.ts:547:7)

  console.error
    Spectral analysis failed: TypeError: this.algorithms.windowing is not a function
        at MusicAnalyzer.windowing [as getSpectralFeatures] (C:\Users\Nate2\code\ox-board\app\lib\audio\musicAnalyzer.ts:422:42)
        at processTicksAndRejections (node:internal/process/task_queues:105:5)
        at async Promise.all (index 2)
        at MusicAnalyzer.analyzeTrack (C:\Users\Nate2\code\ox-board\app\lib\audio\musicAnalyzer.ts:810:44)
        at Object.<anonymous> (C:\Users\Nate2\code\ox-board\tests\unit\lib\audio\musicAnalyzer.test.ts:547:7)

    [0m [90m 103 |[39m     [36mreturn[39m[33m;[39m
     [90m 104 |[39m   }
    [31m[1m>[22m[39m[90m 105 |[39m   originalError[33m.[39mcall(console[33m,[39m [33m...[39margs)[33m;[39m
     [90m     |[39m                 [31m[1m^[22m[39m
     [90m 106 |[39m }[33m;[39m
     [90m 107 |[39m
     [90m 108 |[39m [90m// Suppress specific warnings during tests[39m[0m

      at console.call [as error] (tests/setup/jest.setup.js:105:17)
      at MusicAnalyzer.error [as getSpectralFeatures] (app/lib/audio/musicAnalyzer.ts:489:15)
          at async Promise.all (index 2)
      at MusicAnalyzer.analyzeTrack (app/lib/audio/musicAnalyzer.ts:810:44)
      at Object.<anonymous> (tests/unit/lib/audio/musicAnalyzer.test.ts:547:7)

  console.error
    Onset detection failed: TypeError: this.algorithms.onsetDetection is not a function
        at MusicAnalyzer.onsetDetection [as detectOnsets] (C:\Users\Nate2\code\ox-board\app\lib\audio\musicAnalyzer.ts:510:38)
        at processTicksAndRejections (node:internal/process/task_queues:105:5)
        at async Promise.all (index 3)
        at MusicAnalyzer.analyzeTrack (C:\Users\Nate2\code\ox-board\app\lib\audio\musicAnalyzer.ts:810:44)
        at Object.<anonymous> (C:\Users\Nate2\code\ox-board\tests\unit\lib\audio\musicAnalyzer.test.ts:547:7)

    [0m [90m 103 |[39m     [36mreturn[39m[33m;[39m
     [90m 104 |[39m   }
    [31m[1m>[22m[39m[90m 105 |[39m   originalError[33m.[39mcall(console[33m,[39m [33m...[39margs)[33m;[39m
     [90m     |[39m                 [31m[1m^[22m[39m
     [90m 106 |[39m }[33m;[39m
     [90m 107 |[39m
     [90m 108 |[39m [90m// Suppress specific warnings during tests[39m[0m

      at console.call [as error] (tests/setup/jest.setup.js:105:17)
      at MusicAnalyzer.error [as detectOnsets] (app/lib/audio/musicAnalyzer.ts:566:15)
          at async Promise.all (index 3)
      at MusicAnalyzer.analyzeTrack (app/lib/audio/musicAnalyzer.ts:810:44)
      at Object.<anonymous> (tests/unit/lib/audio/musicAnalyzer.test.ts:547:7)

  console.warn
    Harmonic frame analysis failed: TypeError: this.algorithms.windowing is not a function
        at MusicAnalyzer.windowing [as analyzeHarmonics] (C:\Users\Nate2\code\ox-board\app\lib\audio\musicAnalyzer.ts:595:44)
        at processTicksAndRejections (node:internal/process/task_queues:105:5)
        at MusicAnalyzer.analyzeTrack (C:\Users\Nate2\code\ox-board\app\lib\audio\musicAnalyzer.ts:819:11)
        at Object.<anonymous> (C:\Users\Nate2\code\ox-board\tests\unit\lib\audio\musicAnalyzer.test.ts:547:7)

    [0m [90m 117 |[39m     [36mreturn[39m[33m;[39m
     [90m 118 |[39m   }
    [31m[1m>[22m[39m[90m 119 |[39m   originalWarn[33m.[39mcall(console[33m,[39m [33m...[39margs)[33m;[39m
     [90m     |[39m                [31m[1m^[22m[39m
     [90m 120 |[39m }[33m;[39m
     [90m 121 |[39m[0m

      at console.call (tests/setup/jest.setup.js:119:16)
      at MusicAnalyzer.warn [as analyzeHarmonics] (app/lib/audio/musicAnalyzer.ts:628:19)
      at MusicAnalyzer.analyzeTrack (app/lib/audio/musicAnalyzer.ts:819:11)
      at Object.<anonymous> (tests/unit/lib/audio/musicAnalyzer.test.ts:547:7)

  console.warn
    Harmonic frame analysis failed: TypeError: this.algorithms.windowing is not a function
        at MusicAnalyzer.windowing [as analyzeHarmonics] (C:\Users\Nate2\code\ox-board\app\lib\audio\musicAnalyzer.ts:595:44)
        at processTicksAndRejections (node:internal/process/task_queues:105:5)
        at MusicAnalyzer.analyzeTrack (C:\Users\Nate2\code\ox-board\app\lib\audio\musicAnalyzer.ts:819:11)
        at Object.<anonymous> (C:\Users\Nate2\code\ox-board\tests\unit\lib\audio\musicAnalyzer.test.ts:547:7)

    [0m [90m 117 |[39m     [36mreturn[39m[33m;[39m
     [90m 118 |[39m   }
    [31m[1m>[22m[39m[90m 119 |[39m   originalWarn[33m.[39mcall(console[33m,[39m [33m...[39margs)[33m;[39m
     [90m     |[39m                [31m[1m^[22m[39m
     [90m 120 |[39m }[33m;[39m
     [90m 121 |[39m[0m

      at console.call (tests/setup/jest.setup.js:119:16)
      at MusicAnalyzer.warn [as analyzeHarmonics] (app/lib/audio/musicAnalyzer.ts:628:19)
      at MusicAnalyzer.analyzeTrack (app/lib/audio/musicAnalyzer.ts:819:11)
      at Object.<anonymous> (tests/unit/lib/audio/musicAnalyzer.test.ts:547:7)

  console.warn
    Harmonic frame analysis failed: TypeError: this.algorithms.windowing is not a function
        at MusicAnalyzer.windowing [as analyzeHarmonics] (C:\Users\Nate2\code\ox-board\app\lib\audio\musicAnalyzer.ts:595:44)
        at processTicksAndRejections (node:internal/process/task_queues:105:5)
        at MusicAnalyzer.analyzeTrack (C:\Users\Nate2\code\ox-board\app\lib\audio\musicAnalyzer.ts:819:11)
        at Object.<anonymous> (C:\Users\Nate2\code\ox-board\tests\unit\lib\audio\musicAnalyzer.test.ts:547:7)

    [0m [90m 117 |[39m     [36mreturn[39m[33m;[39m
     [90m 118 |[39m   }
    [31m[1m>[22m[39m[90m 119 |[39m   originalWarn[33m.[39mcall(console[33m,[39m [33m...[39margs)[33m;[39m
     [90m     |[39m                [31m[1m^[22m[39m
     [90m 120 |[39m }[33m;[39m
     [90m 121 |[39m[0m

      at console.call (tests/setup/jest.setup.js:119:16)
      at MusicAnalyzer.warn [as analyzeHarmonics] (app/lib/audio/musicAnalyzer.ts:628:19)
      at MusicAnalyzer.analyzeTrack (app/lib/audio/musicAnalyzer.ts:819:11)
      at Object.<anonymous> (tests/unit/lib/audio/musicAnalyzer.test.ts:547:7)

  console.warn
    Harmonic frame analysis failed: TypeError: this.algorithms.windowing is not a function
        at MusicAnalyzer.windowing [as analyzeHarmonics] (C:\Users\Nate2\code\ox-board\app\lib\audio\musicAnalyzer.ts:595:44)
        at processTicksAndRejections (node:internal/process/task_queues:105:5)
        at MusicAnalyzer.analyzeTrack (C:\Users\Nate2\code\ox-board\app\lib\audio\musicAnalyzer.ts:819:11)
        at Object.<anonymous> (C:\Users\Nate2\code\ox-board\tests\unit\lib\audio\musicAnalyzer.test.ts:547:7)

    [0m [90m 117 |[39m     [36mreturn[39m[33m;[39m
     [90m 118 |[39m   }
    [31m[1m>[22m[39m[90m 119 |[39m   originalWarn[33m.[39mcall(console[33m,[39m [33m...[39margs)[33m;[39m
     [90m     |[39m                [31m[1m^[22m[39m
     [90m 120 |[39m }[33m;[39m
     [90m 121 |[39m[0m

      at console.call (tests/setup/jest.setup.js:119:16)
      at MusicAnalyzer.warn [as analyzeHarmonics] (app/lib/audio/musicAnalyzer.ts:628:19)
      at MusicAnalyzer.analyzeTrack (app/lib/audio/musicAnalyzer.ts:819:11)
      at Object.<anonymous> (tests/unit/lib/audio/musicAnalyzer.test.ts:547:7)

  console.warn
    Harmonic frame analysis failed: TypeError: this.algorithms.windowing is not a function
        at MusicAnalyzer.windowing [as analyzeHarmonics] (C:\Users\Nate2\code\ox-board\app\lib\audio\musicAnalyzer.ts:595:44)
        at processTicksAndRejections (node:internal/process/task_queues:105:5)
        at MusicAnalyzer.analyzeTrack (C:\Users\Nate2\code\ox-board\app\lib\audio\musicAnalyzer.ts:819:11)
        at Object.<anonymous> (C:\Users\Nate2\code\ox-board\tests\unit\lib\audio\musicAnalyzer.test.ts:547:7)

    [0m [90m 117 |[39m     [36mreturn[39m[33m;[39m
     [90m 118 |[39m   }
    [31m[1m>[22m[39m[90m 119 |[39m   originalWarn[33m.[39mcall(console[33m,[39m [33m...[39margs)[33m;[39m
     [90m     |[39m                [31m[1m^[22m[39m
     [90m 120 |[39m }[33m;[39m
     [90m 121 |[39m[0m

      at console.call (tests/setup/jest.setup.js:119:16)
      at MusicAnalyzer.warn [as analyzeHarmonics] (app/lib/audio/musicAnalyzer.ts:628:19)
      at MusicAnalyzer.analyzeTrack (app/lib/audio/musicAnalyzer.ts:819:11)
      at Object.<anonymous> (tests/unit/lib/audio/musicAnalyzer.test.ts:547:7)

  console.warn
    Harmonic frame analysis failed: TypeError: this.algorithms.windowing is not a function
        at MusicAnalyzer.windowing [as analyzeHarmonics] (C:\Users\Nate2\code\ox-board\app\lib\audio\musicAnalyzer.ts:595:44)
        at processTicksAndRejections (node:internal/process/task_queues:105:5)
        at MusicAnalyzer.analyzeTrack (C:\Users\Nate2\code\ox-board\app\lib\audio\musicAnalyzer.ts:819:11)
        at Object.<anonymous> (C:\Users\Nate2\code\ox-board\tests\unit\lib\audio\musicAnalyzer.test.ts:547:7)

    [0m [90m 117 |[39m     [36mreturn[39m[33m;[39m
     [90m 118 |[39m   }
    [31m[1m>[22m[39m[90m 119 |[39m   originalWarn[33m.[39mcall(console[33m,[39m [33m...[39margs)[33m;[39m
     [90m     |[39m                [31m[1m^[22m[39m
     [90m 120 |[39m }[33m;[39m
     [90m 121 |[39m[0m

      at console.call (tests/setup/jest.setup.js:119:16)
      at MusicAnalyzer.warn [as analyzeHarmonics] (app/lib/audio/musicAnalyzer.ts:628:19)
      at MusicAnalyzer.analyzeTrack (app/lib/audio/musicAnalyzer.ts:819:11)
      at Object.<anonymous> (tests/unit/lib/audio/musicAnalyzer.test.ts:547:7)

  console.warn
    Harmonic frame analysis failed: TypeError: this.algorithms.windowing is not a function
        at MusicAnalyzer.windowing [as analyzeHarmonics] (C:\Users\Nate2\code\ox-board\app\lib\audio\musicAnalyzer.ts:595:44)
        at processTicksAndRejections (node:internal/process/task_queues:105:5)
        at MusicAnalyzer.analyzeTrack (C:\Users\Nate2\code\ox-board\app\lib\audio\musicAnalyzer.ts:819:11)
        at Object.<anonymous> (C:\Users\Nate2\code\ox-board\tests\unit\lib\audio\musicAnalyzer.test.ts:547:7)

    [0m [90m 117 |[39m     [36mreturn[39m[33m;[39m
     [90m 118 |[39m   }
    [31m[1m>[22m[39m[90m 119 |[39m   originalWarn[33m.[39mcall(console[33m,[39m [33m...[39margs)[33m;[39m
     [90m     |[39m                [31m[1m^[22m[39m
     [90m 120 |[39m }[33m;[39m
     [90m 121 |[39m[0m

      at console.call (tests/setup/jest.setup.js:119:16)
      at MusicAnalyzer.warn [as analyzeHarmonics] (app/lib/audio/musicAnalyzer.ts:628:19)
      at MusicAnalyzer.analyzeTrack (app/lib/audio/musicAnalyzer.ts:819:11)
      at Object.<anonymous> (tests/unit/lib/audio/musicAnalyzer.test.ts:547:7)

  console.warn
    Harmonic frame analysis failed: TypeError: this.algorithms.windowing is not a function
        at MusicAnalyzer.windowing [as analyzeHarmonics] (C:\Users\Nate2\code\ox-board\app\lib\audio\musicAnalyzer.ts:595:44)
        at processTicksAndRejections (node:internal/process/task_queues:105:5)
        at MusicAnalyzer.analyzeTrack (C:\Users\Nate2\code\ox-board\app\lib\audio\musicAnalyzer.ts:819:11)
        at Object.<anonymous> (C:\Users\Nate2\code\ox-board\tests\unit\lib\audio\musicAnalyzer.test.ts:547:7)

    [0m [90m 117 |[39m     [36mreturn[39m[33m;[39m
     [90m 118 |[39m   }
    [31m[1m>[22m[39m[90m 119 |[39m   originalWarn[33m.[39mcall(console[33m,[39m [33m...[39margs)[33m;[39m
     [90m     |[39m                [31m[1m^[22m[39m
     [90m 120 |[39m }[33m;[39m
     [90m 121 |[39m[0m

      at console.call (tests/setup/jest.setup.js:119:16)
      at MusicAnalyzer.warn [as analyzeHarmonics] (app/lib/audio/musicAnalyzer.ts:628:19)
      at MusicAnalyzer.analyzeTrack (app/lib/audio/musicAnalyzer.ts:819:11)
      at Object.<anonymous> (tests/unit/lib/audio/musicAnalyzer.test.ts:547:7)

  console.warn
    Harmonic frame analysis failed: TypeError: this.algorithms.windowing is not a function
        at MusicAnalyzer.windowing [as analyzeHarmonics] (C:\Users\Nate2\code\ox-board\app\lib\audio\musicAnalyzer.ts:595:44)
        at processTicksAndRejections (node:internal/process/task_queues:105:5)
        at MusicAnalyzer.analyzeTrack (C:\Users\Nate2\code\ox-board\app\lib\audio\musicAnalyzer.ts:819:11)
        at Object.<anonymous> (C:\Users\Nate2\code\ox-board\tests\unit\lib\audio\musicAnalyzer.test.ts:547:7)

    [0m [90m 117 |[39m     [36mreturn[39m[33m;[39m
     [90m 118 |[39m   }
    [31m[1m>[22m[39m[90m 119 |[39m   originalWarn[33m.[39mcall(console[33m,[39m [33m...[39margs)[33m;[39m
     [90m     |[39m                [31m[1m^[22m[39m
     [90m 120 |[39m }[33m;[39m
     [90m 121 |[39m[0m

      at console.call (tests/setup/jest.setup.js:119:16)
      at MusicAnalyzer.warn [as analyzeHarmonics] (app/lib/audio/musicAnalyzer.ts:628:19)
      at MusicAnalyzer.analyzeTrack (app/lib/audio/musicAnalyzer.ts:819:11)
      at Object.<anonymous> (tests/unit/lib/audio/musicAnalyzer.test.ts:547:7)

  console.warn
    Harmonic frame analysis failed: TypeError: this.algorithms.windowing is not a function
        at MusicAnalyzer.windowing [as analyzeHarmonics] (C:\Users\Nate2\code\ox-board\app\lib\audio\musicAnalyzer.ts:595:44)
        at processTicksAndRejections (node:internal/process/task_queues:105:5)
        at MusicAnalyzer.analyzeTrack (C:\Users\Nate2\code\ox-board\app\lib\audio\musicAnalyzer.ts:819:11)
        at Object.<anonymous> (C:\Users\Nate2\code\ox-board\tests\unit\lib\audio\musicAnalyzer.test.ts:547:7)

    [0m [90m 117 |[39m     [36mreturn[39m[33m;[39m
     [90m 118 |[39m   }
    [31m[1m>[22m[39m[90m 119 |[39m   originalWarn[33m.[39mcall(console[33m,[39m [33m...[39margs)[33m;[39m
     [90m     |[39m                [31m[1m^[22m[39m
     [90m 120 |[39m }[33m;[39m
     [90m 121 |[39m[0m

      at console.call (tests/setup/jest.setup.js:119:16)
      at MusicAnalyzer.warn [as analyzeHarmonics] (app/lib/audio/musicAnalyzer.ts:628:19)
      at MusicAnalyzer.analyzeTrack (app/lib/audio/musicAnalyzer.ts:819:11)
      at Object.<anonymous> (tests/unit/lib/audio/musicAnalyzer.test.ts:547:7)

  console.warn
    Harmonic frame analysis failed: TypeError: this.algorithms.windowing is not a function
        at MusicAnalyzer.windowing [as analyzeHarmonics] (C:\Users\Nate2\code\ox-board\app\lib\audio\musicAnalyzer.ts:595:44)
        at processTicksAndRejections (node:internal/process/task_queues:105:5)
        at MusicAnalyzer.analyzeTrack (C:\Users\Nate2\code\ox-board\app\lib\audio\musicAnalyzer.ts:819:11)
        at Object.<anonymous> (C:\Users\Nate2\code\ox-board\tests\unit\lib\audio\musicAnalyzer.test.ts:547:7)

    [0m [90m 117 |[39m     [36mreturn[39m[33m;[39m
     [90m 118 |[39m   }
    [31m[1m>[22m[39m[90m 119 |[39m   originalWarn[33m.[39mcall(console[33m,[39m [33m...[39margs)[33m;[39m
     [90m     |[39m                [31m[1m^[22m[39m
     [90m 120 |[39m }[33m;[39m
     [90m 121 |[39m[0m

      at console.call (tests/setup/jest.setup.js:119:16)
      at MusicAnalyzer.warn [as analyzeHarmonics] (app/lib/audio/musicAnalyzer.ts:628:19)
      at MusicAnalyzer.analyzeTrack (app/lib/audio/musicAnalyzer.ts:819:11)
      at Object.<anonymous> (tests/unit/lib/audio/musicAnalyzer.test.ts:547:7)

  console.warn
    Harmonic frame analysis failed: TypeError: this.algorithms.windowing is not a function
        at MusicAnalyzer.windowing [as analyzeHarmonics] (C:\Users\Nate2\code\ox-board\app\lib\audio\musicAnalyzer.ts:595:44)
        at processTicksAndRejections (node:internal/process/task_queues:105:5)
        at MusicAnalyzer.analyzeTrack (C:\Users\Nate2\code\ox-board\app\lib\audio\musicAnalyzer.ts:819:11)
        at Object.<anonymous> (C:\Users\Nate2\code\ox-board\tests\unit\lib\audio\musicAnalyzer.test.ts:547:7)

    [0m [90m 117 |[39m     [36mreturn[39m[33m;[39m
     [90m 118 |[39m   }
    [31m[1m>[22m[39m[90m 119 |[39m   originalWarn[33m.[39mcall(console[33m,[39m [33m...[39margs)[33m;[39m
     [90m     |[39m                [31m[1m^[22m[39m
     [90m 120 |[39m }[33m;[39m
     [90m 121 |[39m[0m

      at console.call (tests/setup/jest.setup.js:119:16)
      at MusicAnalyzer.warn [as analyzeHarmonics] (app/lib/audio/musicAnalyzer.ts:628:19)
      at MusicAnalyzer.analyzeTrack (app/lib/audio/musicAnalyzer.ts:819:11)
      at Object.<anonymous> (tests/unit/lib/audio/musicAnalyzer.test.ts:547:7)

  console.warn
    Harmonic frame analysis failed: TypeError: this.algorithms.windowing is not a function
        at MusicAnalyzer.windowing [as analyzeHarmonics] (C:\Users\Nate2\code\ox-board\app\lib\audio\musicAnalyzer.ts:595:44)
        at processTicksAndRejections (node:internal/process/task_queues:105:5)
        at MusicAnalyzer.analyzeTrack (C:\Users\Nate2\code\ox-board\app\lib\audio\musicAnalyzer.ts:819:11)
        at Object.<anonymous> (C:\Users\Nate2\code\ox-board\tests\unit\lib\audio\musicAnalyzer.test.ts:547:7)

    [0m [90m 117 |[39m     [36mreturn[39m[33m;[39m
     [90m 118 |[39m   }
    [31m[1m>[22m[39m[90m 119 |[39m   originalWarn[33m.[39mcall(console[33m,[39m [33m...[39margs)[33m;[39m
     [90m     |[39m                [31m[1m^[22m[39m
     [90m 120 |[39m }[33m;[39m
     [90m 121 |[39m[0m

      at console.call (tests/setup/jest.setup.js:119:16)
      at MusicAnalyzer.warn [as analyzeHarmonics] (app/lib/audio/musicAnalyzer.ts:628:19)
      at MusicAnalyzer.analyzeTrack (app/lib/audio/musicAnalyzer.ts:819:11)
      at Object.<anonymous> (tests/unit/lib/audio/musicAnalyzer.test.ts:547:7)

  console.warn
    Harmonic frame analysis failed: TypeError: this.algorithms.windowing is not a function
        at MusicAnalyzer.windowing [as analyzeHarmonics] (C:\Users\Nate2\code\ox-board\app\lib\audio\musicAnalyzer.ts:595:44)
        at processTicksAndRejections (node:internal/process/task_queues:105:5)
        at MusicAnalyzer.analyzeTrack (C:\Users\Nate2\code\ox-board\app\lib\audio\musicAnalyzer.ts:819:11)
        at Object.<anonymous> (C:\Users\Nate2\code\ox-board\tests\unit\lib\audio\musicAnalyzer.test.ts:547:7)

    [0m [90m 117 |[39m     [36mreturn[39m[33m;[39m
     [90m 118 |[39m   }
    [31m[1m>[22m[39m[90m 119 |[39m   originalWarn[33m.[39mcall(console[33m,[39m [33m...[39margs)[33m;[39m
     [90m     |[39m                [31m[1m^[22m[39m
     [90m 120 |[39m }[33m;[39m
     [90m 121 |[39m[0m

      at console.call (tests/setup/jest.setup.js:119:16)
      at MusicAnalyzer.warn [as analyzeHarmonics] (app/lib/audio/musicAnalyzer.ts:628:19)
      at MusicAnalyzer.analyzeTrack (app/lib/audio/musicAnalyzer.ts:819:11)
      at Object.<anonymous> (tests/unit/lib/audio/musicAnalyzer.test.ts:547:7)

  console.warn
    Harmonic frame analysis failed: TypeError: this.algorithms.windowing is not a function
        at MusicAnalyzer.windowing [as analyzeHarmonics] (C:\Users\Nate2\code\ox-board\app\lib\audio\musicAnalyzer.ts:595:44)
        at processTicksAndRejections (node:internal/process/task_queues:105:5)
        at MusicAnalyzer.analyzeTrack (C:\Users\Nate2\code\ox-board\app\lib\audio\musicAnalyzer.ts:819:11)
        at Object.<anonymous> (C:\Users\Nate2\code\ox-board\tests\unit\lib\audio\musicAnalyzer.test.ts:547:7)

    [0m [90m 117 |[39m     [36mreturn[39m[33m;[39m
     [90m 118 |[39m   }
    [31m[1m>[22m[39m[90m 119 |[39m   originalWarn[33m.[39mcall(console[33m,[39m [33m...[39margs)[33m;[39m
     [90m     |[39m                [31m[1m^[22m[39m
     [90m 120 |[39m }[33m;[39m
     [90m 121 |[39m[0m

      at console.call (tests/setup/jest.setup.js:119:16)
      at MusicAnalyzer.warn [as analyzeHarmonics] (app/lib/audio/musicAnalyzer.ts:628:19)
      at MusicAnalyzer.analyzeTrack (app/lib/audio/musicAnalyzer.ts:819:11)
      at Object.<anonymous> (tests/unit/lib/audio/musicAnalyzer.test.ts:547:7)

  console.warn
    Harmonic frame analysis failed: TypeError: this.algorithms.windowing is not a function
        at MusicAnalyzer.windowing [as analyzeHarmonics] (C:\Users\Nate2\code\ox-board\app\lib\audio\musicAnalyzer.ts:595:44)
        at processTicksAndRejections (node:internal/process/task_queues:105:5)
        at MusicAnalyzer.analyzeTrack (C:\Users\Nate2\code\ox-board\app\lib\audio\musicAnalyzer.ts:819:11)
        at Object.<anonymous> (C:\Users\Nate2\code\ox-board\tests\unit\lib\audio\musicAnalyzer.test.ts:547:7)

    [0m [90m 117 |[39m     [36mreturn[39m[33m;[39m
     [90m 118 |[39m   }
    [31m[1m>[22m[39m[90m 119 |[39m   originalWarn[33m.[39mcall(console[33m,[39m [33m...[39margs)[33m;[39m
     [90m     |[39m                [31m[1m^[22m[39m
     [90m 120 |[39m }[33m;[39m
     [90m 121 |[39m[0m

      at console.call (tests/setup/jest.setup.js:119:16)
      at MusicAnalyzer.warn [as analyzeHarmonics] (app/lib/audio/musicAnalyzer.ts:628:19)
      at MusicAnalyzer.analyzeTrack (app/lib/audio/musicAnalyzer.ts:819:11)
      at Object.<anonymous> (tests/unit/lib/audio/musicAnalyzer.test.ts:547:7)

  console.warn
    Harmonic frame analysis failed: TypeError: this.algorithms.windowing is not a function
        at MusicAnalyzer.windowing [as analyzeHarmonics] (C:\Users\Nate2\code\ox-board\app\lib\audio\musicAnalyzer.ts:595:44)
        at processTicksAndRejections (node:internal/process/task_queues:105:5)
        at MusicAnalyzer.analyzeTrack (C:\Users\Nate2\code\ox-board\app\lib\audio\musicAnalyzer.ts:819:11)
        at Object.<anonymous> (C:\Users\Nate2\code\ox-board\tests\unit\lib\audio\musicAnalyzer.test.ts:547:7)

    [0m [90m 117 |[39m     [36mreturn[39m[33m;[39m
     [90m 118 |[39m   }
    [31m[1m>[22m[39m[90m 119 |[39m   originalWarn[33m.[39mcall(console[33m,[39m [33m...[39margs)[33m;[39m
     [90m     |[39m                [31m[1m^[22m[39m
     [90m 120 |[39m }[33m;[39m
     [90m 121 |[39m[0m

      at console.call (tests/setup/jest.setup.js:119:16)
      at MusicAnalyzer.warn [as analyzeHarmonics] (app/lib/audio/musicAnalyzer.ts:628:19)
      at MusicAnalyzer.analyzeTrack (app/lib/audio/musicAnalyzer.ts:819:11)
      at Object.<anonymous> (tests/unit/lib/audio/musicAnalyzer.test.ts:547:7)

  console.warn
    Harmonic frame analysis failed: TypeError: this.algorithms.windowing is not a function
        at MusicAnalyzer.windowing [as analyzeHarmonics] (C:\Users\Nate2\code\ox-board\app\lib\audio\musicAnalyzer.ts:595:44)
        at processTicksAndRejections (node:internal/process/task_queues:105:5)
        at MusicAnalyzer.analyzeTrack (C:\Users\Nate2\code\ox-board\app\lib\audio\musicAnalyzer.ts:819:11)
        at Object.<anonymous> (C:\Users\Nate2\code\ox-board\tests\unit\lib\audio\musicAnalyzer.test.ts:547:7)

    [0m [90m 117 |[39m     [36mreturn[39m[33m;[39m
     [90m 118 |[39m   }
    [31m[1m>[22m[39m[90m 119 |[39m   originalWarn[33m.[39mcall(console[33m,[39m [33m...[39margs)[33m;[39m
     [90m     |[39m                [31m[1m^[22m[39m
     [90m 120 |[39m }[33m;[39m
     [90m 121 |[39m[0m

      at console.call (tests/setup/jest.setup.js:119:16)
      at MusicAnalyzer.warn [as analyzeHarmonics] (app/lib/audio/musicAnalyzer.ts:628:19)
      at MusicAnalyzer.analyzeTrack (app/lib/audio/musicAnalyzer.ts:819:11)
      at Object.<anonymous> (tests/unit/lib/audio/musicAnalyzer.test.ts:547:7)

  console.warn
    Harmonic frame analysis failed: TypeError: this.algorithms.windowing is not a function
        at MusicAnalyzer.windowing [as analyzeHarmonics] (C:\Users\Nate2\code\ox-board\app\lib\audio\musicAnalyzer.ts:595:44)
        at processTicksAndRejections (node:internal/process/task_queues:105:5)
        at MusicAnalyzer.analyzeTrack (C:\Users\Nate2\code\ox-board\app\lib\audio\musicAnalyzer.ts:819:11)
        at Object.<anonymous> (C:\Users\Nate2\code\ox-board\tests\unit\lib\audio\musicAnalyzer.test.ts:547:7)

    [0m [90m 117 |[39m     [36mreturn[39m[33m;[39m
     [90m 118 |[39m   }
    [31m[1m>[22m[39m[90m 119 |[39m   originalWarn[33m.[39mcall(console[33m,[39m [33m...[39margs)[33m;[39m
     [90m     |[39m                [31m[1m^[22m[39m
     [90m 120 |[39m }[33m;[39m
     [90m 121 |[39m[0m

      at console.call (tests/setup/jest.setup.js:119:16)
      at MusicAnalyzer.warn [as analyzeHarmonics] (app/lib/audio/musicAnalyzer.ts:628:19)
      at MusicAnalyzer.analyzeTrack (app/lib/audio/musicAnalyzer.ts:819:11)
      at Object.<anonymous> (tests/unit/lib/audio/musicAnalyzer.test.ts:547:7)

  console.warn
    Harmonic frame analysis failed: TypeError: this.algorithms.windowing is not a function
        at MusicAnalyzer.windowing [as analyzeHarmonics] (C:\Users\Nate2\code\ox-board\app\lib\audio\musicAnalyzer.ts:595:44)
        at processTicksAndRejections (node:internal/process/task_queues:105:5)
        at MusicAnalyzer.analyzeTrack (C:\Users\Nate2\code\ox-board\app\lib\audio\musicAnalyzer.ts:819:11)
        at Object.<anonymous> (C:\Users\Nate2\code\ox-board\tests\unit\lib\audio\musicAnalyzer.test.ts:547:7)

    [0m [90m 117 |[39m     [36mreturn[39m[33m;[39m
     [90m 118 |[39m   }
    [31m[1m>[22m[39m[90m 119 |[39m   originalWarn[33m.[39mcall(console[33m,[39m [33m...[39margs)[33m;[39m
     [90m     |[39m                [31m[1m^[22m[39m
     [90m 120 |[39m }[33m;[39m
     [90m 121 |[39m[0m

      at console.call (tests/setup/jest.setup.js:119:16)
      at MusicAnalyzer.warn [as analyzeHarmonics] (app/lib/audio/musicAnalyzer.ts:628:19)
      at MusicAnalyzer.analyzeTrack (app/lib/audio/musicAnalyzer.ts:819:11)
      at Object.<anonymous> (tests/unit/lib/audio/musicAnalyzer.test.ts:547:7)

  console.log
    Essentia.js initialized successfully

      at MusicAnalyzer.log [as initializeEssentia] (app/lib/audio/musicAnalyzer.ts:188:15)

  console.log
    Essentia.js initialized successfully

      at MusicAnalyzer.log [as initializeEssentia] (app/lib/audio/musicAnalyzer.ts:188:15)

FAIL tests/unit/lib/gesture/recognition.test.ts
  AdvancedGestureRecognizer
    Core Functionality
      √ should initialize correctly (4 ms)
      √ should handle null hand results gracefully
      × should handle empty landmarks (26 ms)
    Coordinate Normalization
      √ should normalize coordinates to unit range (6 ms)
      √ should denormalize coordinates from unit range (1 ms)
      √ should calculate distance between points
      × should calculate angle between points
    Confidence Calculation
      √ should calculate hand detection confidence correctly
      √ should calculate temporal stability (1 ms)
    Gesture History Management
      √ should maintain gesture history correctly (1 ms)
      √ should clear gesture history
    Performance Requirements
      √ should process gestures within 16ms for 60fps (1 ms)
    Configuration and Settings
      √ should update gesture history settings

  ● AdvancedGestureRecognizer › Core Functionality › should handle empty landmarks

    expect(received).not.toThrow()

    Error name:    "TypeError"
    Error message: "Cannot read properties of undefined (reading 'x')"

        [0m [90m 169 |[39m
         [90m 170 |[39m   [36mstatic[39m distance(p1[33m:[39m [33mPoint2D[39m[33m,[39m p2[33m:[39m [33mPoint2D[39m)[33m:[39m number {
        [31m[1m>[22m[39m[90m 171 |[39m     [36mconst[39m dx [33m=[39m p2[33m.[39mx [33m-[39m p1[33m.[39mx[33m;[39m
         [90m     |[39m                   [31m[1m^[22m[39m
         [90m 172 |[39m     [36mconst[39m dy [33m=[39m p2[33m.[39my [33m-[39m p1[33m.[39my[33m;[39m
         [90m 173 |[39m     [36mreturn[39m [33mMath[39m[33m.[39msqrt(dx [33m*[39m dx [33m+[39m dy [33m*[39m dy)[33m;[39m
         [90m 174 |[39m   }[0m

      at CoordinateNormalizer.x [as distance] (app/lib/gesture/recognition.ts:171:19)
      at AdvancedGestureRecognizer.distance [as detectPinchGesture] (app/lib/gesture/recognition.ts:614:48)
      at AdvancedGestureRecognizer.detectPinchGesture [as recognizeSingleHandGestures] (app/lib/gesture/recognition.ts:511:30)
      at AdvancedGestureRecognizer.recognizeSingleHandGestures [as recognizeGestures] (app/lib/gesture/recognition.ts:448:17)
      at recognizeGestures (tests/unit/lib/gesture/recognition.test.ts:41:20)
      at Object.<anonymous> (node_modules/expect/build/index.js:1824:9)
      at Object.throwingMatcher [as toThrow] (node_modules/expect/build/index.js:2235:93)
      at Object.toThrow (tests/unit/lib/gesture/recognition.test.ts:42:14)
      at Object.toThrow (tests/unit/lib/gesture/recognition.test.ts:42:14)

  ● AdvancedGestureRecognizer › Coordinate Normalization › should calculate angle between points

    expect(received).toBeCloseTo(expected, precision)

    Expected: 0.7853981633974483
    Received: -1.5707963267948966

    Expected precision:    2
    Expected difference: < 0.005
    Received difference:   2.356194490192345

    [0m [90m 83 |[39m
     [90m 84 |[39m       [36mconst[39m angle [33m=[39m [33mCoordinateNormalizer[39m[33m.[39mcalculateAngle(p1[33m,[39m p2[33m,[39m p3)[33m;[39m
    [31m[1m>[22m[39m[90m 85 |[39m       expect(angle)[33m.[39mtoBeCloseTo([33mMath[39m[33m.[39m[33mPI[39m [33m/[39m [35m4[39m[33m,[39m [35m2[39m)[33m;[39m
     [90m    |[39m                     [31m[1m^[22m[39m
     [90m 86 |[39m     })[33m;[39m
     [90m 87 |[39m   })[33m;[39m
     [90m 88 |[39m[0m

      at Object.toBeCloseTo (tests/unit/lib/gesture/recognition.test.ts:85:21)

  console.log
    Essentia.js initialized successfully

      at MusicAnalyzer.log [as initializeEssentia] (app/lib/audio/musicAnalyzer.ts:188:15)

  console.log
    Essentia.js initialized successfully

      at MusicAnalyzer.log [as initializeEssentia] (app/lib/audio/musicAnalyzer.ts:188:15)

  console.log
    Essentia.js initialized successfully

      at MusicAnalyzer.log [as initializeEssentia] (app/lib/audio/musicAnalyzer.ts:188:15)

  console.log
    Essentia.js initialized successfully

      at MusicAnalyzer.log [as initializeEssentia] (app/lib/audio/musicAnalyzer.ts:188:15)

  console.log
    Essentia.js initialized successfully

      at MusicAnalyzer.log [as initializeEssentia] (app/lib/audio/musicAnalyzer.ts:188:15)

  console.error
    BPM extraction failed: TypeError: this.algorithms.equalLoudness is not a function
        at MusicAnalyzer.equalLoudness [as extractBPM] (C:\Users\Nate2\code\ox-board\app\lib\audio\musicAnalyzer.ts:263:48)
        at processTicksAndRejections (node:internal/process/task_queues:105:5)
        at Object.<anonymous> (C:\Users\Nate2\code\ox-board\tests\unit\lib\audio\musicAnalyzer.test.ts:649:7)

    [0m [90m 103 |[39m     [36mreturn[39m[33m;[39m
     [90m 104 |[39m   }
    [31m[1m>[22m[39m[90m 105 |[39m   originalError[33m.[39mcall(console[33m,[39m [33m...[39margs)[33m;[39m
     [90m     |[39m                 [31m[1m^[22m[39m
     [90m 106 |[39m }[33m;[39m
     [90m 107 |[39m
     [90m 108 |[39m [90m// Suppress specific warnings during tests[39m[0m

      at console.call [as error] (tests/setup/jest.setup.js:105:17)
      at MusicAnalyzer.error [as extractBPM] (app/lib/audio/musicAnalyzer.ts:335:15)
      at Object.<anonymous> (tests/unit/lib/audio/musicAnalyzer.test.ts:649:7)

  console.log
    Essentia.js initialized successfully

      at MusicAnalyzer.log [as initializeEssentia] (app/lib/audio/musicAnalyzer.ts:188:15)

  console.error
    BPM extraction failed: TypeError: this.algorithms.equalLoudness is not a function
        at MusicAnalyzer.equalLoudness [as extractBPM] (C:\Users\Nate2\code\ox-board\app\lib\audio\musicAnalyzer.ts:263:48)
        at processTicksAndRejections (node:internal/process/task_queues:105:5)
        at async Promise.all (index 0)
        at MusicAnalyzer.analyzeTrack (C:\Users\Nate2\code\ox-board\app\lib\audio\musicAnalyzer.ts:810:44)
        at Object.<anonymous> (C:\Users\Nate2\code\ox-board\tests\unit\lib\audio\musicAnalyzer.test.ts:657:7)

    [0m [90m 103 |[39m     [36mreturn[39m[33m;[39m
     [90m 104 |[39m   }
    [31m[1m>[22m[39m[90m 105 |[39m   originalError[33m.[39mcall(console[33m,[39m [33m...[39margs)[33m;[39m
     [90m     |[39m                 [31m[1m^[22m[39m
     [90m 106 |[39m }[33m;[39m
     [90m 107 |[39m
     [90m 108 |[39m [90m// Suppress specific warnings during tests[39m[0m

      at console.call [as error] (tests/setup/jest.setup.js:105:17)
      at MusicAnalyzer.error [as extractBPM] (app/lib/audio/musicAnalyzer.ts:335:15)
          at async Promise.all (index 0)
      at MusicAnalyzer.analyzeTrack (app/lib/audio/musicAnalyzer.ts:810:44)
      at Object.<anonymous> (tests/unit/lib/audio/musicAnalyzer.test.ts:657:7)

  console.error
    Key detection failed: TypeError: this.algorithms.keyExtractor is not a function
        at MusicAnalyzer.keyExtractor [as detectKey] (C:\Users\Nate2\code\ox-board\app\lib\audio\musicAnalyzer.ts:352:41)
        at processTicksAndRejections (node:internal/process/task_queues:105:5)
        at async Promise.all (index 1)
        at MusicAnalyzer.analyzeTrack (C:\Users\Nate2\code\ox-board\app\lib\audio\musicAnalyzer.ts:810:44)
        at Object.<anonymous> (C:\Users\Nate2\code\ox-board\tests\unit\lib\audio\musicAnalyzer.test.ts:657:7)

    [0m [90m 103 |[39m     [36mreturn[39m[33m;[39m
     [90m 104 |[39m   }
    [31m[1m>[22m[39m[90m 105 |[39m   originalError[33m.[39mcall(console[33m,[39m [33m...[39margs)[33m;[39m
     [90m     |[39m                 [31m[1m^[22m[39m
     [90m 106 |[39m }[33m;[39m
     [90m 107 |[39m
     [90m 108 |[39m [90m// Suppress specific warnings during tests[39m[0m

      at console.call [as error] (tests/setup/jest.setup.js:105:17)
      at MusicAnalyzer.error [as detectKey] (app/lib/audio/musicAnalyzer.ts:388:15)
          at async Promise.all (index 1)
      at MusicAnalyzer.analyzeTrack (app/lib/audio/musicAnalyzer.ts:810:44)
      at Object.<anonymous> (tests/unit/lib/audio/musicAnalyzer.test.ts:657:7)

  console.error
    Spectral analysis failed: TypeError: this.algorithms.windowing is not a function
        at MusicAnalyzer.windowing [as getSpectralFeatures] (C:\Users\Nate2\code\ox-board\app\lib\audio\musicAnalyzer.ts:422:42)
        at processTicksAndRejections (node:internal/process/task_queues:105:5)
        at async Promise.all (index 2)
        at MusicAnalyzer.analyzeTrack (C:\Users\Nate2\code\ox-board\app\lib\audio\musicAnalyzer.ts:810:44)
        at Object.<anonymous> (C:\Users\Nate2\code\ox-board\tests\unit\lib\audio\musicAnalyzer.test.ts:657:7)

    [0m [90m 103 |[39m     [36mreturn[39m[33m;[39m
     [90m 104 |[39m   }
    [31m[1m>[22m[39m[90m 105 |[39m   originalError[33m.[39mcall(console[33m,[39m [33m...[39margs)[33m;[39m
     [90m     |[39m                 [31m[1m^[22m[39m
     [90m 106 |[39m }[33m;[39m
     [90m 107 |[39m
     [90m 108 |[39m [90m// Suppress specific warnings during tests[39m[0m

      at console.call [as error] (tests/setup/jest.setup.js:105:17)
      at MusicAnalyzer.error [as getSpectralFeatures] (app/lib/audio/musicAnalyzer.ts:489:15)
          at async Promise.all (index 2)
      at MusicAnalyzer.analyzeTrack (app/lib/audio/musicAnalyzer.ts:810:44)
      at Object.<anonymous> (tests/unit/lib/audio/musicAnalyzer.test.ts:657:7)

  console.error
    Onset detection failed: TypeError: this.algorithms.onsetDetection is not a function
        at MusicAnalyzer.onsetDetection [as detectOnsets] (C:\Users\Nate2\code\ox-board\app\lib\audio\musicAnalyzer.ts:510:38)
        at processTicksAndRejections (node:internal/process/task_queues:105:5)
        at async Promise.all (index 3)
        at MusicAnalyzer.analyzeTrack (C:\Users\Nate2\code\ox-board\app\lib\audio\musicAnalyzer.ts:810:44)
        at Object.<anonymous> (C:\Users\Nate2\code\ox-board\tests\unit\lib\audio\musicAnalyzer.test.ts:657:7)

    [0m [90m 103 |[39m     [36mreturn[39m[33m;[39m
     [90m 104 |[39m   }
    [31m[1m>[22m[39m[90m 105 |[39m   originalError[33m.[39mcall(console[33m,[39m [33m...[39margs)[33m;[39m
     [90m     |[39m                 [31m[1m^[22m[39m
     [90m 106 |[39m }[33m;[39m
     [90m 107 |[39m
     [90m 108 |[39m [90m// Suppress specific warnings during tests[39m[0m

      at console.call [as error] (tests/setup/jest.setup.js:105:17)
      at MusicAnalyzer.error [as detectOnsets] (app/lib/audio/musicAnalyzer.ts:566:15)
          at async Promise.all (index 3)
      at MusicAnalyzer.analyzeTrack (app/lib/audio/musicAnalyzer.ts:810:44)
      at Object.<anonymous> (tests/unit/lib/audio/musicAnalyzer.test.ts:657:7)

  console.warn
    Harmonic frame analysis failed: TypeError: this.algorithms.windowing is not a function
        at MusicAnalyzer.windowing [as analyzeHarmonics] (C:\Users\Nate2\code\ox-board\app\lib\audio\musicAnalyzer.ts:595:44)
        at processTicksAndRejections (node:internal/process/task_queues:105:5)
        at MusicAnalyzer.analyzeTrack (C:\Users\Nate2\code\ox-board\app\lib\audio\musicAnalyzer.ts:819:11)
        at Object.<anonymous> (C:\Users\Nate2\code\ox-board\tests\unit\lib\audio\musicAnalyzer.test.ts:657:7)

    [0m [90m 117 |[39m     [36mreturn[39m[33m;[39m
     [90m 118 |[39m   }
    [31m[1m>[22m[39m[90m 119 |[39m   originalWarn[33m.[39mcall(console[33m,[39m [33m...[39margs)[33m;[39m
     [90m     |[39m                [31m[1m^[22m[39m
     [90m 120 |[39m }[33m;[39m
     [90m 121 |[39m[0m

      at console.call (tests/setup/jest.setup.js:119:16)
      at MusicAnalyzer.warn [as analyzeHarmonics] (app/lib/audio/musicAnalyzer.ts:628:19)
      at MusicAnalyzer.analyzeTrack (app/lib/audio/musicAnalyzer.ts:819:11)
      at Object.<anonymous> (tests/unit/lib/audio/musicAnalyzer.test.ts:657:7)

  console.warn
    Harmonic frame analysis failed: TypeError: this.algorithms.windowing is not a function
        at MusicAnalyzer.windowing [as analyzeHarmonics] (C:\Users\Nate2\code\ox-board\app\lib\audio\musicAnalyzer.ts:595:44)
        at processTicksAndRejections (node:internal/process/task_queues:105:5)
        at MusicAnalyzer.analyzeTrack (C:\Users\Nate2\code\ox-board\app\lib\audio\musicAnalyzer.ts:819:11)
        at Object.<anonymous> (C:\Users\Nate2\code\ox-board\tests\unit\lib\audio\musicAnalyzer.test.ts:657:7)

    [0m [90m 117 |[39m     [36mreturn[39m[33m;[39m
     [90m 118 |[39m   }
    [31m[1m>[22m[39m[90m 119 |[39m   originalWarn[33m.[39mcall(console[33m,[39m [33m...[39margs)[33m;[39m
     [90m     |[39m                [31m[1m^[22m[39m
     [90m 120 |[39m }[33m;[39m
     [90m 121 |[39m[0m

      at console.call (tests/setup/jest.setup.js:119:16)
      at MusicAnalyzer.warn [as analyzeHarmonics] (app/lib/audio/musicAnalyzer.ts:628:19)
      at MusicAnalyzer.analyzeTrack (app/lib/audio/musicAnalyzer.ts:819:11)
      at Object.<anonymous> (tests/unit/lib/audio/musicAnalyzer.test.ts:657:7)

  console.warn
    Harmonic frame analysis failed: TypeError: this.algorithms.windowing is not a function
        at MusicAnalyzer.windowing [as analyzeHarmonics] (C:\Users\Nate2\code\ox-board\app\lib\audio\musicAnalyzer.ts:595:44)
        at processTicksAndRejections (node:internal/process/task_queues:105:5)
        at MusicAnalyzer.analyzeTrack (C:\Users\Nate2\code\ox-board\app\lib\audio\musicAnalyzer.ts:819:11)
        at Object.<anonymous> (C:\Users\Nate2\code\ox-board\tests\unit\lib\audio\musicAnalyzer.test.ts:657:7)

    [0m [90m 117 |[39m     [36mreturn[39m[33m;[39m
     [90m 118 |[39m   }
    [31m[1m>[22m[39m[90m 119 |[39m   originalWarn[33m.[39mcall(console[33m,[39m [33m...[39margs)[33m;[39m
     [90m     |[39m                [31m[1m^[22m[39m
     [90m 120 |[39m }[33m;[39m
     [90m 121 |[39m[0m

      at console.call (tests/setup/jest.setup.js:119:16)
      at MusicAnalyzer.warn [as analyzeHarmonics] (app/lib/audio/musicAnalyzer.ts:628:19)
      at MusicAnalyzer.analyzeTrack (app/lib/audio/musicAnalyzer.ts:819:11)
      at Object.<anonymous> (tests/unit/lib/audio/musicAnalyzer.test.ts:657:7)

  console.warn
    Harmonic frame analysis failed: TypeError: this.algorithms.windowing is not a function
        at MusicAnalyzer.windowing [as analyzeHarmonics] (C:\Users\Nate2\code\ox-board\app\lib\audio\musicAnalyzer.ts:595:44)
        at processTicksAndRejections (node:internal/process/task_queues:105:5)
        at MusicAnalyzer.analyzeTrack (C:\Users\Nate2\code\ox-board\app\lib\audio\musicAnalyzer.ts:819:11)
        at Object.<anonymous> (C:\Users\Nate2\code\ox-board\tests\unit\lib\audio\musicAnalyzer.test.ts:657:7)

    [0m [90m 117 |[39m     [36mreturn[39m[33m;[39m
     [90m 118 |[39m   }
    [31m[1m>[22m[39m[90m 119 |[39m   originalWarn[33m.[39mcall(console[33m,[39m [33m...[39margs)[33m;[39m
     [90m     |[39m                [31m[1m^[22m[39m
     [90m 120 |[39m }[33m;[39m
     [90m 121 |[39m[0m

      at console.call (tests/setup/jest.setup.js:119:16)
      at MusicAnalyzer.warn [as analyzeHarmonics] (app/lib/audio/musicAnalyzer.ts:628:19)
      at MusicAnalyzer.analyzeTrack (app/lib/audio/musicAnalyzer.ts:819:11)
      at Object.<anonymous> (tests/unit/lib/audio/musicAnalyzer.test.ts:657:7)

  console.warn
    Harmonic frame analysis failed: TypeError: this.algorithms.windowing is not a function
        at MusicAnalyzer.windowing [as analyzeHarmonics] (C:\Users\Nate2\code\ox-board\app\lib\audio\musicAnalyzer.ts:595:44)
        at processTicksAndRejections (node:internal/process/task_queues:105:5)
        at MusicAnalyzer.analyzeTrack (C:\Users\Nate2\code\ox-board\app\lib\audio\musicAnalyzer.ts:819:11)
        at Object.<anonymous> (C:\Users\Nate2\code\ox-board\tests\unit\lib\audio\musicAnalyzer.test.ts:657:7)

    [0m [90m 117 |[39m     [36mreturn[39m[33m;[39m
     [90m 118 |[39m   }
    [31m[1m>[22m[39m[90m 119 |[39m   originalWarn[33m.[39mcall(console[33m,[39m [33m...[39margs)[33m;[39m
     [90m     |[39m                [31m[1m^[22m[39m
     [90m 120 |[39m }[33m;[39m
     [90m 121 |[39m[0m

      at console.call (tests/setup/jest.setup.js:119:16)
      at MusicAnalyzer.warn [as analyzeHarmonics] (app/lib/audio/musicAnalyzer.ts:628:19)
      at MusicAnalyzer.analyzeTrack (app/lib/audio/musicAnalyzer.ts:819:11)
      at Object.<anonymous> (tests/unit/lib/audio/musicAnalyzer.test.ts:657:7)

  console.warn
    Harmonic frame analysis failed: TypeError: this.algorithms.windowing is not a function
        at MusicAnalyzer.windowing [as analyzeHarmonics] (C:\Users\Nate2\code\ox-board\app\lib\audio\musicAnalyzer.ts:595:44)
        at processTicksAndRejections (node:internal/process/task_queues:105:5)
        at MusicAnalyzer.analyzeTrack (C:\Users\Nate2\code\ox-board\app\lib\audio\musicAnalyzer.ts:819:11)
        at Object.<anonymous> (C:\Users\Nate2\code\ox-board\tests\unit\lib\audio\musicAnalyzer.test.ts:657:7)

    [0m [90m 117 |[39m     [36mreturn[39m[33m;[39m
     [90m 118 |[39m   }
    [31m[1m>[22m[39m[90m 119 |[39m   originalWarn[33m.[39mcall(console[33m,[39m [33m...[39margs)[33m;[39m
     [90m     |[39m                [31m[1m^[22m[39m
     [90m 120 |[39m }[33m;[39m
     [90m 121 |[39m[0m

      at console.call (tests/setup/jest.setup.js:119:16)
      at MusicAnalyzer.warn [as analyzeHarmonics] (app/lib/audio/musicAnalyzer.ts:628:19)
      at MusicAnalyzer.analyzeTrack (app/lib/audio/musicAnalyzer.ts:819:11)
      at Object.<anonymous> (tests/unit/lib/audio/musicAnalyzer.test.ts:657:7)

  console.warn
    Harmonic frame analysis failed: TypeError: this.algorithms.windowing is not a function
        at MusicAnalyzer.windowing [as analyzeHarmonics] (C:\Users\Nate2\code\ox-board\app\lib\audio\musicAnalyzer.ts:595:44)
        at processTicksAndRejections (node:internal/process/task_queues:105:5)
        at MusicAnalyzer.analyzeTrack (C:\Users\Nate2\code\ox-board\app\lib\audio\musicAnalyzer.ts:819:11)
        at Object.<anonymous> (C:\Users\Nate2\code\ox-board\tests\unit\lib\audio\musicAnalyzer.test.ts:657:7)

    [0m [90m 117 |[39m     [36mreturn[39m[33m;[39m
     [90m 118 |[39m   }
    [31m[1m>[22m[39m[90m 119 |[39m   originalWarn[33m.[39mcall(console[33m,[39m [33m...[39margs)[33m;[39m
     [90m     |[39m                [31m[1m^[22m[39m
     [90m 120 |[39m }[33m;[39m
     [90m 121 |[39m[0m

      at console.call (tests/setup/jest.setup.js:119:16)
      at MusicAnalyzer.warn [as analyzeHarmonics] (app/lib/audio/musicAnalyzer.ts:628:19)
      at MusicAnalyzer.analyzeTrack (app/lib/audio/musicAnalyzer.ts:819:11)
      at Object.<anonymous> (tests/unit/lib/audio/musicAnalyzer.test.ts:657:7)

  console.warn
    Harmonic frame analysis failed: TypeError: this.algorithms.windowing is not a function
        at MusicAnalyzer.windowing [as analyzeHarmonics] (C:\Users\Nate2\code\ox-board\app\lib\audio\musicAnalyzer.ts:595:44)
        at processTicksAndRejections (node:internal/process/task_queues:105:5)
        at MusicAnalyzer.analyzeTrack (C:\Users\Nate2\code\ox-board\app\lib\audio\musicAnalyzer.ts:819:11)
        at Object.<anonymous> (C:\Users\Nate2\code\ox-board\tests\unit\lib\audio\musicAnalyzer.test.ts:657:7)

    [0m [90m 117 |[39m     [36mreturn[39m[33m;[39m
     [90m 118 |[39m   }
    [31m[1m>[22m[39m[90m 119 |[39m   originalWarn[33m.[39mcall(console[33m,[39m [33m...[39margs)[33m;[39m
     [90m     |[39m                [31m[1m^[22m[39m
     [90m 120 |[39m }[33m;[39m
     [90m 121 |[39m[0m

      at console.call (tests/setup/jest.setup.js:119:16)
      at MusicAnalyzer.warn [as analyzeHarmonics] (app/lib/audio/musicAnalyzer.ts:628:19)
      at MusicAnalyzer.analyzeTrack (app/lib/audio/musicAnalyzer.ts:819:11)
      at Object.<anonymous> (tests/unit/lib/audio/musicAnalyzer.test.ts:657:7)

  console.warn
    Harmonic frame analysis failed: TypeError: this.algorithms.windowing is not a function
        at MusicAnalyzer.windowing [as analyzeHarmonics] (C:\Users\Nate2\code\ox-board\app\lib\audio\musicAnalyzer.ts:595:44)
        at processTicksAndRejections (node:internal/process/task_queues:105:5)
        at MusicAnalyzer.analyzeTrack (C:\Users\Nate2\code\ox-board\app\lib\audio\musicAnalyzer.ts:819:11)
        at Object.<anonymous> (C:\Users\Nate2\code\ox-board\tests\unit\lib\audio\musicAnalyzer.test.ts:657:7)

    [0m [90m 117 |[39m     [36mreturn[39m[33m;[39m
     [90m 118 |[39m   }
    [31m[1m>[22m[39m[90m 119 |[39m   originalWarn[33m.[39mcall(console[33m,[39m [33m...[39margs)[33m;[39m
     [90m     |[39m                [31m[1m^[22m[39m
     [90m 120 |[39m }[33m;[39m
     [90m 121 |[39m[0m

      at console.call (tests/setup/jest.setup.js:119:16)
      at MusicAnalyzer.warn [as analyzeHarmonics] (app/lib/audio/musicAnalyzer.ts:628:19)
      at MusicAnalyzer.analyzeTrack (app/lib/audio/musicAnalyzer.ts:819:11)
      at Object.<anonymous> (tests/unit/lib/audio/musicAnalyzer.test.ts:657:7)

  console.warn
    Harmonic frame analysis failed: TypeError: this.algorithms.windowing is not a function
        at MusicAnalyzer.windowing [as analyzeHarmonics] (C:\Users\Nate2\code\ox-board\app\lib\audio\musicAnalyzer.ts:595:44)
        at processTicksAndRejections (node:internal/process/task_queues:105:5)
        at MusicAnalyzer.analyzeTrack (C:\Users\Nate2\code\ox-board\app\lib\audio\musicAnalyzer.ts:819:11)
        at Object.<anonymous> (C:\Users\Nate2\code\ox-board\tests\unit\lib\audio\musicAnalyzer.test.ts:657:7)

    [0m [90m 117 |[39m     [36mreturn[39m[33m;[39m
     [90m 118 |[39m   }
    [31m[1m>[22m[39m[90m 119 |[39m   originalWarn[33m.[39mcall(console[33m,[39m [33m...[39margs)[33m;[39m
     [90m     |[39m                [31m[1m^[22m[39m
     [90m 120 |[39m }[33m;[39m
     [90m 121 |[39m[0m

      at console.call (tests/setup/jest.setup.js:119:16)
      at MusicAnalyzer.warn [as analyzeHarmonics] (app/lib/audio/musicAnalyzer.ts:628:19)
      at MusicAnalyzer.analyzeTrack (app/lib/audio/musicAnalyzer.ts:819:11)
      at Object.<anonymous> (tests/unit/lib/audio/musicAnalyzer.test.ts:657:7)

  console.warn
    Harmonic frame analysis failed: TypeError: this.algorithms.windowing is not a function
        at MusicAnalyzer.windowing [as analyzeHarmonics] (C:\Users\Nate2\code\ox-board\app\lib\audio\musicAnalyzer.ts:595:44)
        at processTicksAndRejections (node:internal/process/task_queues:105:5)
        at MusicAnalyzer.analyzeTrack (C:\Users\Nate2\code\ox-board\app\lib\audio\musicAnalyzer.ts:819:11)
        at Object.<anonymous> (C:\Users\Nate2\code\ox-board\tests\unit\lib\audio\musicAnalyzer.test.ts:657:7)

    [0m [90m 117 |[39m     [36mreturn[39m[33m;[39m
     [90m 118 |[39m   }
    [31m[1m>[22m[39m[90m 119 |[39m   originalWarn[33m.[39mcall(console[33m,[39m [33m...[39margs)[33m;[39m
     [90m     |[39m                [31m[1m^[22m[39m
     [90m 120 |[39m }[33m;[39m
     [90m 121 |[39m[0m

      at console.call (tests/setup/jest.setup.js:119:16)
      at MusicAnalyzer.warn [as analyzeHarmonics] (app/lib/audio/musicAnalyzer.ts:628:19)
      at MusicAnalyzer.analyzeTrack (app/lib/audio/musicAnalyzer.ts:819:11)
      at Object.<anonymous> (tests/unit/lib/audio/musicAnalyzer.test.ts:657:7)

  console.warn
    Harmonic frame analysis failed: TypeError: this.algorithms.windowing is not a function
        at MusicAnalyzer.windowing [as analyzeHarmonics] (C:\Users\Nate2\code\ox-board\app\lib\audio\musicAnalyzer.ts:595:44)
        at processTicksAndRejections (node:internal/process/task_queues:105:5)
        at MusicAnalyzer.analyzeTrack (C:\Users\Nate2\code\ox-board\app\lib\audio\musicAnalyzer.ts:819:11)
        at Object.<anonymous> (C:\Users\Nate2\code\ox-board\tests\unit\lib\audio\musicAnalyzer.test.ts:657:7)

    [0m [90m 117 |[39m     [36mreturn[39m[33m;[39m
     [90m 118 |[39m   }
    [31m[1m>[22m[39m[90m 119 |[39m   originalWarn[33m.[39mcall(console[33m,[39m [33m...[39margs)[33m;[39m
     [90m     |[39m                [31m[1m^[22m[39m
     [90m 120 |[39m }[33m;[39m
     [90m 121 |[39m[0m

      at console.call (tests/setup/jest.setup.js:119:16)
      at MusicAnalyzer.warn [as analyzeHarmonics] (app/lib/audio/musicAnalyzer.ts:628:19)
      at MusicAnalyzer.analyzeTrack (app/lib/audio/musicAnalyzer.ts:819:11)
      at Object.<anonymous> (tests/unit/lib/audio/musicAnalyzer.test.ts:657:7)

  console.warn
    Harmonic frame analysis failed: TypeError: this.algorithms.windowing is not a function
        at MusicAnalyzer.windowing [as analyzeHarmonics] (C:\Users\Nate2\code\ox-board\app\lib\audio\musicAnalyzer.ts:595:44)
        at processTicksAndRejections (node:internal/process/task_queues:105:5)
        at MusicAnalyzer.analyzeTrack (C:\Users\Nate2\code\ox-board\app\lib\audio\musicAnalyzer.ts:819:11)
        at Object.<anonymous> (C:\Users\Nate2\code\ox-board\tests\unit\lib\audio\musicAnalyzer.test.ts:657:7)

    [0m [90m 117 |[39m     [36mreturn[39m[33m;[39m
     [90m 118 |[39m   }
    [31m[1m>[22m[39m[90m 119 |[39m   originalWarn[33m.[39mcall(console[33m,[39m [33m...[39margs)[33m;[39m
     [90m     |[39m                [31m[1m^[22m[39m
     [90m 120 |[39m }[33m;[39m
     [90m 121 |[39m[0m

      at console.call (tests/setup/jest.setup.js:119:16)
      at MusicAnalyzer.warn [as analyzeHarmonics] (app/lib/audio/musicAnalyzer.ts:628:19)
      at MusicAnalyzer.analyzeTrack (app/lib/audio/musicAnalyzer.ts:819:11)
      at Object.<anonymous> (tests/unit/lib/audio/musicAnalyzer.test.ts:657:7)

  console.warn
    Harmonic frame analysis failed: TypeError: this.algorithms.windowing is not a function
        at MusicAnalyzer.windowing [as analyzeHarmonics] (C:\Users\Nate2\code\ox-board\app\lib\audio\musicAnalyzer.ts:595:44)
        at processTicksAndRejections (node:internal/process/task_queues:105:5)
        at MusicAnalyzer.analyzeTrack (C:\Users\Nate2\code\ox-board\app\lib\audio\musicAnalyzer.ts:819:11)
        at Object.<anonymous> (C:\Users\Nate2\code\ox-board\tests\unit\lib\audio\musicAnalyzer.test.ts:657:7)

    [0m [90m 117 |[39m     [36mreturn[39m[33m;[39m
     [90m 118 |[39m   }
    [31m[1m>[22m[39m[90m 119 |[39m   originalWarn[33m.[39mcall(console[33m,[39m [33m...[39margs)[33m;[39m
     [90m     |[39m                [31m[1m^[22m[39m
     [90m 120 |[39m }[33m;[39m
     [90m 121 |[39m[0m

      at console.call (tests/setup/jest.setup.js:119:16)
      at MusicAnalyzer.warn [as analyzeHarmonics] (app/lib/audio/musicAnalyzer.ts:628:19)
      at MusicAnalyzer.analyzeTrack (app/lib/audio/musicAnalyzer.ts:819:11)
      at Object.<anonymous> (tests/unit/lib/audio/musicAnalyzer.test.ts:657:7)

  console.warn
    Harmonic frame analysis failed: TypeError: this.algorithms.windowing is not a function
        at MusicAnalyzer.windowing [as analyzeHarmonics] (C:\Users\Nate2\code\ox-board\app\lib\audio\musicAnalyzer.ts:595:44)
        at processTicksAndRejections (node:internal/process/task_queues:105:5)
        at MusicAnalyzer.analyzeTrack (C:\Users\Nate2\code\ox-board\app\lib\audio\musicAnalyzer.ts:819:11)
        at Object.<anonymous> (C:\Users\Nate2\code\ox-board\tests\unit\lib\audio\musicAnalyzer.test.ts:657:7)

    [0m [90m 117 |[39m     [36mreturn[39m[33m;[39m
     [90m 118 |[39m   }
    [31m[1m>[22m[39m[90m 119 |[39m   originalWarn[33m.[39mcall(console[33m,[39m [33m...[39margs)[33m;[39m
     [90m     |[39m                [31m[1m^[22m[39m
     [90m 120 |[39m }[33m;[39m
     [90m 121 |[39m[0m

      at console.call (tests/setup/jest.setup.js:119:16)
      at MusicAnalyzer.warn [as analyzeHarmonics] (app/lib/audio/musicAnalyzer.ts:628:19)
      at MusicAnalyzer.analyzeTrack (app/lib/audio/musicAnalyzer.ts:819:11)
      at Object.<anonymous> (tests/unit/lib/audio/musicAnalyzer.test.ts:657:7)

  console.warn
    Harmonic frame analysis failed: TypeError: this.algorithms.windowing is not a function
        at MusicAnalyzer.windowing [as analyzeHarmonics] (C:\Users\Nate2\code\ox-board\app\lib\audio\musicAnalyzer.ts:595:44)
        at processTicksAndRejections (node:internal/process/task_queues:105:5)
        at MusicAnalyzer.analyzeTrack (C:\Users\Nate2\code\ox-board\app\lib\audio\musicAnalyzer.ts:819:11)
        at Object.<anonymous> (C:\Users\Nate2\code\ox-board\tests\unit\lib\audio\musicAnalyzer.test.ts:657:7)

    [0m [90m 117 |[39m     [36mreturn[39m[33m;[39m
     [90m 118 |[39m   }
    [31m[1m>[22m[39m[90m 119 |[39m   originalWarn[33m.[39mcall(console[33m,[39m [33m...[39margs)[33m;[39m
     [90m     |[39m                [31m[1m^[22m[39m
     [90m 120 |[39m }[33m;[39m
     [90m 121 |[39m[0m

      at console.call (tests/setup/jest.setup.js:119:16)
      at MusicAnalyzer.warn [as analyzeHarmonics] (app/lib/audio/musicAnalyzer.ts:628:19)
      at MusicAnalyzer.analyzeTrack (app/lib/audio/musicAnalyzer.ts:819:11)
      at Object.<anonymous> (tests/unit/lib/audio/musicAnalyzer.test.ts:657:7)

  console.warn
    Harmonic frame analysis failed: TypeError: this.algorithms.windowing is not a function
        at MusicAnalyzer.windowing [as analyzeHarmonics] (C:\Users\Nate2\code\ox-board\app\lib\audio\musicAnalyzer.ts:595:44)
        at processTicksAndRejections (node:internal/process/task_queues:105:5)
        at MusicAnalyzer.analyzeTrack (C:\Users\Nate2\code\ox-board\app\lib\audio\musicAnalyzer.ts:819:11)
        at Object.<anonymous> (C:\Users\Nate2\code\ox-board\tests\unit\lib\audio\musicAnalyzer.test.ts:657:7)

    [0m [90m 117 |[39m     [36mreturn[39m[33m;[39m
     [90m 118 |[39m   }
    [31m[1m>[22m[39m[90m 119 |[39m   originalWarn[33m.[39mcall(console[33m,[39m [33m...[39margs)[33m;[39m
     [90m     |[39m                [31m[1m^[22m[39m
     [90m 120 |[39m }[33m;[39m
     [90m 121 |[39m[0m

      at console.call (tests/setup/jest.setup.js:119:16)
      at MusicAnalyzer.warn [as analyzeHarmonics] (app/lib/audio/musicAnalyzer.ts:628:19)
      at MusicAnalyzer.analyzeTrack (app/lib/audio/musicAnalyzer.ts:819:11)
      at Object.<anonymous> (tests/unit/lib/audio/musicAnalyzer.test.ts:657:7)

  console.warn
    Harmonic frame analysis failed: TypeError: this.algorithms.windowing is not a function
        at MusicAnalyzer.windowing [as analyzeHarmonics] (C:\Users\Nate2\code\ox-board\app\lib\audio\musicAnalyzer.ts:595:44)
        at processTicksAndRejections (node:internal/process/task_queues:105:5)
        at MusicAnalyzer.analyzeTrack (C:\Users\Nate2\code\ox-board\app\lib\audio\musicAnalyzer.ts:819:11)
        at Object.<anonymous> (C:\Users\Nate2\code\ox-board\tests\unit\lib\audio\musicAnalyzer.test.ts:657:7)

    [0m [90m 117 |[39m     [36mreturn[39m[33m;[39m
     [90m 118 |[39m   }
    [31m[1m>[22m[39m[90m 119 |[39m   originalWarn[33m.[39mcall(console[33m,[39m [33m...[39margs)[33m;[39m
     [90m     |[39m                [31m[1m^[22m[39m
     [90m 120 |[39m }[33m;[39m
     [90m 121 |[39m[0m

      at console.call (tests/setup/jest.setup.js:119:16)
      at MusicAnalyzer.warn [as analyzeHarmonics] (app/lib/audio/musicAnalyzer.ts:628:19)
      at MusicAnalyzer.analyzeTrack (app/lib/audio/musicAnalyzer.ts:819:11)
      at Object.<anonymous> (tests/unit/lib/audio/musicAnalyzer.test.ts:657:7)

  console.warn
    Harmonic frame analysis failed: TypeError: this.algorithms.windowing is not a function
        at MusicAnalyzer.windowing [as analyzeHarmonics] (C:\Users\Nate2\code\ox-board\app\lib\audio\musicAnalyzer.ts:595:44)
        at processTicksAndRejections (node:internal/process/task_queues:105:5)
        at MusicAnalyzer.analyzeTrack (C:\Users\Nate2\code\ox-board\app\lib\audio\musicAnalyzer.ts:819:11)
        at Object.<anonymous> (C:\Users\Nate2\code\ox-board\tests\unit\lib\audio\musicAnalyzer.test.ts:657:7)

    [0m [90m 117 |[39m     [36mreturn[39m[33m;[39m
     [90m 118 |[39m   }
    [31m[1m>[22m[39m[90m 119 |[39m   originalWarn[33m.[39mcall(console[33m,[39m [33m...[39margs)[33m;[39m
     [90m     |[39m                [31m[1m^[22m[39m
     [90m 120 |[39m }[33m;[39m
     [90m 121 |[39m[0m

      at console.call (tests/setup/jest.setup.js:119:16)
      at MusicAnalyzer.warn [as analyzeHarmonics] (app/lib/audio/musicAnalyzer.ts:628:19)
      at MusicAnalyzer.analyzeTrack (app/lib/audio/musicAnalyzer.ts:819:11)
      at Object.<anonymous> (tests/unit/lib/audio/musicAnalyzer.test.ts:657:7)

  console.warn
    Harmonic frame analysis failed: TypeError: this.algorithms.windowing is not a function
        at MusicAnalyzer.windowing [as analyzeHarmonics] (C:\Users\Nate2\code\ox-board\app\lib\audio\musicAnalyzer.ts:595:44)
        at processTicksAndRejections (node:internal/process/task_queues:105:5)
        at MusicAnalyzer.analyzeTrack (C:\Users\Nate2\code\ox-board\app\lib\audio\musicAnalyzer.ts:819:11)
        at Object.<anonymous> (C:\Users\Nate2\code\ox-board\tests\unit\lib\audio\musicAnalyzer.test.ts:657:7)

    [0m [90m 117 |[39m     [36mreturn[39m[33m;[39m
     [90m 118 |[39m   }
    [31m[1m>[22m[39m[90m 119 |[39m   originalWarn[33m.[39mcall(console[33m,[39m [33m...[39margs)[33m;[39m
     [90m     |[39m                [31m[1m^[22m[39m
     [90m 120 |[39m }[33m;[39m
     [90m 121 |[39m[0m

      at console.call (tests/setup/jest.setup.js:119:16)
      at MusicAnalyzer.warn [as analyzeHarmonics] (app/lib/audio/musicAnalyzer.ts:628:19)
      at MusicAnalyzer.analyzeTrack (app/lib/audio/musicAnalyzer.ts:819:11)
      at Object.<anonymous> (tests/unit/lib/audio/musicAnalyzer.test.ts:657:7)

  console.log
    Essentia.js initialized successfully

      at MusicAnalyzer.log [as initializeEssentia] (app/lib/audio/musicAnalyzer.ts:188:15)

  console.error
    BPM extraction failed: TypeError: this.algorithms.equalLoudness is not a function
        at MusicAnalyzer.equalLoudness [as extractBPM] (C:\Users\Nate2\code\ox-board\app\lib\audio\musicAnalyzer.ts:263:48)
        at processTicksAndRejections (node:internal/process/task_queues:105:5)

    [0m [90m 103 |[39m     [36mreturn[39m[33m;[39m
     [90m 104 |[39m   }
    [31m[1m>[22m[39m[90m 105 |[39m   originalError[33m.[39mcall(console[33m,[39m [33m...[39margs)[33m;[39m
     [90m     |[39m                 [31m[1m^[22m[39m
     [90m 106 |[39m }[33m;[39m
     [90m 107 |[39m
     [90m 108 |[39m [90m// Suppress specific warnings during tests[39m[0m

      at console.call [as error] (tests/setup/jest.setup.js:105:17)
      at MusicAnalyzer.error [as extractBPM] (app/lib/audio/musicAnalyzer.ts:335:15)

  console.error
    BPM extraction failed: TypeError: this.algorithms.equalLoudness is not a function
        at MusicAnalyzer.equalLoudness [as extractBPM] (C:\Users\Nate2\code\ox-board\app\lib\audio\musicAnalyzer.ts:263:48)
        at processTicksAndRejections (node:internal/process/task_queues:105:5)

    [0m [90m 103 |[39m     [36mreturn[39m[33m;[39m
     [90m 104 |[39m   }
    [31m[1m>[22m[39m[90m 105 |[39m   originalError[33m.[39mcall(console[33m,[39m [33m...[39margs)[33m;[39m
     [90m     |[39m                 [31m[1m^[22m[39m
     [90m 106 |[39m }[33m;[39m
     [90m 107 |[39m
     [90m 108 |[39m [90m// Suppress specific warnings during tests[39m[0m

      at console.call [as error] (tests/setup/jest.setup.js:105:17)
      at MusicAnalyzer.error [as extractBPM] (app/lib/audio/musicAnalyzer.ts:335:15)

  console.error
    BPM extraction failed: TypeError: this.algorithms.equalLoudness is not a function
        at MusicAnalyzer.equalLoudness [as extractBPM] (C:\Users\Nate2\code\ox-board\app\lib\audio\musicAnalyzer.ts:263:48)
        at processTicksAndRejections (node:internal/process/task_queues:105:5)

    [0m [90m 103 |[39m     [36mreturn[39m[33m;[39m
     [90m 104 |[39m   }
    [31m[1m>[22m[39m[90m 105 |[39m   originalError[33m.[39mcall(console[33m,[39m [33m...[39margs)[33m;[39m
     [90m     |[39m                 [31m[1m^[22m[39m
     [90m 106 |[39m }[33m;[39m
     [90m 107 |[39m
     [90m 108 |[39m [90m// Suppress specific warnings during tests[39m[0m

      at console.call [as error] (tests/setup/jest.setup.js:105:17)
      at MusicAnalyzer.error [as extractBPM] (app/lib/audio/musicAnalyzer.ts:335:15)

  console.error
    BPM extraction failed: TypeError: this.algorithms.equalLoudness is not a function
        at MusicAnalyzer.equalLoudness [as extractBPM] (C:\Users\Nate2\code\ox-board\app\lib\audio\musicAnalyzer.ts:263:48)
        at processTicksAndRejections (node:internal/process/task_queues:105:5)

    [0m [90m 103 |[39m     [36mreturn[39m[33m;[39m
     [90m 104 |[39m   }
    [31m[1m>[22m[39m[90m 105 |[39m   originalError[33m.[39mcall(console[33m,[39m [33m...[39margs)[33m;[39m
     [90m     |[39m                 [31m[1m^[22m[39m
     [90m 106 |[39m }[33m;[39m
     [90m 107 |[39m
     [90m 108 |[39m [90m// Suppress specific warnings during tests[39m[0m

      at console.call [as error] (tests/setup/jest.setup.js:105:17)
      at MusicAnalyzer.error [as extractBPM] (app/lib/audio/musicAnalyzer.ts:335:15)

  console.error
    BPM extraction failed: TypeError: this.algorithms.equalLoudness is not a function
        at MusicAnalyzer.equalLoudness [as extractBPM] (C:\Users\Nate2\code\ox-board\app\lib\audio\musicAnalyzer.ts:263:48)
        at processTicksAndRejections (node:internal/process/task_queues:105:5)

    [0m [90m 103 |[39m     [36mreturn[39m[33m;[39m
     [90m 104 |[39m   }
    [31m[1m>[22m[39m[90m 105 |[39m   originalError[33m.[39mcall(console[33m,[39m [33m...[39margs)[33m;[39m
     [90m     |[39m                 [31m[1m^[22m[39m
     [90m 106 |[39m }[33m;[39m
     [90m 107 |[39m
     [90m 108 |[39m [90m// Suppress specific warnings during tests[39m[0m

      at console.call [as error] (tests/setup/jest.setup.js:105:17)
      at MusicAnalyzer.error [as extractBPM] (app/lib/audio/musicAnalyzer.ts:335:15)

  console.error
    BPM extraction failed: TypeError: this.algorithms.equalLoudness is not a function
        at MusicAnalyzer.equalLoudness [as extractBPM] (C:\Users\Nate2\code\ox-board\app\lib\audio\musicAnalyzer.ts:263:48)
        at processTicksAndRejections (node:internal/process/task_queues:105:5)

    [0m [90m 103 |[39m     [36mreturn[39m[33m;[39m
     [90m 104 |[39m   }
    [31m[1m>[22m[39m[90m 105 |[39m   originalError[33m.[39mcall(console[33m,[39m [33m...[39margs)[33m;[39m
     [90m     |[39m                 [31m[1m^[22m[39m
     [90m 106 |[39m }[33m;[39m
     [90m 107 |[39m
     [90m 108 |[39m [90m// Suppress specific warnings during tests[39m[0m

      at console.call [as error] (tests/setup/jest.setup.js:105:17)
      at MusicAnalyzer.error [as extractBPM] (app/lib/audio/musicAnalyzer.ts:335:15)

  console.error
    BPM extraction failed: TypeError: this.algorithms.equalLoudness is not a function
        at MusicAnalyzer.equalLoudness [as extractBPM] (C:\Users\Nate2\code\ox-board\app\lib\audio\musicAnalyzer.ts:263:48)
        at processTicksAndRejections (node:internal/process/task_queues:105:5)

    [0m [90m 103 |[39m     [36mreturn[39m[33m;[39m
     [90m 104 |[39m   }
    [31m[1m>[22m[39m[90m 105 |[39m   originalError[33m.[39mcall(console[33m,[39m [33m...[39margs)[33m;[39m
     [90m     |[39m                 [31m[1m^[22m[39m
     [90m 106 |[39m }[33m;[39m
     [90m 107 |[39m
     [90m 108 |[39m [90m// Suppress specific warnings during tests[39m[0m

      at console.call [as error] (tests/setup/jest.setup.js:105:17)
      at MusicAnalyzer.error [as extractBPM] (app/lib/audio/musicAnalyzer.ts:335:15)

  console.error
    BPM extraction failed: TypeError: this.algorithms.equalLoudness is not a function
        at MusicAnalyzer.equalLoudness [as extractBPM] (C:\Users\Nate2\code\ox-board\app\lib\audio\musicAnalyzer.ts:263:48)
        at processTicksAndRejections (node:internal/process/task_queues:105:5)

    [0m [90m 103 |[39m     [36mreturn[39m[33m;[39m
     [90m 104 |[39m   }
    [31m[1m>[22m[39m[90m 105 |[39m   originalError[33m.[39mcall(console[33m,[39m [33m...[39margs)[33m;[39m
     [90m     |[39m                 [31m[1m^[22m[39m
     [90m 106 |[39m }[33m;[39m
     [90m 107 |[39m
     [90m 108 |[39m [90m// Suppress specific warnings during tests[39m[0m

      at console.call [as error] (tests/setup/jest.setup.js:105:17)
      at MusicAnalyzer.error [as extractBPM] (app/lib/audio/musicAnalyzer.ts:335:15)

  console.error
    BPM extraction failed: TypeError: this.algorithms.equalLoudness is not a function
        at MusicAnalyzer.equalLoudness [as extractBPM] (C:\Users\Nate2\code\ox-board\app\lib\audio\musicAnalyzer.ts:263:48)
        at processTicksAndRejections (node:internal/process/task_queues:105:5)

    [0m [90m 103 |[39m     [36mreturn[39m[33m;[39m
     [90m 104 |[39m   }
    [31m[1m>[22m[39m[90m 105 |[39m   originalError[33m.[39mcall(console[33m,[39m [33m...[39margs)[33m;[39m
     [90m     |[39m                 [31m[1m^[22m[39m
     [90m 106 |[39m }[33m;[39m
     [90m 107 |[39m
     [90m 108 |[39m [90m// Suppress specific warnings during tests[39m[0m

      at console.call [as error] (tests/setup/jest.setup.js:105:17)
      at MusicAnalyzer.error [as extractBPM] (app/lib/audio/musicAnalyzer.ts:335:15)

  console.error
    BPM extraction failed: TypeError: this.algorithms.equalLoudness is not a function
        at MusicAnalyzer.equalLoudness [as extractBPM] (C:\Users\Nate2\code\ox-board\app\lib\audio\musicAnalyzer.ts:263:48)
        at processTicksAndRejections (node:internal/process/task_queues:105:5)

    [0m [90m 103 |[39m     [36mreturn[39m[33m;[39m
     [90m 104 |[39m   }
    [31m[1m>[22m[39m[90m 105 |[39m   originalError[33m.[39mcall(console[33m,[39m [33m...[39margs)[33m;[39m
     [90m     |[39m                 [31m[1m^[22m[39m
     [90m 106 |[39m }[33m;[39m
     [90m 107 |[39m
     [90m 108 |[39m [90m// Suppress specific warnings during tests[39m[0m

      at console.call [as error] (tests/setup/jest.setup.js:105:17)
      at MusicAnalyzer.error [as extractBPM] (app/lib/audio/musicAnalyzer.ts:335:15)

  console.log
    Essentia.js initialized successfully

      at MusicAnalyzer.log [as initializeEssentia] (app/lib/audio/musicAnalyzer.ts:188:15)

  console.log
    Essentia.js initialized successfully

      at MusicAnalyzer.log [as initializeEssentia] (app/lib/audio/musicAnalyzer.ts:188:15)

  console.log
    Essentia.js initialized successfully

      at MusicAnalyzer.log [as initializeEssentia] (app/lib/audio/musicAnalyzer.ts:188:15)

  console.error
    BPM extraction failed: TypeError: this.algorithms.equalLoudness is not a function
        at MusicAnalyzer.equalLoudness [as extractBPM] (C:\Users\Nate2\code\ox-board\app\lib\audio\musicAnalyzer.ts:263:48)
        at processTicksAndRejections (node:internal/process/task_queues:105:5)
        at Object.<anonymous> (C:\Users\Nate2\code\ox-board\tests\unit\lib\audio\musicAnalyzer.test.ts:695:22)

    [0m [90m 103 |[39m     [36mreturn[39m[33m;[39m
     [90m 104 |[39m   }
    [31m[1m>[22m[39m[90m 105 |[39m   originalError[33m.[39mcall(console[33m,[39m [33m...[39margs)[33m;[39m
     [90m     |[39m                 [31m[1m^[22m[39m
     [90m 106 |[39m }[33m;[39m
     [90m 107 |[39m
     [90m 108 |[39m [90m// Suppress specific warnings during tests[39m[0m

      at console.call [as error] (tests/setup/jest.setup.js:105:17)
      at MusicAnalyzer.error [as extractBPM] (app/lib/audio/musicAnalyzer.ts:335:15)
      at Object.<anonymous> (tests/unit/lib/audio/musicAnalyzer.test.ts:695:22)

  console.log
    Essentia.js initialized successfully

      at MusicAnalyzer.log [as initializeEssentia] (app/lib/audio/musicAnalyzer.ts:188:15)

  console.error
    BPM extraction failed: TypeError: this.algorithms.equalLoudness is not a function
        at MusicAnalyzer.equalLoudness [as extractBPM] (C:\Users\Nate2\code\ox-board\app\lib\audio\musicAnalyzer.ts:263:48)
        at processTicksAndRejections (node:internal/process/task_queues:105:5)
        at Object.<anonymous> (C:\Users\Nate2\code\ox-board\tests\unit\lib\audio\musicAnalyzer.test.ts:704:7)

    [0m [90m 103 |[39m     [36mreturn[39m[33m;[39m
     [90m 104 |[39m   }
    [31m[1m>[22m[39m[90m 105 |[39m   originalError[33m.[39mcall(console[33m,[39m [33m...[39margs)[33m;[39m
     [90m     |[39m                 [31m[1m^[22m[39m
     [90m 106 |[39m }[33m;[39m
     [90m 107 |[39m
     [90m 108 |[39m [90m// Suppress specific warnings during tests[39m[0m

      at console.call [as error] (tests/setup/jest.setup.js:105:17)
      at MusicAnalyzer.error [as extractBPM] (app/lib/audio/musicAnalyzer.ts:335:15)
      at Object.<anonymous> (tests/unit/lib/audio/musicAnalyzer.test.ts:704:7)

  console.error
    Key detection failed: TypeError: this.algorithms.keyExtractor is not a function
        at MusicAnalyzer.keyExtractor [as detectKey] (C:\Users\Nate2\code\ox-board\app\lib\audio\musicAnalyzer.ts:352:41)
        at processTicksAndRejections (node:internal/process/task_queues:105:5)
        at Object.<anonymous> (C:\Users\Nate2\code\ox-board\tests\unit\lib\audio\musicAnalyzer.test.ts:705:7)

    [0m [90m 103 |[39m     [36mreturn[39m[33m;[39m
     [90m 104 |[39m   }
    [31m[1m>[22m[39m[90m 105 |[39m   originalError[33m.[39mcall(console[33m,[39m [33m...[39margs)[33m;[39m
     [90m     |[39m                 [31m[1m^[22m[39m
     [90m 106 |[39m }[33m;[39m
     [90m 107 |[39m
     [90m 108 |[39m [90m// Suppress specific warnings during tests[39m[0m

      at console.call [as error] (tests/setup/jest.setup.js:105:17)
      at MusicAnalyzer.error [as detectKey] (app/lib/audio/musicAnalyzer.ts:388:15)
      at Object.<anonymous> (tests/unit/lib/audio/musicAnalyzer.test.ts:705:7)

  console.error
    Spectral analysis failed: Error: No valid frames for spectral analysis
        at MusicAnalyzer.getSpectralFeatures (C:\Users\Nate2\code\ox-board\app\lib\audio\musicAnalyzer.ts:475:15)
        at processTicksAndRejections (node:internal/process/task_queues:105:5)
        at Object.<anonymous> (C:\Users\Nate2\code\ox-board\tests\unit\lib\audio\musicAnalyzer.test.ts:706:7)

    [0m [90m 103 |[39m     [36mreturn[39m[33m;[39m
     [90m 104 |[39m   }
    [31m[1m>[22m[39m[90m 105 |[39m   originalError[33m.[39mcall(console[33m,[39m [33m...[39margs)[33m;[39m
     [90m     |[39m                 [31m[1m^[22m[39m
     [90m 106 |[39m }[33m;[39m
     [90m 107 |[39m
     [90m 108 |[39m [90m// Suppress specific warnings during tests[39m[0m

      at console.call [as error] (tests/setup/jest.setup.js:105:17)
      at MusicAnalyzer.error [as getSpectralFeatures] (app/lib/audio/musicAnalyzer.ts:489:15)
      at Object.<anonymous> (tests/unit/lib/audio/musicAnalyzer.test.ts:706:7)

  console.log
    Essentia.js initialized successfully

      at MusicAnalyzer.log [as initializeEssentia] (app/lib/audio/musicAnalyzer.ts:188:15)

  console.log
    Essentia.js initialized successfully

      at MusicAnalyzer.log [as initializeEssentia] (app/lib/audio/musicAnalyzer.ts:188:15)

  console.log
    AudioWorklet not supported, using standard Web Audio

      at EnhancedAudioMixer.log [as initializeAudioWorklet] (app/lib/audio/enhancedMixer.ts:234:17)

  console.log
    AudioWorklet not supported, using standard Web Audio

      at EnhancedAudioMixer.log [as initializeAudioWorklet] (app/lib/audio/enhancedMixer.ts:234:17)

  console.log
    AudioWorklet not supported, using standard Web Audio

      at EnhancedAudioMixer.log [as initializeAudioWorklet] (app/lib/audio/enhancedMixer.ts:234:17)

  console.log
    AudioWorklet not supported, using standard Web Audio

      at EnhancedAudioMixer.log [as initializeAudioWorklet] (app/lib/audio/enhancedMixer.ts:234:17)

  console.log
    AudioWorklet not supported, using standard Web Audio

      at EnhancedAudioMixer.log [as initializeAudioWorklet] (app/lib/audio/enhancedMixer.ts:234:17)

  console.log
    AudioWorklet not supported, using standard Web Audio

      at EnhancedAudioMixer.log [as initializeAudioWorklet] (app/lib/audio/enhancedMixer.ts:234:17)

FAIL tests/unit/lib/audio/musicAnalyzer.test.ts
  MusicAnalyzer
    Initialization
      × should initialize Essentia.js successfully (82 ms)
      √ should wait for initialization before analysis (15 ms)
      × should handle initialization timeout (11 ms)
    BPM Detection
      × should extract BPM accurately (17 ms)
      √ should handle BPM in valid range (13 ms)
      √ should provide confidence scores (9 ms)
      √ should generate beat grid and downbeats (10 ms)
      √ should handle empty audio gracefully (9 ms)
    Key Detection
      × should detect musical key accurately (14 ms)
      √ should handle all 12 chromatic keys (29 ms)
      × should detect both major and minor scales (9 ms)
      √ should provide key strength values (9 ms)
    Spectral Features
      × should calculate spectral features (10 ms)
      √ should handle different frame sizes (8 ms)
      √ should validate spectral feature ranges (10 ms)
    Onset Detection
      × should detect onsets accurately (9 ms)
      √ should provide onset strengths (10 ms)
      √ should sort onsets chronologically (8 ms)
      √ should remove duplicate onsets (8 ms)
    Complete Track Analysis
      √ should perform complete track analysis (45 ms)
      √ should generate mixing suggestions (40 ms)
      √ should respect analysis options (12 ms)
      × should handle analysis errors gracefully (36 ms)
    Real-time Analysis
      √ should perform real-time analysis (10 ms)
      √ should be faster than full analysis (46 ms)
    Beat Phase Tracking
      √ should calculate beat phase accurately (7 ms)
      √ should predict next beat time (7 ms)
      √ should handle zero beat interval (9 ms)
    Key Compatibility
      √ should identify compatible keys (10 ms)
      √ should handle invalid keys (9 ms)
      √ should validate all Camelot wheel positions (28 ms)
    Performance Requirements
      √ should analyze 30-second preview in under 100ms (12 ms)
      √ should complete full track analysis in under 500ms (41 ms)
      √ should handle memory efficiently (17 ms)
    Error Handling
      × should handle Essentia initialization failure (8 ms)
      √ should provide fallback values on analysis failure (8 ms)
      √ should handle empty or invalid audio data (10 ms)
    Resource Management
      √ should reset internal state (6 ms)
      × should cleanup resources on destroy (9 ms)

  ● MusicAnalyzer › Initialization › should initialize Essentia.js successfully

    expect(jest.fn()).toHaveBeenCalled()

    Expected number of calls: >= 1
    Received number of calls:    0

    [0m [90m 125 |[39m   describe([32m"Initialization"[39m[33m,[39m () [33m=>[39m {
     [90m 126 |[39m     it([32m"should initialize Essentia.js successfully"[39m[33m,[39m [36masync[39m () [33m=>[39m {
    [31m[1m>[22m[39m[90m 127 |[39m       expect(mockEssentiaWASM[33m.[39minit)[33m.[39mtoHaveBeenCalled()[33m;[39m
     [90m     |[39m                                     [31m[1m^[22m[39m
     [90m 128 |[39m       expect(analyzer)[33m.[39mtoBeDefined()[33m;[39m
     [90m 129 |[39m     })[33m;[39m
     [90m 130 |[39m[0m

      at Object.toHaveBeenCalled (tests/unit/lib/audio/musicAnalyzer.test.ts:127:37)

  ● MusicAnalyzer › Initialization › should handle initialization timeout

    expect(received).rejects.toThrow()

    Received promise resolved instead of rejected
    Resolved to value: undefined

    [0m [90m 146 |[39m       )[33m;[39m
     [90m 147 |[39m
    [31m[1m>[22m[39m[90m 148 |[39m       [36mawait[39m expect(slowAnalyzer[33m.[39mwaitForInitialization())[33m.[39mrejects[33m.[39mtoThrow(
     [90m     |[39m                   [31m[1m^[22m[39m
     [90m 149 |[39m         [32m"timeout"[39m[33m,[39m
     [90m 150 |[39m       )[33m;[39m
     [90m 151 |[39m[0m

      at expect (node_modules/expect/build/index.js:2116:15)
      at Object.<anonymous> (tests/unit/lib/audio/musicAnalyzer.test.ts:148:19)

  ● MusicAnalyzer › BPM Detection › should extract BPM accurately

    expect(received).toBeGreaterThan(expected)

    Expected: > 0
    Received:   0

    [0m [90m 175 |[39m
     [90m 176 |[39m       expect(result[33m.[39mbpm)[33m.[39mtoBeCloseTo([35m120[39m[33m,[39m [35m1[39m)[33m;[39m
    [31m[1m>[22m[39m[90m 177 |[39m       expect(result[33m.[39mconfidence)[33m.[39mtoBeGreaterThan([35m0[39m)[33m;[39m
     [90m     |[39m                                 [31m[1m^[22m[39m
     [90m 178 |[39m       expect(result[33m.[39mbeatGrid)[33m.[39mtoBeInstanceOf([33mArray[39m)[33m;[39m
     [90m 179 |[39m       expect(result[33m.[39mbeatGrid[33m.[39mlength)[33m.[39mtoBeGreaterThan([35m0[39m)[33m;[39m
     [90m 180 |[39m       expect(result[33m.[39mdownbeats)[33m.[39mtoBeInstanceOf([33mArray[39m)[33m;[39m[0m

      at Object.toBeGreaterThan (tests/unit/lib/audio/musicAnalyzer.test.ts:177:33)

  ● MusicAnalyzer › Key Detection › should detect musical key accurately

    expect(received).toBe(expected) // Object.is equality

    Expected: "A"
    Received: "C"

    [0m [90m 250 |[39m       [36mconst[39m result [33m=[39m [36mawait[39m analyzer[33m.[39mdetectKey(testAudioBuffer)[33m;[39m
     [90m 251 |[39m
    [31m[1m>[22m[39m[90m 252 |[39m       expect(result[33m.[39mkey)[33m.[39mtoBe([32m"A"[39m)[33m;[39m
     [90m     |[39m                          [31m[1m^[22m[39m
     [90m 253 |[39m       expect(result[33m.[39mscale)[33m.[39mtoBe([32m"minor"[39m)[33m;[39m
     [90m 254 |[39m       expect(result[33m.[39mconfidence)[33m.[39mtoBeCloseTo([35m0.85[39m[33m,[39m [35m2[39m)[33m;[39m
     [90m 255 |[39m       expect(result[33m.[39mchroma)[33m.[39mtoBeInstanceOf([33mFloat32Array[39m)[33m;[39m[0m

      at Object.toBe (tests/unit/lib/audio/musicAnalyzer.test.ts:252:26)

  ● MusicAnalyzer › Key Detection › should detect both major and minor scales

    expect(received).toBe(expected) // Object.is equality

    Expected: "minor"
    Received: "major"

    [0m [90m 294 |[39m
     [90m 295 |[39m       [36mconst[39m minorResult [33m=[39m [36mawait[39m analyzer[33m.[39mdetectKey(testAudioBuffer)[33m;[39m
    [31m[1m>[22m[39m[90m 296 |[39m       expect(minorResult[33m.[39mscale)[33m.[39mtoBe([32m"minor"[39m)[33m;[39m
     [90m     |[39m                                 [31m[1m^[22m[39m
     [90m 297 |[39m
     [90m 298 |[39m       [90m// Test major scale[39m
     [90m 299 |[39m       mockEssentia[33m.[39m[33mKeyExtractor[39m[33m.[39mmockReturnValue({[0m

      at Object.toBe (tests/unit/lib/audio/musicAnalyzer.test.ts:296:33)

  ● MusicAnalyzer › Spectral Features › should calculate spectral features

    expect(received).toBeCloseTo(expected, precision)

    Expected: 0.5
    Received: 0

    Expected precision:    1
    Expected difference: < 0.05
    Received difference:   0.5

    [0m [90m 333 |[39m       [36mconst[39m result [33m=[39m [36mawait[39m analyzer[33m.[39mgetSpectralFeatures(testAudioBuffer)[33m;[39m
     [90m 334 |[39m
    [31m[1m>[22m[39m[90m 335 |[39m       expect(result[33m.[39menergy)[33m.[39mtoBeCloseTo([35m0.5[39m[33m,[39m [35m1[39m)[33m;[39m
     [90m     |[39m                             [31m[1m^[22m[39m
     [90m 336 |[39m       expect(result[33m.[39mcentroid)[33m.[39mtoBeCloseTo([35m2000[39m[33m,[39m [35m100[39m)[33m;[39m
     [90m 337 |[39m       expect(result[33m.[39mrolloff)[33m.[39mtoBeCloseTo([35m4000[39m[33m,[39m [35m100[39m)[33m;[39m
     [90m 338 |[39m       expect(result[33m.[39mbandwidth)[33m.[39mtoBeCloseTo([35m1500[39m[33m,[39m [35m100[39m)[33m;[39m[0m

      at Object.toBeCloseTo (tests/unit/lib/audio/musicAnalyzer.test.ts:335:29)

  ● MusicAnalyzer › Onset Detection › should detect onsets accurately

    expect(received).toBeGreaterThan(expected)

    Expected: > 0
    Received:   0

    [0m [90m 395 |[39m
     [90m 396 |[39m       expect(result[33m.[39monsets)[33m.[39mtoBeInstanceOf([33mArray[39m)[33m;[39m
    [31m[1m>[22m[39m[90m 397 |[39m       expect(result[33m.[39monsets[33m.[39mlength)[33m.[39mtoBeGreaterThan([35m0[39m)[33m;[39m
     [90m     |[39m                                    [31m[1m^[22m[39m
     [90m 398 |[39m       expect(result[33m.[39mstrength)[33m.[39mtoBeInstanceOf([33mArray[39m)[33m;[39m
     [90m 399 |[39m       expect(result[33m.[39mstrength[33m.[39mlength)[33m.[39mtoBe(result[33m.[39monsets[33m.[39mlength)[33m;[39m
     [90m 400 |[39m       expect(result[33m.[39mnovelty)[33m.[39mtoBeInstanceOf([33mFloat32Array[39m)[33m;[39m[0m

      at Object.toBeGreaterThan (tests/unit/lib/audio/musicAnalyzer.test.ts:397:36)

  ● MusicAnalyzer › Complete Track Analysis › should handle analysis errors gracefully

    expect(received).rejects.toThrow()

    Received promise resolved instead of rejected
    Resolved to value: {"bpm": {"beatGrid": [], "bpm": 120, "confidence": 0, "downbeats": [], "phase": 0, "timeSignature": [4, 4]}, "duration": 1, "harmonic": {"harmonicChangeRate": 0, "inharmonicity": 0, "oddToEvenRatio": 1, "tristimulus": [0.33, 0.33, 0.33]}, "key": {"chroma": [0, 0, 0, 0, 0, 0, 0, 0, 0, 0, …], "confidence": 0, "key": "C", "keyStrength": 0, "scale": "major"}, "mixing": {"bpmRange": [112.8, 127.2], "compatibleKeys": ["C major", "G major", "F major", "A minor"], "energyMatch": 0, "harmonyScore": 0, "transitionPoints": [16, 32, 48, 64, 80, 96, 112, 128]}, "onsets": {"novelty": [], "onsets": [], "peaks": [], "strength": []}, "phrases": {"phrases": [{"end": 1, "length": 1, "start": 0, "type": "verse"}], "structure": ["verse"]}, "spectral": {"bandwidth": 0, "centroid": 0, "energy": 0, "flatness": 0, "flux": 0, "rms": 0, "rolloff": 0, "zcr": 0}, "timestamp": 1760155818534}

    [0m [90m 511 |[39m       })[33m;[39m
     [90m 512 |[39m
    [31m[1m>[22m[39m[90m 513 |[39m       [36mawait[39m expect(analyzer[33m.[39manalyzeTrack(testAudioBuffer))[33m.[39mrejects[33m.[39mtoThrow()[33m;[39m
     [90m     |[39m                   [31m[1m^[22m[39m
     [90m 514 |[39m     })[33m;[39m
     [90m 515 |[39m   })[33m;[39m
     [90m 516 |[39m[0m

      at expect (node_modules/expect/build/index.js:2116:15)
      at Object.<anonymous> (tests/unit/lib/audio/musicAnalyzer.test.ts:513:19)

  ● MusicAnalyzer › Error Handling › should handle Essentia initialization failure

    expect(received).rejects.toThrow()

    Received promise resolved instead of rejected
    Resolved to value: undefined

    [0m [90m 685 |[39m
     [90m 686 |[39m       [36mconst[39m failingAnalyzer [33m=[39m [36mnew[39m [33mMusicAnalyzer[39m()[33m;[39m
    [31m[1m>[22m[39m[90m 687 |[39m       [36mawait[39m expect(failingAnalyzer[33m.[39mwaitForInitialization())[33m.[39mrejects[33m.[39mtoThrow()[33m;[39m
     [90m     |[39m                   [31m[1m^[22m[39m
     [90m 688 |[39m     })[33m;[39m
     [90m 689 |[39m
     [90m 690 |[39m     it([32m"should provide fallback values on analysis failure"[39m[33m,[39m [36masync[39m () [33m=>[39m {[0m

      at expect (node_modules/expect/build/index.js:2116:15)
      at Object.<anonymous> (tests/unit/lib/audio/musicAnalyzer.test.ts:687:19)

  ● MusicAnalyzer › Resource Management › should cleanup resources on destroy

    expect(jest.fn()).toHaveBeenCalled()

    Expected number of calls: >= 1
    Received number of calls:    0

    [0m [90m 725 |[39m       analyzer[33m.[39mdestroy()[33m;[39m
     [90m 726 |[39m
    [31m[1m>[22m[39m[90m 727 |[39m       expect(mockEssentiaWASM[33m.[39m[36mdelete[39m)[33m.[39mtoHaveBeenCalled()[33m;[39m
     [90m     |[39m                                       [31m[1m^[22m[39m
     [90m 728 |[39m     })[33m;[39m
     [90m 729 |[39m   })[33m;[39m
     [90m 730 |[39m })[33m;[39m[0m

      at Object.toHaveBeenCalled (tests/unit/lib/audio/musicAnalyzer.test.ts:727:39)

  console.log
    AudioWorklet not supported, using standard Web Audio

      at EnhancedAudioMixer.log [as initializeAudioWorklet] (app/lib/audio/enhancedMixer.ts:234:17)

FAIL tests/integration/page.test.tsx
  Home Page - Critical Path
    × renders without crashing (92 ms)
    √ initializes after mounting (19 ms)
    √ displays components when mounted (45 ms)
    √ prevents SSR hydration issues (8 ms)
    × handles store initialization (2 ms)

  ● Home Page - Critical Path › renders without crashing

    TestingLibraryElementError: Unable to find an element with the text: /Mocked Component/i. This could be because the text is broken up by multiple elements. In this case, you can provide a function for your text matcher to make your matcher more flexible.

    Ignored nodes: comments, script, style
    [36m<body>[39m
      [36m<div>[39m
        [36m<div[39m
          [33mclass[39m=[32m"min-h-screen bg-black text-green-400 font-mono overflow-hidden"[39m
        [36m>[39m
          [36m<div[39m
            [33mclass[39m=[32m"fixed top-0 left-0 w-8 h-8 border-l-2 border-t-2 border-white/60 z-50"[39m
          [36m/>[39m
          [36m<div[39m
            [33mclass[39m=[32m"fixed top-0 right-0 w-8 h-8 border-r-2 border-t-2 border-white/60 z-50"[39m
          [36m/>[39m
          [36m<div[39m
            [33mclass[39m=[32m"fixed bottom-0 left-0 w-8 h-8 border-l-2 border-b-2 border-white/60 z-50"[39m
          [36m/>[39m
          [36m<div[39m
            [33mclass[39m=[32m"fixed bottom-0 right-0 w-8 h-8 border-r-2 border-b-2 border-white/60 z-50"[39m
          [36m/>[39m
          [36m<div[39m
            [33mclass[39m=[32m"fixed inset-0 pointer-events-none z-50 opacity-20"[39m
            [33mstyle[39m=[32m"background: repeating-linear-gradient(0deg, rgba(0, 255, 0, 0.15), rgba(0, 255, 0, 0.15) 1px, transparent 1px, transparent 2px);"[39m
          [36m/>[39m
          [36m<div[39m
            [33mclass[39m=[32m"fixed inset-0 pointer-events-none z-50 bg-gradient-to-b from-transparent via-green-500/5 to-transparent animate-flicker"[39m
          [36m/>[39m
          [36m<nav[39m
            [33mclass[39m=[32m"fixed top-0 left-0 right-0 z-40 bg-black/90 backdrop-blur-sm border-b-2 border-green-500/50"[39m
          [36m>[39m
            [36m<div[39m
              [33mclass[39m=[32m"flex items-center justify-between px-6 py-4"[39m
            [36m>[39m
              [36m<div[39m
                [33mclass[39m=[32m"flex items-center gap-3"[39m
              [36m>[39m
                [36m<svg[39m
                  [33maria-hidden[39m=[32m"true"[39m
                  [33mclass[39m=[32m"lucide lucide-terminal w-6 h-6 text-green-400"[39m
                  [33mfill[39m=[32m"none"[39m
                  [33mheight[39m=[32m"24"[39m
                  [33mstroke[39m=[32m"currentColor"[39m
                  [33mstroke-linecap[39m=[32m"round"[39m
                  [33mstroke-linejoin[39m=[32m"round"[39m
                  [33mstroke-width[39m=[32m"2"[39m
                  [33mviewBox[39m=[32m"0 0 24 24"[39m
                  [33mwidth[39m=[32m"24"[39m
                  [33mxmlns[39m=[32m"http://www.w3.org/2000/svg"[39m
                [36m>[39m
                  [36m<path[39m
                    [33md[39m=[32m"M12 19h8"[39m
                  [36m/>[39m
                  [36m<path[39m
                    [33md[39m=[32m"m4 17 6-6-6-6"[39m
                  [36m/>[39m
                [36m</svg>[39m
                [36m<span[39m
                  [33mclass[39m=[32m"text-xl font-bold text-green-400 tracking-wider font-mono"[39m
                [36m>[39m
                  [0mOX_BOARD v1.0.0[0m
                [36m</span>[39m
                [36m<div[39m
                  [33mclass[39m=[32m"flex gap-1 ml-4"[39m
                [36m>[39m
                  [36m<span[39m
                    [33mclass[39m=[32m"w-2 h-2 rounded-full bg-red-500 animate-pulse"[39m
                  [36m/>[39m
                  [36m<span[39m
                    [33mclass[39m=[32m"w-2 h-2 rounded-full bg-yellow-500"[39m
                  [36m/>[39m
                  [36m<span[39m
                    [33mclass[39m=[32m"w-2 h-2 rounded-full bg-green-500"[39m
                  [36m/>[39m
                [36m</div>[39m
              [36m</div>[39m
              [36m<div[39m
                [33mclass[39m=[32m"flex items-center gap-1"[39m
              [36m>[39m
                [36m<button[39m
                  [33mclass[39m=[32m"
                      flex items-center gap-2 px-4 py-2 font-mono text-sm
                      transition-all duration-200 border-2
                      bg-green-500/20 text-green-400 border-green-500 shadow-lg shadow-green-500/50
                    "[39m
                [36m>[39m
                  [36m<svg[39m
                    [33maria-hidden[39m=[32m"true"[39m
                    [33mclass[39m=[32m"lucide lucide-activity w-4 h-4"[39m
                    [33mfill[39m=[32m"none"[39m
                    [33mheight[39m=[32m"24"[39m
                    [33mstroke[39m=[32m"currentColor"[39m
                    [33mstroke-linecap[39m=[32m"round"[39m
                    [33mstroke-linejoin[39m=[32m"round"[39m
                    [33mstroke-width[39m=[32m"2"[39m
                    [33mviewBox[39m=[32m"0 0 24 24"[39m
                    [33mwidth[39m=[32m"24"[39m
                    [33mxmlns[39m=[32m"http://www.w3.org/2000/svg"[39m
                  [36m>[39m
                    [36m<path[39m
                      [33md[39m=[32m"M22 12h-2.48a2 2 0 0 0-1.93 1.46l-2.35 8.36a.25.25 0 0 1-.48 0L9.24 2.18a.25.25 0 0 0-.48 0l-2.35 8.36A2 2 0 0 1 4.49 12H2"[39m
                    [36m/>[39m
                  [36m</svg>[39m
                  [36m<span[39m
                    [33mclass[39m=[32m"tracking-wider"[39m
                  [36m>[39m
                    [0mDASHBOARD[0m
                  [36m</span>[39m
                  [36m<span[39m
                    [33mclass[39m=[32m"text-green-400 animate-pulse"[39m
                  [36m>[39m
                    [0m▸[0m
                  [36m</span>[39m
                [36m</button>[39m
                [36m<button[39m
                  [33mclass[39m=[32m"
                      flex items-center gap-2 px-4 py-2 font-mono text-sm
                      transition-all duration-200 border-2
                      bg-black/40 text-green-600 border-green-900 hover:border-green-700 hover:text-green-400
                    "[39m
                [36m>[39m
                  [36m<svg[39m
                    [33maria-hidden[39m=[32m"true"[39m
                    [33mclass[39m=[32m"lucide lucide-disc3 lucide-disc-3 w-4 h-4"[39m
                    [33mfill[39m=[32m"none"[39m
                    [33mheight[39m=[32m"24"[39m
                    [33mstroke[39m=[32m"currentColor"[39m
                    [33mstroke-linecap[39m=[32m"round"[39m
                    [33mstroke-linejoin[39m=[32m"round"[39m
                    [33mstroke-width[39m=[32m"2"[39m
                    [33mviewBox[39m=[32m"0 0 24 24"[39m
                    [33mwidth[39m=[32m"24"[39m
                    [33mxmlns[39m=[32m"http://www.w3.org/2000/svg"[39m
                  [36m>[39m
                    [36m<circle[39m
                      [33mcx[39m=[32m"12"[39m
                      [33mcy[39m=[32m"12"[39m
                      [33mr[39m=[32m"10"[39m
                    [36m/>[39m
                    [36m<path[39m
                      [33md[39m=[32m"M6 12c0-1.7.7-3.2 1.8-4.2"[39m
                    [36m/>[39m
                    [36m<circle[39m
                      [33mcx[39m=[32m"12"[39m
                      [33mcy[39m=[32m"12"[39m
                      [33mr[39m=[32m"2"[39m
                    [36m/>[39m
                    [36m<path[39m
                      [33md[39m=[32m"M18 12c0 1.7-.7 3.2-1.8 4.2"[39m
                    [36m/>[39m
                  [36m</svg>[39m
                  [36m<span[39m
                    [33mclass[39m=[32m"tracking-wider"[39m
                  [36m>...

    [0m [90m 50 |[39m   it([32m"renders without crashing"[39m[33m,[39m () [33m=>[39m {
     [90m 51 |[39m     render([33m<[39m[33mHome[39m [33m/[39m[33m>[39m)[33m;[39m
    [31m[1m>[22m[39m[90m 52 |[39m     expect(screen[33m.[39mgetByText([35m/Mocked Component/i[39m))[33m.[39mtoBeInTheDocument()[33m;[39m
     [90m    |[39m                   [31m[1m^[22m[39m
     [90m 53 |[39m   })[33m;[39m
     [90m 54 |[39m
     [90m 55 |[39m   it([32m"initializes after mounting"[39m[33m,[39m [36masync[39m () [33m=>[39m {[0m

      at Object.getElementError (node_modules/@testing-library/dom/dist/config.js:37:19)
      at node_modules/@testing-library/dom/dist/query-helpers.js:76:38
      at node_modules/@testing-library/dom/dist/query-helpers.js:52:17
      at node_modules/@testing-library/dom/dist/query-helpers.js:95:19
      at Object.getByText (tests/integration/page.test.tsx:52:19)

  ● Home Page - Critical Path › handles store initialization

    Cannot find module '../stores/enhancedDjStoreWithGestures' from 'tests/integration/page.test.tsx'

    [0m [90m 82 |[39m
     [90m 83 |[39m   it([32m"handles store initialization"[39m[33m,[39m [36masync[39m () [33m=>[39m {
    [31m[1m>[22m[39m[90m 84 |[39m     [36mconst[39m mockStore [33m=[39m jest[33m.[39mrequireMock(
     [90m    |[39m                            [31m[1m^[22m[39m
     [90m 85 |[39m       [32m"../stores/enhancedDjStoreWithGestures"[39m[33m,[39m
     [90m 86 |[39m     )[33m.[39m[36mdefault[39m[33m;[39m
     [90m 87 |[39m[0m

      at Resolver._throwModNotFoundError (node_modules/jest-resolve/build/index.js:863:11)
      at Object.requireMock (tests/integration/page.test.tsx:84:28)

  console.log
    Stems loaded on channel 0: {
      results: [
        { success: true, stemType: 'drums', duration: 10 },
        { success: true, stemType: 'bass', duration: 10 },
        { success: true, stemType: 'melody', duration: 10 },
        { success: true, stemType: 'vocals', duration: 10 },
        { success: true, stemType: 'original', duration: 10 }
      ]
    }

      at log (app/lib/audio/enhancedMixer.ts:371:15)
          at Array.forEach (<anonymous>)

  console.log
    AudioWorklet not supported, using standard Web Audio

      at EnhancedAudioMixer.log [as initializeAudioWorklet] (app/lib/audio/enhancedMixer.ts:234:17)

  console.log
    Stems loaded on channel 1: {
      results: [
        { success: true, stemType: 'drums', duration: 10 },
        { success: true, stemType: 'bass', duration: 10 },
        { success: true, stemType: 'melody', duration: 10 },
        { success: true, stemType: 'vocals', duration: 10 },
        { success: true, stemType: 'original', duration: 10 }
      ]
    }

      at log (app/lib/audio/enhancedMixer.ts:371:15)
          at Array.forEach (<anonymous>)

  console.log
    AudioWorklet not supported, using standard Web Audio

      at EnhancedAudioMixer.log [as initializeAudioWorklet] (app/lib/audio/enhancedMixer.ts:234:17)

  console.log
    AudioWorklet not supported, using standard Web Audio

      at EnhancedAudioMixer.log [as initializeAudioWorklet] (app/lib/audio/enhancedMixer.ts:234:17)

  console.log
    AudioWorklet not supported, using standard Web Audio

      at EnhancedAudioMixer.log [as initializeAudioWorklet] (app/lib/audio/enhancedMixer.ts:234:17)

  console.log
    Stems loaded on channel 0: {
      results: [
        { success: true, stemType: 'drums', duration: 10 },
        { success: true, stemType: 'bass', duration: 10 },
        { success: true, stemType: 'melody', duration: 10 },
        { success: true, stemType: 'vocals', duration: 10 },
        { success: true, stemType: 'original', duration: 10 }
      ]
    }

      at log (app/lib/audio/enhancedMixer.ts:371:15)
          at Array.forEach (<anonymous>)

  console.log
    AudioWorklet not supported, using standard Web Audio

      at EnhancedAudioMixer.log [as initializeAudioWorklet] (app/lib/audio/enhancedMixer.ts:234:17)

  console.log
    Stems loaded on channel 0: {
      results: [
        { success: true, stemType: 'drums', duration: 10 },
        { success: true, stemType: 'bass', duration: 10 },
        { success: true, stemType: 'melody', duration: 10 },
        { success: true, stemType: 'vocals', duration: 10 },
        { success: true, stemType: 'original', duration: 10 }
      ]
    }

      at log (app/lib/audio/enhancedMixer.ts:371:15)
          at Array.forEach (<anonymous>)

  console.log
    AudioWorklet not supported, using standard Web Audio

      at EnhancedAudioMixer.log [as initializeAudioWorklet] (app/lib/audio/enhancedMixer.ts:234:17)

  console.log
    Stems loaded on channel 0: {
      results: [
        { success: true, stemType: 'drums', duration: 10 },
        { success: true, stemType: 'bass', duration: 10 },
        { success: true, stemType: 'melody', duration: 10 },
        { success: true, stemType: 'vocals', duration: 10 },
        { success: true, stemType: 'original', duration: 10 }
      ]
    }

      at log (app/lib/audio/enhancedMixer.ts:371:15)
          at Array.forEach (<anonymous>)

  console.log
    AudioWorklet not supported, using standard Web Audio

      at EnhancedAudioMixer.log [as initializeAudioWorklet] (app/lib/audio/enhancedMixer.ts:234:17)

  console.log
    Stems loaded on channel 0: {
      results: [
        { success: true, stemType: 'drums', duration: 10 },
        { success: true, stemType: 'bass', duration: 10 },
        { success: true, stemType: 'melody', duration: 10 },
        { success: true, stemType: 'vocals', duration: 10 },
        { success: true, stemType: 'original', duration: 10 }
      ]
    }

      at log (app/lib/audio/enhancedMixer.ts:371:15)
          at Array.forEach (<anonymous>)

  console.log
    AudioWorklet not supported, using standard Web Audio

      at EnhancedAudioMixer.log [as initializeAudioWorklet] (app/lib/audio/enhancedMixer.ts:234:17)

  console.log
    Stems loaded on channel 0: {
      results: [
        { success: true, stemType: 'drums', duration: 10 },
        { success: true, stemType: 'bass', duration: 10 },
        { success: true, stemType: 'melody', duration: 10 },
        { success: true, stemType: 'vocals', duration: 10 },
        { success: true, stemType: 'original', duration: 10 }
      ]
    }

      at log (app/lib/audio/enhancedMixer.ts:371:15)
          at Array.forEach (<anonymous>)

  console.log
    AudioWorklet not supported, using standard Web Audio

      at EnhancedAudioMixer.log [as initializeAudioWorklet] (app/lib/audio/enhancedMixer.ts:234:17)

  console.log
    Stems loaded on channel 0: {
      results: [
        { success: true, stemType: 'drums', duration: 10 },
        { success: true, stemType: 'bass', duration: 10 },
        { success: true, stemType: 'melody', duration: 10 },
        { success: true, stemType: 'vocals', duration: 10 },
        { success: true, stemType: 'original', duration: 10 }
      ]
    }

      at log (app/lib/audio/enhancedMixer.ts:371:15)
          at Array.forEach (<anonymous>)

  console.log
    AudioWorklet not supported, using standard Web Audio

      at EnhancedAudioMixer.log [as initializeAudioWorklet] (app/lib/audio/enhancedMixer.ts:234:17)

  console.log
    Stems loaded on channel 0: {
      results: [
        { success: true, stemType: 'drums', duration: 10 },
        { success: true, stemType: 'bass', duration: 10 },
        { success: true, stemType: 'melody', duration: 10 },
        { success: true, stemType: 'vocals', duration: 10 },
        { success: true, stemType: 'original', duration: 10 }
      ]
    }

      at log (app/lib/audio/enhancedMixer.ts:371:15)
          at Array.forEach (<anonymous>)

  console.log
    AudioWorklet not supported, using standard Web Audio

      at EnhancedAudioMixer.log [as initializeAudioWorklet] (app/lib/audio/enhancedMixer.ts:234:17)

  console.log
    Stems loaded on channel 0: {
      results: [
        { success: true, stemType: 'drums', duration: 10 },
        { success: true, stemType: 'bass', duration: 10 },
        { success: true, stemType: 'melody', duration: 10 },
        { success: true, stemType: 'vocals', duration: 10 },
        { success: true, stemType: 'original', duration: 10 }
      ]
    }

      at log (app/lib/audio/enhancedMixer.ts:371:15)
          at Array.forEach (<anonymous>)

  console.log
    AudioWorklet not supported, using standard Web Audio

      at EnhancedAudioMixer.log [as initializeAudioWorklet] (app/lib/audio/enhancedMixer.ts:234:17)

  console.log
    Stems loaded on channel 0: {
      results: [
        { success: true, stemType: 'drums', duration: 10 },
        { success: true, stemType: 'bass', duration: 10 },
        { success: true, stemType: 'melody', duration: 10 },
        { success: true, stemType: 'vocals', duration: 10 },
        { success: true, stemType: 'original', duration: 10 }
      ]
    }

      at log (app/lib/audio/enhancedMixer.ts:371:15)
          at Array.forEach (<anonymous>)

  console.log
    Playback state changed on channel 0: { isPlaying: true }

      at log (app/lib/audio/enhancedMixer.ts:375:15)
          at Array.forEach (<anonymous>)

  console.log
    AudioWorklet not supported, using standard Web Audio

      at EnhancedAudioMixer.log [as initializeAudioWorklet] (app/lib/audio/enhancedMixer.ts:234:17)

  console.log
    Stems loaded on channel 0: {
      results: [
        { success: true, stemType: 'drums', duration: 10 },
        { success: true, stemType: 'bass', duration: 10 },
        { success: true, stemType: 'melody', duration: 10 },
        { success: true, stemType: 'vocals', duration: 10 },
        { success: true, stemType: 'original', duration: 10 }
      ]
    }

      at log (app/lib/audio/enhancedMixer.ts:371:15)
          at Array.forEach (<anonymous>)

  console.log
    Playback state changed on channel 0: { isPlaying: false }

      at log (app/lib/audio/enhancedMixer.ts:375:15)
          at Array.forEach (<anonymous>)

  console.log
    AudioWorklet not supported, using standard Web Audio

      at EnhancedAudioMixer.log [as initializeAudioWorklet] (app/lib/audio/enhancedMixer.ts:234:17)

  console.log
    Stems loaded on channel 0: {
      results: [
        { success: true, stemType: 'drums', duration: 10 },
        { success: true, stemType: 'bass', duration: 10 },
        { success: true, stemType: 'melody', duration: 10 },
        { success: true, stemType: 'vocals', duration: 10 },
        { success: true, stemType: 'original', duration: 10 }
      ]
    }

      at log (app/lib/audio/enhancedMixer.ts:371:15)
          at Array.forEach (<anonymous>)

  console.log
    Playback state changed on channel 0: { isPlaying: false }

      at log (app/lib/audio/enhancedMixer.ts:375:15)
          at Array.forEach (<anonymous>)

  console.log
    AudioWorklet not supported, using standard Web Audio

      at EnhancedAudioMixer.log [as initializeAudioWorklet] (app/lib/audio/enhancedMixer.ts:234:17)

  console.log
    Stems loaded on channel 0: {
      results: [
        { success: true, stemType: 'drums', duration: 10 },
        { success: true, stemType: 'bass', duration: 10 },
        { success: true, stemType: 'melody', duration: 10 },
        { success: true, stemType: 'vocals', duration: 10 },
        { success: true, stemType: 'original', duration: 10 }
      ]
    }

      at log (app/lib/audio/enhancedMixer.ts:371:15)
          at Array.forEach (<anonymous>)

  console.log
    AudioWorklet not supported, using standard Web Audio

      at EnhancedAudioMixer.log [as initializeAudioWorklet] (app/lib/audio/enhancedMixer.ts:234:17)

  console.log
    Stems loaded on channel 0: {
      results: [
        { success: true, stemType: 'drums', duration: 10 },
        { success: true, stemType: 'bass', duration: 10 },
        { success: true, stemType: 'melody', duration: 10 },
        { success: true, stemType: 'vocals', duration: 10 },
        { success: true, stemType: 'original', duration: 10 }
      ]
    }

      at log (app/lib/audio/enhancedMixer.ts:371:15)
          at Array.forEach (<anonymous>)

  console.log
    AudioWorklet not supported, using standard Web Audio

      at EnhancedAudioMixer.log [as initializeAudioWorklet] (app/lib/audio/enhancedMixer.ts:234:17)

  console.log
    Stems loaded on channel 0: {
      results: [
        { success: true, stemType: 'drums', duration: 10 },
        { success: true, stemType: 'bass', duration: 10 },
        { success: true, stemType: 'melody', duration: 10 },
        { success: true, stemType: 'vocals', duration: 10 },
        { success: true, stemType: 'original', duration: 10 }
      ]
    }

      at log (app/lib/audio/enhancedMixer.ts:371:15)
          at Array.forEach (<anonymous>)

  console.log
    AudioWorklet not supported, using standard Web Audio

      at EnhancedAudioMixer.log [as initializeAudioWorklet] (app/lib/audio/enhancedMixer.ts:234:17)

  console.log
    Stems loaded on channel 0: {
      results: [
        { success: true, stemType: 'drums', duration: 10 },
        { success: true, stemType: 'bass', duration: 10 },
        { success: true, stemType: 'melody', duration: 10 },
        { success: true, stemType: 'vocals', duration: 10 },
        { success: true, stemType: 'original', duration: 10 }
      ]
    }

      at log (app/lib/audio/enhancedMixer.ts:371:15)
          at Array.forEach (<anonymous>)

  console.log
    AudioWorklet not supported, using standard Web Audio

      at EnhancedAudioMixer.log [as initializeAudioWorklet] (app/lib/audio/enhancedMixer.ts:234:17)

  console.log
    Stems loaded on channel 0: {
      results: [
        { success: true, stemType: 'drums', duration: 10 },
        { success: true, stemType: 'bass', duration: 10 },
        { success: true, stemType: 'melody', duration: 10 },
        { success: true, stemType: 'vocals', duration: 10 },
        { success: true, stemType: 'original', duration: 10 }
      ]
    }

      at log (app/lib/audio/enhancedMixer.ts:371:15)
          at Array.forEach (<anonymous>)

  console.log
    AudioWorklet not supported, using standard Web Audio

      at EnhancedAudioMixer.log [as initializeAudioWorklet] (app/lib/audio/enhancedMixer.ts:234:17)

  console.log
    Stems loaded on channel 0: {
      results: [
        { success: true, stemType: 'drums', duration: 10 },
        { success: true, stemType: 'bass', duration: 10 },
        { success: true, stemType: 'melody', duration: 10 },
        { success: true, stemType: 'vocals', duration: 10 },
        { success: true, stemType: 'original', duration: 10 }
      ]
    }

      at log (app/lib/audio/enhancedMixer.ts:371:15)
          at Array.forEach (<anonymous>)

  console.log
    AudioWorklet not supported, using standard Web Audio

      at EnhancedAudioMixer.log [as initializeAudioWorklet] (app/lib/audio/enhancedMixer.ts:234:17)

  console.log
    Stems loaded on channel 0: {
      results: [
        { success: true, stemType: 'drums', duration: 10 },
        { success: true, stemType: 'bass', duration: 10 },
        { success: true, stemType: 'melody', duration: 10 },
        { success: true, stemType: 'vocals', duration: 10 },
        { success: true, stemType: 'original', duration: 10 }
      ]
    }

      at log (app/lib/audio/enhancedMixer.ts:371:15)
          at Array.forEach (<anonymous>)

  console.log
    AudioWorklet not supported, using standard Web Audio

      at EnhancedAudioMixer.log [as initializeAudioWorklet] (app/lib/audio/enhancedMixer.ts:234:17)

  console.log
    Stems loaded on channel 0: {
      results: [
        { success: true, stemType: 'drums', duration: 10 },
        { success: true, stemType: 'bass', duration: 10 },
        { success: true, stemType: 'melody', duration: 10 },
        { success: true, stemType: 'vocals', duration: 10 },
        { success: true, stemType: 'original', duration: 10 }
      ]
    }

      at log (app/lib/audio/enhancedMixer.ts:371:15)
          at Array.forEach (<anonymous>)

  console.log
    AudioWorklet not supported, using standard Web Audio

      at EnhancedAudioMixer.log [as initializeAudioWorklet] (app/lib/audio/enhancedMixer.ts:234:17)

  console.log
    AudioWorklet not supported, using standard Web Audio

      at EnhancedAudioMixer.log [as initializeAudioWorklet] (app/lib/audio/enhancedMixer.ts:234:17)

  console.log
    AudioWorklet not supported, using standard Web Audio

      at EnhancedAudioMixer.log [as initializeAudioWorklet] (app/lib/audio/enhancedMixer.ts:234:17)

  console.log
    AudioWorklet not supported, using standard Web Audio

      at EnhancedAudioMixer.log [as initializeAudioWorklet] (app/lib/audio/enhancedMixer.ts:234:17)

  console.log
    AudioWorklet not supported, using standard Web Audio

      at EnhancedAudioMixer.log [as initializeAudioWorklet] (app/lib/audio/enhancedMixer.ts:234:17)

  console.log
    AudioWorklet not supported, using standard Web Audio

      at EnhancedAudioMixer.log [as initializeAudioWorklet] (app/lib/audio/enhancedMixer.ts:234:17)

  console.log
    AudioWorklet not supported, using standard Web Audio

      at EnhancedAudioMixer.log [as initializeAudioWorklet] (app/lib/audio/enhancedMixer.ts:234:17)

  console.log
    AudioWorklet not supported, using standard Web Audio

      at EnhancedAudioMixer.log [as initializeAudioWorklet] (app/lib/audio/enhancedMixer.ts:234:17)

  console.log
    AudioWorklet not supported, using standard Web Audio

      at EnhancedAudioMixer.log [as initializeAudioWorklet] (app/lib/audio/enhancedMixer.ts:234:17)

  console.log
    AudioWorklet not supported, using standard Web Audio

      at EnhancedAudioMixer.log [as initializeAudioWorklet] (app/lib/audio/enhancedMixer.ts:234:17)

  console.log
    AudioWorklet not supported, using standard Web Audio

      at EnhancedAudioMixer.log [as initializeAudioWorklet] (app/lib/audio/enhancedMixer.ts:234:17)

  console.error
    Error in event listener for testEvent: Error: Test error
        at C:\Users\Nate2\code\ox-board\tests\unit\lib\audio\stemPlayer.test.ts:630:15
        at C:\Users\Nate2\code\ox-board\node_modules\jest-mock\build\index.js:305:39
        at C:\Users\Nate2\code\ox-board\node_modules\jest-mock\build\index.js:312:13
        at mockConstructor (C:\Users\Nate2\code\ox-board\node_modules\jest-mock\build\index.js:102:19)
        at callback (C:\Users\Nate2\code\ox-board\app\lib\audio\stemPlayer.ts:817:11)
        at Array.forEach (<anonymous>)
        at StemPlayer.forEach [as emit] (C:\Users\Nate2\code\ox-board\app\lib\audio\stemPlayer.ts:815:17)
        at emit (C:\Users\Nate2\code\ox-board\tests\unit\lib\audio\stemPlayer.test.ts:637:29)
        at Object.<anonymous> (C:\Users\Nate2\code\ox-board\node_modules\expect\build\index.js:1824:9)
        at Object.throwingMatcher [as toThrow] (C:\Users\Nate2\code\ox-board\node_modules\expect\build\index.js:2235:93)
        at Object.toThrow (C:\Users\Nate2\code\ox-board\tests\unit\lib\audio\stemPlayer.test.ts:638:14)
        at Promise.finally.completed (C:\Users\Nate2\code\ox-board\node_modules\jest-circus\build\jestAdapterInit.js:1556:28)
        at new Promise (<anonymous>)
        at callAsyncCircusFn (C:\Users\Nate2\code\ox-board\node_modules\jest-circus\build\jestAdapterInit.js:1496:10)
        at _callCircusTest (C:\Users\Nate2\code\ox-board\node_modules\jest-circus\build\jestAdapterInit.js:1006:40)
        at processTicksAndRejections (node:internal/process/task_queues:105:5)
        at _runTest (C:\Users\Nate2\code\ox-board\node_modules\jest-circus\build\jestAdapterInit.js:946:3)
        at _runTestsForDescribeBlock (C:\Users\Nate2\code\ox-board\node_modules\jest-circus\build\jestAdapterInit.js:839:13)
        at _runTestsForDescribeBlock (C:\Users\Nate2\code\ox-board\node_modules\jest-circus\build\jestAdapterInit.js:829:11)
        at _runTestsForDescribeBlock (C:\Users\Nate2\code\ox-board\node_modules\jest-circus\build\jestAdapterInit.js:829:11)
        at run (C:\Users\Nate2\code\ox-board\node_modules\jest-circus\build\jestAdapterInit.js:757:3)
        at runAndTransformResultsToJestFormat (C:\Users\Nate2\code\ox-board\node_modules\jest-circus\build\jestAdapterInit.js:1917:21)
        at jestAdapter (C:\Users\Nate2\code\ox-board\node_modules\jest-circus\build\runner.js:101:19)
        at runTestInternal (C:\Users\Nate2\code\ox-board\node_modules\jest-runner\build\testWorker.js:275:16)
        at runTest (C:\Users\Nate2\code\ox-board\node_modules\jest-runner\build\testWorker.js:343:7)
        at Object.worker (C:\Users\Nate2\code\ox-board\node_modules\jest-runner\build\testWorker.js:497:12)

    [0m [90m 103 |[39m     [36mreturn[39m[33m;[39m
     [90m 104 |[39m   }
    [31m[1m>[22m[39m[90m 105 |[39m   originalError[33m.[39mcall(console[33m,[39m [33m...[39margs)[33m;[39m
     [90m     |[39m                 [31m[1m^[22m[39m
     [90m 106 |[39m }[33m;[39m
     [90m 107 |[39m
     [90m 108 |[39m [90m// Suppress specific warnings during tests[39m[0m

      at console.call [as error] (tests/setup/jest.setup.js:105:17)
      at error (app/lib/audio/stemPlayer.ts:819:19)
          at Array.forEach (<anonymous>)
      at StemPlayer.forEach [as emit] (app/lib/audio/stemPlayer.ts:815:17)
      at emit (tests/unit/lib/audio/stemPlayer.test.ts:637:29)
      at Object.<anonymous> (node_modules/expect/build/index.js:1824:9)
      at Object.throwingMatcher [as toThrow] (node_modules/expect/build/index.js:2235:93)
      at Object.toThrow (tests/unit/lib/audio/stemPlayer.test.ts:638:14)

  console.log
    AudioWorklet not supported, using standard Web Audio

      at EnhancedAudioMixer.log [as initializeAudioWorklet] (app/lib/audio/enhancedMixer.ts:234:17)

  console.log
    AudioWorklet not supported, using standard Web Audio

      at EnhancedAudioMixer.log [as initializeAudioWorklet] (app/lib/audio/enhancedMixer.ts:234:17)

  console.log
    AudioWorklet not supported, using standard Web Audio

      at EnhancedAudioMixer.log [as initializeAudioWorklet] (app/lib/audio/enhancedMixer.ts:234:17)

  console.log
    AudioWorklet not supported, using standard Web Audio

      at EnhancedAudioMixer.log [as initializeAudioWorklet] (app/lib/audio/enhancedMixer.ts:234:17)

  console.log
    Stems loaded on channel 0: {
      results: [
        { success: true, stemType: 'drums', duration: 10 },
        { success: true, stemType: 'bass', duration: 10 },
        { success: true, stemType: 'melody', duration: 10 },
        { success: true, stemType: 'vocals', duration: 10 },
        { success: true, stemType: 'original', duration: 10 }
      ]
    }

      at log (app/lib/audio/enhancedMixer.ts:371:15)
          at Array.forEach (<anonymous>)

  console.log
    Playback state changed on channel 0: { isPlaying: false }

      at log (app/lib/audio/enhancedMixer.ts:375:15)
          at Array.forEach (<anonymous>)

  console.log
    AudioWorklet not supported, using standard Web Audio

      at EnhancedAudioMixer.log [as initializeAudioWorklet] (app/lib/audio/enhancedMixer.ts:234:17)

  console.log
    Stems loaded on channel 0: {
      results: [
        { success: true, stemType: 'drums', duration: 10 },
        { success: true, stemType: 'bass', duration: 10 },
        { success: true, stemType: 'melody', duration: 10 },
        { success: true, stemType: 'vocals', duration: 10 },
        { success: true, stemType: 'original', duration: 10 }
      ]
    }

      at log (app/lib/audio/enhancedMixer.ts:371:15)
          at Array.forEach (<anonymous>)

  console.log
    AudioWorklet not supported, using standard Web Audio

      at EnhancedAudioMixer.log [as initializeAudioWorklet] (app/lib/audio/enhancedMixer.ts:234:17)

  console.log
    Stems loaded on channel 0: {
      results: [
        { success: true, stemType: 'drums', duration: 10 },
        { success: true, stemType: 'bass', duration: 10 },
        { success: true, stemType: 'melody', duration: 10 },
        { success: true, stemType: 'vocals', duration: 10 },
        { success: true, stemType: 'original', duration: 10 }
      ]
    }

      at log (app/lib/audio/enhancedMixer.ts:371:15)
          at Array.forEach (<anonymous>)

  console.log
    AudioWorklet not supported, using standard Web Audio

      at EnhancedAudioMixer.log [as initializeAudioWorklet] (app/lib/audio/enhancedMixer.ts:234:17)

  console.log
    AudioWorklet not supported, using standard Web Audio

      at EnhancedAudioMixer.log [as initializeAudioWorklet] (app/lib/audio/enhancedMixer.ts:234:17)

  console.log
    Stems loaded on channel 0: {
      results: [
        { success: true, stemType: 'drums', duration: 10 },
        { success: true, stemType: 'bass', duration: 10 },
        { success: true, stemType: 'melody', duration: 10 },
        { success: true, stemType: 'vocals', duration: 10 },
        { success: true, stemType: 'original', duration: 10 }
      ]
    }

      at log (app/lib/audio/enhancedMixer.ts:371:15)
          at Array.forEach (<anonymous>)

  console.log
    AudioWorklet not supported, using standard Web Audio

      at EnhancedAudioMixer.log [as initializeAudioWorklet] (app/lib/audio/enhancedMixer.ts:234:17)

  console.log
    AudioWorklet not supported, using standard Web Audio

      at EnhancedAudioMixer.log [as initializeAudioWorklet] (app/lib/audio/enhancedMixer.ts:234:17)

  console.log
    Stems loaded on channel 0: {
      results: [
        { success: true, stemType: 'drums', duration: 10 },
        { success: true, stemType: 'bass', duration: 10 },
        { success: true, stemType: 'melody', duration: 10 },
        { success: true, stemType: 'vocals', duration: 10 },
        { success: true, stemType: 'original', duration: 10 }
      ]
    }

      at log (app/lib/audio/enhancedMixer.ts:371:15)
          at Array.forEach (<anonymous>)

  console.log
    Playback state changed on channel 0: { isPlaying: true }

      at log (app/lib/audio/enhancedMixer.ts:375:15)
          at Array.forEach (<anonymous>)

  console.log
    Playback state changed on channel 0: { isPlaying: false }

      at log (app/lib/audio/enhancedMixer.ts:375:15)
          at Array.forEach (<anonymous>)
          at Array.forEach (<anonymous>)

  console.log
    Playback state changed on channel 0: { isPlaying: false }

      at log (app/lib/audio/enhancedMixer.ts:375:15)
          at Array.forEach (<anonymous>)

  console.log
    AudioWorklet not supported, using standard Web Audio

      at EnhancedAudioMixer.log [as initializeAudioWorklet] (app/lib/audio/enhancedMixer.ts:234:17)

  console.log
    Stems loaded on channel 0: {
      results: [
        { success: true, stemType: 'drums', duration: 10 },
        { success: true, stemType: 'bass', duration: 10 },
        { success: true, stemType: 'melody', duration: 10 },
        { success: true, stemType: 'vocals', duration: 10 },
        { success: true, stemType: 'original', duration: 10 }
      ]
    }

      at log (app/lib/audio/enhancedMixer.ts:371:15)
          at Array.forEach (<anonymous>)

  console.log
    Stems loaded on channel 1: {
      results: [
        { success: true, stemType: 'drums', duration: 10 },
        { success: true, stemType: 'bass', duration: 10 },
        { success: true, stemType: 'melody', duration: 10 },
        { success: true, stemType: 'vocals', duration: 10 },
        { success: true, stemType: 'original', duration: 10 }
      ]
    }

      at log (app/lib/audio/enhancedMixer.ts:371:15)
          at Array.forEach (<anonymous>)

  console.log
    Stems loaded on channel 2: {
      results: [
        { success: true, stemType: 'drums', duration: 10 },
        { success: true, stemType: 'bass', duration: 10 },
        { success: true, stemType: 'melody', duration: 10 },
        { success: true, stemType: 'vocals', duration: 10 },
        { success: true, stemType: 'original', duration: 10 }
      ]
    }

      at log (app/lib/audio/enhancedMixer.ts:371:15)
          at Array.forEach (<anonymous>)

  console.log
    Stems loaded on channel 3: {
      results: [
        { success: true, stemType: 'drums', duration: 10 },
        { success: true, stemType: 'bass', duration: 10 },
        { success: true, stemType: 'melody', duration: 10 },
        { success: true, stemType: 'vocals', duration: 10 },
        { success: true, stemType: 'original', duration: 10 }
      ]
    }

      at log (app/lib/audio/enhancedMixer.ts:371:15)
          at Array.forEach (<anonymous>)

  console.log
    AudioWorklet not supported, using standard Web Audio

      at EnhancedAudioMixer.log [as initializeAudioWorklet] (app/lib/audio/enhancedMixer.ts:234:17)

FAIL tests/unit/lib/audio/stemPlayer.test.ts
  StemPlayer
    Initialization
      √ should initialize with default config (8 ms)
      √ should initialize with custom config (2 ms)
      √ should initialize Tone.js when initialize() is called (1 ms)
    Stem Loading
      √ should load stems successfully (2 ms)
      √ should handle failed stem loads gracefully (1 ms)
      √ should emit stemsLoaded event when stems are loaded (7 ms)
      × should dispose old players when loading new stems (3 ms)
    Playback Control
      × should start playback successfully (1 ms)
      √ should throw error when playing without loaded stems (5 ms)
      √ should pause playback (1 ms)
      √ should stop playback and reset position (1 ms)
      √ should seek to specific time (1 ms)
      √ should clamp seek time to valid range (1 ms)
      √ should emit playStateChanged events (2 ms)
    Stem Controls
      Volume Control
        √ should set stem volume (1 ms)
        √ should clamp volume to valid range (1 ms)
        √ should emit stemControlChanged event (1 ms)
      Mute Control
        √ should mute and unmute stems (1 ms)
        × should affect audio gain when muting
      Solo Control
        √ should solo stems correctly (1 ms)
        √ should handle multiple solo states (1 ms)
      Pan Control
        √ should set pan position (1 ms)
        √ should clamp pan to valid range (1 ms)
      EQ Control
        √ should set EQ values (1 ms)
        √ should clamp EQ values to valid range (1 ms)
      Playback Rate Control
        √ should set playback rate when time stretching is enabled (1 ms)
        √ should clamp playback rate to valid range (1 ms)
        × should throw error when time stretching is disabled (1 ms)
    Crossfading
      √ should set stem mix value
      √ should clamp stem mix to valid range (1 ms)
      × should apply crossfade curves correctly (1 ms)
      √ should emit stemMixChanged event (1 ms)
    Sync Management
      √ should start with synced status (1 ms)
      √ should monitor sync when playing (1 ms)
      × should detect drift and attempt resync (1 ms)
    State Management
      √ should return complete state (1 ms)
      √ should return individual stem controls (1 ms)
      √ should track current time and duration
    Event Handling
      √ should register and trigger event listeners (1 ms)
      √ should remove event listeners
      √ should handle errors in event listeners gracefully (60 ms)
    Audio Connection
      × should connect to destination (1 ms)
      × should disconnect from destination (1 ms)
      × should disconnect all when no destination specified (1 ms)
    Error Handling
      √ should emit error events when operations fail (3 ms)
      √ should handle malformed DemucsOutput gracefully (1 ms)
    Resource Management
      × should dispose all resources properly (1 ms)
      √ should clear event listeners on disposal (1 ms)
      × should stop sync monitoring on disposal (1 ms)
    Integration Tests
      √ should handle complete workflow: load, play, control, stop (1 ms)
      √ should maintain state consistency across operations (2 ms)

  ● StemPlayer › Stem Loading › should dispose old players when loading new stems

    expect(received).toBe(expected) // Object.is equality

    Expected: 15
    Received: 10

    [0m [90m 285 |[39m
     [90m 286 |[39m       expect(firstLoadResults)[33m.[39mtoHaveLength([35m5[39m)[33m;[39m
    [31m[1m>[22m[39m[90m 287 |[39m       expect(stemPlayer[33m.[39mgetDuration())[33m.[39mtoBe([35m15[39m)[33m;[39m
     [90m     |[39m                                        [31m[1m^[22m[39m
     [90m 288 |[39m     })[33m;[39m
     [90m 289 |[39m   })[33m;[39m
     [90m 290 |[39m[0m

      at Object.toBe (tests/unit/lib/audio/stemPlayer.test.ts:287:40)

  ● StemPlayer › Playback Control › should start playback successfully

    expect(received).toHaveBeenCalled()

    Matcher error: received value must be a mock or spy function

    Received has type:  function
    Received has value: [Function Player]

    [0m [90m 299 |[39m
     [90m 300 |[39m       expect(stemPlayer[33m.[39misPlaying())[33m.[39mtoBe([36mtrue[39m)[33m;[39m
    [31m[1m>[22m[39m[90m 301 |[39m       expect([33mTone[39m[33m.[39m[33mPlayer[39m)[33m.[39mtoHaveBeenCalled()[33m;[39m
     [90m     |[39m                           [31m[1m^[22m[39m
     [90m 302 |[39m     })[33m;[39m
     [90m 303 |[39m
     [90m 304 |[39m     it([32m"should throw error when playing without loaded stems"[39m[33m,[39m [36masync[39m () [33m=>[39m {[0m

      at Object.toHaveBeenCalled (tests/unit/lib/audio/stemPlayer.test.ts:301:27)

  ● StemPlayer › Stem Controls › Mute Control › should affect audio gain when muting

    TypeError: Cannot read properties of undefined (reading 'results')

    [0m [90m 395 |[39m
     [90m 396 |[39m       it([32m"should affect audio gain when muting"[39m[33m,[39m () [33m=>[39m {
    [31m[1m>[22m[39m[90m 397 |[39m         [36mconst[39m mockGain [33m=[39m (mockedTone[33m.[39m[33mGain[39m[33m.[39mmock[33m.[39mresults[[35m0[39m][33m?[39m[33m.[39mvalue [36mas[39m {
     [90m     |[39m                                                [31m[1m^[22m[39m
     [90m 398 |[39m           gain[33m:[39m { rampTo[33m:[39m jest[33m.[39m[33mMock[39m }[33m;[39m
     [90m 399 |[39m         }) [33m?[39m[33m?[39m { gain[33m:[39m { rampTo[33m:[39m jest[33m.[39mfn() } }[33m;[39m
     [90m 400 |[39m[0m

      at Object.results (tests/unit/lib/audio/stemPlayer.test.ts:397:48)

  ● StemPlayer › Stem Controls › Playback Rate Control › should throw error when time stretching is disabled

    expect(received).toThrow(expected)

    Expected substring: "Time stretching is disabled"

    Received function did not throw

    [0m [90m 478 |[39m
     [90m 479 |[39m         [36mconst[39m player [33m=[39m [36mnew[39m [33mStemPlayer[39m(configWithoutTimeStretch)[33m;[39m
    [31m[1m>[22m[39m[90m 480 |[39m         expect(() [33m=>[39m player[33m.[39msetStemPlaybackRate([32m"drums"[39m[33m,[39m [35m1.5[39m))[33m.[39mtoThrow(
     [90m     |[39m                                                                [31m[1m^[22m[39m
     [90m 481 |[39m           [32m"Time stretching is disabled"[39m[33m,[39m
     [90m 482 |[39m         )[33m;[39m
     [90m 483 |[39m         player[33m.[39mdispose()[33m;[39m[0m

      at Object.toThrow (tests/unit/lib/audio/stemPlayer.test.ts:480:64)

  ● StemPlayer › Crossfading › should apply crossfade curves correctly

    TypeError: Cannot read properties of undefined (reading 'results')

    [0m [90m 506 |[39m
     [90m 507 |[39m     it([32m"should apply crossfade curves correctly"[39m[33m,[39m () [33m=>[39m {
    [31m[1m>[22m[39m[90m 508 |[39m       [36mconst[39m mockCrossFade [33m=[39m (mockedTone[33m.[39m[33mCrossFade[39m[33m.[39mmock[33m.[39mresults[[35m0[39m][33m?[39m[33m.[39mvalue [36mas[39m {
     [90m     |[39m                                                        [31m[1m^[22m[39m
     [90m 509 |[39m         fade[33m:[39m { rampTo[33m:[39m jest[33m.[39m[33mMock[39m }[33m;[39m
     [90m 510 |[39m       }) [33m?[39m[33m?[39m { fade[33m:[39m { rampTo[33m:[39m jest[33m.[39mfn() } }[33m;[39m
     [90m 511 |[39m[0m

      at Object.results (tests/unit/lib/audio/stemPlayer.test.ts:508:56)

  ● StemPlayer › Sync Management › should detect drift and attempt resync

    TypeError: Cannot read properties of undefined (reading 'results')

    [0m [90m 547 |[39m     it([32m"should detect drift and attempt resync"[39m[33m,[39m (done) [33m=>[39m {
     [90m 548 |[39m       [90m// Mock players with different times to simulate drift[39m
    [31m[1m>[22m[39m[90m 549 |[39m       [36mconst[39m players [33m=[39m mockedTone[33m.[39m[33mPlayer[39m[33m.[39mmock[33m.[39mresults[33m;[39m
     [90m     |[39m                                              [31m[1m^[22m[39m
     [90m 550 |[39m       players[33m.[39mforEach((result[33m,[39m index) [33m=>[39m {
     [90m 551 |[39m         [36mconst[39m player [33m=[39m result[33m.[39mvalue [36mas[39m { immediate[33m:[39m jest[33m.[39m[33mMock[39m }[33m;[39m
     [90m 552 |[39m         player[33m.[39mimmediate [33m=[39m jest[33m.[39mfn(() [33m=>[39m index [33m*[39m [35m0.2[39m)[33m;[39m [90m// Simulate drift[39m[0m

      at Object.results (tests/unit/lib/audio/stemPlayer.test.ts:549:46)

  ● StemPlayer › Audio Connection › should connect to destination

    TypeError: Cannot read properties of undefined (reading 'results')

    [0m [90m 647 |[39m     it([32m"should connect to destination"[39m[33m,[39m () [33m=>[39m {
     [90m 648 |[39m       [36mconst[39m mockDestination [33m=[39m { connect[33m:[39m jest[33m.[39mfn()[33m,[39m disconnect[33m:[39m jest[33m.[39mfn() }[33m;[39m
    [31m[1m>[22m[39m[90m 649 |[39m       [36mconst[39m mockMasterOut [33m=[39m mockedTone[33m.[39m[33mGain[39m[33m.[39mmock[33m.[39mresults[[35m0[39m][33m?[39m[33m.[39mvalue [36mas[39m {
     [90m     |[39m                                                  [31m[1m^[22m[39m
     [90m 650 |[39m         connect[33m:[39m jest[33m.[39m[33mMock[39m[33m;[39m
     [90m 651 |[39m         disconnect[33m:[39m jest[33m.[39m[33mMock[39m[33m;[39m
     [90m 652 |[39m       }[33m;[39m[0m

      at Object.results (tests/unit/lib/audio/stemPlayer.test.ts:649:50)

  ● StemPlayer › Audio Connection › should disconnect from destination

    TypeError: Cannot read properties of undefined (reading 'results')

    [0m [90m 658 |[39m     it([32m"should disconnect from destination"[39m[33m,[39m () [33m=>[39m {
     [90m 659 |[39m       [36mconst[39m mockDestination [33m=[39m { connect[33m:[39m jest[33m.[39mfn()[33m,[39m disconnect[33m:[39m jest[33m.[39mfn() }[33m;[39m
    [31m[1m>[22m[39m[90m 660 |[39m       [36mconst[39m mockMasterOut [33m=[39m mockedTone[33m.[39m[33mGain[39m[33m.[39mmock[33m.[39mresults[[35m0[39m][33m?[39m[33m.[39mvalue [36mas[39m {
     [90m     |[39m                                                  [31m[1m^[22m[39m
     [90m 661 |[39m         disconnect[33m:[39m jest[33m.[39m[33mMock[39m[33m;[39m
     [90m 662 |[39m       }[33m;[39m
     [90m 663 |[39m[0m

      at Object.results (tests/unit/lib/audio/stemPlayer.test.ts:660:50)

  ● StemPlayer › Audio Connection › should disconnect all when no destination specified

    TypeError: Cannot read properties of undefined (reading 'results')

    [0m [90m 667 |[39m
     [90m 668 |[39m     it([32m"should disconnect all when no destination specified"[39m[33m,[39m () [33m=>[39m {
    [31m[1m>[22m[39m[90m 669 |[39m       [36mconst[39m mockMasterOut [33m=[39m mockedTone[33m.[39m[33mGain[39m[33m.[39mmock[33m.[39mresults[[35m0[39m][33m?[39m[33m.[39mvalue [36mas[39m {
     [90m     |[39m                                                  [31m[1m^[22m[39m
     [90m 670 |[39m         disconnect[33m:[39m jest[33m.[39m[33mMock[39m[33m;[39m
     [90m 671 |[39m       }[33m;[39m
     [90m 672 |[39m[0m

      at Object.results (tests/unit/lib/audio/stemPlayer.test.ts:669:50)

  ● StemPlayer › Resource Management › should dispose all resources properly

    TypeError: Cannot read properties of undefined (reading 'results')

    [0m [90m 717 |[39m
     [90m 718 |[39m       [90m// Mock all disposal methods[39m
    [31m[1m>[22m[39m[90m 719 |[39m       [36mconst[39m mockPlayers [33m=[39m mockedTone[33m.[39m[33mPlayer[39m[33m.[39mmock[33m.[39mresults[33m;[39m
     [90m     |[39m                                                  [31m[1m^[22m[39m
     [90m 720 |[39m       [36mconst[39m mockGains [33m=[39m mockedTone[33m.[39m[33mGain[39m[33m.[39mmock[33m.[39mresults[33m;[39m
     [90m 721 |[39m
     [90m 722 |[39m       stemPlayer[33m.[39mdispose()[33m;[39m[0m

      at Object.results (tests/unit/lib/audio/stemPlayer.test.ts:719:50)

  ● StemPlayer › Resource Management › should stop sync monitoring on disposal

    expect(jest.fn()).toHaveBeenCalled()

    Expected number of calls: >= 1
    Received number of calls:    0

    [0m [90m 752 |[39m       stemPlayer[33m.[39mdispose()[33m;[39m
     [90m 753 |[39m
    [31m[1m>[22m[39m[90m 754 |[39m       expect(clearIntervalSpy)[33m.[39mtoHaveBeenCalled()[33m;[39m
     [90m     |[39m                                [31m[1m^[22m[39m
     [90m 755 |[39m       clearIntervalSpy[33m.[39mmockRestore()[33m;[39m
     [90m 756 |[39m     })[33m;[39m
     [90m 757 |[39m   })[33m;[39m[0m

      at Object.toHaveBeenCalled (tests/unit/lib/audio/stemPlayer.test.ts:754:32)

  console.log
    Music analyzer client initialized

      at MusicAnalyzerClient.log [as initializeWorker] (app/lib/audio/musicAnalyzerClient.ts:143:15)

  console.log
    Music analyzer client initialized

      at MusicAnalyzerClient.log [as initializeWorker] (app/lib/audio/musicAnalyzerClient.ts:143:15)

  console.warn
    Received response for unknown request: init

    [0m [90m 117 |[39m     [36mreturn[39m[33m;[39m
     [90m 118 |[39m   }
    [31m[1m>[22m[39m[90m 119 |[39m   originalWarn[33m.[39mcall(console[33m,[39m [33m...[39margs)[33m;[39m
     [90m     |[39m                [31m[1m^[22m[39m
     [90m 120 |[39m }[33m;[39m
     [90m 121 |[39m[0m

      at console.call (tests/setup/jest.setup.js:119:16)
      at MusicAnalyzerClient.warn [as handleWorkerMessage] (app/lib/audio/musicAnalyzerClient.ts:158:15)
      at MockWorker.onmessage [as simulateMessage] (tests/unit/lib/audio/musicAnalyzerClient.test.ts:58:12)
      at simulateMessage (tests/unit/lib/audio/musicAnalyzerClient.test.ts:32:12)
      at Timeout.task [as _onTimeout] (node_modules/jsdom/lib/jsdom/browser/Window.js:579:19)

  console.log
    Music analyzer client initialized

      at MusicAnalyzerClient.log [as initializeWorker] (app/lib/audio/musicAnalyzerClient.ts:143:15)

FAIL tests/unit/lib/gesture/smoothing.test.ts
  KalmanFilter1D
    √ should initialize with correct values (5 ms)
    √ should smooth noisy measurements
    √ should handle rapid changes
    × should reset correctly (2 ms)
  KalmanFilter2D
    × should smooth 2D coordinates (2 ms)
    × should maintain position after reset (1 ms)
  ExponentialMovingAverage
    √ should calculate exponential moving average (1 ms)
    √ should handle different alpha values
    √ should reset correctly
  AdaptiveGestureSmoother
    √ should adapt smoothing based on velocity (1 ms)
    √ should maintain reasonable smoothing values
    √ should update configuration
  OutlierRejectionFilter
    × should reject outliers (1 ms)
    √ should handle insufficient data
    √ should maintain history (1 ms)
  GesturePredictor
    √ should predict gesture movement
    √ should handle insufficient data (1 ms)
    √ should reset correctly
  AdvancedGestureSmoother2D
    × should smooth 2D gestures with advanced algorithms (1 ms)
    √ should provide predictions
    × should reset all components (1 ms)
    √ should update configuration
  Performance Requirements
    √ should process smoothing within performance budget
    √ should handle high-frequency updates (6 ms)
  Configuration Presets
    √ should use gesture smoothing config
    √ should use performance gesture smoothing config

  ● KalmanFilter1D › should reset correctly

    expect(received).toBe(expected) // Object.is equality

    Expected: 5
    Received: 4.549662246685013

    [0m [90m 50 |[39m   it([32m"should reset correctly"[39m[33m,[39m () [33m=>[39m {
     [90m 51 |[39m     filter[33m.[39mupdate([35m5[39m)[33m;[39m
    [31m[1m>[22m[39m[90m 52 |[39m     expect(filter[33m.[39mgetCurrentValue())[33m.[39mtoBe([35m5[39m)[33m;[39m
     [90m    |[39m                                      [31m[1m^[22m[39m
     [90m 53 |[39m
     [90m 54 |[39m     filter[33m.[39mreset([35m10[39m)[33m;[39m
     [90m 55 |[39m     expect(filter[33m.[39mgetCurrentValue())[33m.[39mtoBe([35m10[39m)[33m;[39m[0m

      at Object.toBe (tests/unit/lib/gesture/smoothing.test.ts:52:38)

  ● KalmanFilter2D › should smooth 2D coordinates

    expect(received).toBeCloseTo(expected, precision)

    Expected: 1
    Received: 0.9099324493370027

    Expected precision:    1
    Expected difference: < 0.05
    Received difference:   0.09006755066299732

    [0m [90m 78 |[39m     [90m// Check that smoothing occurred[39m
     [90m 79 |[39m     expect(smoothed[33m.[39mlength)[33m.[39mtoBe(measurements[33m.[39mlength)[33m;[39m
    [31m[1m>[22m[39m[90m 80 |[39m     expect(smoothed[[35m0[39m][33m.[39mx)[33m.[39mtoBeCloseTo([35m1[39m[33m,[39m [35m1[39m)[33m;[39m
     [90m    |[39m                           [31m[1m^[22m[39m
     [90m 81 |[39m     expect(smoothed[[35m0[39m][33m.[39my)[33m.[39mtoBeCloseTo([35m1[39m[33m,[39m [35m1[39m)[33m;[39m
     [90m 82 |[39m   })[33m;[39m
     [90m 83 |[39m[0m

      at Object.toBeCloseTo (tests/unit/lib/gesture/smoothing.test.ts:80:27)

  ● KalmanFilter2D › should maintain position after reset

    expect(received).toBeCloseTo(expected, precision)

    Expected: 5
    Received: 4.549662246685013

    Expected precision:    1
    Expected difference: < 0.05
    Received difference:   0.4503377533149866

    [0m [90m 84 |[39m   it([32m"should maintain position after reset"[39m[33m,[39m () [33m=>[39m {
     [90m 85 |[39m     filter[33m.[39mupdate({ x[33m:[39m [35m5[39m[33m,[39m y[33m:[39m [35m3[39m })[33m;[39m
    [31m[1m>[22m[39m[90m 86 |[39m     expect(filter[33m.[39mgetCurrentPosition()[33m.[39mx)[33m.[39mtoBeCloseTo([35m5[39m[33m,[39m [35m1[39m)[33m;[39m
     [90m    |[39m                                           [31m[1m^[22m[39m
     [90m 87 |[39m     expect(filter[33m.[39mgetCurrentPosition()[33m.[39my)[33m.[39mtoBeCloseTo([35m3[39m[33m,[39m [35m1[39m)[33m;[39m
     [90m 88 |[39m
     [90m 89 |[39m     filter[33m.[39mreset({ x[33m:[39m [35m10[39m[33m,[39m y[33m:[39m [35m20[39m })[33m;[39m[0m

      at Object.toBeCloseTo (tests/unit/lib/gesture/smoothing.test.ts:86:43)

  ● OutlierRejectionFilter › should reject outliers

    expect(received).toBeLessThanOrEqual(expected)

    Expected: <= 3
    Received:    4.82842712474619

    [0m [90m 197 |[39m
     [90m 198 |[39m     [90m// Should either reject or adjust the outlier[39m
    [31m[1m>[22m[39m[90m 199 |[39m     expect(outlierResult)[33m.[39mtoBeLessThanOrEqual([35m3.0[39m)[33m;[39m
     [90m     |[39m                           [31m[1m^[22m[39m
     [90m 200 |[39m   })[33m;[39m
     [90m 201 |[39m
     [90m 202 |[39m   it([32m"should handle insufficient data"[39m[33m,[39m () [33m=>[39m {[0m

      at Object.toBeLessThanOrEqual (tests/unit/lib/gesture/smoothing.test.ts:199:27)

  ● AdvancedGestureSmoother2D › should smooth 2D gestures with advanced algorithms

    expect(received).toBeCloseTo(expected, precision)

    Expected: 1
    Received: 0.9093609950148547

    Expected precision:    1
    Expected difference: < 0.05
    Received difference:   0.09063900498514532

    [0m [90m 274 |[39m
     [90m 275 |[39m     expect(smoothed[33m.[39mlength)[33m.[39mtoBe(measurements[33m.[39mlength)[33m;[39m
    [31m[1m>[22m[39m[90m 276 |[39m     expect(smoothed[[35m0[39m][33m.[39mx)[33m.[39mtoBeCloseTo([35m1[39m[33m,[39m [35m1[39m)[33m;[39m
     [90m     |[39m                           [31m[1m^[22m[39m
     [90m 277 |[39m     expect(smoothed[[35m0[39m][33m.[39my)[33m.[39mtoBeCloseTo([35m1[39m[33m,[39m [35m1[39m)[33m;[39m
     [90m 278 |[39m   })[33m;[39m
     [90m 279 |[39m[0m

      at Object.toBeCloseTo (tests/unit/lib/gesture/smoothing.test.ts:276:27)

  ● AdvancedGestureSmoother2D › should reset all components

    expect(received).toBeCloseTo(expected, precision)

    Expected: 5
    Received: 4.546804975074274

    Expected precision:    1
    Expected difference: < 0.05
    Received difference:   0.4531950249257264

    [0m [90m 297 |[39m   it([32m"should reset all components"[39m[33m,[39m () [33m=>[39m {
     [90m 298 |[39m     smoother[33m.[39mupdate({ x[33m:[39m [35m5[39m[33m,[39m y[33m:[39m [35m5[39m })[33m;[39m
    [31m[1m>[22m[39m[90m 299 |[39m     expect(smoother[33m.[39mgetCurrentPosition()[33m.[39mx)[33m.[39mtoBeCloseTo([35m5[39m[33m,[39m [35m1[39m)[33m;[39m
     [90m     |[39m                                             [31m[1m^[22m[39m
     [90m 300 |[39m
     [90m 301 |[39m     smoother[33m.[39mreset({ x[33m:[39m [35m10[39m[33m,[39m y[33m:[39m [35m10[39m })[33m;[39m
     [90m 302 |[39m     expect(smoother[33m.[39mgetCurrentPosition()[33m.[39mx)[33m.[39mtoBe([35m10[39m)[33m;[39m[0m

      at Object.toBeCloseTo (tests/unit/lib/gesture/smoothing.test.ts:299:45)

  console.warn
    Received response for unknown request: init

    [0m [90m 117 |[39m     [36mreturn[39m[33m;[39m
     [90m 118 |[39m   }
    [31m[1m>[22m[39m[90m 119 |[39m   originalWarn[33m.[39mcall(console[33m,[39m [33m...[39margs)[33m;[39m
     [90m     |[39m                [31m[1m^[22m[39m
     [90m 120 |[39m }[33m;[39m
     [90m 121 |[39m[0m

      at console.call (tests/setup/jest.setup.js:119:16)
      at MusicAnalyzerClient.warn [as handleWorkerMessage] (app/lib/audio/musicAnalyzerClient.ts:158:15)
      at MockWorker.onmessage [as simulateMessage] (tests/unit/lib/audio/musicAnalyzerClient.test.ts:58:12)
      at simulateMessage (tests/unit/lib/audio/musicAnalyzerClient.test.ts:32:12)
      at Timeout.task [as _onTimeout] (node_modules/jsdom/lib/jsdom/browser/Window.js:579:19)

FAIL tests/unit/lib/audio/enhancedMixer.test.ts
  EnhancedAudioMixer
    Initialization
      × should initialize with default config (4 ms)
      × should initialize with custom config
      √ should initialize Tone.js when initialize() is called (63 ms)
      × should create 4 channels by default (1 ms)
    Stem Player Integration
      √ should enable stem player for a channel (3 ms)
      √ should disable stem player for a channel (3 ms)
      √ should handle enabling stem player on invalid channel (2 ms)
      √ should handle disabling stem player on invalid channel (2 ms)
      √ should not enable stem player twice on same channel (2 ms)
    Stem Loading
      √ should load stems to channel successfully (8 ms)
      √ should auto-enable stem player when loading stems (4 ms)
      √ should handle loading stems to invalid channel (2 ms)
      × should handle stem loading failures gracefully (2 ms)
    Stem Controls
      × should set stem volume (3 ms)
      × should set stem mute (3 ms)
      × should set stem solo (2 ms)
      × should set stem pan (3 ms)
      × should set stem EQ (3 ms)
      × should set stem playback rate (3 ms)
      × should set stem mix (3 ms)
      √ should handle stem controls on channels without stem player (2 ms)
    Stem Player Playback
      × should play stem player (4 ms)
      × should pause stem player (4 ms)
      × should stop stem player (3 ms)
      × should seek stem player (3 ms)
      √ should handle playback on channel without stem player (2 ms)
      √ should handle pause/stop on channel without stem player (2 ms)
    Stem Player State
      √ should get stem player state (3 ms)
      √ should get stem controls (3 ms)
      √ should check if stems are loaded (4 ms)
      √ should get sync status (4 ms)
      √ should return null for state on channel without stem player (4 ms)
    Original Mixer Functionality
      √ should set channel gain (1 ms)
      √ should set channel EQ (2 ms)
      √ should set channel filter (2 ms)
      √ should set crossfader position (1 ms)
      √ should set master gain (1 ms)
      √ should handle invalid channel numbers (11 ms)
    Audio Connections
      √ should connect sources to channels (2 ms)
      √ should disconnect sources from channels (2 ms)
      √ should get output nodes (1 ms)
      √ should create meters (2 ms)
    Configuration Management
      √ should get channel configurations (2 ms)
      √ should return null for invalid channel config (2 ms)
      √ should get crossfader configuration (2 ms)
      √ should get master configuration (3 ms)
    Reset and Cleanup
      √ should reset mixer state (4 ms)
      × should dispose all resources (3 ms)
      × should dispose stem players on reset (3 ms)
    Error Handling
      × should handle stem player initialization errors (3 ms)
      × should handle stem loading errors (3 ms)
      √ should handle parameter validation (1 ms)
    Integration Tests
      √ should handle complete workflow with stem player (9 ms)
      √ should handle multiple channels with stems (6 ms)
      √ should maintain backward compatibility with original mixer (9 ms)

  ● EnhancedAudioMixer › Initialization › should initialize with default config

    TypeError: Cannot read properties of undefined (reading 'dispose')

    [0m [90m 907 |[39m       [36mthis[39m[33m.[39mcustomCrossfader[33m.[39mdispose()[33m;[39m
     [90m 908 |[39m     }
    [31m[1m>[22m[39m[90m 909 |[39m     [36mthis[39m[33m.[39mcrossfader[33m.[39mdispose()[33m;[39m
     [90m     |[39m                     [31m[1m^[22m[39m
     [90m 910 |[39m     [36mthis[39m[33m.[39mmasterGain[33m.[39mdispose()[33m;[39m
     [90m 911 |[39m     [36mthis[39m[33m.[39mmasterLimiter[33m.[39mdispose()[33m;[39m
     [90m 912 |[39m     [36mthis[39m[33m.[39mmasterCompressor[33m.[39mdispose()[33m;[39m[0m

      at EnhancedAudioMixer.dispose (app/lib/audio/enhancedMixer.ts:909:21)
      at Object.dispose (tests/unit/lib/audio/enhancedMixer.test.ts:247:20)

  ● EnhancedAudioMixer › Initialization › should initialize with default config

    TypeError: Cannot read properties of undefined (reading 'dispose')

    [0m [90m 907 |[39m       [36mthis[39m[33m.[39mcustomCrossfader[33m.[39mdispose()[33m;[39m
     [90m 908 |[39m     }
    [31m[1m>[22m[39m[90m 909 |[39m     [36mthis[39m[33m.[39mcrossfader[33m.[39mdispose()[33m;[39m
     [90m     |[39m                     [31m[1m^[22m[39m
     [90m 910 |[39m     [36mthis[39m[33m.[39mmasterGain[33m.[39mdispose()[33m;[39m
     [90m 911 |[39m     [36mthis[39m[33m.[39mmasterLimiter[33m.[39mdispose()[33m;[39m
     [90m 912 |[39m     [36mthis[39m[33m.[39mmasterCompressor[33m.[39mdispose()[33m;[39m[0m

      at EnhancedAudioMixer.dispose (app/lib/audio/enhancedMixer.ts:909:21)
      at Object.dispose (tests/unit/lib/audio/enhancedMixer.test.ts:239:13)

  ● EnhancedAudioMixer › Initialization › should initialize with custom config

    TypeError: Cannot read properties of undefined (reading 'dispose')

    [0m [90m 907 |[39m       [36mthis[39m[33m.[39mcustomCrossfader[33m.[39mdispose()[33m;[39m
     [90m 908 |[39m     }
    [31m[1m>[22m[39m[90m 909 |[39m     [36mthis[39m[33m.[39mcrossfader[33m.[39mdispose()[33m;[39m
     [90m     |[39m                     [31m[1m^[22m[39m
     [90m 910 |[39m     [36mthis[39m[33m.[39mmasterGain[33m.[39mdispose()[33m;[39m
     [90m 911 |[39m     [36mthis[39m[33m.[39mmasterLimiter[33m.[39mdispose()[33m;[39m
     [90m 912 |[39m     [36mthis[39m[33m.[39mmasterCompressor[33m.[39mdispose()[33m;[39m[0m

      at EnhancedAudioMixer.dispose (app/lib/audio/enhancedMixer.ts:909:21)
      at Object.dispose (tests/unit/lib/audio/enhancedMixer.test.ts:258:19)

  ● EnhancedAudioMixer › Initialization › should initialize with custom config

    TypeError: Cannot read properties of undefined (reading 'dispose')

    [0m [90m 907 |[39m       [36mthis[39m[33m.[39mcustomCrossfader[33m.[39mdispose()[33m;[39m
     [90m 908 |[39m     }
    [31m[1m>[22m[39m[90m 909 |[39m     [36mthis[39m[33m.[39mcrossfader[33m.[39mdispose()[33m;[39m
     [90m     |[39m                     [31m[1m^[22m[39m
     [90m 910 |[39m     [36mthis[39m[33m.[39mmasterGain[33m.[39mdispose()[33m;[39m
     [90m 911 |[39m     [36mthis[39m[33m.[39mmasterLimiter[33m.[39mdispose()[33m;[39m
     [90m 912 |[39m     [36mthis[39m[33m.[39mmasterCompressor[33m.[39mdispose()[33m;[39m[0m

      at EnhancedAudioMixer.dispose (app/lib/audio/enhancedMixer.ts:909:21)
      at Object.dispose (tests/unit/lib/audio/enhancedMixer.test.ts:239:13)

  ● EnhancedAudioMixer › Initialization › should create 4 channels by default

    TypeError: Cannot read properties of undefined (reading 'dispose')

    [0m [90m 907 |[39m       [36mthis[39m[33m.[39mcustomCrossfader[33m.[39mdispose()[33m;[39m
     [90m 908 |[39m     }
    [31m[1m>[22m[39m[90m 909 |[39m     [36mthis[39m[33m.[39mcrossfader[33m.[39mdispose()[33m;[39m
     [90m     |[39m                     [31m[1m^[22m[39m
     [90m 910 |[39m     [36mthis[39m[33m.[39mmasterGain[33m.[39mdispose()[33m;[39m
     [90m 911 |[39m     [36mthis[39m[33m.[39mmasterLimiter[33m.[39mdispose()[33m;[39m
     [90m 912 |[39m     [36mthis[39m[33m.[39mmasterCompressor[33m.[39mdispose()[33m;[39m[0m

      at EnhancedAudioMixer.dispose (app/lib/audio/enhancedMixer.ts:909:21)
      at Object.dispose (tests/unit/lib/audio/enhancedMixer.test.ts:239:13)

  ● EnhancedAudioMixer › Stem Loading › should handle stem loading failures gracefully

    TypeError: Cannot read properties of undefined (reading 'value')

    [0m [90m 347 |[39m     it([32m"should handle stem loading failures gracefully"[39m[33m,[39m [36masync[39m () [33m=>[39m {
     [90m 348 |[39m       [36mconst[39m { [33mStemPlayer[39m } [33m=[39m require([32m"@/lib/audio/stemPlayer"[39m)[33m;[39m
    [31m[1m>[22m[39m[90m 349 |[39m       [36mconst[39m mockStemPlayer [33m=[39m [33mStemPlayer[39m[33m.[39mmock[33m.[39mresults[[35m0[39m][33m.[39mvalue[33m;[39m
     [90m     |[39m                                                         [31m[1m^[22m[39m
     [90m 350 |[39m       (mockStemPlayer[33m.[39mloadStems [36mas[39m jest[33m.[39m[33mMockedFunction[39m[33m<[39m[33many[39m[33m>[39m)[33m.[39mmockRejectedValue(
     [90m 351 |[39m         [36mnew[39m [33mError[39m([32m"Load failed"[39m)[33m,[39m
     [90m 352 |[39m       )[33m;[39m[0m

      at Object.value (tests/unit/lib/audio/enhancedMixer.test.ts:349:57)

  ● EnhancedAudioMixer › Stem Controls › should set stem volume

    TypeError: Cannot read properties of undefined (reading 'value')

    [0m [90m 368 |[39m
     [90m 369 |[39m       [36mconst[39m { [33mStemPlayer[39m } [33m=[39m require([32m"@/lib/audio/stemPlayer"[39m)[33m;[39m
    [31m[1m>[22m[39m[90m 370 |[39m       [36mconst[39m mockStemPlayer [33m=[39m [33mStemPlayer[39m[33m.[39mmock[33m.[39mresults[[35m0[39m][33m.[39mvalue[33m;[39m
     [90m     |[39m                                                         [31m[1m^[22m[39m
     [90m 371 |[39m       expect(mockStemPlayer[33m.[39msetStemVolume)[33m.[39mtoHaveBeenCalledWith([32m"drums"[39m[33m,[39m [35m0.5[39m)[33m;[39m
     [90m 372 |[39m     })[33m;[39m
     [90m 373 |[39m[0m

      at Object.value (tests/unit/lib/audio/enhancedMixer.test.ts:370:57)

  ● EnhancedAudioMixer › Stem Controls › should set stem mute

    TypeError: Cannot read properties of undefined (reading 'value')

    [0m [90m 376 |[39m
     [90m 377 |[39m       [36mconst[39m { [33mStemPlayer[39m } [33m=[39m require([32m"@/lib/audio/stemPlayer"[39m)[33m;[39m
    [31m[1m>[22m[39m[90m 378 |[39m       [36mconst[39m mockStemPlayer [33m=[39m [33mStemPlayer[39m[33m.[39mmock[33m.[39mresults[[35m0[39m][33m.[39mvalue[33m;[39m
     [90m     |[39m                                                         [31m[1m^[22m[39m
     [90m 379 |[39m       expect(mockStemPlayer[33m.[39msetStemMute)[33m.[39mtoHaveBeenCalledWith([32m"bass"[39m[33m,[39m [36mtrue[39m)[33m;[39m
     [90m 380 |[39m     })[33m;[39m
     [90m 381 |[39m[0m

      at Object.value (tests/unit/lib/audio/enhancedMixer.test.ts:378:57)

  ● EnhancedAudioMixer › Stem Controls › should set stem solo

    TypeError: Cannot read properties of undefined (reading 'value')

    [0m [90m 384 |[39m
     [90m 385 |[39m       [36mconst[39m { [33mStemPlayer[39m } [33m=[39m require([32m"@/lib/audio/stemPlayer"[39m)[33m;[39m
    [31m[1m>[22m[39m[90m 386 |[39m       [36mconst[39m mockStemPlayer [33m=[39m [33mStemPlayer[39m[33m.[39mmock[33m.[39mresults[[35m0[39m][33m.[39mvalue[33m;[39m
     [90m     |[39m                                                         [31m[1m^[22m[39m
     [90m 387 |[39m       expect(mockStemPlayer[33m.[39msetStemSolo)[33m.[39mtoHaveBeenCalledWith([32m"vocals"[39m[33m,[39m [36mtrue[39m)[33m;[39m
     [90m 388 |[39m     })[33m;[39m
     [90m 389 |[39m[0m

      at Object.value (tests/unit/lib/audio/enhancedMixer.test.ts:386:57)

  ● EnhancedAudioMixer › Stem Controls › should set stem pan

    TypeError: Cannot read properties of undefined (reading 'value')

    [0m [90m 392 |[39m
     [90m 393 |[39m       [36mconst[39m { [33mStemPlayer[39m } [33m=[39m require([32m"@/lib/audio/stemPlayer"[39m)[33m;[39m
    [31m[1m>[22m[39m[90m 394 |[39m       [36mconst[39m mockStemPlayer [33m=[39m [33mStemPlayer[39m[33m.[39mmock[33m.[39mresults[[35m0[39m][33m.[39mvalue[33m;[39m
     [90m     |[39m                                                         [31m[1m^[22m[39m
     [90m 395 |[39m       expect(mockStemPlayer[33m.[39msetStemPan)[33m.[39mtoHaveBeenCalledWith([32m"melody"[39m[33m,[39m [35m0.3[39m)[33m;[39m
     [90m 396 |[39m     })[33m;[39m
     [90m 397 |[39m[0m

      at Object.value (tests/unit/lib/audio/enhancedMixer.test.ts:394:57)

  ● EnhancedAudioMixer › Stem Controls › should set stem EQ

    TypeError: Cannot read properties of undefined (reading 'value')

    [0m [90m 400 |[39m
     [90m 401 |[39m       [36mconst[39m { [33mStemPlayer[39m } [33m=[39m require([32m"@/lib/audio/stemPlayer"[39m)[33m;[39m
    [31m[1m>[22m[39m[90m 402 |[39m       [36mconst[39m mockStemPlayer [33m=[39m [33mStemPlayer[39m[33m.[39mmock[33m.[39mresults[[35m0[39m][33m.[39mvalue[33m;[39m
     [90m     |[39m                                                         [31m[1m^[22m[39m
     [90m 403 |[39m       expect(mockStemPlayer[33m.[39msetStemEQ)[33m.[39mtoHaveBeenCalledWith([32m"drums"[39m[33m,[39m [32m"low"[39m[33m,[39m [35m5[39m)[33m;[39m
     [90m 404 |[39m     })[33m;[39m
     [90m 405 |[39m[0m

      at Object.value (tests/unit/lib/audio/enhancedMixer.test.ts:402:57)

  ● EnhancedAudioMixer › Stem Controls › should set stem playback rate

    TypeError: Cannot read properties of undefined (reading 'value')

    [0m [90m 408 |[39m
     [90m 409 |[39m       [36mconst[39m { [33mStemPlayer[39m } [33m=[39m require([32m"@/lib/audio/stemPlayer"[39m)[33m;[39m
    [31m[1m>[22m[39m[90m 410 |[39m       [36mconst[39m mockStemPlayer [33m=[39m [33mStemPlayer[39m[33m.[39mmock[33m.[39mresults[[35m0[39m][33m.[39mvalue[33m;[39m
     [90m     |[39m                                                         [31m[1m^[22m[39m
     [90m 411 |[39m       expect(mockStemPlayer[33m.[39msetStemPlaybackRate)[33m.[39mtoHaveBeenCalledWith(
     [90m 412 |[39m         [32m"bass"[39m[33m,[39m
     [90m 413 |[39m         [35m1.2[39m[33m,[39m[0m

      at Object.value (tests/unit/lib/audio/enhancedMixer.test.ts:410:57)

  ● EnhancedAudioMixer › Stem Controls › should set stem mix

    TypeError: Cannot read properties of undefined (reading 'value')

    [0m [90m 419 |[39m
     [90m 420 |[39m       [36mconst[39m { [33mStemPlayer[39m } [33m=[39m require([32m"@/lib/audio/stemPlayer"[39m)[33m;[39m
    [31m[1m>[22m[39m[90m 421 |[39m       [36mconst[39m mockStemPlayer [33m=[39m [33mStemPlayer[39m[33m.[39mmock[33m.[39mresults[[35m0[39m][33m.[39mvalue[33m;[39m
     [90m     |[39m                                                         [31m[1m^[22m[39m
     [90m 422 |[39m       expect(mockStemPlayer[33m.[39msetStemMix)[33m.[39mtoHaveBeenCalledWith([35m0.7[39m)[33m;[39m
     [90m 423 |[39m     })[33m;[39m
     [90m 424 |[39m[0m

      at Object.value (tests/unit/lib/audio/enhancedMixer.test.ts:421:57)

  ● EnhancedAudioMixer › Stem Player Playback › should play stem player

    TypeError: Cannot read properties of undefined (reading 'value')

    [0m [90m 441 |[39m
     [90m 442 |[39m       [36mconst[39m { [33mStemPlayer[39m } [33m=[39m require([32m"@/lib/audio/stemPlayer"[39m)[33m;[39m
    [31m[1m>[22m[39m[90m 443 |[39m       [36mconst[39m mockStemPlayer [33m=[39m [33mStemPlayer[39m[33m.[39mmock[33m.[39mresults[[35m0[39m][33m.[39mvalue[33m;[39m
     [90m     |[39m                                                         [31m[1m^[22m[39m
     [90m 444 |[39m       expect(mockStemPlayer[33m.[39mplay)[33m.[39mtoHaveBeenCalled()[33m;[39m
     [90m 445 |[39m     })[33m;[39m
     [90m 446 |[39m[0m

      at Object.value (tests/unit/lib/audio/enhancedMixer.test.ts:443:57)

  ● EnhancedAudioMixer › Stem Player Playback › should pause stem player

    TypeError: Cannot read properties of undefined (reading 'value')

    [0m [90m 449 |[39m
     [90m 450 |[39m       [36mconst[39m { [33mStemPlayer[39m } [33m=[39m require([32m"@/lib/audio/stemPlayer"[39m)[33m;[39m
    [31m[1m>[22m[39m[90m 451 |[39m       [36mconst[39m mockStemPlayer [33m=[39m [33mStemPlayer[39m[33m.[39mmock[33m.[39mresults[[35m0[39m][33m.[39mvalue[33m;[39m
     [90m     |[39m                                                         [31m[1m^[22m[39m
     [90m 452 |[39m       expect(mockStemPlayer[33m.[39mpause)[33m.[39mtoHaveBeenCalled()[33m;[39m
     [90m 453 |[39m     })[33m;[39m
     [90m 454 |[39m[0m

      at Object.value (tests/unit/lib/audio/enhancedMixer.test.ts:451:57)

  ● EnhancedAudioMixer › Stem Player Playback › should stop stem player

    TypeError: Cannot read properties of undefined (reading 'value')

    [0m [90m 457 |[39m
     [90m 458 |[39m       [36mconst[39m { [33mStemPlayer[39m } [33m=[39m require([32m"@/lib/audio/stemPlayer"[39m)[33m;[39m
    [31m[1m>[22m[39m[90m 459 |[39m       [36mconst[39m mockStemPlayer [33m=[39m [33mStemPlayer[39m[33m.[39mmock[33m.[39mresults[[35m0[39m][33m.[39mvalue[33m;[39m
     [90m     |[39m                                                         [31m[1m^[22m[39m
     [90m 460 |[39m       expect(mockStemPlayer[33m.[39mstop)[33m.[39mtoHaveBeenCalled()[33m;[39m
     [90m 461 |[39m     })[33m;[39m
     [90m 462 |[39m[0m

      at Object.value (tests/unit/lib/audio/enhancedMixer.test.ts:459:57)

  ● EnhancedAudioMixer › Stem Player Playback › should seek stem player

    TypeError: Cannot read properties of undefined (reading 'value')

    [0m [90m 465 |[39m
     [90m 466 |[39m       [36mconst[39m { [33mStemPlayer[39m } [33m=[39m require([32m"@/lib/audio/stemPlayer"[39m)[33m;[39m
    [31m[1m>[22m[39m[90m 467 |[39m       [36mconst[39m mockStemPlayer [33m=[39m [33mStemPlayer[39m[33m.[39mmock[33m.[39mresults[[35m0[39m][33m.[39mvalue[33m;[39m
     [90m     |[39m                                                         [31m[1m^[22m[39m
     [90m 468 |[39m       expect(mockStemPlayer[33m.[39mseek)[33m.[39mtoHaveBeenCalledWith([35m5[39m)[33m;[39m
     [90m 469 |[39m     })[33m;[39m
     [90m 470 |[39m[0m

      at Object.value (tests/unit/lib/audio/enhancedMixer.test.ts:467:57)

  ● EnhancedAudioMixer › Reset and Cleanup › should dispose all resources

    TypeError: Cannot read properties of undefined (reading 'results')

    [0m [90m 682 |[39m       [90m// Verify Tone.js dispose methods were called[39m
     [90m 683 |[39m       [36mconst[39m mockNodes [33m=[39m [
    [31m[1m>[22m[39m[90m 684 |[39m         [33m...[39m([33mTone[39m[33m.[39m[33mGain[39m [36mas[39m any)[33m.[39mmock[33m.[39mresults[33m,[39m
     [90m     |[39m                                    [31m[1m^[22m[39m
     [90m 685 |[39m         [33m...[39m([33mTone[39m[33m.[39m[33mEQ3[39m [36mas[39m any)[33m.[39mmock[33m.[39mresults[33m,[39m
     [90m 686 |[39m         [33m...[39m([33mTone[39m[33m.[39m[33mFilter[39m [36mas[39m any)[33m.[39mmock[33m.[39mresults[33m,[39m
     [90m 687 |[39m         [33m...[39m([33mTone[39m[33m.[39m[33mCrossFade[39m [36mas[39m any)[33m.[39mmock[33m.[39mresults[33m,[39m[0m

      at Object.results (tests/unit/lib/audio/enhancedMixer.test.ts:684:36)

  ● EnhancedAudioMixer › Reset and Cleanup › should dispose stem players on reset

    TypeError: Cannot read properties of undefined (reading 'value')

    [0m [90m 697 |[39m     it([32m"should dispose stem players on reset"[39m[33m,[39m () [33m=>[39m {
     [90m 698 |[39m       [36mconst[39m { [33mStemPlayer[39m } [33m=[39m require([32m"@/lib/audio/stemPlayer"[39m)[33m;[39m
    [31m[1m>[22m[39m[90m 699 |[39m       [36mconst[39m mockStemPlayer [33m=[39m [33mStemPlayer[39m[33m.[39mmock[33m.[39mresults[[35m0[39m][33m.[39mvalue[33m;[39m
     [90m     |[39m                                                         [31m[1m^[22m[39m
     [90m 700 |[39m
     [90m 701 |[39m       mixer[33m.[39mreset()[33m;[39m
     [90m 702 |[39m[0m

      at Object.value (tests/unit/lib/audio/enhancedMixer.test.ts:699:57)

  ● EnhancedAudioMixer › Error Handling › should handle stem player initialization errors

    expect(received).rejects.toThrow()

    Received promise resolved instead of rejected
    Resolved to value: undefined

    [0m [90m 718 |[39m       }))[33m;[39m
     [90m 719 |[39m
    [31m[1m>[22m[39m[90m 720 |[39m       [36mawait[39m expect(mixer[33m.[39menableStemPlayer([35m0[39m))[33m.[39mrejects[33m.[39mtoThrow([32m"Init failed"[39m)[33m;[39m
     [90m     |[39m                   [31m[1m^[22m[39m
     [90m 721 |[39m     })[33m;[39m
     [90m 722 |[39m
     [90m 723 |[39m     it([32m"should handle stem loading errors"[39m[33m,[39m [36masync[39m () [33m=>[39m {[0m

      at expect (node_modules/expect/build/index.js:2116:15)
      at Object.<anonymous> (tests/unit/lib/audio/enhancedMixer.test.ts:720:19)

  ● EnhancedAudioMixer › Error Handling › should handle stem loading errors

    expect(received).rejects.toThrow()

    Received promise resolved instead of rejected
    Resolved to value: [{"duration": 10, "stemType": "drums", "success": true}, {"duration": 10, "stemType": "bass", "success": true}, {"duration": 10, "stemType": "melody", "success": true}, {"duration": 10, "stemType": "vocals", "success": true}, {"duration": 10, "stemType": "original", "success": true}]

    [0m [90m 735 |[39m       [33mStemPlayer[39m[33m.[39mmockImplementationOnce(() [33m=>[39m mockStemPlayer)[33m;[39m
     [90m 736 |[39m
    [31m[1m>[22m[39m[90m 737 |[39m       [36mawait[39m expect(
     [90m     |[39m                   [31m[1m^[22m[39m
     [90m 738 |[39m         mixer[33m.[39mloadStemsToChannel([35m0[39m[33m,[39m mockDemucsOutput)[33m,[39m
     [90m 739 |[39m       )[33m.[39mrejects[33m.[39mtoThrow([32m"Load failed"[39m)[33m;[39m
     [90m 740 |[39m     })[33m;[39m[0m

      at expect (node_modules/expect/build/index.js:2116:15)
      at Object.<anonymous> (tests/unit/lib/audio/enhancedMixer.test.ts:737:19)

  console.log
    Music analyzer client initialized

      at MusicAnalyzerClient.log [as initializeWorker] (app/lib/audio/musicAnalyzerClient.ts:143:15)

  console.log
    Music analyzer client initialized

      at MusicAnalyzerClient.log [as initializeWorker] (app/lib/audio/musicAnalyzerClient.ts:143:15)

  console.warn
    Received response for unknown request: init

    [0m [90m 117 |[39m     [36mreturn[39m[33m;[39m
     [90m 118 |[39m   }
    [31m[1m>[22m[39m[90m 119 |[39m   originalWarn[33m.[39mcall(console[33m,[39m [33m...[39margs)[33m;[39m
     [90m     |[39m                [31m[1m^[22m[39m
     [90m 120 |[39m }[33m;[39m
     [90m 121 |[39m[0m

      at console.call (tests/setup/jest.setup.js:119:16)
      at MusicAnalyzerClient.warn [as handleWorkerMessage] (app/lib/audio/musicAnalyzerClient.ts:158:15)
      at MockWorker.onmessage [as simulateMessage] (tests/unit/lib/audio/musicAnalyzerClient.test.ts:58:12)
      at simulateMessage (tests/unit/lib/audio/musicAnalyzerClient.test.ts:32:12)
      at Timeout.task [as _onTimeout] (node_modules/jsdom/lib/jsdom/browser/Window.js:579:19)

  console.error
    Error: Uncaught [Error: Too many re-renders. React limits the number of renders to prevent an infinite loop.]
        at Object.<anonymous> (C:\Users\Nate2\code\ox-board\tests\unit\components\GestureFeedback.test.tsx:155:8)
        at new Promise (<anonymous>) {
      detail: Error: Too many re-renders. React limits the number of renders to prevent an infinite loop.
          at renderWithHooks (C:\Users\Nate2\code\ox-board\node_modules\react-dom\cjs\react-dom.development.js:15498:15)
          at updateFunctionComponent (C:\Users\Nate2\code\ox-board\node_modules\react-dom\cjs\react-dom.development.js:19617:20)
          at beginWork (C:\Users\Nate2\code\ox-board\node_modules\react-dom\cjs\react-dom.development.js:21640:16)
          at HTMLUnknownElement.callCallback (C:\Users\Nate2\code\ox-board\node_modules\react-dom\cjs\react-dom.development.js:4164:14)
          at HTMLUnknownElement.callTheUserObjectsOperation (C:\Users\Nate2\code\ox-board\node_modules\jsdom\lib\jsdom\living\generated\EventListener.js:26:30)
          at innerInvokeEventListeners (C:\Users\Nate2\code\ox-board\node_modules\jsdom\lib\jsdom\living\events\EventTarget-impl.js:350:25)
          at invokeEventListeners (C:\Users\Nate2\code\ox-board\node_modules\jsdom\lib\jsdom\living\events\EventTarget-impl.js:286:3)
          at HTMLUnknownElementImpl._dispatch (C:\Users\Nate2\code\ox-board\node_modules\jsdom\lib\jsdom\living\events\EventTarget-impl.js:233:9)
          at HTMLUnknownElementImpl.dispatchEvent (C:\Users\Nate2\code\ox-board\node_modules\jsdom\lib\jsdom\living\events\EventTarget-impl.js:104:17)
          at HTMLUnknownElement.dispatchEvent (C:\Users\Nate2\code\ox-board\node_modules\jsdom\lib\jsdom\living\generated\EventTarget.js:241:34)
          at Object.invokeGuardedCallbackDev (C:\Users\Nate2\code\ox-board\node_modules\react-dom\cjs\react-dom.development.js:4213:16)
          at invokeGuardedCallback (C:\Users\Nate2\code\ox-board\node_modules\react-dom\cjs\react-dom.development.js:4277:31)
          at beginWork$1 (C:\Users\Nate2\code\ox-board\node_modules\react-dom\cjs\react-dom.development.js:27490:7)
          at performUnitOfWork (C:\Users\Nate2\code\ox-board\node_modules\react-dom\cjs\react-dom.development.js:26599:12)
          at workLoopSync (C:\Users\Nate2\code\ox-board\node_modules\react-dom\cjs\react-dom.development.js:26505:5)
          at renderRootSync (C:\Users\Nate2\code\ox-board\node_modules\react-dom\cjs\react-dom.development.js:26473:7)
          at performConcurrentWorkOnRoot (C:\Users\Nate2\code\ox-board\node_modules\react-dom\cjs\react-dom.development.js:25777:74)
          at flushActQueue (C:\Users\Nate2\code\ox-board\node_modules\react\cjs\react.development.js:2667:24)
          at act (C:\Users\Nate2\code\ox-board\node_modules\react\cjs\react.development.js:2582:11)
          at C:\Users\Nate2\code\ox-board\node_modules\@testing-library\react\dist\act-compat.js:47:25
          at Object.<anonymous> (C:\Users\Nate2\code\ox-board\tests\unit\components\GestureFeedback.test.tsx:155:8)
          at Promise.finally.completed (C:\Users\Nate2\code\ox-board\node_modules\jest-circus\build\jestAdapterInit.js:1556:28)
          at new Promise (<anonymous>)
          at callAsyncCircusFn (C:\Users\Nate2\code\ox-board\node_modules\jest-circus\build\jestAdapterInit.js:1496:10)
          at _callCircusTest (C:\Users\Nate2\code\ox-board\node_modules\jest-circus\build\jestAdapterInit.js:1006:40)
          at processTicksAndRejections (node:internal/process/task_queues:105:5)
          at _runTest (C:\Users\Nate2\code\ox-board\node_modules\jest-circus\build\jestAdapterInit.js:946:3)
          at _runTestsForDescribeBlock (C:\Users\Nate2\code\ox-board\node_modules\jest-circus\build\jestAdapterInit.js:839:13)
          at _runTestsForDescribeBlock (C:\Users\Nate2\code\ox-board\node_modules\jest-circus\build\jestAdapterInit.js:829:11)
          at run (C:\Users\Nate2\code\ox-board\node_modules\jest-circus\build\jestAdapterInit.js:757:3)
          at runAndTransformResultsToJestFormat (C:\Users\Nate2\code\ox-board\node_modules\jest-circus\build\jestAdapterInit.js:1917:21)
          at jestAdapter (C:\Users\Nate2\code\ox-board\node_modules\jest-circus\build\runner.js:101:19)
          at runTestInternal (C:\Users\Nate2\code\ox-board\node_modules\jest-runner\build\testWorker.js:275:16)
          at runTest (C:\Users\Nate2\code\ox-board\node_modules\jest-runner\build\testWorker.js:343:7)
          at Object.worker (C:\Users\Nate2\code\ox-board\node_modules\jest-runner\build\testWorker.js:497:12),
      type: 'unhandled exception'
    }

    [0m [90m 103 |[39m     [36mreturn[39m[33m;[39m
     [90m 104 |[39m   }
    [31m[1m>[22m[39m[90m 105 |[39m   originalError[33m.[39mcall(console[33m,[39m [33m...[39margs)[33m;[39m
     [90m     |[39m                 [31m[1m^[22m[39m
     [90m 106 |[39m }[33m;[39m
     [90m 107 |[39m
     [90m 108 |[39m [90m// Suppress specific warnings during tests[39m[0m

      at console.call [as error] (tests/setup/jest.setup.js:105:17)
      at VirtualConsole.<anonymous> (node_modules/@jest/environment-jsdom-abstract/build/index.js:78:23)
      at reportException (node_modules/jsdom/lib/jsdom/living/helpers/runtime-script-errors.js:70:28)
      at innerInvokeEventListeners (node_modules/jsdom/lib/jsdom/living/events/EventTarget-impl.js:353:9)
      at invokeEventListeners (node_modules/jsdom/lib/jsdom/living/events/EventTarget-impl.js:286:3)
      at HTMLUnknownElementImpl._dispatch (node_modules/jsdom/lib/jsdom/living/events/EventTarget-impl.js:233:9)
      at HTMLUnknownElementImpl.dispatchEvent (node_modules/jsdom/lib/jsdom/living/events/EventTarget-impl.js:104:17)
      at HTMLUnknownElement.dispatchEvent (node_modules/jsdom/lib/jsdom/living/generated/EventTarget.js:241:34)
      at Object.invokeGuardedCallbackDev (node_modules/react-dom/cjs/react-dom.development.js:4213:16)
      at invokeGuardedCallback (node_modules/react-dom/cjs/react-dom.development.js:4277:31)
      at beginWork$1 (node_modules/react-dom/cjs/react-dom.development.js:27490:7)
      at performUnitOfWork (node_modules/react-dom/cjs/react-dom.development.js:26599:12)
      at workLoopSync (node_modules/react-dom/cjs/react-dom.development.js:26505:5)
      at renderRootSync (node_modules/react-dom/cjs/react-dom.development.js:26473:7)
      at performConcurrentWorkOnRoot (node_modules/react-dom/cjs/react-dom.development.js:25777:74)
      at flushActQueue (node_modules/react/cjs/react.development.js:2667:24)
      at act (node_modules/react/cjs/react.development.js:2582:11)
      at node_modules/@testing-library/react/dist/act-compat.js:47:25
      at Object.<anonymous> (tests/unit/components/GestureFeedback.test.tsx:155:8)

  console.error
    Error: Uncaught [Error: Too many re-renders. React limits the number of renders to prevent an infinite loop.]
        at Object.<anonymous> (C:\Users\Nate2\code\ox-board\tests\unit\components\GestureFeedback.test.tsx:155:8)
        at new Promise (<anonymous>) {
      detail: Error: Too many re-renders. React limits the number of renders to prevent an infinite loop.
          at renderWithHooks (C:\Users\Nate2\code\ox-board\node_modules\react-dom\cjs\react-dom.development.js:15498:15)
          at updateFunctionComponent (C:\Users\Nate2\code\ox-board\node_modules\react-dom\cjs\react-dom.development.js:19617:20)
          at beginWork (C:\Users\Nate2\code\ox-board\node_modules\react-dom\cjs\react-dom.development.js:21640:16)
          at HTMLUnknownElement.callCallback (C:\Users\Nate2\code\ox-board\node_modules\react-dom\cjs\react-dom.development.js:4164:14)
          at HTMLUnknownElement.callTheUserObjectsOperation (C:\Users\Nate2\code\ox-board\node_modules\jsdom\lib\jsdom\living\generated\EventListener.js:26:30)
          at innerInvokeEventListeners (C:\Users\Nate2\code\ox-board\node_modules\jsdom\lib\jsdom\living\events\EventTarget-impl.js:350:25)
          at invokeEventListeners (C:\Users\Nate2\code\ox-board\node_modules\jsdom\lib\jsdom\living\events\EventTarget-impl.js:286:3)
          at HTMLUnknownElementImpl._dispatch (C:\Users\Nate2\code\ox-board\node_modules\jsdom\lib\jsdom\living\events\EventTarget-impl.js:233:9)
          at HTMLUnknownElementImpl.dispatchEvent (C:\Users\Nate2\code\ox-board\node_modules\jsdom\lib\jsdom\living\events\EventTarget-impl.js:104:17)
          at HTMLUnknownElement.dispatchEvent (C:\Users\Nate2\code\ox-board\node_modules\jsdom\lib\jsdom\living\generated\EventTarget.js:241:34)
          at Object.invokeGuardedCallbackDev (C:\Users\Nate2\code\ox-board\node_modules\react-dom\cjs\react-dom.development.js:4213:16)
          at invokeGuardedCallback (C:\Users\Nate2\code\ox-board\node_modules\react-dom\cjs\react-dom.development.js:4277:31)
          at beginWork$1 (C:\Users\Nate2\code\ox-board\node_modules\react-dom\cjs\react-dom.development.js:27490:7)
          at performUnitOfWork (C:\Users\Nate2\code\ox-board\node_modules\react-dom\cjs\react-dom.development.js:26599:12)
          at workLoopSync (C:\Users\Nate2\code\ox-board\node_modules\react-dom\cjs\react-dom.development.js:26505:5)
          at renderRootSync (C:\Users\Nate2\code\ox-board\node_modules\react-dom\cjs\react-dom.development.js:26473:7)
          at recoverFromConcurrentError (C:\Users\Nate2\code\ox-board\node_modules\react-dom\cjs\react-dom.development.js:25889:20)
          at performConcurrentWorkOnRoot (C:\Users\Nate2\code\ox-board\node_modules\react-dom\cjs\react-dom.development.js:25789:22)
          at flushActQueue (C:\Users\Nate2\code\ox-board\node_modules\react\cjs\react.development.js:2667:24)
          at act (C:\Users\Nate2\code\ox-board\node_modules\react\cjs\react.development.js:2582:11)
          at C:\Users\Nate2\code\ox-board\node_modules\@testing-library\react\dist\act-compat.js:47:25
          at Object.<anonymous> (C:\Users\Nate2\code\ox-board\tests\unit\components\GestureFeedback.test.tsx:155:8)
          at Promise.finally.completed (C:\Users\Nate2\code\ox-board\node_modules\jest-circus\build\jestAdapterInit.js:1556:28)
          at new Promise (<anonymous>)
          at callAsyncCircusFn (C:\Users\Nate2\code\ox-board\node_modules\jest-circus\build\jestAdapterInit.js:1496:10)
          at _callCircusTest (C:\Users\Nate2\code\ox-board\node_modules\jest-circus\build\jestAdapterInit.js:1006:40)
          at processTicksAndRejections (node:internal/process/task_queues:105:5)
          at _runTest (C:\Users\Nate2\code\ox-board\node_modules\jest-circus\build\jestAdapterInit.js:946:3)
          at _runTestsForDescribeBlock (C:\Users\Nate2\code\ox-board\node_modules\jest-circus\build\jestAdapterInit.js:839:13)
          at _runTestsForDescribeBlock (C:\Users\Nate2\code\ox-board\node_modules\jest-circus\build\jestAdapterInit.js:829:11)
          at run (C:\Users\Nate2\code\ox-board\node_modules\jest-circus\build\jestAdapterInit.js:757:3)
          at runAndTransformResultsToJestFormat (C:\Users\Nate2\code\ox-board\node_modules\jest-circus\build\jestAdapterInit.js:1917:21)
          at jestAdapter (C:\Users\Nate2\code\ox-board\node_modules\jest-circus\build\runner.js:101:19)
          at runTestInternal (C:\Users\Nate2\code\ox-board\node_modules\jest-runner\build\testWorker.js:275:16)
          at runTest (C:\Users\Nate2\code\ox-board\node_modules\jest-runner\build\testWorker.js:343:7)
          at Object.worker (C:\Users\Nate2\code\ox-board\node_modules\jest-runner\build\testWorker.js:497:12),
      type: 'unhandled exception'
    }

    [0m [90m 103 |[39m     [36mreturn[39m[33m;[39m
     [90m 104 |[39m   }
    [31m[1m>[22m[39m[90m 105 |[39m   originalError[33m.[39mcall(console[33m,[39m [33m...[39margs)[33m;[39m
     [90m     |[39m                 [31m[1m^[22m[39m
     [90m 106 |[39m }[33m;[39m
     [90m 107 |[39m
     [90m 108 |[39m [90m// Suppress specific warnings during tests[39m[0m

      at console.call [as error] (tests/setup/jest.setup.js:105:17)
      at VirtualConsole.<anonymous> (node_modules/@jest/environment-jsdom-abstract/build/index.js:78:23)
      at reportException (node_modules/jsdom/lib/jsdom/living/helpers/runtime-script-errors.js:70:28)
      at innerInvokeEventListeners (node_modules/jsdom/lib/jsdom/living/events/EventTarget-impl.js:353:9)
      at invokeEventListeners (node_modules/jsdom/lib/jsdom/living/events/EventTarget-impl.js:286:3)
      at HTMLUnknownElementImpl._dispatch (node_modules/jsdom/lib/jsdom/living/events/EventTarget-impl.js:233:9)
      at HTMLUnknownElementImpl.dispatchEvent (node_modules/jsdom/lib/jsdom/living/events/EventTarget-impl.js:104:17)
      at HTMLUnknownElement.dispatchEvent (node_modules/jsdom/lib/jsdom/living/generated/EventTarget.js:241:34)
      at Object.invokeGuardedCallbackDev (node_modules/react-dom/cjs/react-dom.development.js:4213:16)
      at invokeGuardedCallback (node_modules/react-dom/cjs/react-dom.development.js:4277:31)
      at beginWork$1 (node_modules/react-dom/cjs/react-dom.development.js:27490:7)
      at performUnitOfWork (node_modules/react-dom/cjs/react-dom.development.js:26599:12)
      at workLoopSync (node_modules/react-dom/cjs/react-dom.development.js:26505:5)
      at renderRootSync (node_modules/react-dom/cjs/react-dom.development.js:26473:7)
      at recoverFromConcurrentError (node_modules/react-dom/cjs/react-dom.development.js:25889:20)
      at performConcurrentWorkOnRoot (node_modules/react-dom/cjs/react-dom.development.js:25789:22)
      at flushActQueue (node_modules/react/cjs/react.development.js:2667:24)
      at act (node_modules/react/cjs/react.development.js:2582:11)
      at node_modules/@testing-library/react/dist/act-compat.js:47:25
      at Object.<anonymous> (tests/unit/components/GestureFeedback.test.tsx:155:8)

  console.error
    The above error occurred in the <GestureFeedback> component:
    
        at mapper (C:\Users\Nate2\code\ox-board\app\components\GestureFeedback.tsx:64:3)
    
    Consider adding an error boundary to your tree to customize error handling behavior.
    Visit https://reactjs.org/link/error-boundaries to learn more about error boundaries.

    [0m [90m 103 |[39m     [36mreturn[39m[33m;[39m
     [90m 104 |[39m   }
    [31m[1m>[22m[39m[90m 105 |[39m   originalError[33m.[39mcall(console[33m,[39m [33m...[39margs)[33m;[39m
     [90m     |[39m                 [31m[1m^[22m[39m
     [90m 106 |[39m }[33m;[39m
     [90m 107 |[39m
     [90m 108 |[39m [90m// Suppress specific warnings during tests[39m[0m

      at console.call [as error] (tests/setup/jest.setup.js:105:17)
      at logCapturedError (node_modules/react-dom/cjs/react-dom.development.js:18704:23)
      at update.callback (node_modules/react-dom/cjs/react-dom.development.js:18737:5)
      at callCallback (node_modules/react-dom/cjs/react-dom.development.js:15036:12)
      at commitUpdateQueue (node_modules/react-dom/cjs/react-dom.development.js:15057:9)
      at commitLayoutEffectOnFiber (node_modules/react-dom/cjs/react-dom.development.js:23430:13)
      at commitLayoutMountEffects_complete (node_modules/react-dom/cjs/react-dom.development.js:24727:9)
      at commitLayoutEffects_begin (node_modules/react-dom/cjs/react-dom.development.js:24713:7)
      at commitLayoutEffects (node_modules/react-dom/cjs/react-dom.development.js:24651:3)
      at commitRootImpl (node_modules/react-dom/cjs/react-dom.development.js:26862:5)
      at commitRoot (node_modules/react-dom/cjs/react-dom.development.js:26721:5)
      at finishConcurrentRender (node_modules/react-dom/cjs/react-dom.development.js:25931:9)
      at performConcurrentWorkOnRoot (node_modules/react-dom/cjs/react-dom.development.js:25848:7)
      at flushActQueue (node_modules/react/cjs/react.development.js:2667:24)
      at act (node_modules/react/cjs/react.development.js:2582:11)
      at node_modules/@testing-library/react/dist/act-compat.js:47:25
      at Object.<anonymous> (tests/unit/components/GestureFeedback.test.tsx:155:8)

  console.error
    Error: Uncaught [Error: Too many re-renders. React limits the number of renders to prevent an infinite loop.]
        at Object.<anonymous> (C:\Users\Nate2\code\ox-board\tests\unit\components\GestureFeedback.test.tsx:180:8)
        at new Promise (<anonymous>) {
      detail: Error: Too many re-renders. React limits the number of renders to prevent an infinite loop.
          at renderWithHooks (C:\Users\Nate2\code\ox-board\node_modules\react-dom\cjs\react-dom.development.js:15498:15)
          at updateFunctionComponent (C:\Users\Nate2\code\ox-board\node_modules\react-dom\cjs\react-dom.development.js:19617:20)
          at beginWork (C:\Users\Nate2\code\ox-board\node_modules\react-dom\cjs\react-dom.development.js:21640:16)
          at HTMLUnknownElement.callCallback (C:\Users\Nate2\code\ox-board\node_modules\react-dom\cjs\react-dom.development.js:4164:14)
          at HTMLUnknownElement.callTheUserObjectsOperation (C:\Users\Nate2\code\ox-board\node_modules\jsdom\lib\jsdom\living\generated\EventListener.js:26:30)
          at innerInvokeEventListeners (C:\Users\Nate2\code\ox-board\node_modules\jsdom\lib\jsdom\living\events\EventTarget-impl.js:350:25)
          at invokeEventListeners (C:\Users\Nate2\code\ox-board\node_modules\jsdom\lib\jsdom\living\events\EventTarget-impl.js:286:3)
          at HTMLUnknownElementImpl._dispatch (C:\Users\Nate2\code\ox-board\node_modules\jsdom\lib\jsdom\living\events\EventTarget-impl.js:233:9)
          at HTMLUnknownElementImpl.dispatchEvent (C:\Users\Nate2\code\ox-board\node_modules\jsdom\lib\jsdom\living\events\EventTarget-impl.js:104:17)
          at HTMLUnknownElement.dispatchEvent (C:\Users\Nate2\code\ox-board\node_modules\jsdom\lib\jsdom\living\generated\EventTarget.js:241:34)
          at Object.invokeGuardedCallbackDev (C:\Users\Nate2\code\ox-board\node_modules\react-dom\cjs\react-dom.development.js:4213:16)
          at invokeGuardedCallback (C:\Users\Nate2\code\ox-board\node_modules\react-dom\cjs\react-dom.development.js:4277:31)
          at beginWork$1 (C:\Users\Nate2\code\ox-board\node_modules\react-dom\cjs\react-dom.development.js:27490:7)
          at performUnitOfWork (C:\Users\Nate2\code\ox-board\node_modules\react-dom\cjs\react-dom.development.js:26599:12)
          at workLoopSync (C:\Users\Nate2\code\ox-board\node_modules\react-dom\cjs\react-dom.development.js:26505:5)
          at renderRootSync (C:\Users\Nate2\code\ox-board\node_modules\react-dom\cjs\react-dom.development.js:26473:7)
          at performConcurrentWorkOnRoot (C:\Users\Nate2\code\ox-board\node_modules\react-dom\cjs\react-dom.development.js:25777:74)
          at flushActQueue (C:\Users\Nate2\code\ox-board\node_modules\react\cjs\react.development.js:2667:24)
          at act (C:\Users\Nate2\code\ox-board\node_modules\react\cjs\react.development.js:2582:11)
          at C:\Users\Nate2\code\ox-board\node_modules\@testing-library\react\dist\act-compat.js:47:25
          at Object.<anonymous> (C:\Users\Nate2\code\ox-board\tests\unit\components\GestureFeedback.test.tsx:180:8)
          at Promise.finally.completed (C:\Users\Nate2\code\ox-board\node_modules\jest-circus\build\jestAdapterInit.js:1556:28)
          at new Promise (<anonymous>)
          at callAsyncCircusFn (C:\Users\Nate2\code\ox-board\node_modules\jest-circus\build\jestAdapterInit.js:1496:10)
          at _callCircusTest (C:\Users\Nate2\code\ox-board\node_modules\jest-circus\build\jestAdapterInit.js:1006:40)
          at processTicksAndRejections (node:internal/process/task_queues:105:5)
          at _runTest (C:\Users\Nate2\code\ox-board\node_modules\jest-circus\build\jestAdapterInit.js:946:3)
          at _runTestsForDescribeBlock (C:\Users\Nate2\code\ox-board\node_modules\jest-circus\build\jestAdapterInit.js:839:13)
          at _runTestsForDescribeBlock (C:\Users\Nate2\code\ox-board\node_modules\jest-circus\build\jestAdapterInit.js:829:11)
          at run (C:\Users\Nate2\code\ox-board\node_modules\jest-circus\build\jestAdapterInit.js:757:3)
          at runAndTransformResultsToJestFormat (C:\Users\Nate2\code\ox-board\node_modules\jest-circus\build\jestAdapterInit.js:1917:21)
          at jestAdapter (C:\Users\Nate2\code\ox-board\node_modules\jest-circus\build\runner.js:101:19)
          at runTestInternal (C:\Users\Nate2\code\ox-board\node_modules\jest-runner\build\testWorker.js:275:16)
          at runTest (C:\Users\Nate2\code\ox-board\node_modules\jest-runner\build\testWorker.js:343:7)
          at Object.worker (C:\Users\Nate2\code\ox-board\node_modules\jest-runner\build\testWorker.js:497:12),
      type: 'unhandled exception'
    }

    [0m [90m 103 |[39m     [36mreturn[39m[33m;[39m
     [90m 104 |[39m   }
    [31m[1m>[22m[39m[90m 105 |[39m   originalError[33m.[39mcall(console[33m,[39m [33m...[39margs)[33m;[39m
     [90m     |[39m                 [31m[1m^[22m[39m
     [90m 106 |[39m }[33m;[39m
     [90m 107 |[39m
     [90m 108 |[39m [90m// Suppress specific warnings during tests[39m[0m

      at console.call [as error] (tests/setup/jest.setup.js:105:17)
      at VirtualConsole.<anonymous> (node_modules/@jest/environment-jsdom-abstract/build/index.js:78:23)
      at reportException (node_modules/jsdom/lib/jsdom/living/helpers/runtime-script-errors.js:70:28)
      at innerInvokeEventListeners (node_modules/jsdom/lib/jsdom/living/events/EventTarget-impl.js:353:9)
      at invokeEventListeners (node_modules/jsdom/lib/jsdom/living/events/EventTarget-impl.js:286:3)
      at HTMLUnknownElementImpl._dispatch (node_modules/jsdom/lib/jsdom/living/events/EventTarget-impl.js:233:9)
      at HTMLUnknownElementImpl.dispatchEvent (node_modules/jsdom/lib/jsdom/living/events/EventTarget-impl.js:104:17)
      at HTMLUnknownElement.dispatchEvent (node_modules/jsdom/lib/jsdom/living/generated/EventTarget.js:241:34)
      at Object.invokeGuardedCallbackDev (node_modules/react-dom/cjs/react-dom.development.js:4213:16)
      at invokeGuardedCallback (node_modules/react-dom/cjs/react-dom.development.js:4277:31)
      at beginWork$1 (node_modules/react-dom/cjs/react-dom.development.js:27490:7)
      at performUnitOfWork (node_modules/react-dom/cjs/react-dom.development.js:26599:12)
      at workLoopSync (node_modules/react-dom/cjs/react-dom.development.js:26505:5)
      at renderRootSync (node_modules/react-dom/cjs/react-dom.development.js:26473:7)
      at performConcurrentWorkOnRoot (node_modules/react-dom/cjs/react-dom.development.js:25777:74)
      at flushActQueue (node_modules/react/cjs/react.development.js:2667:24)
      at act (node_modules/react/cjs/react.development.js:2582:11)
      at node_modules/@testing-library/react/dist/act-compat.js:47:25
      at Object.<anonymous> (tests/unit/components/GestureFeedback.test.tsx:180:8)

  console.log
    Music analyzer client initialized

      at MusicAnalyzerClient.log [as initializeWorker] (app/lib/audio/musicAnalyzerClient.ts:143:15)

  console.error
    Error: Uncaught [Error: Too many re-renders. React limits the number of renders to prevent an infinite loop.]
        at Object.<anonymous> (C:\Users\Nate2\code\ox-board\tests\unit\components\GestureFeedback.test.tsx:180:8)
        at new Promise (<anonymous>) {
      detail: Error: Too many re-renders. React limits the number of renders to prevent an infinite loop.
          at renderWithHooks (C:\Users\Nate2\code\ox-board\node_modules\react-dom\cjs\react-dom.development.js:15498:15)
          at updateFunctionComponent (C:\Users\Nate2\code\ox-board\node_modules\react-dom\cjs\react-dom.development.js:19617:20)
          at beginWork (C:\Users\Nate2\code\ox-board\node_modules\react-dom\cjs\react-dom.development.js:21640:16)
          at HTMLUnknownElement.callCallback (C:\Users\Nate2\code\ox-board\node_modules\react-dom\cjs\react-dom.development.js:4164:14)
          at HTMLUnknownElement.callTheUserObjectsOperation (C:\Users\Nate2\code\ox-board\node_modules\jsdom\lib\jsdom\living\generated\EventListener.js:26:30)
          at innerInvokeEventListeners (C:\Users\Nate2\code\ox-board\node_modules\jsdom\lib\jsdom\living\events\EventTarget-impl.js:350:25)
          at invokeEventListeners (C:\Users\Nate2\code\ox-board\node_modules\jsdom\lib\jsdom\living\events\EventTarget-impl.js:286:3)
          at HTMLUnknownElementImpl._dispatch (C:\Users\Nate2\code\ox-board\node_modules\jsdom\lib\jsdom\living\events\EventTarget-impl.js:233:9)
          at HTMLUnknownElementImpl.dispatchEvent (C:\Users\Nate2\code\ox-board\node_modules\jsdom\lib\jsdom\living\events\EventTarget-impl.js:104:17)
          at HTMLUnknownElement.dispatchEvent (C:\Users\Nate2\code\ox-board\node_modules\jsdom\lib\jsdom\living\generated\EventTarget.js:241:34)
          at Object.invokeGuardedCallbackDev (C:\Users\Nate2\code\ox-board\node_modules\react-dom\cjs\react-dom.development.js:4213:16)
          at invokeGuardedCallback (C:\Users\Nate2\code\ox-board\node_modules\react-dom\cjs\react-dom.development.js:4277:31)
          at beginWork$1 (C:\Users\Nate2\code\ox-board\node_modules\react-dom\cjs\react-dom.development.js:27490:7)
          at performUnitOfWork (C:\Users\Nate2\code\ox-board\node_modules\react-dom\cjs\react-dom.development.js:26599:12)
          at workLoopSync (C:\Users\Nate2\code\ox-board\node_modules\react-dom\cjs\react-dom.development.js:26505:5)
          at renderRootSync (C:\Users\Nate2\code\ox-board\node_modules\react-dom\cjs\react-dom.development.js:26473:7)
          at recoverFromConcurrentError (C:\Users\Nate2\code\ox-board\node_modules\react-dom\cjs\react-dom.development.js:25889:20)
          at performConcurrentWorkOnRoot (C:\Users\Nate2\code\ox-board\node_modules\react-dom\cjs\react-dom.development.js:25789:22)
          at flushActQueue (C:\Users\Nate2\code\ox-board\node_modules\react\cjs\react.development.js:2667:24)
          at act (C:\Users\Nate2\code\ox-board\node_modules\react\cjs\react.development.js:2582:11)
          at C:\Users\Nate2\code\ox-board\node_modules\@testing-library\react\dist\act-compat.js:47:25
          at Object.<anonymous> (C:\Users\Nate2\code\ox-board\tests\unit\components\GestureFeedback.test.tsx:180:8)
          at Promise.finally.completed (C:\Users\Nate2\code\ox-board\node_modules\jest-circus\build\jestAdapterInit.js:1556:28)
          at new Promise (<anonymous>)
          at callAsyncCircusFn (C:\Users\Nate2\code\ox-board\node_modules\jest-circus\build\jestAdapterInit.js:1496:10)
          at _callCircusTest (C:\Users\Nate2\code\ox-board\node_modules\jest-circus\build\jestAdapterInit.js:1006:40)
          at processTicksAndRejections (node:internal/process/task_queues:105:5)
          at _runTest (C:\Users\Nate2\code\ox-board\node_modules\jest-circus\build\jestAdapterInit.js:946:3)
          at _runTestsForDescribeBlock (C:\Users\Nate2\code\ox-board\node_modules\jest-circus\build\jestAdapterInit.js:839:13)
          at _runTestsForDescribeBlock (C:\Users\Nate2\code\ox-board\node_modules\jest-circus\build\jestAdapterInit.js:829:11)
          at run (C:\Users\Nate2\code\ox-board\node_modules\jest-circus\build\jestAdapterInit.js:757:3)
          at runAndTransformResultsToJestFormat (C:\Users\Nate2\code\ox-board\node_modules\jest-circus\build\jestAdapterInit.js:1917:21)
          at jestAdapter (C:\Users\Nate2\code\ox-board\node_modules\jest-circus\build\runner.js:101:19)
          at runTestInternal (C:\Users\Nate2\code\ox-board\node_modules\jest-runner\build\testWorker.js:275:16)
          at runTest (C:\Users\Nate2\code\ox-board\node_modules\jest-runner\build\testWorker.js:343:7)
          at Object.worker (C:\Users\Nate2\code\ox-board\node_modules\jest-runner\build\testWorker.js:497:12),
      type: 'unhandled exception'
    }

    [0m [90m 103 |[39m     [36mreturn[39m[33m;[39m
     [90m 104 |[39m   }
    [31m[1m>[22m[39m[90m 105 |[39m   originalError[33m.[39mcall(console[33m,[39m [33m...[39margs)[33m;[39m
     [90m     |[39m                 [31m[1m^[22m[39m
     [90m 106 |[39m }[33m;[39m
     [90m 107 |[39m
     [90m 108 |[39m [90m// Suppress specific warnings during tests[39m[0m

      at console.call [as error] (tests/setup/jest.setup.js:105:17)
      at VirtualConsole.<anonymous> (node_modules/@jest/environment-jsdom-abstract/build/index.js:78:23)
      at reportException (node_modules/jsdom/lib/jsdom/living/helpers/runtime-script-errors.js:70:28)
      at innerInvokeEventListeners (node_modules/jsdom/lib/jsdom/living/events/EventTarget-impl.js:353:9)
      at invokeEventListeners (node_modules/jsdom/lib/jsdom/living/events/EventTarget-impl.js:286:3)
      at HTMLUnknownElementImpl._dispatch (node_modules/jsdom/lib/jsdom/living/events/EventTarget-impl.js:233:9)
      at HTMLUnknownElementImpl.dispatchEvent (node_modules/jsdom/lib/jsdom/living/events/EventTarget-impl.js:104:17)
      at HTMLUnknownElement.dispatchEvent (node_modules/jsdom/lib/jsdom/living/generated/EventTarget.js:241:34)
      at Object.invokeGuardedCallbackDev (node_modules/react-dom/cjs/react-dom.development.js:4213:16)
      at invokeGuardedCallback (node_modules/react-dom/cjs/react-dom.development.js:4277:31)
      at beginWork$1 (node_modules/react-dom/cjs/react-dom.development.js:27490:7)
      at performUnitOfWork (node_modules/react-dom/cjs/react-dom.development.js:26599:12)
      at workLoopSync (node_modules/react-dom/cjs/react-dom.development.js:26505:5)
      at renderRootSync (node_modules/react-dom/cjs/react-dom.development.js:26473:7)
      at recoverFromConcurrentError (node_modules/react-dom/cjs/react-dom.development.js:25889:20)
      at performConcurrentWorkOnRoot (node_modules/react-dom/cjs/react-dom.development.js:25789:22)
      at flushActQueue (node_modules/react/cjs/react.development.js:2667:24)
      at act (node_modules/react/cjs/react.development.js:2582:11)
      at node_modules/@testing-library/react/dist/act-compat.js:47:25
      at Object.<anonymous> (tests/unit/components/GestureFeedback.test.tsx:180:8)

  console.error
    The above error occurred in the <GestureFeedback> component:
    
        at mapper (C:\Users\Nate2\code\ox-board\app\components\GestureFeedback.tsx:64:3)
    
    Consider adding an error boundary to your tree to customize error handling behavior.
    Visit https://reactjs.org/link/error-boundaries to learn more about error boundaries.

    [0m [90m 103 |[39m     [36mreturn[39m[33m;[39m
     [90m 104 |[39m   }
    [31m[1m>[22m[39m[90m 105 |[39m   originalError[33m.[39mcall(console[33m,[39m [33m...[39margs)[33m;[39m
     [90m     |[39m                 [31m[1m^[22m[39m
     [90m 106 |[39m }[33m;[39m
     [90m 107 |[39m
     [90m 108 |[39m [90m// Suppress specific warnings during tests[39m[0m

      at console.call [as error] (tests/setup/jest.setup.js:105:17)
      at logCapturedError (node_modules/react-dom/cjs/react-dom.development.js:18704:23)
      at update.callback (node_modules/react-dom/cjs/react-dom.development.js:18737:5)
      at callCallback (node_modules/react-dom/cjs/react-dom.development.js:15036:12)
      at commitUpdateQueue (node_modules/react-dom/cjs/react-dom.development.js:15057:9)
      at commitLayoutEffectOnFiber (node_modules/react-dom/cjs/react-dom.development.js:23430:13)
      at commitLayoutMountEffects_complete (node_modules/react-dom/cjs/react-dom.development.js:24727:9)
      at commitLayoutEffects_begin (node_modules/react-dom/cjs/react-dom.development.js:24713:7)
      at commitLayoutEffects (node_modules/react-dom/cjs/react-dom.development.js:24651:3)
      at commitRootImpl (node_modules/react-dom/cjs/react-dom.development.js:26862:5)
      at commitRoot (node_modules/react-dom/cjs/react-dom.development.js:26721:5)
      at finishConcurrentRender (node_modules/react-dom/cjs/react-dom.development.js:25931:9)
      at performConcurrentWorkOnRoot (node_modules/react-dom/cjs/react-dom.development.js:25848:7)
      at flushActQueue (node_modules/react/cjs/react.development.js:2667:24)
      at act (node_modules/react/cjs/react.development.js:2582:11)
      at node_modules/@testing-library/react/dist/act-compat.js:47:25
      at Object.<anonymous> (tests/unit/components/GestureFeedback.test.tsx:180:8)

  console.error
    Error: Uncaught [Error: Too many re-renders. React limits the number of renders to prevent an infinite loop.]
        at Object.<anonymous> (C:\Users\Nate2\code\ox-board\tests\unit\components\GestureFeedback.test.tsx:204:8)
        at new Promise (<anonymous>) {
      detail: Error: Too many re-renders. React limits the number of renders to prevent an infinite loop.
          at renderWithHooks (C:\Users\Nate2\code\ox-board\node_modules\react-dom\cjs\react-dom.development.js:15498:15)
          at updateFunctionComponent (C:\Users\Nate2\code\ox-board\node_modules\react-dom\cjs\react-dom.development.js:19617:20)
          at beginWork (C:\Users\Nate2\code\ox-board\node_modules\react-dom\cjs\react-dom.development.js:21640:16)
          at HTMLUnknownElement.callCallback (C:\Users\Nate2\code\ox-board\node_modules\react-dom\cjs\react-dom.development.js:4164:14)
          at HTMLUnknownElement.callTheUserObjectsOperation (C:\Users\Nate2\code\ox-board\node_modules\jsdom\lib\jsdom\living\generated\EventListener.js:26:30)
          at innerInvokeEventListeners (C:\Users\Nate2\code\ox-board\node_modules\jsdom\lib\jsdom\living\events\EventTarget-impl.js:350:25)
          at invokeEventListeners (C:\Users\Nate2\code\ox-board\node_modules\jsdom\lib\jsdom\living\events\EventTarget-impl.js:286:3)
          at HTMLUnknownElementImpl._dispatch (C:\Users\Nate2\code\ox-board\node_modules\jsdom\lib\jsdom\living\events\EventTarget-impl.js:233:9)
          at HTMLUnknownElementImpl.dispatchEvent (C:\Users\Nate2\code\ox-board\node_modules\jsdom\lib\jsdom\living\events\EventTarget-impl.js:104:17)
          at HTMLUnknownElement.dispatchEvent (C:\Users\Nate2\code\ox-board\node_modules\jsdom\lib\jsdom\living\generated\EventTarget.js:241:34)
          at Object.invokeGuardedCallbackDev (C:\Users\Nate2\code\ox-board\node_modules\react-dom\cjs\react-dom.development.js:4213:16)
          at invokeGuardedCallback (C:\Users\Nate2\code\ox-board\node_modules\react-dom\cjs\react-dom.development.js:4277:31)
          at beginWork$1 (C:\Users\Nate2\code\ox-board\node_modules\react-dom\cjs\react-dom.development.js:27490:7)
          at performUnitOfWork (C:\Users\Nate2\code\ox-board\node_modules\react-dom\cjs\react-dom.development.js:26599:12)
          at workLoopSync (C:\Users\Nate2\code\ox-board\node_modules\react-dom\cjs\react-dom.development.js:26505:5)
          at renderRootSync (C:\Users\Nate2\code\ox-board\node_modules\react-dom\cjs\react-dom.development.js:26473:7)
          at performConcurrentWorkOnRoot (C:\Users\Nate2\code\ox-board\node_modules\react-dom\cjs\react-dom.development.js:25777:74)
          at flushActQueue (C:\Users\Nate2\code\ox-board\node_modules\react\cjs\react.development.js:2667:24)
          at act (C:\Users\Nate2\code\ox-board\node_modules\react\cjs\react.development.js:2582:11)
          at C:\Users\Nate2\code\ox-board\node_modules\@testing-library\react\dist\act-compat.js:47:25
          at Object.<anonymous> (C:\Users\Nate2\code\ox-board\tests\unit\components\GestureFeedback.test.tsx:204:8)
          at Promise.finally.completed (C:\Users\Nate2\code\ox-board\node_modules\jest-circus\build\jestAdapterInit.js:1556:28)
          at new Promise (<anonymous>)
          at callAsyncCircusFn (C:\Users\Nate2\code\ox-board\node_modules\jest-circus\build\jestAdapterInit.js:1496:10)
          at _callCircusTest (C:\Users\Nate2\code\ox-board\node_modules\jest-circus\build\jestAdapterInit.js:1006:40)
          at processTicksAndRejections (node:internal/process/task_queues:105:5)
          at _runTest (C:\Users\Nate2\code\ox-board\node_modules\jest-circus\build\jestAdapterInit.js:946:3)
          at _runTestsForDescribeBlock (C:\Users\Nate2\code\ox-board\node_modules\jest-circus\build\jestAdapterInit.js:839:13)
          at _runTestsForDescribeBlock (C:\Users\Nate2\code\ox-board\node_modules\jest-circus\build\jestAdapterInit.js:829:11)
          at run (C:\Users\Nate2\code\ox-board\node_modules\jest-circus\build\jestAdapterInit.js:757:3)
          at runAndTransformResultsToJestFormat (C:\Users\Nate2\code\ox-board\node_modules\jest-circus\build\jestAdapterInit.js:1917:21)
          at jestAdapter (C:\Users\Nate2\code\ox-board\node_modules\jest-circus\build\runner.js:101:19)
          at runTestInternal (C:\Users\Nate2\code\ox-board\node_modules\jest-runner\build\testWorker.js:275:16)
          at runTest (C:\Users\Nate2\code\ox-board\node_modules\jest-runner\build\testWorker.js:343:7)
          at Object.worker (C:\Users\Nate2\code\ox-board\node_modules\jest-runner\build\testWorker.js:497:12),
      type: 'unhandled exception'
    }

    [0m [90m 103 |[39m     [36mreturn[39m[33m;[39m
     [90m 104 |[39m   }
    [31m[1m>[22m[39m[90m 105 |[39m   originalError[33m.[39mcall(console[33m,[39m [33m...[39margs)[33m;[39m
     [90m     |[39m                 [31m[1m^[22m[39m
     [90m 106 |[39m }[33m;[39m
     [90m 107 |[39m
     [90m 108 |[39m [90m// Suppress specific warnings during tests[39m[0m

      at console.call [as error] (tests/setup/jest.setup.js:105:17)
      at VirtualConsole.<anonymous> (node_modules/@jest/environment-jsdom-abstract/build/index.js:78:23)
      at reportException (node_modules/jsdom/lib/jsdom/living/helpers/runtime-script-errors.js:70:28)
      at innerInvokeEventListeners (node_modules/jsdom/lib/jsdom/living/events/EventTarget-impl.js:353:9)
      at invokeEventListeners (node_modules/jsdom/lib/jsdom/living/events/EventTarget-impl.js:286:3)
      at HTMLUnknownElementImpl._dispatch (node_modules/jsdom/lib/jsdom/living/events/EventTarget-impl.js:233:9)
      at HTMLUnknownElementImpl.dispatchEvent (node_modules/jsdom/lib/jsdom/living/events/EventTarget-impl.js:104:17)
      at HTMLUnknownElement.dispatchEvent (node_modules/jsdom/lib/jsdom/living/generated/EventTarget.js:241:34)
      at Object.invokeGuardedCallbackDev (node_modules/react-dom/cjs/react-dom.development.js:4213:16)
      at invokeGuardedCallback (node_modules/react-dom/cjs/react-dom.development.js:4277:31)
      at beginWork$1 (node_modules/react-dom/cjs/react-dom.development.js:27490:7)
      at performUnitOfWork (node_modules/react-dom/cjs/react-dom.development.js:26599:12)
      at workLoopSync (node_modules/react-dom/cjs/react-dom.development.js:26505:5)
      at renderRootSync (node_modules/react-dom/cjs/react-dom.development.js:26473:7)
      at performConcurrentWorkOnRoot (node_modules/react-dom/cjs/react-dom.development.js:25777:74)
      at flushActQueue (node_modules/react/cjs/react.development.js:2667:24)
      at act (node_modules/react/cjs/react.development.js:2582:11)
      at node_modules/@testing-library/react/dist/act-compat.js:47:25
      at Object.<anonymous> (tests/unit/components/GestureFeedback.test.tsx:204:8)

  console.log
    🌐 Connection status changed: offline

      at OfflineSyncManager.log [as handleConnectionChange] (app/lib/sync/offlineSync.ts:143:13)

  console.warn
    Received response for unknown request: init

    [0m [90m 117 |[39m     [36mreturn[39m[33m;[39m
     [90m 118 |[39m   }
    [31m[1m>[22m[39m[90m 119 |[39m   originalWarn[33m.[39mcall(console[33m,[39m [33m...[39margs)[33m;[39m
     [90m     |[39m                [31m[1m^[22m[39m
     [90m 120 |[39m }[33m;[39m
     [90m 121 |[39m[0m

      at console.call (tests/setup/jest.setup.js:119:16)
      at MusicAnalyzerClient.warn [as handleWorkerMessage] (app/lib/audio/musicAnalyzerClient.ts:158:15)
      at MockWorker.onmessage [as simulateMessage] (tests/unit/lib/audio/musicAnalyzerClient.test.ts:58:12)
      at simulateMessage (tests/unit/lib/audio/musicAnalyzerClient.test.ts:32:12)
      at Timeout.task [as _onTimeout] (node_modules/jsdom/lib/jsdom/browser/Window.js:579:19)

  console.log
    📴 Connection lost, switching to offline mode

      at OfflineManager.log [as handleConnectionChange] (app/lib/offline/offlineManager.ts:257:15)

  console.error
    Error: Uncaught [Error: Too many re-renders. React limits the number of renders to prevent an infinite loop.]
        at Object.<anonymous> (C:\Users\Nate2\code\ox-board\tests\unit\components\GestureFeedback.test.tsx:204:8)
        at new Promise (<anonymous>) {
      detail: Error: Too many re-renders. React limits the number of renders to prevent an infinite loop.
          at renderWithHooks (C:\Users\Nate2\code\ox-board\node_modules\react-dom\cjs\react-dom.development.js:15498:15)
          at updateFunctionComponent (C:\Users\Nate2\code\ox-board\node_modules\react-dom\cjs\react-dom.development.js:19617:20)
          at beginWork (C:\Users\Nate2\code\ox-board\node_modules\react-dom\cjs\react-dom.development.js:21640:16)
          at HTMLUnknownElement.callCallback (C:\Users\Nate2\code\ox-board\node_modules\react-dom\cjs\react-dom.development.js:4164:14)
          at HTMLUnknownElement.callTheUserObjectsOperation (C:\Users\Nate2\code\ox-board\node_modules\jsdom\lib\jsdom\living\generated\EventListener.js:26:30)
          at innerInvokeEventListeners (C:\Users\Nate2\code\ox-board\node_modules\jsdom\lib\jsdom\living\events\EventTarget-impl.js:350:25)
          at invokeEventListeners (C:\Users\Nate2\code\ox-board\node_modules\jsdom\lib\jsdom\living\events\EventTarget-impl.js:286:3)
          at HTMLUnknownElementImpl._dispatch (C:\Users\Nate2\code\ox-board\node_modules\jsdom\lib\jsdom\living\events\EventTarget-impl.js:233:9)
          at HTMLUnknownElementImpl.dispatchEvent (C:\Users\Nate2\code\ox-board\node_modules\jsdom\lib\jsdom\living\events\EventTarget-impl.js:104:17)
          at HTMLUnknownElement.dispatchEvent (C:\Users\Nate2\code\ox-board\node_modules\jsdom\lib\jsdom\living\generated\EventTarget.js:241:34)
          at Object.invokeGuardedCallbackDev (C:\Users\Nate2\code\ox-board\node_modules\react-dom\cjs\react-dom.development.js:4213:16)
          at invokeGuardedCallback (C:\Users\Nate2\code\ox-board\node_modules\react-dom\cjs\react-dom.development.js:4277:31)
          at beginWork$1 (C:\Users\Nate2\code\ox-board\node_modules\react-dom\cjs\react-dom.development.js:27490:7)
          at performUnitOfWork (C:\Users\Nate2\code\ox-board\node_modules\react-dom\cjs\react-dom.development.js:26599:12)
          at workLoopSync (C:\Users\Nate2\code\ox-board\node_modules\react-dom\cjs\react-dom.development.js:26505:5)
          at renderRootSync (C:\Users\Nate2\code\ox-board\node_modules\react-dom\cjs\react-dom.development.js:26473:7)
          at recoverFromConcurrentError (C:\Users\Nate2\code\ox-board\node_modules\react-dom\cjs\react-dom.development.js:25889:20)
          at performConcurrentWorkOnRoot (C:\Users\Nate2\code\ox-board\node_modules\react-dom\cjs\react-dom.development.js:25789:22)
          at flushActQueue (C:\Users\Nate2\code\ox-board\node_modules\react\cjs\react.development.js:2667:24)
          at act (C:\Users\Nate2\code\ox-board\node_modules\react\cjs\react.development.js:2582:11)
          at C:\Users\Nate2\code\ox-board\node_modules\@testing-library\react\dist\act-compat.js:47:25
          at Object.<anonymous> (C:\Users\Nate2\code\ox-board\tests\unit\components\GestureFeedback.test.tsx:204:8)
          at Promise.finally.completed (C:\Users\Nate2\code\ox-board\node_modules\jest-circus\build\jestAdapterInit.js:1556:28)
          at new Promise (<anonymous>)
          at callAsyncCircusFn (C:\Users\Nate2\code\ox-board\node_modules\jest-circus\build\jestAdapterInit.js:1496:10)
          at _callCircusTest (C:\Users\Nate2\code\ox-board\node_modules\jest-circus\build\jestAdapterInit.js:1006:40)
          at processTicksAndRejections (node:internal/process/task_queues:105:5)
          at _runTest (C:\Users\Nate2\code\ox-board\node_modules\jest-circus\build\jestAdapterInit.js:946:3)
          at _runTestsForDescribeBlock (C:\Users\Nate2\code\ox-board\node_modules\jest-circus\build\jestAdapterInit.js:839:13)
          at _runTestsForDescribeBlock (C:\Users\Nate2\code\ox-board\node_modules\jest-circus\build\jestAdapterInit.js:829:11)
          at run (C:\Users\Nate2\code\ox-board\node_modules\jest-circus\build\jestAdapterInit.js:757:3)
          at runAndTransformResultsToJestFormat (C:\Users\Nate2\code\ox-board\node_modules\jest-circus\build\jestAdapterInit.js:1917:21)
          at jestAdapter (C:\Users\Nate2\code\ox-board\node_modules\jest-circus\build\runner.js:101:19)
          at runTestInternal (C:\Users\Nate2\code\ox-board\node_modules\jest-runner\build\testWorker.js:275:16)
          at runTest (C:\Users\Nate2\code\ox-board\node_modules\jest-runner\build\testWorker.js:343:7)
          at Object.worker (C:\Users\Nate2\code\ox-board\node_modules\jest-runner\build\testWorker.js:497:12),
      type: 'unhandled exception'
    }

    [0m [90m 103 |[39m     [36mreturn[39m[33m;[39m
     [90m 104 |[39m   }
    [31m[1m>[22m[39m[90m 105 |[39m   originalError[33m.[39mcall(console[33m,[39m [33m...[39margs)[33m;[39m
     [90m     |[39m                 [31m[1m^[22m[39m
     [90m 106 |[39m }[33m;[39m
     [90m 107 |[39m
     [90m 108 |[39m [90m// Suppress specific warnings during tests[39m[0m

      at console.call [as error] (tests/setup/jest.setup.js:105:17)
      at VirtualConsole.<anonymous> (node_modules/@jest/environment-jsdom-abstract/build/index.js:78:23)
      at reportException (node_modules/jsdom/lib/jsdom/living/helpers/runtime-script-errors.js:70:28)
      at innerInvokeEventListeners (node_modules/jsdom/lib/jsdom/living/events/EventTarget-impl.js:353:9)
      at invokeEventListeners (node_modules/jsdom/lib/jsdom/living/events/EventTarget-impl.js:286:3)
      at HTMLUnknownElementImpl._dispatch (node_modules/jsdom/lib/jsdom/living/events/EventTarget-impl.js:233:9)
      at HTMLUnknownElementImpl.dispatchEvent (node_modules/jsdom/lib/jsdom/living/events/EventTarget-impl.js:104:17)
      at HTMLUnknownElement.dispatchEvent (node_modules/jsdom/lib/jsdom/living/generated/EventTarget.js:241:34)
      at Object.invokeGuardedCallbackDev (node_modules/react-dom/cjs/react-dom.development.js:4213:16)
      at invokeGuardedCallback (node_modules/react-dom/cjs/react-dom.development.js:4277:31)
      at beginWork$1 (node_modules/react-dom/cjs/react-dom.development.js:27490:7)
      at performUnitOfWork (node_modules/react-dom/cjs/react-dom.development.js:26599:12)
      at workLoopSync (node_modules/react-dom/cjs/react-dom.development.js:26505:5)
      at renderRootSync (node_modules/react-dom/cjs/react-dom.development.js:26473:7)
      at recoverFromConcurrentError (node_modules/react-dom/cjs/react-dom.development.js:25889:20)
      at performConcurrentWorkOnRoot (node_modules/react-dom/cjs/react-dom.development.js:25789:22)
      at flushActQueue (node_modules/react/cjs/react.development.js:2667:24)
      at act (node_modules/react/cjs/react.development.js:2582:11)
      at node_modules/@testing-library/react/dist/act-compat.js:47:25
      at Object.<anonymous> (tests/unit/components/GestureFeedback.test.tsx:204:8)

  console.error
    The above error occurred in the <GestureFeedback> component:
    
        at mapper (C:\Users\Nate2\code\ox-board\app\components\GestureFeedback.tsx:64:3)
    
    Consider adding an error boundary to your tree to customize error handling behavior.
    Visit https://reactjs.org/link/error-boundaries to learn more about error boundaries.

    [0m [90m 103 |[39m     [36mreturn[39m[33m;[39m
     [90m 104 |[39m   }
    [31m[1m>[22m[39m[90m 105 |[39m   originalError[33m.[39mcall(console[33m,[39m [33m...[39margs)[33m;[39m
     [90m     |[39m                 [31m[1m^[22m[39m
     [90m 106 |[39m }[33m;[39m
     [90m 107 |[39m
     [90m 108 |[39m [90m// Suppress specific warnings during tests[39m[0m

      at console.call [as error] (tests/setup/jest.setup.js:105:17)
      at logCapturedError (node_modules/react-dom/cjs/react-dom.development.js:18704:23)
      at update.callback (node_modules/react-dom/cjs/react-dom.development.js:18737:5)
      at callCallback (node_modules/react-dom/cjs/react-dom.development.js:15036:12)
      at commitUpdateQueue (node_modules/react-dom/cjs/react-dom.development.js:15057:9)
      at commitLayoutEffectOnFiber (node_modules/react-dom/cjs/react-dom.development.js:23430:13)
      at commitLayoutMountEffects_complete (node_modules/react-dom/cjs/react-dom.development.js:24727:9)
      at commitLayoutEffects_begin (node_modules/react-dom/cjs/react-dom.development.js:24713:7)
      at commitLayoutEffects (node_modules/react-dom/cjs/react-dom.development.js:24651:3)
      at commitRootImpl (node_modules/react-dom/cjs/react-dom.development.js:26862:5)
      at commitRoot (node_modules/react-dom/cjs/react-dom.development.js:26721:5)
      at finishConcurrentRender (node_modules/react-dom/cjs/react-dom.development.js:25931:9)
      at performConcurrentWorkOnRoot (node_modules/react-dom/cjs/react-dom.development.js:25848:7)
      at flushActQueue (node_modules/react/cjs/react.development.js:2667:24)
      at act (node_modules/react/cjs/react.development.js:2582:11)
      at node_modules/@testing-library/react/dist/act-compat.js:47:25
      at Object.<anonymous> (tests/unit/components/GestureFeedback.test.tsx:204:8)

  console.error
    Error: Uncaught [Error: Too many re-renders. React limits the number of renders to prevent an infinite loop.]
        at Object.<anonymous> (C:\Users\Nate2\code\ox-board\tests\unit\components\GestureFeedback.test.tsx:221:8)
        at new Promise (<anonymous>) {
      detail: Error: Too many re-renders. React limits the number of renders to prevent an infinite loop.
          at renderWithHooks (C:\Users\Nate2\code\ox-board\node_modules\react-dom\cjs\react-dom.development.js:15498:15)
          at updateFunctionComponent (C:\Users\Nate2\code\ox-board\node_modules\react-dom\cjs\react-dom.development.js:19617:20)
          at beginWork (C:\Users\Nate2\code\ox-board\node_modules\react-dom\cjs\react-dom.development.js:21640:16)
          at HTMLUnknownElement.callCallback (C:\Users\Nate2\code\ox-board\node_modules\react-dom\cjs\react-dom.development.js:4164:14)
          at HTMLUnknownElement.callTheUserObjectsOperation (C:\Users\Nate2\code\ox-board\node_modules\jsdom\lib\jsdom\living\generated\EventListener.js:26:30)
          at innerInvokeEventListeners (C:\Users\Nate2\code\ox-board\node_modules\jsdom\lib\jsdom\living\events\EventTarget-impl.js:350:25)
          at invokeEventListeners (C:\Users\Nate2\code\ox-board\node_modules\jsdom\lib\jsdom\living\events\EventTarget-impl.js:286:3)
          at HTMLUnknownElementImpl._dispatch (C:\Users\Nate2\code\ox-board\node_modules\jsdom\lib\jsdom\living\events\EventTarget-impl.js:233:9)
          at HTMLUnknownElementImpl.dispatchEvent (C:\Users\Nate2\code\ox-board\node_modules\jsdom\lib\jsdom\living\events\EventTarget-impl.js:104:17)
          at HTMLUnknownElement.dispatchEvent (C:\Users\Nate2\code\ox-board\node_modules\jsdom\lib\jsdom\living\generated\EventTarget.js:241:34)
          at Object.invokeGuardedCallbackDev (C:\Users\Nate2\code\ox-board\node_modules\react-dom\cjs\react-dom.development.js:4213:16)
          at invokeGuardedCallback (C:\Users\Nate2\code\ox-board\node_modules\react-dom\cjs\react-dom.development.js:4277:31)
          at beginWork$1 (C:\Users\Nate2\code\ox-board\node_modules\react-dom\cjs\react-dom.development.js:27490:7)
          at performUnitOfWork (C:\Users\Nate2\code\ox-board\node_modules\react-dom\cjs\react-dom.development.js:26599:12)
          at workLoopSync (C:\Users\Nate2\code\ox-board\node_modules\react-dom\cjs\react-dom.development.js:26505:5)
          at renderRootSync (C:\Users\Nate2\code\ox-board\node_modules\react-dom\cjs\react-dom.development.js:26473:7)
          at performConcurrentWorkOnRoot (C:\Users\Nate2\code\ox-board\node_modules\react-dom\cjs\react-dom.development.js:25777:74)
          at flushActQueue (C:\Users\Nate2\code\ox-board\node_modules\react\cjs\react.development.js:2667:24)
          at act (C:\Users\Nate2\code\ox-board\node_modules\react\cjs\react.development.js:2582:11)
          at C:\Users\Nate2\code\ox-board\node_modules\@testing-library\react\dist\act-compat.js:47:25
          at Object.<anonymous> (C:\Users\Nate2\code\ox-board\tests\unit\components\GestureFeedback.test.tsx:221:8)
          at Promise.finally.completed (C:\Users\Nate2\code\ox-board\node_modules\jest-circus\build\jestAdapterInit.js:1556:28)
          at new Promise (<anonymous>)
          at callAsyncCircusFn (C:\Users\Nate2\code\ox-board\node_modules\jest-circus\build\jestAdapterInit.js:1496:10)
          at _callCircusTest (C:\Users\Nate2\code\ox-board\node_modules\jest-circus\build\jestAdapterInit.js:1006:40)
          at processTicksAndRejections (node:internal/process/task_queues:105:5)
          at _runTest (C:\Users\Nate2\code\ox-board\node_modules\jest-circus\build\jestAdapterInit.js:946:3)
          at _runTestsForDescribeBlock (C:\Users\Nate2\code\ox-board\node_modules\jest-circus\build\jestAdapterInit.js:839:13)
          at _runTestsForDescribeBlock (C:\Users\Nate2\code\ox-board\node_modules\jest-circus\build\jestAdapterInit.js:829:11)
          at run (C:\Users\Nate2\code\ox-board\node_modules\jest-circus\build\jestAdapterInit.js:757:3)
          at runAndTransformResultsToJestFormat (C:\Users\Nate2\code\ox-board\node_modules\jest-circus\build\jestAdapterInit.js:1917:21)
          at jestAdapter (C:\Users\Nate2\code\ox-board\node_modules\jest-circus\build\runner.js:101:19)
          at runTestInternal (C:\Users\Nate2\code\ox-board\node_modules\jest-runner\build\testWorker.js:275:16)
          at runTest (C:\Users\Nate2\code\ox-board\node_modules\jest-runner\build\testWorker.js:343:7)
          at Object.worker (C:\Users\Nate2\code\ox-board\node_modules\jest-runner\build\testWorker.js:497:12),
      type: 'unhandled exception'
    }

    [0m [90m 103 |[39m     [36mreturn[39m[33m;[39m
     [90m 104 |[39m   }
    [31m[1m>[22m[39m[90m 105 |[39m   originalError[33m.[39mcall(console[33m,[39m [33m...[39margs)[33m;[39m
     [90m     |[39m                 [31m[1m^[22m[39m
     [90m 106 |[39m }[33m;[39m
     [90m 107 |[39m
     [90m 108 |[39m [90m// Suppress specific warnings during tests[39m[0m

      at console.call [as error] (tests/setup/jest.setup.js:105:17)
      at VirtualConsole.<anonymous> (node_modules/@jest/environment-jsdom-abstract/build/index.js:78:23)
      at reportException (node_modules/jsdom/lib/jsdom/living/helpers/runtime-script-errors.js:70:28)
      at innerInvokeEventListeners (node_modules/jsdom/lib/jsdom/living/events/EventTarget-impl.js:353:9)
      at invokeEventListeners (node_modules/jsdom/lib/jsdom/living/events/EventTarget-impl.js:286:3)
      at HTMLUnknownElementImpl._dispatch (node_modules/jsdom/lib/jsdom/living/events/EventTarget-impl.js:233:9)
      at HTMLUnknownElementImpl.dispatchEvent (node_modules/jsdom/lib/jsdom/living/events/EventTarget-impl.js:104:17)
      at HTMLUnknownElement.dispatchEvent (node_modules/jsdom/lib/jsdom/living/generated/EventTarget.js:241:34)
      at Object.invokeGuardedCallbackDev (node_modules/react-dom/cjs/react-dom.development.js:4213:16)
      at invokeGuardedCallback (node_modules/react-dom/cjs/react-dom.development.js:4277:31)
      at beginWork$1 (node_modules/react-dom/cjs/react-dom.development.js:27490:7)
      at performUnitOfWork (node_modules/react-dom/cjs/react-dom.development.js:26599:12)
      at workLoopSync (node_modules/react-dom/cjs/react-dom.development.js:26505:5)
      at renderRootSync (node_modules/react-dom/cjs/react-dom.development.js:26473:7)
      at performConcurrentWorkOnRoot (node_modules/react-dom/cjs/react-dom.development.js:25777:74)
      at flushActQueue (node_modules/react/cjs/react.development.js:2667:24)
      at act (node_modules/react/cjs/react.development.js:2582:11)
      at node_modules/@testing-library/react/dist/act-compat.js:47:25
      at Object.<anonymous> (tests/unit/components/GestureFeedback.test.tsx:221:8)

  console.error
    Error: Uncaught [Error: Too many re-renders. React limits the number of renders to prevent an infinite loop.]
        at Object.<anonymous> (C:\Users\Nate2\code\ox-board\tests\unit\components\GestureFeedback.test.tsx:221:8)
        at new Promise (<anonymous>) {
      detail: Error: Too many re-renders. React limits the number of renders to prevent an infinite loop.
          at renderWithHooks (C:\Users\Nate2\code\ox-board\node_modules\react-dom\cjs\react-dom.development.js:15498:15)
          at updateFunctionComponent (C:\Users\Nate2\code\ox-board\node_modules\react-dom\cjs\react-dom.development.js:19617:20)
          at beginWork (C:\Users\Nate2\code\ox-board\node_modules\react-dom\cjs\react-dom.development.js:21640:16)
          at HTMLUnknownElement.callCallback (C:\Users\Nate2\code\ox-board\node_modules\react-dom\cjs\react-dom.development.js:4164:14)
          at HTMLUnknownElement.callTheUserObjectsOperation (C:\Users\Nate2\code\ox-board\node_modules\jsdom\lib\jsdom\living\generated\EventListener.js:26:30)
          at innerInvokeEventListeners (C:\Users\Nate2\code\ox-board\node_modules\jsdom\lib\jsdom\living\events\EventTarget-impl.js:350:25)
          at invokeEventListeners (C:\Users\Nate2\code\ox-board\node_modules\jsdom\lib\jsdom\living\events\EventTarget-impl.js:286:3)
          at HTMLUnknownElementImpl._dispatch (C:\Users\Nate2\code\ox-board\node_modules\jsdom\lib\jsdom\living\events\EventTarget-impl.js:233:9)
          at HTMLUnknownElementImpl.dispatchEvent (C:\Users\Nate2\code\ox-board\node_modules\jsdom\lib\jsdom\living\events\EventTarget-impl.js:104:17)
          at HTMLUnknownElement.dispatchEvent (C:\Users\Nate2\code\ox-board\node_modules\jsdom\lib\jsdom\living\generated\EventTarget.js:241:34)
          at Object.invokeGuardedCallbackDev (C:\Users\Nate2\code\ox-board\node_modules\react-dom\cjs\react-dom.development.js:4213:16)
          at invokeGuardedCallback (C:\Users\Nate2\code\ox-board\node_modules\react-dom\cjs\react-dom.development.js:4277:31)
          at beginWork$1 (C:\Users\Nate2\code\ox-board\node_modules\react-dom\cjs\react-dom.development.js:27490:7)
          at performUnitOfWork (C:\Users\Nate2\code\ox-board\node_modules\react-dom\cjs\react-dom.development.js:26599:12)
          at workLoopSync (C:\Users\Nate2\code\ox-board\node_modules\react-dom\cjs\react-dom.development.js:26505:5)
          at renderRootSync (C:\Users\Nate2\code\ox-board\node_modules\react-dom\cjs\react-dom.development.js:26473:7)
          at recoverFromConcurrentError (C:\Users\Nate2\code\ox-board\node_modules\react-dom\cjs\react-dom.development.js:25889:20)
          at performConcurrentWorkOnRoot (C:\Users\Nate2\code\ox-board\node_modules\react-dom\cjs\react-dom.development.js:25789:22)
          at flushActQueue (C:\Users\Nate2\code\ox-board\node_modules\react\cjs\react.development.js:2667:24)
          at act (C:\Users\Nate2\code\ox-board\node_modules\react\cjs\react.development.js:2582:11)
          at C:\Users\Nate2\code\ox-board\node_modules\@testing-library\react\dist\act-compat.js:47:25
          at Object.<anonymous> (C:\Users\Nate2\code\ox-board\tests\unit\components\GestureFeedback.test.tsx:221:8)
          at Promise.finally.completed (C:\Users\Nate2\code\ox-board\node_modules\jest-circus\build\jestAdapterInit.js:1556:28)
          at new Promise (<anonymous>)
          at callAsyncCircusFn (C:\Users\Nate2\code\ox-board\node_modules\jest-circus\build\jestAdapterInit.js:1496:10)
          at _callCircusTest (C:\Users\Nate2\code\ox-board\node_modules\jest-circus\build\jestAdapterInit.js:1006:40)
          at processTicksAndRejections (node:internal/process/task_queues:105:5)
          at _runTest (C:\Users\Nate2\code\ox-board\node_modules\jest-circus\build\jestAdapterInit.js:946:3)
          at _runTestsForDescribeBlock (C:\Users\Nate2\code\ox-board\node_modules\jest-circus\build\jestAdapterInit.js:839:13)
          at _runTestsForDescribeBlock (C:\Users\Nate2\code\ox-board\node_modules\jest-circus\build\jestAdapterInit.js:829:11)
          at run (C:\Users\Nate2\code\ox-board\node_modules\jest-circus\build\jestAdapterInit.js:757:3)
          at runAndTransformResultsToJestFormat (C:\Users\Nate2\code\ox-board\node_modules\jest-circus\build\jestAdapterInit.js:1917:21)
          at jestAdapter (C:\Users\Nate2\code\ox-board\node_modules\jest-circus\build\runner.js:101:19)
          at runTestInternal (C:\Users\Nate2\code\ox-board\node_modules\jest-runner\build\testWorker.js:275:16)
          at runTest (C:\Users\Nate2\code\ox-board\node_modules\jest-runner\build\testWorker.js:343:7)
          at Object.worker (C:\Users\Nate2\code\ox-board\node_modules\jest-runner\build\testWorker.js:497:12),
      type: 'unhandled exception'
    }

    [0m [90m 103 |[39m     [36mreturn[39m[33m;[39m
     [90m 104 |[39m   }
    [31m[1m>[22m[39m[90m 105 |[39m   originalError[33m.[39mcall(console[33m,[39m [33m...[39margs)[33m;[39m
     [90m     |[39m                 [31m[1m^[22m[39m
     [90m 106 |[39m }[33m;[39m
     [90m 107 |[39m
     [90m 108 |[39m [90m// Suppress specific warnings during tests[39m[0m

      at console.call [as error] (tests/setup/jest.setup.js:105:17)
      at VirtualConsole.<anonymous> (node_modules/@jest/environment-jsdom-abstract/build/index.js:78:23)
      at reportException (node_modules/jsdom/lib/jsdom/living/helpers/runtime-script-errors.js:70:28)
      at innerInvokeEventListeners (node_modules/jsdom/lib/jsdom/living/events/EventTarget-impl.js:353:9)
      at invokeEventListeners (node_modules/jsdom/lib/jsdom/living/events/EventTarget-impl.js:286:3)
      at HTMLUnknownElementImpl._dispatch (node_modules/jsdom/lib/jsdom/living/events/EventTarget-impl.js:233:9)
      at HTMLUnknownElementImpl.dispatchEvent (node_modules/jsdom/lib/jsdom/living/events/EventTarget-impl.js:104:17)
      at HTMLUnknownElement.dispatchEvent (node_modules/jsdom/lib/jsdom/living/generated/EventTarget.js:241:34)
      at Object.invokeGuardedCallbackDev (node_modules/react-dom/cjs/react-dom.development.js:4213:16)
      at invokeGuardedCallback (node_modules/react-dom/cjs/react-dom.development.js:4277:31)
      at beginWork$1 (node_modules/react-dom/cjs/react-dom.development.js:27490:7)
      at performUnitOfWork (node_modules/react-dom/cjs/react-dom.development.js:26599:12)
      at workLoopSync (node_modules/react-dom/cjs/react-dom.development.js:26505:5)
      at renderRootSync (node_modules/react-dom/cjs/react-dom.development.js:26473:7)
      at recoverFromConcurrentError (node_modules/react-dom/cjs/react-dom.development.js:25889:20)
      at performConcurrentWorkOnRoot (node_modules/react-dom/cjs/react-dom.development.js:25789:22)
      at flushActQueue (node_modules/react/cjs/react.development.js:2667:24)
      at act (node_modules/react/cjs/react.development.js:2582:11)
      at node_modules/@testing-library/react/dist/act-compat.js:47:25
      at Object.<anonymous> (tests/unit/components/GestureFeedback.test.tsx:221:8)

  console.error
    The above error occurred in the <GestureFeedback> component:
    
        at mapper (C:\Users\Nate2\code\ox-board\app\components\GestureFeedback.tsx:64:3)
    
    Consider adding an error boundary to your tree to customize error handling behavior.
    Visit https://reactjs.org/link/error-boundaries to learn more about error boundaries.

    [0m [90m 103 |[39m     [36mreturn[39m[33m;[39m
     [90m 104 |[39m   }
    [31m[1m>[22m[39m[90m 105 |[39m   originalError[33m.[39mcall(console[33m,[39m [33m...[39margs)[33m;[39m
     [90m     |[39m                 [31m[1m^[22m[39m
     [90m 106 |[39m }[33m;[39m
     [90m 107 |[39m
     [90m 108 |[39m [90m// Suppress specific warnings during tests[39m[0m

      at console.call [as error] (tests/setup/jest.setup.js:105:17)
      at logCapturedError (node_modules/react-dom/cjs/react-dom.development.js:18704:23)
      at update.callback (node_modules/react-dom/cjs/react-dom.development.js:18737:5)
      at callCallback (node_modules/react-dom/cjs/react-dom.development.js:15036:12)
      at commitUpdateQueue (node_modules/react-dom/cjs/react-dom.development.js:15057:9)
      at commitLayoutEffectOnFiber (node_modules/react-dom/cjs/react-dom.development.js:23430:13)
      at commitLayoutMountEffects_complete (node_modules/react-dom/cjs/react-dom.development.js:24727:9)
      at commitLayoutEffects_begin (node_modules/react-dom/cjs/react-dom.development.js:24713:7)
      at commitLayoutEffects (node_modules/react-dom/cjs/react-dom.development.js:24651:3)
      at commitRootImpl (node_modules/react-dom/cjs/react-dom.development.js:26862:5)
      at commitRoot (node_modules/react-dom/cjs/react-dom.development.js:26721:5)
      at finishConcurrentRender (node_modules/react-dom/cjs/react-dom.development.js:25931:9)
      at performConcurrentWorkOnRoot (node_modules/react-dom/cjs/react-dom.development.js:25848:7)
      at flushActQueue (node_modules/react/cjs/react.development.js:2667:24)
      at act (node_modules/react/cjs/react.development.js:2582:11)
      at node_modules/@testing-library/react/dist/act-compat.js:47:25
      at Object.<anonymous> (tests/unit/components/GestureFeedback.test.tsx:221:8)

  console.error
    Error: Uncaught [Error: Too many re-renders. React limits the number of renders to prevent an infinite loop.]
        at Object.<anonymous> (C:\Users\Nate2\code\ox-board\tests\unit\components\GestureFeedback.test.tsx:243:8)
        at new Promise (<anonymous>) {
      detail: Error: Too many re-renders. React limits the number of renders to prevent an infinite loop.
          at renderWithHooks (C:\Users\Nate2\code\ox-board\node_modules\react-dom\cjs\react-dom.development.js:15498:15)
          at updateFunctionComponent (C:\Users\Nate2\code\ox-board\node_modules\react-dom\cjs\react-dom.development.js:19617:20)
          at beginWork (C:\Users\Nate2\code\ox-board\node_modules\react-dom\cjs\react-dom.development.js:21640:16)
          at HTMLUnknownElement.callCallback (C:\Users\Nate2\code\ox-board\node_modules\react-dom\cjs\react-dom.development.js:4164:14)
          at HTMLUnknownElement.callTheUserObjectsOperation (C:\Users\Nate2\code\ox-board\node_modules\jsdom\lib\jsdom\living\generated\EventListener.js:26:30)
          at innerInvokeEventListeners (C:\Users\Nate2\code\ox-board\node_modules\jsdom\lib\jsdom\living\events\EventTarget-impl.js:350:25)
          at invokeEventListeners (C:\Users\Nate2\code\ox-board\node_modules\jsdom\lib\jsdom\living\events\EventTarget-impl.js:286:3)
          at HTMLUnknownElementImpl._dispatch (C:\Users\Nate2\code\ox-board\node_modules\jsdom\lib\jsdom\living\events\EventTarget-impl.js:233:9)
          at HTMLUnknownElementImpl.dispatchEvent (C:\Users\Nate2\code\ox-board\node_modules\jsdom\lib\jsdom\living\events\EventTarget-impl.js:104:17)
          at HTMLUnknownElement.dispatchEvent (C:\Users\Nate2\code\ox-board\node_modules\jsdom\lib\jsdom\living\generated\EventTarget.js:241:34)
          at Object.invokeGuardedCallbackDev (C:\Users\Nate2\code\ox-board\node_modules\react-dom\cjs\react-dom.development.js:4213:16)
          at invokeGuardedCallback (C:\Users\Nate2\code\ox-board\node_modules\react-dom\cjs\react-dom.development.js:4277:31)
          at beginWork$1 (C:\Users\Nate2\code\ox-board\node_modules\react-dom\cjs\react-dom.development.js:27490:7)
          at performUnitOfWork (C:\Users\Nate2\code\ox-board\node_modules\react-dom\cjs\react-dom.development.js:26599:12)
          at workLoopSync (C:\Users\Nate2\code\ox-board\node_modules\react-dom\cjs\react-dom.development.js:26505:5)
          at renderRootSync (C:\Users\Nate2\code\ox-board\node_modules\react-dom\cjs\react-dom.development.js:26473:7)
          at performConcurrentWorkOnRoot (C:\Users\Nate2\code\ox-board\node_modules\react-dom\cjs\react-dom.development.js:25777:74)
          at flushActQueue (C:\Users\Nate2\code\ox-board\node_modules\react\cjs\react.development.js:2667:24)
          at act (C:\Users\Nate2\code\ox-board\node_modules\react\cjs\react.development.js:2582:11)
          at C:\Users\Nate2\code\ox-board\node_modules\@testing-library\react\dist\act-compat.js:47:25
          at Object.<anonymous> (C:\Users\Nate2\code\ox-board\tests\unit\components\GestureFeedback.test.tsx:243:8)
          at Promise.finally.completed (C:\Users\Nate2\code\ox-board\node_modules\jest-circus\build\jestAdapterInit.js:1556:28)
          at new Promise (<anonymous>)
          at callAsyncCircusFn (C:\Users\Nate2\code\ox-board\node_modules\jest-circus\build\jestAdapterInit.js:1496:10)
          at _callCircusTest (C:\Users\Nate2\code\ox-board\node_modules\jest-circus\build\jestAdapterInit.js:1006:40)
          at processTicksAndRejections (node:internal/process/task_queues:105:5)
          at _runTest (C:\Users\Nate2\code\ox-board\node_modules\jest-circus\build\jestAdapterInit.js:946:3)
          at _runTestsForDescribeBlock (C:\Users\Nate2\code\ox-board\node_modules\jest-circus\build\jestAdapterInit.js:839:13)
          at _runTestsForDescribeBlock (C:\Users\Nate2\code\ox-board\node_modules\jest-circus\build\jestAdapterInit.js:829:11)
          at run (C:\Users\Nate2\code\ox-board\node_modules\jest-circus\build\jestAdapterInit.js:757:3)
          at runAndTransformResultsToJestFormat (C:\Users\Nate2\code\ox-board\node_modules\jest-circus\build\jestAdapterInit.js:1917:21)
          at jestAdapter (C:\Users\Nate2\code\ox-board\node_modules\jest-circus\build\runner.js:101:19)
          at runTestInternal (C:\Users\Nate2\code\ox-board\node_modules\jest-runner\build\testWorker.js:275:16)
          at runTest (C:\Users\Nate2\code\ox-board\node_modules\jest-runner\build\testWorker.js:343:7)
          at Object.worker (C:\Users\Nate2\code\ox-board\node_modules\jest-runner\build\testWorker.js:497:12),
      type: 'unhandled exception'
    }

    [0m [90m 103 |[39m     [36mreturn[39m[33m;[39m
     [90m 104 |[39m   }
    [31m[1m>[22m[39m[90m 105 |[39m   originalError[33m.[39mcall(console[33m,[39m [33m...[39margs)[33m;[39m
     [90m     |[39m                 [31m[1m^[22m[39m
     [90m 106 |[39m }[33m;[39m
     [90m 107 |[39m
     [90m 108 |[39m [90m// Suppress specific warnings during tests[39m[0m

      at console.call [as error] (tests/setup/jest.setup.js:105:17)
      at VirtualConsole.<anonymous> (node_modules/@jest/environment-jsdom-abstract/build/index.js:78:23)
      at reportException (node_modules/jsdom/lib/jsdom/living/helpers/runtime-script-errors.js:70:28)
      at innerInvokeEventListeners (node_modules/jsdom/lib/jsdom/living/events/EventTarget-impl.js:353:9)
      at invokeEventListeners (node_modules/jsdom/lib/jsdom/living/events/EventTarget-impl.js:286:3)
      at HTMLUnknownElementImpl._dispatch (node_modules/jsdom/lib/jsdom/living/events/EventTarget-impl.js:233:9)
      at HTMLUnknownElementImpl.dispatchEvent (node_modules/jsdom/lib/jsdom/living/events/EventTarget-impl.js:104:17)
      at HTMLUnknownElement.dispatchEvent (node_modules/jsdom/lib/jsdom/living/generated/EventTarget.js:241:34)
      at Object.invokeGuardedCallbackDev (node_modules/react-dom/cjs/react-dom.development.js:4213:16)
      at invokeGuardedCallback (node_modules/react-dom/cjs/react-dom.development.js:4277:31)
      at beginWork$1 (node_modules/react-dom/cjs/react-dom.development.js:27490:7)
      at performUnitOfWork (node_modules/react-dom/cjs/react-dom.development.js:26599:12)
      at workLoopSync (node_modules/react-dom/cjs/react-dom.development.js:26505:5)
      at renderRootSync (node_modules/react-dom/cjs/react-dom.development.js:26473:7)
      at performConcurrentWorkOnRoot (node_modules/react-dom/cjs/react-dom.development.js:25777:74)
      at flushActQueue (node_modules/react/cjs/react.development.js:2667:24)
      at act (node_modules/react/cjs/react.development.js:2582:11)
      at node_modules/@testing-library/react/dist/act-compat.js:47:25
      at Object.<anonymous> (tests/unit/components/GestureFeedback.test.tsx:243:8)

  console.error
    Error: Uncaught [Error: Too many re-renders. React limits the number of renders to prevent an infinite loop.]
        at Object.<anonymous> (C:\Users\Nate2\code\ox-board\tests\unit\components\GestureFeedback.test.tsx:243:8)
        at new Promise (<anonymous>) {
      detail: Error: Too many re-renders. React limits the number of renders to prevent an infinite loop.
          at renderWithHooks (C:\Users\Nate2\code\ox-board\node_modules\react-dom\cjs\react-dom.development.js:15498:15)
          at updateFunctionComponent (C:\Users\Nate2\code\ox-board\node_modules\react-dom\cjs\react-dom.development.js:19617:20)
          at beginWork (C:\Users\Nate2\code\ox-board\node_modules\react-dom\cjs\react-dom.development.js:21640:16)
          at HTMLUnknownElement.callCallback (C:\Users\Nate2\code\ox-board\node_modules\react-dom\cjs\react-dom.development.js:4164:14)
          at HTMLUnknownElement.callTheUserObjectsOperation (C:\Users\Nate2\code\ox-board\node_modules\jsdom\lib\jsdom\living\generated\EventListener.js:26:30)
          at innerInvokeEventListeners (C:\Users\Nate2\code\ox-board\node_modules\jsdom\lib\jsdom\living\events\EventTarget-impl.js:350:25)
          at invokeEventListeners (C:\Users\Nate2\code\ox-board\node_modules\jsdom\lib\jsdom\living\events\EventTarget-impl.js:286:3)
          at HTMLUnknownElementImpl._dispatch (C:\Users\Nate2\code\ox-board\node_modules\jsdom\lib\jsdom\living\events\EventTarget-impl.js:233:9)
          at HTMLUnknownElementImpl.dispatchEvent (C:\Users\Nate2\code\ox-board\node_modules\jsdom\lib\jsdom\living\events\EventTarget-impl.js:104:17)
          at HTMLUnknownElement.dispatchEvent (C:\Users\Nate2\code\ox-board\node_modules\jsdom\lib\jsdom\living\generated\EventTarget.js:241:34)
          at Object.invokeGuardedCallbackDev (C:\Users\Nate2\code\ox-board\node_modules\react-dom\cjs\react-dom.development.js:4213:16)
          at invokeGuardedCallback (C:\Users\Nate2\code\ox-board\node_modules\react-dom\cjs\react-dom.development.js:4277:31)
          at beginWork$1 (C:\Users\Nate2\code\ox-board\node_modules\react-dom\cjs\react-dom.development.js:27490:7)
          at performUnitOfWork (C:\Users\Nate2\code\ox-board\node_modules\react-dom\cjs\react-dom.development.js:26599:12)
          at workLoopSync (C:\Users\Nate2\code\ox-board\node_modules\react-dom\cjs\react-dom.development.js:26505:5)
          at renderRootSync (C:\Users\Nate2\code\ox-board\node_modules\react-dom\cjs\react-dom.development.js:26473:7)
          at recoverFromConcurrentError (C:\Users\Nate2\code\ox-board\node_modules\react-dom\cjs\react-dom.development.js:25889:20)
          at performConcurrentWorkOnRoot (C:\Users\Nate2\code\ox-board\node_modules\react-dom\cjs\react-dom.development.js:25789:22)
          at flushActQueue (C:\Users\Nate2\code\ox-board\node_modules\react\cjs\react.development.js:2667:24)
          at act (C:\Users\Nate2\code\ox-board\node_modules\react\cjs\react.development.js:2582:11)
          at C:\Users\Nate2\code\ox-board\node_modules\@testing-library\react\dist\act-compat.js:47:25
          at Object.<anonymous> (C:\Users\Nate2\code\ox-board\tests\unit\components\GestureFeedback.test.tsx:243:8)
          at Promise.finally.completed (C:\Users\Nate2\code\ox-board\node_modules\jest-circus\build\jestAdapterInit.js:1556:28)
          at new Promise (<anonymous>)
          at callAsyncCircusFn (C:\Users\Nate2\code\ox-board\node_modules\jest-circus\build\jestAdapterInit.js:1496:10)
          at _callCircusTest (C:\Users\Nate2\code\ox-board\node_modules\jest-circus\build\jestAdapterInit.js:1006:40)
          at processTicksAndRejections (node:internal/process/task_queues:105:5)
          at _runTest (C:\Users\Nate2\code\ox-board\node_modules\jest-circus\build\jestAdapterInit.js:946:3)
          at _runTestsForDescribeBlock (C:\Users\Nate2\code\ox-board\node_modules\jest-circus\build\jestAdapterInit.js:839:13)
          at _runTestsForDescribeBlock (C:\Users\Nate2\code\ox-board\node_modules\jest-circus\build\jestAdapterInit.js:829:11)
          at run (C:\Users\Nate2\code\ox-board\node_modules\jest-circus\build\jestAdapterInit.js:757:3)
          at runAndTransformResultsToJestFormat (C:\Users\Nate2\code\ox-board\node_modules\jest-circus\build\jestAdapterInit.js:1917:21)
          at jestAdapter (C:\Users\Nate2\code\ox-board\node_modules\jest-circus\build\runner.js:101:19)
          at runTestInternal (C:\Users\Nate2\code\ox-board\node_modules\jest-runner\build\testWorker.js:275:16)
          at runTest (C:\Users\Nate2\code\ox-board\node_modules\jest-runner\build\testWorker.js:343:7)
          at Object.worker (C:\Users\Nate2\code\ox-board\node_modules\jest-runner\build\testWorker.js:497:12),
      type: 'unhandled exception'
    }

    [0m [90m 103 |[39m     [36mreturn[39m[33m;[39m
     [90m 104 |[39m   }
    [31m[1m>[22m[39m[90m 105 |[39m   originalError[33m.[39mcall(console[33m,[39m [33m...[39margs)[33m;[39m
     [90m     |[39m                 [31m[1m^[22m[39m
     [90m 106 |[39m }[33m;[39m
     [90m 107 |[39m
     [90m 108 |[39m [90m// Suppress specific warnings during tests[39m[0m

      at console.call [as error] (tests/setup/jest.setup.js:105:17)
      at VirtualConsole.<anonymous> (node_modules/@jest/environment-jsdom-abstract/build/index.js:78:23)
      at reportException (node_modules/jsdom/lib/jsdom/living/helpers/runtime-script-errors.js:70:28)
      at innerInvokeEventListeners (node_modules/jsdom/lib/jsdom/living/events/EventTarget-impl.js:353:9)
      at invokeEventListeners (node_modules/jsdom/lib/jsdom/living/events/EventTarget-impl.js:286:3)
      at HTMLUnknownElementImpl._dispatch (node_modules/jsdom/lib/jsdom/living/events/EventTarget-impl.js:233:9)
      at HTMLUnknownElementImpl.dispatchEvent (node_modules/jsdom/lib/jsdom/living/events/EventTarget-impl.js:104:17)
      at HTMLUnknownElement.dispatchEvent (node_modules/jsdom/lib/jsdom/living/generated/EventTarget.js:241:34)
      at Object.invokeGuardedCallbackDev (node_modules/react-dom/cjs/react-dom.development.js:4213:16)
      at invokeGuardedCallback (node_modules/react-dom/cjs/react-dom.development.js:4277:31)
      at beginWork$1 (node_modules/react-dom/cjs/react-dom.development.js:27490:7)
      at performUnitOfWork (node_modules/react-dom/cjs/react-dom.development.js:26599:12)
      at workLoopSync (node_modules/react-dom/cjs/react-dom.development.js:26505:5)
      at renderRootSync (node_modules/react-dom/cjs/react-dom.development.js:26473:7)
      at recoverFromConcurrentError (node_modules/react-dom/cjs/react-dom.development.js:25889:20)
      at performConcurrentWorkOnRoot (node_modules/react-dom/cjs/react-dom.development.js:25789:22)
      at flushActQueue (node_modules/react/cjs/react.development.js:2667:24)
      at act (node_modules/react/cjs/react.development.js:2582:11)
      at node_modules/@testing-library/react/dist/act-compat.js:47:25
      at Object.<anonymous> (tests/unit/components/GestureFeedback.test.tsx:243:8)

  console.log
    Music analyzer client initialized

      at MusicAnalyzerClient.log [as initializeWorker] (app/lib/audio/musicAnalyzerClient.ts:143:15)

  console.error
    The above error occurred in the <GestureFeedback> component:
    
        at mapper (C:\Users\Nate2\code\ox-board\app\components\GestureFeedback.tsx:64:3)
    
    Consider adding an error boundary to your tree to customize error handling behavior.
    Visit https://reactjs.org/link/error-boundaries to learn more about error boundaries.

    [0m [90m 103 |[39m     [36mreturn[39m[33m;[39m
     [90m 104 |[39m   }
    [31m[1m>[22m[39m[90m 105 |[39m   originalError[33m.[39mcall(console[33m,[39m [33m...[39margs)[33m;[39m
     [90m     |[39m                 [31m[1m^[22m[39m
     [90m 106 |[39m }[33m;[39m
     [90m 107 |[39m
     [90m 108 |[39m [90m// Suppress specific warnings during tests[39m[0m

      at console.call [as error] (tests/setup/jest.setup.js:105:17)
      at logCapturedError (node_modules/react-dom/cjs/react-dom.development.js:18704:23)
      at update.callback (node_modules/react-dom/cjs/react-dom.development.js:18737:5)
      at callCallback (node_modules/react-dom/cjs/react-dom.development.js:15036:12)
      at commitUpdateQueue (node_modules/react-dom/cjs/react-dom.development.js:15057:9)
      at commitLayoutEffectOnFiber (node_modules/react-dom/cjs/react-dom.development.js:23430:13)
      at commitLayoutMountEffects_complete (node_modules/react-dom/cjs/react-dom.development.js:24727:9)
      at commitLayoutEffects_begin (node_modules/react-dom/cjs/react-dom.development.js:24713:7)
      at commitLayoutEffects (node_modules/react-dom/cjs/react-dom.development.js:24651:3)
      at commitRootImpl (node_modules/react-dom/cjs/react-dom.development.js:26862:5)
      at commitRoot (node_modules/react-dom/cjs/react-dom.development.js:26721:5)
      at finishConcurrentRender (node_modules/react-dom/cjs/react-dom.development.js:25931:9)
      at performConcurrentWorkOnRoot (node_modules/react-dom/cjs/react-dom.development.js:25848:7)
      at flushActQueue (node_modules/react/cjs/react.development.js:2667:24)
      at act (node_modules/react/cjs/react.development.js:2582:11)
      at node_modules/@testing-library/react/dist/act-compat.js:47:25
      at Object.<anonymous> (tests/unit/components/GestureFeedback.test.tsx:243:8)

  console.error
    Error: Uncaught [Error: Too many re-renders. React limits the number of renders to prevent an infinite loop.]
        at Object.<anonymous> (C:\Users\Nate2\code\ox-board\tests\unit\components\GestureFeedback.test.tsx:262:8)
        at new Promise (<anonymous>) {
      detail: Error: Too many re-renders. React limits the number of renders to prevent an infinite loop.
          at renderWithHooks (C:\Users\Nate2\code\ox-board\node_modules\react-dom\cjs\react-dom.development.js:15498:15)
          at updateFunctionComponent (C:\Users\Nate2\code\ox-board\node_modules\react-dom\cjs\react-dom.development.js:19617:20)
          at beginWork (C:\Users\Nate2\code\ox-board\node_modules\react-dom\cjs\react-dom.development.js:21640:16)
          at HTMLUnknownElement.callCallback (C:\Users\Nate2\code\ox-board\node_modules\react-dom\cjs\react-dom.development.js:4164:14)
          at HTMLUnknownElement.callTheUserObjectsOperation (C:\Users\Nate2\code\ox-board\node_modules\jsdom\lib\jsdom\living\generated\EventListener.js:26:30)
          at innerInvokeEventListeners (C:\Users\Nate2\code\ox-board\node_modules\jsdom\lib\jsdom\living\events\EventTarget-impl.js:350:25)
          at invokeEventListeners (C:\Users\Nate2\code\ox-board\node_modules\jsdom\lib\jsdom\living\events\EventTarget-impl.js:286:3)
          at HTMLUnknownElementImpl._dispatch (C:\Users\Nate2\code\ox-board\node_modules\jsdom\lib\jsdom\living\events\EventTarget-impl.js:233:9)
          at HTMLUnknownElementImpl.dispatchEvent (C:\Users\Nate2\code\ox-board\node_modules\jsdom\lib\jsdom\living\events\EventTarget-impl.js:104:17)
          at HTMLUnknownElement.dispatchEvent (C:\Users\Nate2\code\ox-board\node_modules\jsdom\lib\jsdom\living\generated\EventTarget.js:241:34)
          at Object.invokeGuardedCallbackDev (C:\Users\Nate2\code\ox-board\node_modules\react-dom\cjs\react-dom.development.js:4213:16)
          at invokeGuardedCallback (C:\Users\Nate2\code\ox-board\node_modules\react-dom\cjs\react-dom.development.js:4277:31)
          at beginWork$1 (C:\Users\Nate2\code\ox-board\node_modules\react-dom\cjs\react-dom.development.js:27490:7)
          at performUnitOfWork (C:\Users\Nate2\code\ox-board\node_modules\react-dom\cjs\react-dom.development.js:26599:12)
          at workLoopSync (C:\Users\Nate2\code\ox-board\node_modules\react-dom\cjs\react-dom.development.js:26505:5)
          at renderRootSync (C:\Users\Nate2\code\ox-board\node_modules\react-dom\cjs\react-dom.development.js:26473:7)
          at performConcurrentWorkOnRoot (C:\Users\Nate2\code\ox-board\node_modules\react-dom\cjs\react-dom.development.js:25777:74)
          at flushActQueue (C:\Users\Nate2\code\ox-board\node_modules\react\cjs\react.development.js:2667:24)
          at act (C:\Users\Nate2\code\ox-board\node_modules\react\cjs\react.development.js:2582:11)
          at C:\Users\Nate2\code\ox-board\node_modules\@testing-library\react\dist\act-compat.js:47:25
          at Object.<anonymous> (C:\Users\Nate2\code\ox-board\tests\unit\components\GestureFeedback.test.tsx:262:8)
          at Promise.finally.completed (C:\Users\Nate2\code\ox-board\node_modules\jest-circus\build\jestAdapterInit.js:1556:28)
          at new Promise (<anonymous>)
          at callAsyncCircusFn (C:\Users\Nate2\code\ox-board\node_modules\jest-circus\build\jestAdapterInit.js:1496:10)
          at _callCircusTest (C:\Users\Nate2\code\ox-board\node_modules\jest-circus\build\jestAdapterInit.js:1006:40)
          at processTicksAndRejections (node:internal/process/task_queues:105:5)
          at _runTest (C:\Users\Nate2\code\ox-board\node_modules\jest-circus\build\jestAdapterInit.js:946:3)
          at _runTestsForDescribeBlock (C:\Users\Nate2\code\ox-board\node_modules\jest-circus\build\jestAdapterInit.js:839:13)
          at _runTestsForDescribeBlock (C:\Users\Nate2\code\ox-board\node_modules\jest-circus\build\jestAdapterInit.js:829:11)
          at run (C:\Users\Nate2\code\ox-board\node_modules\jest-circus\build\jestAdapterInit.js:757:3)
          at runAndTransformResultsToJestFormat (C:\Users\Nate2\code\ox-board\node_modules\jest-circus\build\jestAdapterInit.js:1917:21)
          at jestAdapter (C:\Users\Nate2\code\ox-board\node_modules\jest-circus\build\runner.js:101:19)
          at runTestInternal (C:\Users\Nate2\code\ox-board\node_modules\jest-runner\build\testWorker.js:275:16)
          at runTest (C:\Users\Nate2\code\ox-board\node_modules\jest-runner\build\testWorker.js:343:7)
          at Object.worker (C:\Users\Nate2\code\ox-board\node_modules\jest-runner\build\testWorker.js:497:12),
      type: 'unhandled exception'
    }

    [0m [90m 103 |[39m     [36mreturn[39m[33m;[39m
     [90m 104 |[39m   }
    [31m[1m>[22m[39m[90m 105 |[39m   originalError[33m.[39mcall(console[33m,[39m [33m...[39margs)[33m;[39m
     [90m     |[39m                 [31m[1m^[22m[39m
     [90m 106 |[39m }[33m;[39m
     [90m 107 |[39m
     [90m 108 |[39m [90m// Suppress specific warnings during tests[39m[0m

      at console.call [as error] (tests/setup/jest.setup.js:105:17)
      at VirtualConsole.<anonymous> (node_modules/@jest/environment-jsdom-abstract/build/index.js:78:23)
      at reportException (node_modules/jsdom/lib/jsdom/living/helpers/runtime-script-errors.js:70:28)
      at innerInvokeEventListeners (node_modules/jsdom/lib/jsdom/living/events/EventTarget-impl.js:353:9)
      at invokeEventListeners (node_modules/jsdom/lib/jsdom/living/events/EventTarget-impl.js:286:3)
      at HTMLUnknownElementImpl._dispatch (node_modules/jsdom/lib/jsdom/living/events/EventTarget-impl.js:233:9)
      at HTMLUnknownElementImpl.dispatchEvent (node_modules/jsdom/lib/jsdom/living/events/EventTarget-impl.js:104:17)
      at HTMLUnknownElement.dispatchEvent (node_modules/jsdom/lib/jsdom/living/generated/EventTarget.js:241:34)
      at Object.invokeGuardedCallbackDev (node_modules/react-dom/cjs/react-dom.development.js:4213:16)
      at invokeGuardedCallback (node_modules/react-dom/cjs/react-dom.development.js:4277:31)
      at beginWork$1 (node_modules/react-dom/cjs/react-dom.development.js:27490:7)
      at performUnitOfWork (node_modules/react-dom/cjs/react-dom.development.js:26599:12)
      at workLoopSync (node_modules/react-dom/cjs/react-dom.development.js:26505:5)
      at renderRootSync (node_modules/react-dom/cjs/react-dom.development.js:26473:7)
      at performConcurrentWorkOnRoot (node_modules/react-dom/cjs/react-dom.development.js:25777:74)
      at flushActQueue (node_modules/react/cjs/react.development.js:2667:24)
      at act (node_modules/react/cjs/react.development.js:2582:11)
      at node_modules/@testing-library/react/dist/act-compat.js:47:25
      at Object.<anonymous> (tests/unit/components/GestureFeedback.test.tsx:262:8)

  console.warn
    Received response for unknown request: init

    [0m [90m 117 |[39m     [36mreturn[39m[33m;[39m
     [90m 118 |[39m   }
    [31m[1m>[22m[39m[90m 119 |[39m   originalWarn[33m.[39mcall(console[33m,[39m [33m...[39margs)[33m;[39m
     [90m     |[39m                [31m[1m^[22m[39m
     [90m 120 |[39m }[33m;[39m
     [90m 121 |[39m[0m

      at console.call (tests/setup/jest.setup.js:119:16)
      at MusicAnalyzerClient.warn [as handleWorkerMessage] (app/lib/audio/musicAnalyzerClient.ts:158:15)
      at MockWorker.onmessage [as simulateMessage] (tests/unit/lib/audio/musicAnalyzerClient.test.ts:58:12)
      at simulateMessage (tests/unit/lib/audio/musicAnalyzerClient.test.ts:32:12)
      at Timeout.task [as _onTimeout] (node_modules/jsdom/lib/jsdom/browser/Window.js:579:19)

  console.error
    Error: Uncaught [Error: Too many re-renders. React limits the number of renders to prevent an infinite loop.]
        at Object.<anonymous> (C:\Users\Nate2\code\ox-board\tests\unit\components\GestureFeedback.test.tsx:262:8)
        at new Promise (<anonymous>) {
      detail: Error: Too many re-renders. React limits the number of renders to prevent an infinite loop.
          at renderWithHooks (C:\Users\Nate2\code\ox-board\node_modules\react-dom\cjs\react-dom.development.js:15498:15)
          at updateFunctionComponent (C:\Users\Nate2\code\ox-board\node_modules\react-dom\cjs\react-dom.development.js:19617:20)
          at beginWork (C:\Users\Nate2\code\ox-board\node_modules\react-dom\cjs\react-dom.development.js:21640:16)
          at HTMLUnknownElement.callCallback (C:\Users\Nate2\code\ox-board\node_modules\react-dom\cjs\react-dom.development.js:4164:14)
          at HTMLUnknownElement.callTheUserObjectsOperation (C:\Users\Nate2\code\ox-board\node_modules\jsdom\lib\jsdom\living\generated\EventListener.js:26:30)
          at innerInvokeEventListeners (C:\Users\Nate2\code\ox-board\node_modules\jsdom\lib\jsdom\living\events\EventTarget-impl.js:350:25)
          at invokeEventListeners (C:\Users\Nate2\code\ox-board\node_modules\jsdom\lib\jsdom\living\events\EventTarget-impl.js:286:3)
          at HTMLUnknownElementImpl._dispatch (C:\Users\Nate2\code\ox-board\node_modules\jsdom\lib\jsdom\living\events\EventTarget-impl.js:233:9)
          at HTMLUnknownElementImpl.dispatchEvent (C:\Users\Nate2\code\ox-board\node_modules\jsdom\lib\jsdom\living\events\EventTarget-impl.js:104:17)
          at HTMLUnknownElement.dispatchEvent (C:\Users\Nate2\code\ox-board\node_modules\jsdom\lib\jsdom\living\generated\EventTarget.js:241:34)
          at Object.invokeGuardedCallbackDev (C:\Users\Nate2\code\ox-board\node_modules\react-dom\cjs\react-dom.development.js:4213:16)
          at invokeGuardedCallback (C:\Users\Nate2\code\ox-board\node_modules\react-dom\cjs\react-dom.development.js:4277:31)
          at beginWork$1 (C:\Users\Nate2\code\ox-board\node_modules\react-dom\cjs\react-dom.development.js:27490:7)
          at performUnitOfWork (C:\Users\Nate2\code\ox-board\node_modules\react-dom\cjs\react-dom.development.js:26599:12)
          at workLoopSync (C:\Users\Nate2\code\ox-board\node_modules\react-dom\cjs\react-dom.development.js:26505:5)
          at renderRootSync (C:\Users\Nate2\code\ox-board\node_modules\react-dom\cjs\react-dom.development.js:26473:7)
          at recoverFromConcurrentError (C:\Users\Nate2\code\ox-board\node_modules\react-dom\cjs\react-dom.development.js:25889:20)
          at performConcurrentWorkOnRoot (C:\Users\Nate2\code\ox-board\node_modules\react-dom\cjs\react-dom.development.js:25789:22)
          at flushActQueue (C:\Users\Nate2\code\ox-board\node_modules\react\cjs\react.development.js:2667:24)
          at act (C:\Users\Nate2\code\ox-board\node_modules\react\cjs\react.development.js:2582:11)
          at C:\Users\Nate2\code\ox-board\node_modules\@testing-library\react\dist\act-compat.js:47:25
          at Object.<anonymous> (C:\Users\Nate2\code\ox-board\tests\unit\components\GestureFeedback.test.tsx:262:8)
          at Promise.finally.completed (C:\Users\Nate2\code\ox-board\node_modules\jest-circus\build\jestAdapterInit.js:1556:28)
          at new Promise (<anonymous>)
          at callAsyncCircusFn (C:\Users\Nate2\code\ox-board\node_modules\jest-circus\build\jestAdapterInit.js:1496:10)
          at _callCircusTest (C:\Users\Nate2\code\ox-board\node_modules\jest-circus\build\jestAdapterInit.js:1006:40)
          at processTicksAndRejections (node:internal/process/task_queues:105:5)
          at _runTest (C:\Users\Nate2\code\ox-board\node_modules\jest-circus\build\jestAdapterInit.js:946:3)
          at _runTestsForDescribeBlock (C:\Users\Nate2\code\ox-board\node_modules\jest-circus\build\jestAdapterInit.js:839:13)
          at _runTestsForDescribeBlock (C:\Users\Nate2\code\ox-board\node_modules\jest-circus\build\jestAdapterInit.js:829:11)
          at run (C:\Users\Nate2\code\ox-board\node_modules\jest-circus\build\jestAdapterInit.js:757:3)
          at runAndTransformResultsToJestFormat (C:\Users\Nate2\code\ox-board\node_modules\jest-circus\build\jestAdapterInit.js:1917:21)
          at jestAdapter (C:\Users\Nate2\code\ox-board\node_modules\jest-circus\build\runner.js:101:19)
          at runTestInternal (C:\Users\Nate2\code\ox-board\node_modules\jest-runner\build\testWorker.js:275:16)
          at runTest (C:\Users\Nate2\code\ox-board\node_modules\jest-runner\build\testWorker.js:343:7)
          at Object.worker (C:\Users\Nate2\code\ox-board\node_modules\jest-runner\build\testWorker.js:497:12),
      type: 'unhandled exception'
    }

    [0m [90m 103 |[39m     [36mreturn[39m[33m;[39m
     [90m 104 |[39m   }
    [31m[1m>[22m[39m[90m 105 |[39m   originalError[33m.[39mcall(console[33m,[39m [33m...[39margs)[33m;[39m
     [90m     |[39m                 [31m[1m^[22m[39m
     [90m 106 |[39m }[33m;[39m
     [90m 107 |[39m
     [90m 108 |[39m [90m// Suppress specific warnings during tests[39m[0m

      at console.call [as error] (tests/setup/jest.setup.js:105:17)
      at VirtualConsole.<anonymous> (node_modules/@jest/environment-jsdom-abstract/build/index.js:78:23)
      at reportException (node_modules/jsdom/lib/jsdom/living/helpers/runtime-script-errors.js:70:28)
      at innerInvokeEventListeners (node_modules/jsdom/lib/jsdom/living/events/EventTarget-impl.js:353:9)
      at invokeEventListeners (node_modules/jsdom/lib/jsdom/living/events/EventTarget-impl.js:286:3)
      at HTMLUnknownElementImpl._dispatch (node_modules/jsdom/lib/jsdom/living/events/EventTarget-impl.js:233:9)
      at HTMLUnknownElementImpl.dispatchEvent (node_modules/jsdom/lib/jsdom/living/events/EventTarget-impl.js:104:17)
      at HTMLUnknownElement.dispatchEvent (node_modules/jsdom/lib/jsdom/living/generated/EventTarget.js:241:34)
      at Object.invokeGuardedCallbackDev (node_modules/react-dom/cjs/react-dom.development.js:4213:16)
      at invokeGuardedCallback (node_modules/react-dom/cjs/react-dom.development.js:4277:31)
      at beginWork$1 (node_modules/react-dom/cjs/react-dom.development.js:27490:7)
      at performUnitOfWork (node_modules/react-dom/cjs/react-dom.development.js:26599:12)
      at workLoopSync (node_modules/react-dom/cjs/react-dom.development.js:26505:5)
      at renderRootSync (node_modules/react-dom/cjs/react-dom.development.js:26473:7)
      at recoverFromConcurrentError (node_modules/react-dom/cjs/react-dom.development.js:25889:20)
      at performConcurrentWorkOnRoot (node_modules/react-dom/cjs/react-dom.development.js:25789:22)
      at flushActQueue (node_modules/react/cjs/react.development.js:2667:24)
      at act (node_modules/react/cjs/react.development.js:2582:11)
      at node_modules/@testing-library/react/dist/act-compat.js:47:25
      at Object.<anonymous> (tests/unit/components/GestureFeedback.test.tsx:262:8)

  console.error
    The above error occurred in the <GestureFeedback> component:
    
        at mapper (C:\Users\Nate2\code\ox-board\app\components\GestureFeedback.tsx:64:3)
    
    Consider adding an error boundary to your tree to customize error handling behavior.
    Visit https://reactjs.org/link/error-boundaries to learn more about error boundaries.

    [0m [90m 103 |[39m     [36mreturn[39m[33m;[39m
     [90m 104 |[39m   }
    [31m[1m>[22m[39m[90m 105 |[39m   originalError[33m.[39mcall(console[33m,[39m [33m...[39margs)[33m;[39m
     [90m     |[39m                 [31m[1m^[22m[39m
     [90m 106 |[39m }[33m;[39m
     [90m 107 |[39m
     [90m 108 |[39m [90m// Suppress specific warnings during tests[39m[0m

      at console.call [as error] (tests/setup/jest.setup.js:105:17)
      at logCapturedError (node_modules/react-dom/cjs/react-dom.development.js:18704:23)
      at update.callback (node_modules/react-dom/cjs/react-dom.development.js:18737:5)
      at callCallback (node_modules/react-dom/cjs/react-dom.development.js:15036:12)
      at commitUpdateQueue (node_modules/react-dom/cjs/react-dom.development.js:15057:9)
      at commitLayoutEffectOnFiber (node_modules/react-dom/cjs/react-dom.development.js:23430:13)
      at commitLayoutMountEffects_complete (node_modules/react-dom/cjs/react-dom.development.js:24727:9)
      at commitLayoutEffects_begin (node_modules/react-dom/cjs/react-dom.development.js:24713:7)
      at commitLayoutEffects (node_modules/react-dom/cjs/react-dom.development.js:24651:3)
      at commitRootImpl (node_modules/react-dom/cjs/react-dom.development.js:26862:5)
      at commitRoot (node_modules/react-dom/cjs/react-dom.development.js:26721:5)
      at finishConcurrentRender (node_modules/react-dom/cjs/react-dom.development.js:25931:9)
      at performConcurrentWorkOnRoot (node_modules/react-dom/cjs/react-dom.development.js:25848:7)
      at flushActQueue (node_modules/react/cjs/react.development.js:2667:24)
      at act (node_modules/react/cjs/react.development.js:2582:11)
      at node_modules/@testing-library/react/dist/act-compat.js:47:25
      at Object.<anonymous> (tests/unit/components/GestureFeedback.test.tsx:262:8)

  console.error
    Error: Uncaught [Error: Store error]
        at <unknown> (C:\Users\Nate2\code\ox-board\tests\unit\components\StemControls.test.tsx:553:15)
        at Object.toThrow (C:\Users\Nate2\code\ox-board\tests\unit\components\StemControls.test.tsx:554:10)
        at new Promise (<anonymous>) {
      detail: Error: Store error
          at C:\Users\Nate2\code\ox-board\tests\unit\components\StemControls.test.tsx:549:15
          at C:\Users\Nate2\code\ox-board\node_modules\jest-mock\build\index.js:305:39
          at C:\Users\Nate2\code\ox-board\node_modules\jest-mock\build\index.js:312:13
          at mockConstructor (C:\Users\Nate2\code\ox-board\node_modules\jest-mock\build\index.js:102:19)
          at useBoundStore (eval at _createMockFunction (C:\Users\Nate2\code\ox-board\node_modules\jest-mock\build\index.js:460:31), <anonymous>:3:59)
          at StemControlsComponent (C:\Users\Nate2\code\ox-board\app\components\StemControls.tsx:492:25)
          at renderWithHooks (C:\Users\Nate2\code\ox-board\node_modules\react-dom\cjs\react-dom.development.js:15486:18)
          at updateFunctionComponent (C:\Users\Nate2\code\ox-board\node_modules\react-dom\cjs\react-dom.development.js:19617:20)
          at updateSimpleMemoComponent (C:\Users\Nate2\code\ox-board\node_modules\react-dom\cjs\react-dom.development.js:19454:10)
          at updateMemoComponent (C:\Users\Nate2\code\ox-board\node_modules\react-dom\cjs\react-dom.development.js:19303:14)
          at beginWork (C:\Users\Nate2\code\ox-board\node_modules\react-dom\cjs\react-dom.development.js:21712:16)
          at HTMLUnknownElement.callCallback (C:\Users\Nate2\code\ox-board\node_modules\react-dom\cjs\react-dom.development.js:4164:14)
          at HTMLUnknownElement.callTheUserObjectsOperation (C:\Users\Nate2\code\ox-board\node_modules\jsdom\lib\jsdom\living\generated\EventListener.js:26:30)
          at innerInvokeEventListeners (C:\Users\Nate2\code\ox-board\node_modules\jsdom\lib\jsdom\living\events\EventTarget-impl.js:350:25)
          at invokeEventListeners (C:\Users\Nate2\code\ox-board\node_modules\jsdom\lib\jsdom\living\events\EventTarget-impl.js:286:3)
          at HTMLUnknownElementImpl._dispatch (C:\Users\Nate2\code\ox-board\node_modules\jsdom\lib\jsdom\living\events\EventTarget-impl.js:233:9)
          at HTMLUnknownElementImpl.dispatchEvent (C:\Users\Nate2\code\ox-board\node_modules\jsdom\lib\jsdom\living\events\EventTarget-impl.js:104:17)
          at HTMLUnknownElement.dispatchEvent (C:\Users\Nate2\code\ox-board\node_modules\jsdom\lib\jsdom\living\generated\EventTarget.js:241:34)
          at Object.invokeGuardedCallbackDev (C:\Users\Nate2\code\ox-board\node_modules\react-dom\cjs\react-dom.development.js:4213:16)
          at invokeGuardedCallback (C:\Users\Nate2\code\ox-board\node_modules\react-dom\cjs\react-dom.development.js:4277:31)
          at beginWork$1 (C:\Users\Nate2\code\ox-board\node_modules\react-dom\cjs\react-dom.development.js:27490:7)
          at performUnitOfWork (C:\Users\Nate2\code\ox-board\node_modules\react-dom\cjs\react-dom.development.js:26599:12)
          at workLoopSync (C:\Users\Nate2\code\ox-board\node_modules\react-dom\cjs\react-dom.development.js:26505:5)
          at renderRootSync (C:\Users\Nate2\code\ox-board\node_modules\react-dom\cjs\react-dom.development.js:26473:7)
          at performConcurrentWorkOnRoot (C:\Users\Nate2\code\ox-board\node_modules\react-dom\cjs\react-dom.development.js:25777:74)
          at flushActQueue (C:\Users\Nate2\code\ox-board\node_modules\react\cjs\react.development.js:2667:24)
          at act (C:\Users\Nate2\code\ox-board\node_modules\react\cjs\react.development.js:2582:11)
          at C:\Users\Nate2\code\ox-board\node_modules\@testing-library\react\dist\act-compat.js:47:25
          at renderRoot (C:\Users\Nate2\code\ox-board\node_modules\@testing-library\react\dist\pure.js:190:26)
          at render (C:\Users\Nate2\code\ox-board\node_modules\@testing-library\react\dist\pure.js:292:10)
          at C:\Users\Nate2\code\ox-board\tests\unit\components\StemControls.test.tsx:553:15
          at Object.<anonymous> (C:\Users\Nate2\code\ox-board\node_modules\expect\build\index.js:1824:9)
          at Object.throwingMatcher [as toThrow] (C:\Users\Nate2\code\ox-board\node_modules\expect\build\index.js:2235:93)
          at Object.toThrow (C:\Users\Nate2\code\ox-board\tests\unit\components\StemControls.test.tsx:554:10)
          at Promise.finally.completed (C:\Users\Nate2\code\ox-board\node_modules\jest-circus\build\jestAdapterInit.js:1556:28)
          at new Promise (<anonymous>)
          at callAsyncCircusFn (C:\Users\Nate2\code\ox-board\node_modules\jest-circus\build\jestAdapterInit.js:1496:10)
          at _callCircusTest (C:\Users\Nate2\code\ox-board\node_modules\jest-circus\build\jestAdapterInit.js:1006:40)
          at runNextTicks (node:internal/process/task_queues:65:5)
          at processTimers (node:internal/timers:540:9)
          at _runTest (C:\Users\Nate2\code\ox-board\node_modules\jest-circus\build\jestAdapterInit.js:946:3)
          at _runTestsForDescribeBlock (C:\Users\Nate2\code\ox-board\node_modules\jest-circus\build\jestAdapterInit.js:839:13)
          at _runTestsForDescribeBlock (C:\Users\Nate2\code\ox-board\node_modules\jest-circus\build\jestAdapterInit.js:829:11)
          at _runTestsForDescribeBlock (C:\Users\Nate2\code\ox-board\node_modules\jest-circus\build\jestAdapterInit.js:829:11)
          at run (C:\Users\Nate2\code\ox-board\node_modules\jest-circus\build\jestAdapterInit.js:757:3)
          at runAndTransformResultsToJestFormat (C:\Users\Nate2\code\ox-board\node_modules\jest-circus\build\jestAdapterInit.js:1917:21)
          at jestAdapter (C:\Users\Nate2\code\ox-board\node_modules\jest-circus\build\runner.js:101:19)
          at runTestInternal (C:\Users\Nate2\code\ox-board\node_modules\jest-runner\build\testWorker.js:275:16)
          at runTest (C:\Users\Nate2\code\ox-board\node_modules\jest-runner\build\testWorker.js:343:7)
          at Object.worker (C:\Users\Nate2\code\ox-board\node_modules\jest-runner\build\testWorker.js:497:12),
      type: 'unhandled exception'
    }

    [0m [90m 103 |[39m     [36mreturn[39m[33m;[39m
     [90m 104 |[39m   }
    [31m[1m>[22m[39m[90m 105 |[39m   originalError[33m.[39mcall(console[33m,[39m [33m...[39margs)[33m;[39m
     [90m     |[39m                 [31m[1m^[22m[39m
     [90m 106 |[39m }[33m;[39m
     [90m 107 |[39m
     [90m 108 |[39m [90m// Suppress specific warnings during tests[39m[0m

      at console.call [as error] (tests/setup/jest.setup.js:105:17)
      at VirtualConsole.<anonymous> (node_modules/@jest/environment-jsdom-abstract/build/index.js:78:23)
      at reportException (node_modules/jsdom/lib/jsdom/living/helpers/runtime-script-errors.js:70:28)
      at innerInvokeEventListeners (node_modules/jsdom/lib/jsdom/living/events/EventTarget-impl.js:353:9)
      at invokeEventListeners (node_modules/jsdom/lib/jsdom/living/events/EventTarget-impl.js:286:3)
      at HTMLUnknownElementImpl._dispatch (node_modules/jsdom/lib/jsdom/living/events/EventTarget-impl.js:233:9)
      at HTMLUnknownElementImpl.dispatchEvent (node_modules/jsdom/lib/jsdom/living/events/EventTarget-impl.js:104:17)
      at HTMLUnknownElement.dispatchEvent (node_modules/jsdom/lib/jsdom/living/generated/EventTarget.js:241:34)
      at Object.invokeGuardedCallbackDev (node_modules/react-dom/cjs/react-dom.development.js:4213:16)
      at invokeGuardedCallback (node_modules/react-dom/cjs/react-dom.development.js:4277:31)
      at beginWork$1 (node_modules/react-dom/cjs/react-dom.development.js:27490:7)
      at performUnitOfWork (node_modules/react-dom/cjs/react-dom.development.js:26599:12)
      at workLoopSync (node_modules/react-dom/cjs/react-dom.development.js:26505:5)
      at renderRootSync (node_modules/react-dom/cjs/react-dom.development.js:26473:7)
      at performConcurrentWorkOnRoot (node_modules/react-dom/cjs/react-dom.development.js:25777:74)
      at flushActQueue (node_modules/react/cjs/react.development.js:2667:24)
      at act (node_modules/react/cjs/react.development.js:2582:11)
      at node_modules/@testing-library/react/dist/act-compat.js:47:25
      at renderRoot (node_modules/@testing-library/react/dist/pure.js:190:26)
      at render (node_modules/@testing-library/react/dist/pure.js:292:10)
      at tests/unit/components/StemControls.test.tsx:553:15
      at Object.<anonymous> (node_modules/expect/build/index.js:1824:9)
      at Object.throwingMatcher [as toThrow] (node_modules/expect/build/index.js:2235:93)
      at Object.toThrow (tests/unit/components/StemControls.test.tsx:554:10)

  console.error
    Error: Uncaught [Error: Store error]
        at <unknown> (C:\Users\Nate2\code\ox-board\tests\unit\components\StemControls.test.tsx:553:15)
        at Object.toThrow (C:\Users\Nate2\code\ox-board\tests\unit\components\StemControls.test.tsx:554:10)
        at new Promise (<anonymous>) {
      detail: Error: Store error
          at C:\Users\Nate2\code\ox-board\tests\unit\components\StemControls.test.tsx:549:15
          at C:\Users\Nate2\code\ox-board\node_modules\jest-mock\build\index.js:305:39
          at C:\Users\Nate2\code\ox-board\node_modules\jest-mock\build\index.js:312:13
          at mockConstructor (C:\Users\Nate2\code\ox-board\node_modules\jest-mock\build\index.js:102:19)
          at useBoundStore (eval at _createMockFunction (C:\Users\Nate2\code\ox-board\node_modules\jest-mock\build\index.js:460:31), <anonymous>:3:59)
          at StemControlsComponent (C:\Users\Nate2\code\ox-board\app\components\StemControls.tsx:492:25)
          at renderWithHooks (C:\Users\Nate2\code\ox-board\node_modules\react-dom\cjs\react-dom.development.js:15486:18)
          at updateFunctionComponent (C:\Users\Nate2\code\ox-board\node_modules\react-dom\cjs\react-dom.development.js:19617:20)
          at updateSimpleMemoComponent (C:\Users\Nate2\code\ox-board\node_modules\react-dom\cjs\react-dom.development.js:19454:10)
          at updateMemoComponent (C:\Users\Nate2\code\ox-board\node_modules\react-dom\cjs\react-dom.development.js:19303:14)
          at beginWork (C:\Users\Nate2\code\ox-board\node_modules\react-dom\cjs\react-dom.development.js:21712:16)
          at HTMLUnknownElement.callCallback (C:\Users\Nate2\code\ox-board\node_modules\react-dom\cjs\react-dom.development.js:4164:14)
          at HTMLUnknownElement.callTheUserObjectsOperation (C:\Users\Nate2\code\ox-board\node_modules\jsdom\lib\jsdom\living\generated\EventListener.js:26:30)
          at innerInvokeEventListeners (C:\Users\Nate2\code\ox-board\node_modules\jsdom\lib\jsdom\living\events\EventTarget-impl.js:350:25)
          at invokeEventListeners (C:\Users\Nate2\code\ox-board\node_modules\jsdom\lib\jsdom\living\events\EventTarget-impl.js:286:3)
          at HTMLUnknownElementImpl._dispatch (C:\Users\Nate2\code\ox-board\node_modules\jsdom\lib\jsdom\living\events\EventTarget-impl.js:233:9)
          at HTMLUnknownElementImpl.dispatchEvent (C:\Users\Nate2\code\ox-board\node_modules\jsdom\lib\jsdom\living\events\EventTarget-impl.js:104:17)
          at HTMLUnknownElement.dispatchEvent (C:\Users\Nate2\code\ox-board\node_modules\jsdom\lib\jsdom\living\generated\EventTarget.js:241:34)
          at Object.invokeGuardedCallbackDev (C:\Users\Nate2\code\ox-board\node_modules\react-dom\cjs\react-dom.development.js:4213:16)
          at invokeGuardedCallback (C:\Users\Nate2\code\ox-board\node_modules\react-dom\cjs\react-dom.development.js:4277:31)
          at beginWork$1 (C:\Users\Nate2\code\ox-board\node_modules\react-dom\cjs\react-dom.development.js:27490:7)
          at performUnitOfWork (C:\Users\Nate2\code\ox-board\node_modules\react-dom\cjs\react-dom.development.js:26599:12)
          at workLoopSync (C:\Users\Nate2\code\ox-board\node_modules\react-dom\cjs\react-dom.development.js:26505:5)
          at renderRootSync (C:\Users\Nate2\code\ox-board\node_modules\react-dom\cjs\react-dom.development.js:26473:7)
          at recoverFromConcurrentError (C:\Users\Nate2\code\ox-board\node_modules\react-dom\cjs\react-dom.development.js:25889:20)
          at performConcurrentWorkOnRoot (C:\Users\Nate2\code\ox-board\node_modules\react-dom\cjs\react-dom.development.js:25789:22)
          at flushActQueue (C:\Users\Nate2\code\ox-board\node_modules\react\cjs\react.development.js:2667:24)
          at act (C:\Users\Nate2\code\ox-board\node_modules\react\cjs\react.development.js:2582:11)
          at C:\Users\Nate2\code\ox-board\node_modules\@testing-library\react\dist\act-compat.js:47:25
          at renderRoot (C:\Users\Nate2\code\ox-board\node_modules\@testing-library\react\dist\pure.js:190:26)
          at render (C:\Users\Nate2\code\ox-board\node_modules\@testing-library\react\dist\pure.js:292:10)
          at C:\Users\Nate2\code\ox-board\tests\unit\components\StemControls.test.tsx:553:15
          at Object.<anonymous> (C:\Users\Nate2\code\ox-board\node_modules\expect\build\index.js:1824:9)
          at Object.throwingMatcher [as toThrow] (C:\Users\Nate2\code\ox-board\node_modules\expect\build\index.js:2235:93)
          at Object.toThrow (C:\Users\Nate2\code\ox-board\tests\unit\components\StemControls.test.tsx:554:10)
          at Promise.finally.completed (C:\Users\Nate2\code\ox-board\node_modules\jest-circus\build\jestAdapterInit.js:1556:28)
          at new Promise (<anonymous>)
          at callAsyncCircusFn (C:\Users\Nate2\code\ox-board\node_modules\jest-circus\build\jestAdapterInit.js:1496:10)
          at _callCircusTest (C:\Users\Nate2\code\ox-board\node_modules\jest-circus\build\jestAdapterInit.js:1006:40)
          at runNextTicks (node:internal/process/task_queues:65:5)
          at processTimers (node:internal/timers:540:9)
          at _runTest (C:\Users\Nate2\code\ox-board\node_modules\jest-circus\build\jestAdapterInit.js:946:3)
          at _runTestsForDescribeBlock (C:\Users\Nate2\code\ox-board\node_modules\jest-circus\build\jestAdapterInit.js:839:13)
          at _runTestsForDescribeBlock (C:\Users\Nate2\code\ox-board\node_modules\jest-circus\build\jestAdapterInit.js:829:11)
          at _runTestsForDescribeBlock (C:\Users\Nate2\code\ox-board\node_modules\jest-circus\build\jestAdapterInit.js:829:11)
          at run (C:\Users\Nate2\code\ox-board\node_modules\jest-circus\build\jestAdapterInit.js:757:3)
          at runAndTransformResultsToJestFormat (C:\Users\Nate2\code\ox-board\node_modules\jest-circus\build\jestAdapterInit.js:1917:21)
          at jestAdapter (C:\Users\Nate2\code\ox-board\node_modules\jest-circus\build\runner.js:101:19)
          at runTestInternal (C:\Users\Nate2\code\ox-board\node_modules\jest-runner\build\testWorker.js:275:16)
          at runTest (C:\Users\Nate2\code\ox-board\node_modules\jest-runner\build\testWorker.js:343:7)
          at Object.worker (C:\Users\Nate2\code\ox-board\node_modules\jest-runner\build\testWorker.js:497:12),
      type: 'unhandled exception'
    }

    [0m [90m 103 |[39m     [36mreturn[39m[33m;[39m
     [90m 104 |[39m   }
    [31m[1m>[22m[39m[90m 105 |[39m   originalError[33m.[39mcall(console[33m,[39m [33m...[39margs)[33m;[39m
     [90m     |[39m                 [31m[1m^[22m[39m
     [90m 106 |[39m }[33m;[39m
     [90m 107 |[39m
     [90m 108 |[39m [90m// Suppress specific warnings during tests[39m[0m

      at console.call [as error] (tests/setup/jest.setup.js:105:17)
      at VirtualConsole.<anonymous> (node_modules/@jest/environment-jsdom-abstract/build/index.js:78:23)
      at reportException (node_modules/jsdom/lib/jsdom/living/helpers/runtime-script-errors.js:70:28)
      at innerInvokeEventListeners (node_modules/jsdom/lib/jsdom/living/events/EventTarget-impl.js:353:9)
      at invokeEventListeners (node_modules/jsdom/lib/jsdom/living/events/EventTarget-impl.js:286:3)
      at HTMLUnknownElementImpl._dispatch (node_modules/jsdom/lib/jsdom/living/events/EventTarget-impl.js:233:9)
      at HTMLUnknownElementImpl.dispatchEvent (node_modules/jsdom/lib/jsdom/living/events/EventTarget-impl.js:104:17)
      at HTMLUnknownElement.dispatchEvent (node_modules/jsdom/lib/jsdom/living/generated/EventTarget.js:241:34)
      at Object.invokeGuardedCallbackDev (node_modules/react-dom/cjs/react-dom.development.js:4213:16)
      at invokeGuardedCallback (node_modules/react-dom/cjs/react-dom.development.js:4277:31)
      at beginWork$1 (node_modules/react-dom/cjs/react-dom.development.js:27490:7)
      at performUnitOfWork (node_modules/react-dom/cjs/react-dom.development.js:26599:12)
      at workLoopSync (node_modules/react-dom/cjs/react-dom.development.js:26505:5)
      at renderRootSync (node_modules/react-dom/cjs/react-dom.development.js:26473:7)
      at recoverFromConcurrentError (node_modules/react-dom/cjs/react-dom.development.js:25889:20)
      at performConcurrentWorkOnRoot (node_modules/react-dom/cjs/react-dom.development.js:25789:22)
      at flushActQueue (node_modules/react/cjs/react.development.js:2667:24)
      at act (node_modules/react/cjs/react.development.js:2582:11)
      at node_modules/@testing-library/react/dist/act-compat.js:47:25
      at renderRoot (node_modules/@testing-library/react/dist/pure.js:190:26)
      at render (node_modules/@testing-library/react/dist/pure.js:292:10)
      at tests/unit/components/StemControls.test.tsx:553:15
      at Object.<anonymous> (node_modules/expect/build/index.js:1824:9)
      at Object.throwingMatcher [as toThrow] (node_modules/expect/build/index.js:2235:93)
      at Object.toThrow (tests/unit/components/StemControls.test.tsx:554:10)

  console.error
    The above error occurred in the <StemControlsComponent> component:
    
        at channel (C:\Users\Nate2\code\ox-board\app\components\StemControls.tsx:477:3)
    
    Consider adding an error boundary to your tree to customize error handling behavior.
    Visit https://reactjs.org/link/error-boundaries to learn more about error boundaries.

    [0m [90m 103 |[39m     [36mreturn[39m[33m;[39m
     [90m 104 |[39m   }
    [31m[1m>[22m[39m[90m 105 |[39m   originalError[33m.[39mcall(console[33m,[39m [33m...[39margs)[33m;[39m
     [90m     |[39m                 [31m[1m^[22m[39m
     [90m 106 |[39m }[33m;[39m
     [90m 107 |[39m
     [90m 108 |[39m [90m// Suppress specific warnings during tests[39m[0m

      at console.call [as error] (tests/setup/jest.setup.js:105:17)
      at logCapturedError (node_modules/react-dom/cjs/react-dom.development.js:18704:23)
      at update.callback (node_modules/react-dom/cjs/react-dom.development.js:18737:5)
      at callCallback (node_modules/react-dom/cjs/react-dom.development.js:15036:12)
      at commitUpdateQueue (node_modules/react-dom/cjs/react-dom.development.js:15057:9)
      at commitLayoutEffectOnFiber (node_modules/react-dom/cjs/react-dom.development.js:23430:13)
      at commitLayoutMountEffects_complete (node_modules/react-dom/cjs/react-dom.development.js:24727:9)
      at commitLayoutEffects_begin (node_modules/react-dom/cjs/react-dom.development.js:24713:7)
      at commitLayoutEffects (node_modules/react-dom/cjs/react-dom.development.js:24651:3)
      at commitRootImpl (node_modules/react-dom/cjs/react-dom.development.js:26862:5)
      at commitRoot (node_modules/react-dom/cjs/react-dom.development.js:26721:5)
      at finishConcurrentRender (node_modules/react-dom/cjs/react-dom.development.js:25931:9)
      at performConcurrentWorkOnRoot (node_modules/react-dom/cjs/react-dom.development.js:25848:7)
      at flushActQueue (node_modules/react/cjs/react.development.js:2667:24)
      at act (node_modules/react/cjs/react.development.js:2582:11)
      at node_modules/@testing-library/react/dist/act-compat.js:47:25
      at renderRoot (node_modules/@testing-library/react/dist/pure.js:190:26)
      at render (node_modules/@testing-library/react/dist/pure.js:292:10)
      at tests/unit/components/StemControls.test.tsx:553:15
      at Object.<anonymous> (node_modules/expect/build/index.js:1824:9)
      at Object.throwingMatcher [as toThrow] (node_modules/expect/build/index.js:2235:93)
      at Object.toThrow (tests/unit/components/StemControls.test.tsx:554:10)

  console.error
    Invalid channel: 99

    [0m [90m 103 |[39m     [36mreturn[39m[33m;[39m
     [90m 104 |[39m   }
    [31m[1m>[22m[39m[90m 105 |[39m   originalError[33m.[39mcall(console[33m,[39m [33m...[39margs)[33m;[39m
     [90m     |[39m                 [31m[1m^[22m[39m
     [90m 106 |[39m }[33m;[39m
     [90m 107 |[39m
     [90m 108 |[39m [90m// Suppress specific warnings during tests[39m[0m

      at console.call [as error] (tests/setup/jest.setup.js:105:17)
      at error (app/components/StemControls.tsx:568:13)
      at renderWithHooks (node_modules/react-dom/cjs/react-dom.development.js:15486:18)
      at updateFunctionComponent (node_modules/react-dom/cjs/react-dom.development.js:19617:20)
      at updateSimpleMemoComponent (node_modules/react-dom/cjs/react-dom.development.js:19454:10)
      at updateMemoComponent (node_modules/react-dom/cjs/react-dom.development.js:19303:14)
      at beginWork (node_modules/react-dom/cjs/react-dom.development.js:21712:16)
      at beginWork$1 (node_modules/react-dom/cjs/react-dom.development.js:27465:14)
      at performUnitOfWork (node_modules/react-dom/cjs/react-dom.development.js:26599:12)
      at workLoopSync (node_modules/react-dom/cjs/react-dom.development.js:26505:5)
      at renderRootSync (node_modules/react-dom/cjs/react-dom.development.js:26473:7)
      at performConcurrentWorkOnRoot (node_modules/react-dom/cjs/react-dom.development.js:25777:74)
      at flushActQueue (node_modules/react/cjs/react.development.js:2667:24)
      at act (node_modules/react/cjs/react.development.js:2582:11)
      at node_modules/@testing-library/react/dist/act-compat.js:47:25
      at renderRoot (node_modules/@testing-library/react/dist/pure.js:190:26)
      at render (node_modules/@testing-library/react/dist/pure.js:292:10)
      at tests/unit/components/StemControls.test.tsx:570:15
      at Object.<anonymous> (node_modules/expect/build/index.js:1824:9)
      at Object.throwingMatcher [as toThrow] (node_modules/expect/build/index.js:2235:93)
      at Object.toThrow (tests/unit/components/StemControls.test.tsx:571:14)

  console.error
    Error: Uncaught [Error: Too many re-renders. React limits the number of renders to prevent an infinite loop.]
        at Object.<anonymous> (C:\Users\Nate2\code\ox-board\tests\unit\components\GestureFeedback.test.tsx:306:8)
        at new Promise (<anonymous>) {
      detail: Error: Too many re-renders. React limits the number of renders to prevent an infinite loop.
          at renderWithHooks (C:\Users\Nate2\code\ox-board\node_modules\react-dom\cjs\react-dom.development.js:15498:15)
          at updateFunctionComponent (C:\Users\Nate2\code\ox-board\node_modules\react-dom\cjs\react-dom.development.js:19617:20)
          at beginWork (C:\Users\Nate2\code\ox-board\node_modules\react-dom\cjs\react-dom.development.js:21640:16)
          at HTMLUnknownElement.callCallback (C:\Users\Nate2\code\ox-board\node_modules\react-dom\cjs\react-dom.development.js:4164:14)
          at HTMLUnknownElement.callTheUserObjectsOperation (C:\Users\Nate2\code\ox-board\node_modules\jsdom\lib\jsdom\living\generated\EventListener.js:26:30)
          at innerInvokeEventListeners (C:\Users\Nate2\code\ox-board\node_modules\jsdom\lib\jsdom\living\events\EventTarget-impl.js:350:25)
          at invokeEventListeners (C:\Users\Nate2\code\ox-board\node_modules\jsdom\lib\jsdom\living\events\EventTarget-impl.js:286:3)
          at HTMLUnknownElementImpl._dispatch (C:\Users\Nate2\code\ox-board\node_modules\jsdom\lib\jsdom\living\events\EventTarget-impl.js:233:9)
          at HTMLUnknownElementImpl.dispatchEvent (C:\Users\Nate2\code\ox-board\node_modules\jsdom\lib\jsdom\living\events\EventTarget-impl.js:104:17)
          at HTMLUnknownElement.dispatchEvent (C:\Users\Nate2\code\ox-board\node_modules\jsdom\lib\jsdom\living\generated\EventTarget.js:241:34)
          at Object.invokeGuardedCallbackDev (C:\Users\Nate2\code\ox-board\node_modules\react-dom\cjs\react-dom.development.js:4213:16)
          at invokeGuardedCallback (C:\Users\Nate2\code\ox-board\node_modules\react-dom\cjs\react-dom.development.js:4277:31)
          at beginWork$1 (C:\Users\Nate2\code\ox-board\node_modules\react-dom\cjs\react-dom.development.js:27490:7)
          at performUnitOfWork (C:\Users\Nate2\code\ox-board\node_modules\react-dom\cjs\react-dom.development.js:26599:12)
          at workLoopSync (C:\Users\Nate2\code\ox-board\node_modules\react-dom\cjs\react-dom.development.js:26505:5)
          at renderRootSync (C:\Users\Nate2\code\ox-board\node_modules\react-dom\cjs\react-dom.development.js:26473:7)
          at performConcurrentWorkOnRoot (C:\Users\Nate2\code\ox-board\node_modules\react-dom\cjs\react-dom.development.js:25777:74)
          at flushActQueue (C:\Users\Nate2\code\ox-board\node_modules\react\cjs\react.development.js:2667:24)
          at act (C:\Users\Nate2\code\ox-board\node_modules\react\cjs\react.development.js:2582:11)
          at C:\Users\Nate2\code\ox-board\node_modules\@testing-library\react\dist\act-compat.js:47:25
          at Object.<anonymous> (C:\Users\Nate2\code\ox-board\tests\unit\components\GestureFeedback.test.tsx:306:8)
          at Promise.finally.completed (C:\Users\Nate2\code\ox-board\node_modules\jest-circus\build\jestAdapterInit.js:1556:28)
          at new Promise (<anonymous>)
          at callAsyncCircusFn (C:\Users\Nate2\code\ox-board\node_modules\jest-circus\build\jestAdapterInit.js:1496:10)
          at _callCircusTest (C:\Users\Nate2\code\ox-board\node_modules\jest-circus\build\jestAdapterInit.js:1006:40)
          at processTicksAndRejections (node:internal/process/task_queues:105:5)
          at _runTest (C:\Users\Nate2\code\ox-board\node_modules\jest-circus\build\jestAdapterInit.js:946:3)
          at _runTestsForDescribeBlock (C:\Users\Nate2\code\ox-board\node_modules\jest-circus\build\jestAdapterInit.js:839:13)
          at _runTestsForDescribeBlock (C:\Users\Nate2\code\ox-board\node_modules\jest-circus\build\jestAdapterInit.js:829:11)
          at run (C:\Users\Nate2\code\ox-board\node_modules\jest-circus\build\jestAdapterInit.js:757:3)
          at runAndTransformResultsToJestFormat (C:\Users\Nate2\code\ox-board\node_modules\jest-circus\build\jestAdapterInit.js:1917:21)
          at jestAdapter (C:\Users\Nate2\code\ox-board\node_modules\jest-circus\build\runner.js:101:19)
          at runTestInternal (C:\Users\Nate2\code\ox-board\node_modules\jest-runner\build\testWorker.js:275:16)
          at runTest (C:\Users\Nate2\code\ox-board\node_modules\jest-runner\build\testWorker.js:343:7)
          at Object.worker (C:\Users\Nate2\code\ox-board\node_modules\jest-runner\build\testWorker.js:497:12),
      type: 'unhandled exception'
    }

    [0m [90m 103 |[39m     [36mreturn[39m[33m;[39m
     [90m 104 |[39m   }
    [31m[1m>[22m[39m[90m 105 |[39m   originalError[33m.[39mcall(console[33m,[39m [33m...[39margs)[33m;[39m
     [90m     |[39m                 [31m[1m^[22m[39m
     [90m 106 |[39m }[33m;[39m
     [90m 107 |[39m
     [90m 108 |[39m [90m// Suppress specific warnings during tests[39m[0m

      at console.call [as error] (tests/setup/jest.setup.js:105:17)
      at VirtualConsole.<anonymous> (node_modules/@jest/environment-jsdom-abstract/build/index.js:78:23)
      at reportException (node_modules/jsdom/lib/jsdom/living/helpers/runtime-script-errors.js:70:28)
      at innerInvokeEventListeners (node_modules/jsdom/lib/jsdom/living/events/EventTarget-impl.js:353:9)
      at invokeEventListeners (node_modules/jsdom/lib/jsdom/living/events/EventTarget-impl.js:286:3)
      at HTMLUnknownElementImpl._dispatch (node_modules/jsdom/lib/jsdom/living/events/EventTarget-impl.js:233:9)
      at HTMLUnknownElementImpl.dispatchEvent (node_modules/jsdom/lib/jsdom/living/events/EventTarget-impl.js:104:17)
      at HTMLUnknownElement.dispatchEvent (node_modules/jsdom/lib/jsdom/living/generated/EventTarget.js:241:34)
      at Object.invokeGuardedCallbackDev (node_modules/react-dom/cjs/react-dom.development.js:4213:16)
      at invokeGuardedCallback (node_modules/react-dom/cjs/react-dom.development.js:4277:31)
      at beginWork$1 (node_modules/react-dom/cjs/react-dom.development.js:27490:7)
      at performUnitOfWork (node_modules/react-dom/cjs/react-dom.development.js:26599:12)
      at workLoopSync (node_modules/react-dom/cjs/react-dom.development.js:26505:5)
      at renderRootSync (node_modules/react-dom/cjs/react-dom.development.js:26473:7)
      at performConcurrentWorkOnRoot (node_modules/react-dom/cjs/react-dom.development.js:25777:74)
      at flushActQueue (node_modules/react/cjs/react.development.js:2667:24)
      at act (node_modules/react/cjs/react.development.js:2582:11)
      at node_modules/@testing-library/react/dist/act-compat.js:47:25
      at Object.<anonymous> (tests/unit/components/GestureFeedback.test.tsx:306:8)

  console.error
    Failed to open IndexedDB: Error: IndexedDB error
        at Object.<anonymous> (C:\Users\Nate2\code\ox-board\tests\unit\lib\offline\offlineIntegration.test.ts:472:18)
        at C:\Users\Nate2\code\ox-board\node_modules\jest-mock\build\index.js:305:39
        at Object.<anonymous> (C:\Users\Nate2\code\ox-board\node_modules\jest-mock\build\index.js:312:13)
        at Object.mockConstructor [as open] (C:\Users\Nate2\code\ox-board\node_modules\jest-mock\build\index.js:102:19)
        at open (C:\Users\Nate2\code\ox-board\app\lib\storage\stemCache.ts:96:33)
        at new Promise (<anonymous>)
        at StemCacheService.init (C:\Users\Nate2\code\ox-board\app\lib\storage\stemCache.ts:95:12)
        at Object.init (C:\Users\Nate2\code\ox-board\tests\unit\lib\offline\offlineIntegration.test.ts:484:30)
        at Promise.finally.completed (C:\Users\Nate2\code\ox-board\node_modules\jest-circus\build\jestAdapterInit.js:1556:28)
        at new Promise (<anonymous>)
        at callAsyncCircusFn (C:\Users\Nate2\code\ox-board\node_modules\jest-circus\build\jestAdapterInit.js:1496:10)
        at _callCircusTest (C:\Users\Nate2\code\ox-board\node_modules\jest-circus\build\jestAdapterInit.js:1006:40)
        at _runTest (C:\Users\Nate2\code\ox-board\node_modules\jest-circus\build\jestAdapterInit.js:946:3)
        at _runTestsForDescribeBlock (C:\Users\Nate2\code\ox-board\node_modules\jest-circus\build\jestAdapterInit.js:839:13)
        at _runTestsForDescribeBlock (C:\Users\Nate2\code\ox-board\node_modules\jest-circus\build\jestAdapterInit.js:829:11)
        at _runTestsForDescribeBlock (C:\Users\Nate2\code\ox-board\node_modules\jest-circus\build\jestAdapterInit.js:829:11)
        at run (C:\Users\Nate2\code\ox-board\node_modules\jest-circus\build\jestAdapterInit.js:757:3)
        at runAndTransformResultsToJestFormat (C:\Users\Nate2\code\ox-board\node_modules\jest-circus\build\jestAdapterInit.js:1917:21)
        at jestAdapter (C:\Users\Nate2\code\ox-board\node_modules\jest-circus\build\runner.js:101:19)
        at runTestInternal (C:\Users\Nate2\code\ox-board\node_modules\jest-runner\build\testWorker.js:275:16)
        at runTest (C:\Users\Nate2\code\ox-board\node_modules\jest-runner\build\testWorker.js:343:7)
        at Object.worker (C:\Users\Nate2\code\ox-board\node_modules\jest-runner\build\testWorker.js:497:12)

    [0m [90m 103 |[39m     [36mreturn[39m[33m;[39m
     [90m 104 |[39m   }
    [31m[1m>[22m[39m[90m 105 |[39m   originalError[33m.[39mcall(console[33m,[39m [33m...[39margs)[33m;[39m
     [90m     |[39m                 [31m[1m^[22m[39m
     [90m 106 |[39m }[33m;[39m
     [90m 107 |[39m
     [90m 108 |[39m [90m// Suppress specific warnings during tests[39m[0m

      at console.call [as error] (tests/setup/jest.setup.js:105:17)
      at Object.error [as onerror] (app/lib/storage/stemCache.ts:99:17)
      at onerror (tests/unit/lib/offline/offlineIntegration.test.ts:477:40)
      at Timeout.task [as _onTimeout] (node_modules/jsdom/lib/jsdom/browser/Window.js:579:19)

  console.error
    Error: Uncaught [Error: Too many re-renders. React limits the number of renders to prevent an infinite loop.]
        at Object.<anonymous> (C:\Users\Nate2\code\ox-board\tests\unit\components\GestureFeedback.test.tsx:306:8)
        at new Promise (<anonymous>) {
      detail: Error: Too many re-renders. React limits the number of renders to prevent an infinite loop.
          at renderWithHooks (C:\Users\Nate2\code\ox-board\node_modules\react-dom\cjs\react-dom.development.js:15498:15)
          at updateFunctionComponent (C:\Users\Nate2\code\ox-board\node_modules\react-dom\cjs\react-dom.development.js:19617:20)
          at beginWork (C:\Users\Nate2\code\ox-board\node_modules\react-dom\cjs\react-dom.development.js:21640:16)
          at HTMLUnknownElement.callCallback (C:\Users\Nate2\code\ox-board\node_modules\react-dom\cjs\react-dom.development.js:4164:14)
          at HTMLUnknownElement.callTheUserObjectsOperation (C:\Users\Nate2\code\ox-board\node_modules\jsdom\lib\jsdom\living\generated\EventListener.js:26:30)
          at innerInvokeEventListeners (C:\Users\Nate2\code\ox-board\node_modules\jsdom\lib\jsdom\living\events\EventTarget-impl.js:350:25)
          at invokeEventListeners (C:\Users\Nate2\code\ox-board\node_modules\jsdom\lib\jsdom\living\events\EventTarget-impl.js:286:3)
          at HTMLUnknownElementImpl._dispatch (C:\Users\Nate2\code\ox-board\node_modules\jsdom\lib\jsdom\living\events\EventTarget-impl.js:233:9)
          at HTMLUnknownElementImpl.dispatchEvent (C:\Users\Nate2\code\ox-board\node_modules\jsdom\lib\jsdom\living\events\EventTarget-impl.js:104:17)
          at HTMLUnknownElement.dispatchEvent (C:\Users\Nate2\code\ox-board\node_modules\jsdom\lib\jsdom\living\generated\EventTarget.js:241:34)
          at Object.invokeGuardedCallbackDev (C:\Users\Nate2\code\ox-board\node_modules\react-dom\cjs\react-dom.development.js:4213:16)
          at invokeGuardedCallback (C:\Users\Nate2\code\ox-board\node_modules\react-dom\cjs\react-dom.development.js:4277:31)
          at beginWork$1 (C:\Users\Nate2\code\ox-board\node_modules\react-dom\cjs\react-dom.development.js:27490:7)
          at performUnitOfWork (C:\Users\Nate2\code\ox-board\node_modules\react-dom\cjs\react-dom.development.js:26599:12)
          at workLoopSync (C:\Users\Nate2\code\ox-board\node_modules\react-dom\cjs\react-dom.development.js:26505:5)
          at renderRootSync (C:\Users\Nate2\code\ox-board\node_modules\react-dom\cjs\react-dom.development.js:26473:7)
          at recoverFromConcurrentError (C:\Users\Nate2\code\ox-board\node_modules\react-dom\cjs\react-dom.development.js:25889:20)
          at performConcurrentWorkOnRoot (C:\Users\Nate2\code\ox-board\node_modules\react-dom\cjs\react-dom.development.js:25789:22)
          at flushActQueue (C:\Users\Nate2\code\ox-board\node_modules\react\cjs\react.development.js:2667:24)
          at act (C:\Users\Nate2\code\ox-board\node_modules\react\cjs\react.development.js:2582:11)
          at C:\Users\Nate2\code\ox-board\node_modules\@testing-library\react\dist\act-compat.js:47:25
          at Object.<anonymous> (C:\Users\Nate2\code\ox-board\tests\unit\components\GestureFeedback.test.tsx:306:8)
          at Promise.finally.completed (C:\Users\Nate2\code\ox-board\node_modules\jest-circus\build\jestAdapterInit.js:1556:28)
          at new Promise (<anonymous>)
          at callAsyncCircusFn (C:\Users\Nate2\code\ox-board\node_modules\jest-circus\build\jestAdapterInit.js:1496:10)
          at _callCircusTest (C:\Users\Nate2\code\ox-board\node_modules\jest-circus\build\jestAdapterInit.js:1006:40)
          at processTicksAndRejections (node:internal/process/task_queues:105:5)
          at _runTest (C:\Users\Nate2\code\ox-board\node_modules\jest-circus\build\jestAdapterInit.js:946:3)
          at _runTestsForDescribeBlock (C:\Users\Nate2\code\ox-board\node_modules\jest-circus\build\jestAdapterInit.js:839:13)
          at _runTestsForDescribeBlock (C:\Users\Nate2\code\ox-board\node_modules\jest-circus\build\jestAdapterInit.js:829:11)
          at run (C:\Users\Nate2\code\ox-board\node_modules\jest-circus\build\jestAdapterInit.js:757:3)
          at runAndTransformResultsToJestFormat (C:\Users\Nate2\code\ox-board\node_modules\jest-circus\build\jestAdapterInit.js:1917:21)
          at jestAdapter (C:\Users\Nate2\code\ox-board\node_modules\jest-circus\build\runner.js:101:19)
          at runTestInternal (C:\Users\Nate2\code\ox-board\node_modules\jest-runner\build\testWorker.js:275:16)
          at runTest (C:\Users\Nate2\code\ox-board\node_modules\jest-runner\build\testWorker.js:343:7)
          at Object.worker (C:\Users\Nate2\code\ox-board\node_modules\jest-runner\build\testWorker.js:497:12),
      type: 'unhandled exception'
    }

    [0m [90m 103 |[39m     [36mreturn[39m[33m;[39m
     [90m 104 |[39m   }
    [31m[1m>[22m[39m[90m 105 |[39m   originalError[33m.[39mcall(console[33m,[39m [33m...[39margs)[33m;[39m
     [90m     |[39m                 [31m[1m^[22m[39m
     [90m 106 |[39m }[33m;[39m
     [90m 107 |[39m
     [90m 108 |[39m [90m// Suppress specific warnings during tests[39m[0m

      at console.call [as error] (tests/setup/jest.setup.js:105:17)
      at VirtualConsole.<anonymous> (node_modules/@jest/environment-jsdom-abstract/build/index.js:78:23)
      at reportException (node_modules/jsdom/lib/jsdom/living/helpers/runtime-script-errors.js:70:28)
      at innerInvokeEventListeners (node_modules/jsdom/lib/jsdom/living/events/EventTarget-impl.js:353:9)
      at invokeEventListeners (node_modules/jsdom/lib/jsdom/living/events/EventTarget-impl.js:286:3)
      at HTMLUnknownElementImpl._dispatch (node_modules/jsdom/lib/jsdom/living/events/EventTarget-impl.js:233:9)
      at HTMLUnknownElementImpl.dispatchEvent (node_modules/jsdom/lib/jsdom/living/events/EventTarget-impl.js:104:17)
      at HTMLUnknownElement.dispatchEvent (node_modules/jsdom/lib/jsdom/living/generated/EventTarget.js:241:34)
      at Object.invokeGuardedCallbackDev (node_modules/react-dom/cjs/react-dom.development.js:4213:16)
      at invokeGuardedCallback (node_modules/react-dom/cjs/react-dom.development.js:4277:31)
      at beginWork$1 (node_modules/react-dom/cjs/react-dom.development.js:27490:7)
      at performUnitOfWork (node_modules/react-dom/cjs/react-dom.development.js:26599:12)
      at workLoopSync (node_modules/react-dom/cjs/react-dom.development.js:26505:5)
      at renderRootSync (node_modules/react-dom/cjs/react-dom.development.js:26473:7)
      at recoverFromConcurrentError (node_modules/react-dom/cjs/react-dom.development.js:25889:20)
      at performConcurrentWorkOnRoot (node_modules/react-dom/cjs/react-dom.development.js:25789:22)
      at flushActQueue (node_modules/react/cjs/react.development.js:2667:24)
      at act (node_modules/react/cjs/react.development.js:2582:11)
      at node_modules/@testing-library/react/dist/act-compat.js:47:25
      at Object.<anonymous> (tests/unit/components/GestureFeedback.test.tsx:306:8)

  console.error
    The above error occurred in the <GestureFeedback> component:
    
        at mapper (C:\Users\Nate2\code\ox-board\app\components\GestureFeedback.tsx:64:3)
    
    Consider adding an error boundary to your tree to customize error handling behavior.
    Visit https://reactjs.org/link/error-boundaries to learn more about error boundaries.

    [0m [90m 103 |[39m     [36mreturn[39m[33m;[39m
     [90m 104 |[39m   }
    [31m[1m>[22m[39m[90m 105 |[39m   originalError[33m.[39mcall(console[33m,[39m [33m...[39margs)[33m;[39m
     [90m     |[39m                 [31m[1m^[22m[39m
     [90m 106 |[39m }[33m;[39m
     [90m 107 |[39m
     [90m 108 |[39m [90m// Suppress specific warnings during tests[39m[0m

      at console.call [as error] (tests/setup/jest.setup.js:105:17)
      at logCapturedError (node_modules/react-dom/cjs/react-dom.development.js:18704:23)
      at update.callback (node_modules/react-dom/cjs/react-dom.development.js:18737:5)
      at callCallback (node_modules/react-dom/cjs/react-dom.development.js:15036:12)
      at commitUpdateQueue (node_modules/react-dom/cjs/react-dom.development.js:15057:9)
      at commitLayoutEffectOnFiber (node_modules/react-dom/cjs/react-dom.development.js:23430:13)
      at commitLayoutMountEffects_complete (node_modules/react-dom/cjs/react-dom.development.js:24727:9)
      at commitLayoutEffects_begin (node_modules/react-dom/cjs/react-dom.development.js:24713:7)
      at commitLayoutEffects (node_modules/react-dom/cjs/react-dom.development.js:24651:3)
      at commitRootImpl (node_modules/react-dom/cjs/react-dom.development.js:26862:5)
      at commitRoot (node_modules/react-dom/cjs/react-dom.development.js:26721:5)
      at finishConcurrentRender (node_modules/react-dom/cjs/react-dom.development.js:25931:9)
      at performConcurrentWorkOnRoot (node_modules/react-dom/cjs/react-dom.development.js:25848:7)
      at flushActQueue (node_modules/react/cjs/react.development.js:2667:24)
      at act (node_modules/react/cjs/react.development.js:2582:11)
      at node_modules/@testing-library/react/dist/act-compat.js:47:25
      at Object.<anonymous> (tests/unit/components/GestureFeedback.test.tsx:306:8)

  console.error
    Failed to open IndexedDB: Error: IndexedDB error
        at Object.<anonymous> (C:\Users\Nate2\code\ox-board\tests\unit\lib\offline\offlineIntegration.test.ts:472:18)
        at C:\Users\Nate2\code\ox-board\node_modules\jest-mock\build\index.js:305:39
        at Object.<anonymous> (C:\Users\Nate2\code\ox-board\node_modules\jest-mock\build\index.js:312:13)
        at Object.mockConstructor [as open] (C:\Users\Nate2\code\ox-board\node_modules\jest-mock\build\index.js:102:19)
        at open (C:\Users\Nate2\code\ox-board\app\lib\storage\stemCache.ts:96:33)
        at new Promise (<anonymous>)
        at StemCacheService.init (C:\Users\Nate2\code\ox-board\app\lib\storage\stemCache.ts:95:12)
        at StemCacheService.init [as saveStem] (C:\Users\Nate2\code\ox-board\app\lib\storage\stemCache.ts:184:30)
        at Object.saveStem (C:\Users\Nate2\code\ox-board\tests\unit\lib\offline\offlineIntegration.test.ts:575:37)
        at Promise.finally.completed (C:\Users\Nate2\code\ox-board\node_modules\jest-circus\build\jestAdapterInit.js:1556:28)
        at new Promise (<anonymous>)
        at callAsyncCircusFn (C:\Users\Nate2\code\ox-board\node_modules\jest-circus\build\jestAdapterInit.js:1496:10)
        at _callCircusTest (C:\Users\Nate2\code\ox-board\node_modules\jest-circus\build\jestAdapterInit.js:1006:40)
        at processTicksAndRejections (node:internal/process/task_queues:105:5)
        at _runTest (C:\Users\Nate2\code\ox-board\node_modules\jest-circus\build\jestAdapterInit.js:946:3)
        at _runTestsForDescribeBlock (C:\Users\Nate2\code\ox-board\node_modules\jest-circus\build\jestAdapterInit.js:839:13)
        at _runTestsForDescribeBlock (C:\Users\Nate2\code\ox-board\node_modules\jest-circus\build\jestAdapterInit.js:829:11)
        at _runTestsForDescribeBlock (C:\Users\Nate2\code\ox-board\node_modules\jest-circus\build\jestAdapterInit.js:829:11)
        at run (C:\Users\Nate2\code\ox-board\node_modules\jest-circus\build\jestAdapterInit.js:757:3)
        at runAndTransformResultsToJestFormat (C:\Users\Nate2\code\ox-board\node_modules\jest-circus\build\jestAdapterInit.js:1917:21)
        at jestAdapter (C:\Users\Nate2\code\ox-board\node_modules\jest-circus\build\runner.js:101:19)
        at runTestInternal (C:\Users\Nate2\code\ox-board\node_modules\jest-runner\build\testWorker.js:275:16)
        at runTest (C:\Users\Nate2\code\ox-board\node_modules\jest-runner\build\testWorker.js:343:7)
        at Object.worker (C:\Users\Nate2\code\ox-board\node_modules\jest-runner\build\testWorker.js:497:12)

    [0m [90m 103 |[39m     [36mreturn[39m[33m;[39m
     [90m 104 |[39m   }
    [31m[1m>[22m[39m[90m 105 |[39m   originalError[33m.[39mcall(console[33m,[39m [33m...[39margs)[33m;[39m
     [90m     |[39m                 [31m[1m^[22m[39m
     [90m 106 |[39m }[33m;[39m
     [90m 107 |[39m
     [90m 108 |[39m [90m// Suppress specific warnings during tests[39m[0m

      at console.call [as error] (tests/setup/jest.setup.js:105:17)
      at Object.error [as onerror] (app/lib/storage/stemCache.ts:99:17)
      at onerror (tests/unit/lib/offline/offlineIntegration.test.ts:477:40)
      at Timeout.task [as _onTimeout] (node_modules/jsdom/lib/jsdom/browser/Window.js:579:19)

  console.error
    Error: Uncaught [Error: Too many re-renders. React limits the number of renders to prevent an infinite loop.]
        at Object.<anonymous> (C:\Users\Nate2\code\ox-board\tests\unit\components\GestureFeedback.test.tsx:323:8)
        at new Promise (<anonymous>) {
      detail: Error: Too many re-renders. React limits the number of renders to prevent an infinite loop.
          at renderWithHooks (C:\Users\Nate2\code\ox-board\node_modules\react-dom\cjs\react-dom.development.js:15498:15)
          at updateFunctionComponent (C:\Users\Nate2\code\ox-board\node_modules\react-dom\cjs\react-dom.development.js:19617:20)
          at beginWork (C:\Users\Nate2\code\ox-board\node_modules\react-dom\cjs\react-dom.development.js:21640:16)
          at HTMLUnknownElement.callCallback (C:\Users\Nate2\code\ox-board\node_modules\react-dom\cjs\react-dom.development.js:4164:14)
          at HTMLUnknownElement.callTheUserObjectsOperation (C:\Users\Nate2\code\ox-board\node_modules\jsdom\lib\jsdom\living\generated\EventListener.js:26:30)
          at innerInvokeEventListeners (C:\Users\Nate2\code\ox-board\node_modules\jsdom\lib\jsdom\living\events\EventTarget-impl.js:350:25)
          at invokeEventListeners (C:\Users\Nate2\code\ox-board\node_modules\jsdom\lib\jsdom\living\events\EventTarget-impl.js:286:3)
          at HTMLUnknownElementImpl._dispatch (C:\Users\Nate2\code\ox-board\node_modules\jsdom\lib\jsdom\living\events\EventTarget-impl.js:233:9)
          at HTMLUnknownElementImpl.dispatchEvent (C:\Users\Nate2\code\ox-board\node_modules\jsdom\lib\jsdom\living\events\EventTarget-impl.js:104:17)
          at HTMLUnknownElement.dispatchEvent (C:\Users\Nate2\code\ox-board\node_modules\jsdom\lib\jsdom\living\generated\EventTarget.js:241:34)
          at Object.invokeGuardedCallbackDev (C:\Users\Nate2\code\ox-board\node_modules\react-dom\cjs\react-dom.development.js:4213:16)
          at invokeGuardedCallback (C:\Users\Nate2\code\ox-board\node_modules\react-dom\cjs\react-dom.development.js:4277:31)
          at beginWork$1 (C:\Users\Nate2\code\ox-board\node_modules\react-dom\cjs\react-dom.development.js:27490:7)
          at performUnitOfWork (C:\Users\Nate2\code\ox-board\node_modules\react-dom\cjs\react-dom.development.js:26599:12)
          at workLoopSync (C:\Users\Nate2\code\ox-board\node_modules\react-dom\cjs\react-dom.development.js:26505:5)
          at renderRootSync (C:\Users\Nate2\code\ox-board\node_modules\react-dom\cjs\react-dom.development.js:26473:7)
          at performConcurrentWorkOnRoot (C:\Users\Nate2\code\ox-board\node_modules\react-dom\cjs\react-dom.development.js:25777:74)
          at flushActQueue (C:\Users\Nate2\code\ox-board\node_modules\react\cjs\react.development.js:2667:24)
          at act (C:\Users\Nate2\code\ox-board\node_modules\react\cjs\react.development.js:2582:11)
          at C:\Users\Nate2\code\ox-board\node_modules\@testing-library\react\dist\act-compat.js:47:25
          at Object.<anonymous> (C:\Users\Nate2\code\ox-board\tests\unit\components\GestureFeedback.test.tsx:323:8)
          at Promise.finally.completed (C:\Users\Nate2\code\ox-board\node_modules\jest-circus\build\jestAdapterInit.js:1556:28)
          at new Promise (<anonymous>)
          at callAsyncCircusFn (C:\Users\Nate2\code\ox-board\node_modules\jest-circus\build\jestAdapterInit.js:1496:10)
          at _callCircusTest (C:\Users\Nate2\code\ox-board\node_modules\jest-circus\build\jestAdapterInit.js:1006:40)
          at processTicksAndRejections (node:internal/process/task_queues:105:5)
          at _runTest (C:\Users\Nate2\code\ox-board\node_modules\jest-circus\build\jestAdapterInit.js:946:3)
          at _runTestsForDescribeBlock (C:\Users\Nate2\code\ox-board\node_modules\jest-circus\build\jestAdapterInit.js:839:13)
          at _runTestsForDescribeBlock (C:\Users\Nate2\code\ox-board\node_modules\jest-circus\build\jestAdapterInit.js:829:11)
          at run (C:\Users\Nate2\code\ox-board\node_modules\jest-circus\build\jestAdapterInit.js:757:3)
          at runAndTransformResultsToJestFormat (C:\Users\Nate2\code\ox-board\node_modules\jest-circus\build\jestAdapterInit.js:1917:21)
          at jestAdapter (C:\Users\Nate2\code\ox-board\node_modules\jest-circus\build\runner.js:101:19)
          at runTestInternal (C:\Users\Nate2\code\ox-board\node_modules\jest-runner\build\testWorker.js:275:16)
          at runTest (C:\Users\Nate2\code\ox-board\node_modules\jest-runner\build\testWorker.js:343:7)
          at Object.worker (C:\Users\Nate2\code\ox-board\node_modules\jest-runner\build\testWorker.js:497:12),
      type: 'unhandled exception'
    }

    [0m [90m 103 |[39m     [36mreturn[39m[33m;[39m
     [90m 104 |[39m   }
    [31m[1m>[22m[39m[90m 105 |[39m   originalError[33m.[39mcall(console[33m,[39m [33m...[39margs)[33m;[39m
     [90m     |[39m                 [31m[1m^[22m[39m
     [90m 106 |[39m }[33m;[39m
     [90m 107 |[39m
     [90m 108 |[39m [90m// Suppress specific warnings during tests[39m[0m

      at console.call [as error] (tests/setup/jest.setup.js:105:17)
      at VirtualConsole.<anonymous> (node_modules/@jest/environment-jsdom-abstract/build/index.js:78:23)
      at reportException (node_modules/jsdom/lib/jsdom/living/helpers/runtime-script-errors.js:70:28)
      at innerInvokeEventListeners (node_modules/jsdom/lib/jsdom/living/events/EventTarget-impl.js:353:9)
      at invokeEventListeners (node_modules/jsdom/lib/jsdom/living/events/EventTarget-impl.js:286:3)
      at HTMLUnknownElementImpl._dispatch (node_modules/jsdom/lib/jsdom/living/events/EventTarget-impl.js:233:9)
      at HTMLUnknownElementImpl.dispatchEvent (node_modules/jsdom/lib/jsdom/living/events/EventTarget-impl.js:104:17)
      at HTMLUnknownElement.dispatchEvent (node_modules/jsdom/lib/jsdom/living/generated/EventTarget.js:241:34)
      at Object.invokeGuardedCallbackDev (node_modules/react-dom/cjs/react-dom.development.js:4213:16)
      at invokeGuardedCallback (node_modules/react-dom/cjs/react-dom.development.js:4277:31)
      at beginWork$1 (node_modules/react-dom/cjs/react-dom.development.js:27490:7)
      at performUnitOfWork (node_modules/react-dom/cjs/react-dom.development.js:26599:12)
      at workLoopSync (node_modules/react-dom/cjs/react-dom.development.js:26505:5)
      at renderRootSync (node_modules/react-dom/cjs/react-dom.development.js:26473:7)
      at performConcurrentWorkOnRoot (node_modules/react-dom/cjs/react-dom.development.js:25777:74)
      at flushActQueue (node_modules/react/cjs/react.development.js:2667:24)
      at act (node_modules/react/cjs/react.development.js:2582:11)
      at node_modules/@testing-library/react/dist/act-compat.js:47:25
      at Object.<anonymous> (tests/unit/components/GestureFeedback.test.tsx:323:8)

  console.log
    Music analyzer client initialized

      at MusicAnalyzerClient.log [as initializeWorker] (app/lib/audio/musicAnalyzerClient.ts:143:15)

  console.error
    Error: Uncaught [Error: Too many re-renders. React limits the number of renders to prevent an infinite loop.]
        at Object.<anonymous> (C:\Users\Nate2\code\ox-board\tests\unit\components\GestureFeedback.test.tsx:323:8)
        at new Promise (<anonymous>) {
      detail: Error: Too many re-renders. React limits the number of renders to prevent an infinite loop.
          at renderWithHooks (C:\Users\Nate2\code\ox-board\node_modules\react-dom\cjs\react-dom.development.js:15498:15)
          at updateFunctionComponent (C:\Users\Nate2\code\ox-board\node_modules\react-dom\cjs\react-dom.development.js:19617:20)
          at beginWork (C:\Users\Nate2\code\ox-board\node_modules\react-dom\cjs\react-dom.development.js:21640:16)
          at HTMLUnknownElement.callCallback (C:\Users\Nate2\code\ox-board\node_modules\react-dom\cjs\react-dom.development.js:4164:14)
          at HTMLUnknownElement.callTheUserObjectsOperation (C:\Users\Nate2\code\ox-board\node_modules\jsdom\lib\jsdom\living\generated\EventListener.js:26:30)
          at innerInvokeEventListeners (C:\Users\Nate2\code\ox-board\node_modules\jsdom\lib\jsdom\living\events\EventTarget-impl.js:350:25)
          at invokeEventListeners (C:\Users\Nate2\code\ox-board\node_modules\jsdom\lib\jsdom\living\events\EventTarget-impl.js:286:3)
          at HTMLUnknownElementImpl._dispatch (C:\Users\Nate2\code\ox-board\node_modules\jsdom\lib\jsdom\living\events\EventTarget-impl.js:233:9)
          at HTMLUnknownElementImpl.dispatchEvent (C:\Users\Nate2\code\ox-board\node_modules\jsdom\lib\jsdom\living\events\EventTarget-impl.js:104:17)
          at HTMLUnknownElement.dispatchEvent (C:\Users\Nate2\code\ox-board\node_modules\jsdom\lib\jsdom\living\generated\EventTarget.js:241:34)
          at Object.invokeGuardedCallbackDev (C:\Users\Nate2\code\ox-board\node_modules\react-dom\cjs\react-dom.development.js:4213:16)
          at invokeGuardedCallback (C:\Users\Nate2\code\ox-board\node_modules\react-dom\cjs\react-dom.development.js:4277:31)
          at beginWork$1 (C:\Users\Nate2\code\ox-board\node_modules\react-dom\cjs\react-dom.development.js:27490:7)
          at performUnitOfWork (C:\Users\Nate2\code\ox-board\node_modules\react-dom\cjs\react-dom.development.js:26599:12)
          at workLoopSync (C:\Users\Nate2\code\ox-board\node_modules\react-dom\cjs\react-dom.development.js:26505:5)
          at renderRootSync (C:\Users\Nate2\code\ox-board\node_modules\react-dom\cjs\react-dom.development.js:26473:7)
          at recoverFromConcurrentError (C:\Users\Nate2\code\ox-board\node_modules\react-dom\cjs\react-dom.development.js:25889:20)
          at performConcurrentWorkOnRoot (C:\Users\Nate2\code\ox-board\node_modules\react-dom\cjs\react-dom.development.js:25789:22)
          at flushActQueue (C:\Users\Nate2\code\ox-board\node_modules\react\cjs\react.development.js:2667:24)
          at act (C:\Users\Nate2\code\ox-board\node_modules\react\cjs\react.development.js:2582:11)
          at C:\Users\Nate2\code\ox-board\node_modules\@testing-library\react\dist\act-compat.js:47:25
          at Object.<anonymous> (C:\Users\Nate2\code\ox-board\tests\unit\components\GestureFeedback.test.tsx:323:8)
          at Promise.finally.completed (C:\Users\Nate2\code\ox-board\node_modules\jest-circus\build\jestAdapterInit.js:1556:28)
          at new Promise (<anonymous>)
          at callAsyncCircusFn (C:\Users\Nate2\code\ox-board\node_modules\jest-circus\build\jestAdapterInit.js:1496:10)
          at _callCircusTest (C:\Users\Nate2\code\ox-board\node_modules\jest-circus\build\jestAdapterInit.js:1006:40)
          at processTicksAndRejections (node:internal/process/task_queues:105:5)
          at _runTest (C:\Users\Nate2\code\ox-board\node_modules\jest-circus\build\jestAdapterInit.js:946:3)
          at _runTestsForDescribeBlock (C:\Users\Nate2\code\ox-board\node_modules\jest-circus\build\jestAdapterInit.js:839:13)
          at _runTestsForDescribeBlock (C:\Users\Nate2\code\ox-board\node_modules\jest-circus\build\jestAdapterInit.js:829:11)
          at run (C:\Users\Nate2\code\ox-board\node_modules\jest-circus\build\jestAdapterInit.js:757:3)
          at runAndTransformResultsToJestFormat (C:\Users\Nate2\code\ox-board\node_modules\jest-circus\build\jestAdapterInit.js:1917:21)
          at jestAdapter (C:\Users\Nate2\code\ox-board\node_modules\jest-circus\build\runner.js:101:19)
          at runTestInternal (C:\Users\Nate2\code\ox-board\node_modules\jest-runner\build\testWorker.js:275:16)
          at runTest (C:\Users\Nate2\code\ox-board\node_modules\jest-runner\build\testWorker.js:343:7)
          at Object.worker (C:\Users\Nate2\code\ox-board\node_modules\jest-runner\build\testWorker.js:497:12),
      type: 'unhandled exception'
    }

    [0m [90m 103 |[39m     [36mreturn[39m[33m;[39m
     [90m 104 |[39m   }
    [31m[1m>[22m[39m[90m 105 |[39m   originalError[33m.[39mcall(console[33m,[39m [33m...[39margs)[33m;[39m
     [90m     |[39m                 [31m[1m^[22m[39m
     [90m 106 |[39m }[33m;[39m
     [90m 107 |[39m
     [90m 108 |[39m [90m// Suppress specific warnings during tests[39m[0m

      at console.call [as error] (tests/setup/jest.setup.js:105:17)
      at VirtualConsole.<anonymous> (node_modules/@jest/environment-jsdom-abstract/build/index.js:78:23)
      at reportException (node_modules/jsdom/lib/jsdom/living/helpers/runtime-script-errors.js:70:28)
      at innerInvokeEventListeners (node_modules/jsdom/lib/jsdom/living/events/EventTarget-impl.js:353:9)
      at invokeEventListeners (node_modules/jsdom/lib/jsdom/living/events/EventTarget-impl.js:286:3)
      at HTMLUnknownElementImpl._dispatch (node_modules/jsdom/lib/jsdom/living/events/EventTarget-impl.js:233:9)
      at HTMLUnknownElementImpl.dispatchEvent (node_modules/jsdom/lib/jsdom/living/events/EventTarget-impl.js:104:17)
      at HTMLUnknownElement.dispatchEvent (node_modules/jsdom/lib/jsdom/living/generated/EventTarget.js:241:34)
      at Object.invokeGuardedCallbackDev (node_modules/react-dom/cjs/react-dom.development.js:4213:16)
      at invokeGuardedCallback (node_modules/react-dom/cjs/react-dom.development.js:4277:31)
      at beginWork$1 (node_modules/react-dom/cjs/react-dom.development.js:27490:7)
      at performUnitOfWork (node_modules/react-dom/cjs/react-dom.development.js:26599:12)
      at workLoopSync (node_modules/react-dom/cjs/react-dom.development.js:26505:5)
      at renderRootSync (node_modules/react-dom/cjs/react-dom.development.js:26473:7)
      at recoverFromConcurrentError (node_modules/react-dom/cjs/react-dom.development.js:25889:20)
      at performConcurrentWorkOnRoot (node_modules/react-dom/cjs/react-dom.development.js:25789:22)
      at flushActQueue (node_modules/react/cjs/react.development.js:2667:24)
      at act (node_modules/react/cjs/react.development.js:2582:11)
      at node_modules/@testing-library/react/dist/act-compat.js:47:25
      at Object.<anonymous> (tests/unit/components/GestureFeedback.test.tsx:323:8)

  console.error
    The above error occurred in the <GestureFeedback> component:
    
        at mapper (C:\Users\Nate2\code\ox-board\app\components\GestureFeedback.tsx:64:3)
    
    Consider adding an error boundary to your tree to customize error handling behavior.
    Visit https://reactjs.org/link/error-boundaries to learn more about error boundaries.

    [0m [90m 103 |[39m     [36mreturn[39m[33m;[39m
     [90m 104 |[39m   }
    [31m[1m>[22m[39m[90m 105 |[39m   originalError[33m.[39mcall(console[33m,[39m [33m...[39margs)[33m;[39m
     [90m     |[39m                 [31m[1m^[22m[39m
     [90m 106 |[39m }[33m;[39m
     [90m 107 |[39m
     [90m 108 |[39m [90m// Suppress specific warnings during tests[39m[0m

      at console.call [as error] (tests/setup/jest.setup.js:105:17)
      at logCapturedError (node_modules/react-dom/cjs/react-dom.development.js:18704:23)
      at update.callback (node_modules/react-dom/cjs/react-dom.development.js:18737:5)
      at callCallback (node_modules/react-dom/cjs/react-dom.development.js:15036:12)
      at commitUpdateQueue (node_modules/react-dom/cjs/react-dom.development.js:15057:9)
      at commitLayoutEffectOnFiber (node_modules/react-dom/cjs/react-dom.development.js:23430:13)
      at commitLayoutMountEffects_complete (node_modules/react-dom/cjs/react-dom.development.js:24727:9)
      at commitLayoutEffects_begin (node_modules/react-dom/cjs/react-dom.development.js:24713:7)
      at commitLayoutEffects (node_modules/react-dom/cjs/react-dom.development.js:24651:3)
      at commitRootImpl (node_modules/react-dom/cjs/react-dom.development.js:26862:5)
      at commitRoot (node_modules/react-dom/cjs/react-dom.development.js:26721:5)
      at finishConcurrentRender (node_modules/react-dom/cjs/react-dom.development.js:25931:9)
      at performConcurrentWorkOnRoot (node_modules/react-dom/cjs/react-dom.development.js:25848:7)
      at flushActQueue (node_modules/react/cjs/react.development.js:2667:24)
      at act (node_modules/react/cjs/react.development.js:2582:11)
      at node_modules/@testing-library/react/dist/act-compat.js:47:25
      at Object.<anonymous> (tests/unit/components/GestureFeedback.test.tsx:323:8)

  console.error
    Error: Uncaught [Error: Too many re-renders. React limits the number of renders to prevent an infinite loop.]
        at Object.<anonymous> (C:\Users\Nate2\code\ox-board\tests\unit\components\GestureFeedback.test.tsx:392:8)
        at new Promise (<anonymous>) {
      detail: Error: Too many re-renders. React limits the number of renders to prevent an infinite loop.
          at renderWithHooks (C:\Users\Nate2\code\ox-board\node_modules\react-dom\cjs\react-dom.development.js:15498:15)
          at updateFunctionComponent (C:\Users\Nate2\code\ox-board\node_modules\react-dom\cjs\react-dom.development.js:19617:20)
          at beginWork (C:\Users\Nate2\code\ox-board\node_modules\react-dom\cjs\react-dom.development.js:21640:16)
          at HTMLUnknownElement.callCallback (C:\Users\Nate2\code\ox-board\node_modules\react-dom\cjs\react-dom.development.js:4164:14)
          at HTMLUnknownElement.callTheUserObjectsOperation (C:\Users\Nate2\code\ox-board\node_modules\jsdom\lib\jsdom\living\generated\EventListener.js:26:30)
          at innerInvokeEventListeners (C:\Users\Nate2\code\ox-board\node_modules\jsdom\lib\jsdom\living\events\EventTarget-impl.js:350:25)
          at invokeEventListeners (C:\Users\Nate2\code\ox-board\node_modules\jsdom\lib\jsdom\living\events\EventTarget-impl.js:286:3)
          at HTMLUnknownElementImpl._dispatch (C:\Users\Nate2\code\ox-board\node_modules\jsdom\lib\jsdom\living\events\EventTarget-impl.js:233:9)
          at HTMLUnknownElementImpl.dispatchEvent (C:\Users\Nate2\code\ox-board\node_modules\jsdom\lib\jsdom\living\events\EventTarget-impl.js:104:17)
          at HTMLUnknownElement.dispatchEvent (C:\Users\Nate2\code\ox-board\node_modules\jsdom\lib\jsdom\living\generated\EventTarget.js:241:34)
          at Object.invokeGuardedCallbackDev (C:\Users\Nate2\code\ox-board\node_modules\react-dom\cjs\react-dom.development.js:4213:16)
          at invokeGuardedCallback (C:\Users\Nate2\code\ox-board\node_modules\react-dom\cjs\react-dom.development.js:4277:31)
          at beginWork$1 (C:\Users\Nate2\code\ox-board\node_modules\react-dom\cjs\react-dom.development.js:27490:7)
          at performUnitOfWork (C:\Users\Nate2\code\ox-board\node_modules\react-dom\cjs\react-dom.development.js:26599:12)
          at workLoopSync (C:\Users\Nate2\code\ox-board\node_modules\react-dom\cjs\react-dom.development.js:26505:5)
          at renderRootSync (C:\Users\Nate2\code\ox-board\node_modules\react-dom\cjs\react-dom.development.js:26473:7)
          at performConcurrentWorkOnRoot (C:\Users\Nate2\code\ox-board\node_modules\react-dom\cjs\react-dom.development.js:25777:74)
          at flushActQueue (C:\Users\Nate2\code\ox-board\node_modules\react\cjs\react.development.js:2667:24)
          at act (C:\Users\Nate2\code\ox-board\node_modules\react\cjs\react.development.js:2582:11)
          at C:\Users\Nate2\code\ox-board\node_modules\@testing-library\react\dist\act-compat.js:47:25
          at Object.<anonymous> (C:\Users\Nate2\code\ox-board\tests\unit\components\GestureFeedback.test.tsx:392:8)
          at Promise.finally.completed (C:\Users\Nate2\code\ox-board\node_modules\jest-circus\build\jestAdapterInit.js:1556:28)
          at new Promise (<anonymous>)
          at callAsyncCircusFn (C:\Users\Nate2\code\ox-board\node_modules\jest-circus\build\jestAdapterInit.js:1496:10)
          at _callCircusTest (C:\Users\Nate2\code\ox-board\node_modules\jest-circus\build\jestAdapterInit.js:1006:40)
          at processTicksAndRejections (node:internal/process/task_queues:105:5)
          at _runTest (C:\Users\Nate2\code\ox-board\node_modules\jest-circus\build\jestAdapterInit.js:946:3)
          at _runTestsForDescribeBlock (C:\Users\Nate2\code\ox-board\node_modules\jest-circus\build\jestAdapterInit.js:839:13)
          at _runTestsForDescribeBlock (C:\Users\Nate2\code\ox-board\node_modules\jest-circus\build\jestAdapterInit.js:829:11)
          at run (C:\Users\Nate2\code\ox-board\node_modules\jest-circus\build\jestAdapterInit.js:757:3)
          at runAndTransformResultsToJestFormat (C:\Users\Nate2\code\ox-board\node_modules\jest-circus\build\jestAdapterInit.js:1917:21)
          at jestAdapter (C:\Users\Nate2\code\ox-board\node_modules\jest-circus\build\runner.js:101:19)
          at runTestInternal (C:\Users\Nate2\code\ox-board\node_modules\jest-runner\build\testWorker.js:275:16)
          at runTest (C:\Users\Nate2\code\ox-board\node_modules\jest-runner\build\testWorker.js:343:7)
          at Object.worker (C:\Users\Nate2\code\ox-board\node_modules\jest-runner\build\testWorker.js:497:12),
      type: 'unhandled exception'
    }

    [0m [90m 103 |[39m     [36mreturn[39m[33m;[39m
     [90m 104 |[39m   }
    [31m[1m>[22m[39m[90m 105 |[39m   originalError[33m.[39mcall(console[33m,[39m [33m...[39margs)[33m;[39m
     [90m     |[39m                 [31m[1m^[22m[39m
     [90m 106 |[39m }[33m;[39m
     [90m 107 |[39m
     [90m 108 |[39m [90m// Suppress specific warnings during tests[39m[0m

      at console.call [as error] (tests/setup/jest.setup.js:105:17)
      at VirtualConsole.<anonymous> (node_modules/@jest/environment-jsdom-abstract/build/index.js:78:23)
      at reportException (node_modules/jsdom/lib/jsdom/living/helpers/runtime-script-errors.js:70:28)
      at innerInvokeEventListeners (node_modules/jsdom/lib/jsdom/living/events/EventTarget-impl.js:353:9)
      at invokeEventListeners (node_modules/jsdom/lib/jsdom/living/events/EventTarget-impl.js:286:3)
      at HTMLUnknownElementImpl._dispatch (node_modules/jsdom/lib/jsdom/living/events/EventTarget-impl.js:233:9)
      at HTMLUnknownElementImpl.dispatchEvent (node_modules/jsdom/lib/jsdom/living/events/EventTarget-impl.js:104:17)
      at HTMLUnknownElement.dispatchEvent (node_modules/jsdom/lib/jsdom/living/generated/EventTarget.js:241:34)
      at Object.invokeGuardedCallbackDev (node_modules/react-dom/cjs/react-dom.development.js:4213:16)
      at invokeGuardedCallback (node_modules/react-dom/cjs/react-dom.development.js:4277:31)
      at beginWork$1 (node_modules/react-dom/cjs/react-dom.development.js:27490:7)
      at performUnitOfWork (node_modules/react-dom/cjs/react-dom.development.js:26599:12)
      at workLoopSync (node_modules/react-dom/cjs/react-dom.development.js:26505:5)
      at renderRootSync (node_modules/react-dom/cjs/react-dom.development.js:26473:7)
      at performConcurrentWorkOnRoot (node_modules/react-dom/cjs/react-dom.development.js:25777:74)
      at flushActQueue (node_modules/react/cjs/react.development.js:2667:24)
      at act (node_modules/react/cjs/react.development.js:2582:11)
      at node_modules/@testing-library/react/dist/act-compat.js:47:25
      at Object.<anonymous> (tests/unit/components/GestureFeedback.test.tsx:392:8)

  console.error
    Error: Uncaught [Error: Too many re-renders. React limits the number of renders to prevent an infinite loop.]
        at Object.<anonymous> (C:\Users\Nate2\code\ox-board\tests\unit\components\GestureFeedback.test.tsx:392:8)
        at new Promise (<anonymous>) {
      detail: Error: Too many re-renders. React limits the number of renders to prevent an infinite loop.
          at renderWithHooks (C:\Users\Nate2\code\ox-board\node_modules\react-dom\cjs\react-dom.development.js:15498:15)
          at updateFunctionComponent (C:\Users\Nate2\code\ox-board\node_modules\react-dom\cjs\react-dom.development.js:19617:20)
          at beginWork (C:\Users\Nate2\code\ox-board\node_modules\react-dom\cjs\react-dom.development.js:21640:16)
          at HTMLUnknownElement.callCallback (C:\Users\Nate2\code\ox-board\node_modules\react-dom\cjs\react-dom.development.js:4164:14)
          at HTMLUnknownElement.callTheUserObjectsOperation (C:\Users\Nate2\code\ox-board\node_modules\jsdom\lib\jsdom\living\generated\EventListener.js:26:30)
          at innerInvokeEventListeners (C:\Users\Nate2\code\ox-board\node_modules\jsdom\lib\jsdom\living\events\EventTarget-impl.js:350:25)
          at invokeEventListeners (C:\Users\Nate2\code\ox-board\node_modules\jsdom\lib\jsdom\living\events\EventTarget-impl.js:286:3)
          at HTMLUnknownElementImpl._dispatch (C:\Users\Nate2\code\ox-board\node_modules\jsdom\lib\jsdom\living\events\EventTarget-impl.js:233:9)
          at HTMLUnknownElementImpl.dispatchEvent (C:\Users\Nate2\code\ox-board\node_modules\jsdom\lib\jsdom\living\events\EventTarget-impl.js:104:17)
          at HTMLUnknownElement.dispatchEvent (C:\Users\Nate2\code\ox-board\node_modules\jsdom\lib\jsdom\living\generated\EventTarget.js:241:34)
          at Object.invokeGuardedCallbackDev (C:\Users\Nate2\code\ox-board\node_modules\react-dom\cjs\react-dom.development.js:4213:16)
          at invokeGuardedCallback (C:\Users\Nate2\code\ox-board\node_modules\react-dom\cjs\react-dom.development.js:4277:31)
          at beginWork$1 (C:\Users\Nate2\code\ox-board\node_modules\react-dom\cjs\react-dom.development.js:27490:7)
          at performUnitOfWork (C:\Users\Nate2\code\ox-board\node_modules\react-dom\cjs\react-dom.development.js:26599:12)
          at workLoopSync (C:\Users\Nate2\code\ox-board\node_modules\react-dom\cjs\react-dom.development.js:26505:5)
          at renderRootSync (C:\Users\Nate2\code\ox-board\node_modules\react-dom\cjs\react-dom.development.js:26473:7)
          at recoverFromConcurrentError (C:\Users\Nate2\code\ox-board\node_modules\react-dom\cjs\react-dom.development.js:25889:20)
          at performConcurrentWorkOnRoot (C:\Users\Nate2\code\ox-board\node_modules\react-dom\cjs\react-dom.development.js:25789:22)
          at flushActQueue (C:\Users\Nate2\code\ox-board\node_modules\react\cjs\react.development.js:2667:24)
          at act (C:\Users\Nate2\code\ox-board\node_modules\react\cjs\react.development.js:2582:11)
          at C:\Users\Nate2\code\ox-board\node_modules\@testing-library\react\dist\act-compat.js:47:25
          at Object.<anonymous> (C:\Users\Nate2\code\ox-board\tests\unit\components\GestureFeedback.test.tsx:392:8)
          at Promise.finally.completed (C:\Users\Nate2\code\ox-board\node_modules\jest-circus\build\jestAdapterInit.js:1556:28)
          at new Promise (<anonymous>)
          at callAsyncCircusFn (C:\Users\Nate2\code\ox-board\node_modules\jest-circus\build\jestAdapterInit.js:1496:10)
          at _callCircusTest (C:\Users\Nate2\code\ox-board\node_modules\jest-circus\build\jestAdapterInit.js:1006:40)
          at processTicksAndRejections (node:internal/process/task_queues:105:5)
          at _runTest (C:\Users\Nate2\code\ox-board\node_modules\jest-circus\build\jestAdapterInit.js:946:3)
          at _runTestsForDescribeBlock (C:\Users\Nate2\code\ox-board\node_modules\jest-circus\build\jestAdapterInit.js:839:13)
          at _runTestsForDescribeBlock (C:\Users\Nate2\code\ox-board\node_modules\jest-circus\build\jestAdapterInit.js:829:11)
          at run (C:\Users\Nate2\code\ox-board\node_modules\jest-circus\build\jestAdapterInit.js:757:3)
          at runAndTransformResultsToJestFormat (C:\Users\Nate2\code\ox-board\node_modules\jest-circus\build\jestAdapterInit.js:1917:21)
          at jestAdapter (C:\Users\Nate2\code\ox-board\node_modules\jest-circus\build\runner.js:101:19)
          at runTestInternal (C:\Users\Nate2\code\ox-board\node_modules\jest-runner\build\testWorker.js:275:16)
          at runTest (C:\Users\Nate2\code\ox-board\node_modules\jest-runner\build\testWorker.js:343:7)
          at Object.worker (C:\Users\Nate2\code\ox-board\node_modules\jest-runner\build\testWorker.js:497:12),
      type: 'unhandled exception'
    }

    [0m [90m 103 |[39m     [36mreturn[39m[33m;[39m
     [90m 104 |[39m   }
    [31m[1m>[22m[39m[90m 105 |[39m   originalError[33m.[39mcall(console[33m,[39m [33m...[39margs)[33m;[39m
     [90m     |[39m                 [31m[1m^[22m[39m
     [90m 106 |[39m }[33m;[39m
     [90m 107 |[39m
     [90m 108 |[39m [90m// Suppress specific warnings during tests[39m[0m

      at console.call [as error] (tests/setup/jest.setup.js:105:17)
      at VirtualConsole.<anonymous> (node_modules/@jest/environment-jsdom-abstract/build/index.js:78:23)
      at reportException (node_modules/jsdom/lib/jsdom/living/helpers/runtime-script-errors.js:70:28)
      at innerInvokeEventListeners (node_modules/jsdom/lib/jsdom/living/events/EventTarget-impl.js:353:9)
      at invokeEventListeners (node_modules/jsdom/lib/jsdom/living/events/EventTarget-impl.js:286:3)
      at HTMLUnknownElementImpl._dispatch (node_modules/jsdom/lib/jsdom/living/events/EventTarget-impl.js:233:9)
      at HTMLUnknownElementImpl.dispatchEvent (node_modules/jsdom/lib/jsdom/living/events/EventTarget-impl.js:104:17)
      at HTMLUnknownElement.dispatchEvent (node_modules/jsdom/lib/jsdom/living/generated/EventTarget.js:241:34)
      at Object.invokeGuardedCallbackDev (node_modules/react-dom/cjs/react-dom.development.js:4213:16)
      at invokeGuardedCallback (node_modules/react-dom/cjs/react-dom.development.js:4277:31)
      at beginWork$1 (node_modules/react-dom/cjs/react-dom.development.js:27490:7)
      at performUnitOfWork (node_modules/react-dom/cjs/react-dom.development.js:26599:12)
      at workLoopSync (node_modules/react-dom/cjs/react-dom.development.js:26505:5)
      at renderRootSync (node_modules/react-dom/cjs/react-dom.development.js:26473:7)
      at recoverFromConcurrentError (node_modules/react-dom/cjs/react-dom.development.js:25889:20)
      at performConcurrentWorkOnRoot (node_modules/react-dom/cjs/react-dom.development.js:25789:22)
      at flushActQueue (node_modules/react/cjs/react.development.js:2667:24)
      at act (node_modules/react/cjs/react.development.js:2582:11)
      at node_modules/@testing-library/react/dist/act-compat.js:47:25
      at Object.<anonymous> (tests/unit/components/GestureFeedback.test.tsx:392:8)

  console.warn
    Received response for unknown request: init

    [0m [90m 117 |[39m     [36mreturn[39m[33m;[39m
     [90m 118 |[39m   }
    [31m[1m>[22m[39m[90m 119 |[39m   originalWarn[33m.[39mcall(console[33m,[39m [33m...[39margs)[33m;[39m
     [90m     |[39m                [31m[1m^[22m[39m
     [90m 120 |[39m }[33m;[39m
     [90m 121 |[39m[0m

      at console.call (tests/setup/jest.setup.js:119:16)
      at MusicAnalyzerClient.warn [as handleWorkerMessage] (app/lib/audio/musicAnalyzerClient.ts:158:15)
      at MockWorker.onmessage [as simulateMessage] (tests/unit/lib/audio/musicAnalyzerClient.test.ts:58:12)
      at simulateMessage (tests/unit/lib/audio/musicAnalyzerClient.test.ts:32:12)
      at Timeout.task [as _onTimeout] (node_modules/jsdom/lib/jsdom/browser/Window.js:579:19)

  console.error
    The above error occurred in the <GestureFeedback> component:
    
        at mapper (C:\Users\Nate2\code\ox-board\app\components\GestureFeedback.tsx:64:3)
    
    Consider adding an error boundary to your tree to customize error handling behavior.
    Visit https://reactjs.org/link/error-boundaries to learn more about error boundaries.

    [0m [90m 103 |[39m     [36mreturn[39m[33m;[39m
     [90m 104 |[39m   }
    [31m[1m>[22m[39m[90m 105 |[39m   originalError[33m.[39mcall(console[33m,[39m [33m...[39margs)[33m;[39m
     [90m     |[39m                 [31m[1m^[22m[39m
     [90m 106 |[39m }[33m;[39m
     [90m 107 |[39m
     [90m 108 |[39m [90m// Suppress specific warnings during tests[39m[0m

      at console.call [as error] (tests/setup/jest.setup.js:105:17)
      at logCapturedError (node_modules/react-dom/cjs/react-dom.development.js:18704:23)
      at update.callback (node_modules/react-dom/cjs/react-dom.development.js:18737:5)
      at callCallback (node_modules/react-dom/cjs/react-dom.development.js:15036:12)
      at commitUpdateQueue (node_modules/react-dom/cjs/react-dom.development.js:15057:9)
      at commitLayoutEffectOnFiber (node_modules/react-dom/cjs/react-dom.development.js:23430:13)
      at commitLayoutMountEffects_complete (node_modules/react-dom/cjs/react-dom.development.js:24727:9)
      at commitLayoutEffects_begin (node_modules/react-dom/cjs/react-dom.development.js:24713:7)
      at commitLayoutEffects (node_modules/react-dom/cjs/react-dom.development.js:24651:3)
      at commitRootImpl (node_modules/react-dom/cjs/react-dom.development.js:26862:5)
      at commitRoot (node_modules/react-dom/cjs/react-dom.development.js:26721:5)
      at finishConcurrentRender (node_modules/react-dom/cjs/react-dom.development.js:25931:9)
      at performConcurrentWorkOnRoot (node_modules/react-dom/cjs/react-dom.development.js:25848:7)
      at flushActQueue (node_modules/react/cjs/react.development.js:2667:24)
      at act (node_modules/react/cjs/react.development.js:2582:11)
      at node_modules/@testing-library/react/dist/act-compat.js:47:25
      at Object.<anonymous> (tests/unit/components/GestureFeedback.test.tsx:392:8)

FAIL tests/unit/components/StemControls.test.tsx
  StemControls
    Rendering
      √ renders stem controls with correct label and color (73 ms)
      √ renders all control elements (41 ms)
      √ displays current volume value (7 ms)
      √ shows muted state correctly (13 ms)
      √ shows soloed state correctly (11 ms)
    Volume Control
      √ calls setStemVolume when volume slider changes (14 ms)
      √ throttles volume changes to 60 FPS (9 ms)
      × clamps volume values between 0 and 1 (10 ms)
    Mute/Solo Controls
      √ toggles mute when mute button clicked (59 ms)
      √ toggles solo when solo button clicked (48 ms)
      √ handles multiple rapid mute clicks gracefully (188 ms)
    EQ Controls
      √ adjusts EQ values when knobs are dragged (15 ms)
      √ resets EQ to 0 on double click (6 ms)
      √ clamps EQ values between -20 and +20 (7 ms)
      √ displays EQ values with correct formatting (5 ms)
    Pan Control
      √ adjusts pan value when pan knob is dragged (11 ms)
      √ has center detent for pan control (16 ms)
      √ resets pan to center on double click (7 ms)
      √ displays pan values correctly (7 ms)
    Level Meter
      × renders level meter segments (31 ms)
      √ updates level meter in real-time (60 ms)
    Performance
      √ uses React.memo for optimization (4 ms)
      √ throttles mouse events for performance (7 ms)
      √ cleans up event listeners on unmount (8 ms)
    Accessibility
      √ has proper ARIA labels (8 ms)
      √ supports keyboard navigation (81 ms)
    Error Handling
      √ handles store errors gracefully (81 ms)
      √ handles invalid channel gracefully (3 ms)
    Custom Callbacks
      √ calls custom volume change callback (6 ms)
      √ calls custom mute toggle callback (50 ms)
      √ calls custom EQ change callback (6 ms)

  ● StemControls › Volume Control › clamps volume values between 0 and 1

    clear()` is only supported on editable elements.

    [0m [90m 236 |[39m       [90m// Test lower bound[39m
     [90m 237 |[39m       [36mawait[39m act([36masync[39m () [33m=>[39m {
    [31m[1m>[22m[39m[90m 238 |[39m         [36mawait[39m user[33m.[39mclear(volumeSlider)[33m;[39m
     [90m     |[39m                    [31m[1m^[22m[39m
     [90m 239 |[39m         [36mawait[39m user[33m.[39mtype(volumeSlider[33m,[39m [32m"-0.5"[39m)[33m;[39m
     [90m 240 |[39m       })[33m;[39m
     [90m 241 |[39m[0m

      at Object.clear (node_modules/@testing-library/user-event/dist/cjs/utility/clear.js:19:15)
      at node_modules/@testing-library/user-event/dist/cjs/setup/setup.js:85:45
      at Object.asyncWrapper (node_modules/@testing-library/react/dist/pure.js:88:28)
      at Object.wrapAsync (node_modules/@testing-library/user-event/dist/cjs/setup/wrapAsync.js:8:28)
      at Object.method [as clear] (node_modules/@testing-library/user-event/dist/cjs/setup/setup.js:85:26)
      at clear (tests/unit/components/StemControls.test.tsx:238:20)
      at node_modules/@testing-library/react/dist/act-compat.js:48:24
      at act (node_modules/react/cjs/react.development.js:2512:16)
      at node_modules/@testing-library/react/dist/act-compat.js:47:25
      at Object.<anonymous> (tests/unit/components/StemControls.test.tsx:237:16)

  ● StemControls › Level Meter › renders level meter segments

    TestingLibraryElementError: Found multiple elements with the role "generic"

    Here are the matching elements:

    Ignored nodes: comments, script, style
    [36m<div>[39m
      [36m<div[39m
        [33mclass[39m=[32m"bg-gray-900 rounded-lg p-4 border border-gray-700 w-32"[39m
      [36m>[39m
        [36m<div[39m
          [33mclass[39m=[32m"text-center mb-3"[39m
        [36m>[39m
          [36m<div[39m
            [33mclass[39m=[32m"text-sm font-bold uppercase tracking-wider mb-1"[39m
            [33mstyle[39m=[32m"color: rgb(239, 68, 68);"[39m
          [36m>[39m
            [0mDRM[0m
          [36m</div>[39m
          [36m<div[39m
            [33mclass[39m=[32m"text-xs text-gray-500 capitalize"[39m
          [36m>[39m
            [0mdrums[0m
          [36m</div>[39m
        [36m</div>[39m
        [36m<div[39m
          [33maria-hidden[39m=[32m"true"[39m
          [33mclass[39m=[32m"flex justify-center mb-4"[39m
          [33mrole[39m=[32m"generic"[39m
        [36m>[39m
          [36m<div[39m
            [33mclass[39m=[32m"w-3 h-24 bg-gray-800 rounded-sm border border-gray-700 overflow-hidden"[39m
          [36m>[39m
            [36m<div[39m
              [33mclass[39m=[32m"
                  w-full border-b border-gray-900 transition-all duration-75
                  opacity-20
                "[39m
              [33mstyle[39m=[32m"height: 8.333333333333334%; background-color: rgb(55, 65, 81);"[39m
            [36m/>[39m
            [36m<div[39m
              [33mclass[39m=[32m"
                  w-full border-b border-gray-900 transition-all duration-75
                  opacity-20
                "[39m
              [33mstyle[39m=[32m"height: 8.333333333333334%; background-color: rgb(55, 65, 81);"[39m
            [36m/>[39m
            [36m<div[39m
              [33mclass[39m=[32m"
                  w-full border-b border-gray-900 transition-all duration-75
                  opacity-20
                "[39m
              [33mstyle[39m=[32m"height: 8.333333333333334%; background-color: rgb(55, 65, 81);"[39m
            [36m/>[39m
            [36m<div[39m
              [33mclass[39m=[32m"
                  w-full border-b border-gray-900 transition-all duration-75
                  opacity-20
                "[39m
              [33mstyle[39m=[32m"height: 8.333333333333334%; background-color: rgb(55, 65, 81);"[39m
            [36m/>[39m
            [36m<div[39m
              [33mclass[39m=[32m"
                  w-full border-b border-gray-900 transition-all duration-75
                  opacity-20
                "[39m
              [33mstyle[39m=[32m"height: 8.333333333333334%; background-color: rgb(55, 65, 81);"[39m
            [36m/>[39m
            [36m<div[39m
              [33mclass[39m=[32m"
                  w-full border-b border-gray-900 transition-all duration-75
                  opacity-100
                "[39m
              [33mstyle[39m=[32m"height: 8.333333333333334%; background-color: rgb(16, 185, 129);"[39m
            [36m/>[39m
            [36m<div[39m
              [33mclass[39m=[32m"
                  w-full border-b border-gray-900 transition-all duration-75
                  opacity-100
                "[39m
              [33mstyle[39m=[32m"height: 8.333333333333334%; background-color: rgb(16, 185, 129);"[39m
            [36m/>[39m
            [36m<div[39m
              [33mclass[39m=[32m"
                  w-full border-b border-gray-900 transition-all duration-75
                  opacity-100
                "[39m
              [33mstyle[39m=[32m"height: 8.333333333333334%; background-color: rgb(16, 185, 129);"[39m
            [36m/>[39m
            [36m<div[39m
              [33mclass[39m=[32m"
                  w-full border-b border-gray-900 transition-all duration-75
                  opacity-100
                "[39m
              [33mstyle[39m=[32m"height: 8.333333333333334%; background-color: rgb(16, 185, 129);"[39m
            [36m/>[39m
            [36m<div[39m
              [33mclass[39m=[32m"
                  w-full border-b border-gray-900 transition-all duration-75
                  opacity-100
                "[39m
              [33mstyle[39m=[32m"height: 8.333333333333334%; background-color: rgb(16, 185, 129);"[39m
            [36m/>[39m
            [36m<div[39m
              [33mclass[39m=[32m"
                  w-full border-b border-gray-900 transition-all duration-75
                  opacity-100
                "[39m
              [33mstyle[39m=[32m"height: 8.333333333333334%; background-color: rgb(16, 185, 129);"[39m
            [36m/>[39m
            [36m<div[39m
              [33mclass[39m=[32m"
                  w-full border-b border-gray-900 transition-all duration-75
                  opacity-100
                "[39m
              [33mstyle[39m=[32m"height: 8.333333333333334%; background-color: rgb(16, 185, 129);"[39m
            [36m/>[39m
          [36m</div>[39m
        [36m</div>[39m
        [36m<div[39m
          [33mclass[39m=[32m"grid grid-cols-3 gap-2 mb-4"[39m
        [36m>[39m
          [36m<div[39m
            [33mclass[39m=[32m"flex flex-col items-center"[39m
          [36m>[39m
            [36m<div[39m
              [33mclass[39m=[32m"text-xs text-gray-400 mb-1 uppercase font-semibold"[39m
            [36m>[39m
              [0mhigh[0m
            [36m</div>[39m
            [36m<div[39m
              [33maria-label[39m=[32m"HIGH EQ control"[39m
              [33mclass[39m=[32m"
              relative w-12 h-12 rounded-full border-2 border-gray-600 bg-gray-800
              cursor-pointer select-none transition-all duration-150
              hover:border-gray-500 active:scale-95
            "[39m
              [33mrole[39m=[32m"button"[39m
              [33mstyle[39m=[32m"box-shadow: inset 0 0 10px rgba(0,0,0,0.5), 0 0 5px transparent;"[39m
            [36m>[39m
              [36m<div[39m
                [33mclass[39m=[32m"absolute w-1 h-4 bg-gray-300 rounded-full"[39m
                [33mstyle[39m=[32m"top: 4px; left: 50%; transform-origin: 50% 20px; transform: translateX(-50%) rotate(0deg); background-color: rgb(209, 213, 219);"[39m
              [36m/>[39m
              [36m<div[39m
                [33mclass[39m=[32m"absolute w-2 h-2 rounded-full top-1/2 left-1/2 transform -translate-x-1/2 -translate-y-1/2"[39m
                [33mstyle[39m=[32m"background-color: rgb(107, 114, 128);"[39m
              [36m/>[39m
            [36m</div>[39m
            [36m<div[39m
              [33mclass[39m=[32m"text-xs text-gray-400 mt-1 font-mono"[39m
            [36m>[39m
              [0m0.0[0m
            [36m</div>[39m
          [36m</div>[39m
          [36m<div[39m
            [33mclass[39m=[32m"flex flex-col items-center"[39m
          [36m>[39m
            [36m<div[39m
              [33mclass[39m=[32m"text-xs text-gray-400 mb-1 uppercase font-semibold"[39m
            [36m>[39m
              [0mmid[0m
            [36m</div>[39m
            [36m<div[39m
              [33maria-label[39m=[32m"MID EQ control"[39m
              [33mclass[39m=[32m"
              relative w-12 h-12 rounded-full border-2 border-gray-600 bg-gray-800
              cursor-pointer select-none transition-all duration-150
              hover:border-gray-500 active:scale-95
            "[39m
              [33mrole[39m=[32m"button"[39m
              [33mstyle[39m=[32m"box-shadow: inset 0 0 10px rgba(0,0,0,0.5), 0 0 5px transparent;"[39m
            [36m>[39m
              [36m<div[39m
                [33m...

    Ignored nodes: comments, script, style
    [36m<div[39m
      [33mclass[39m=[32m"bg-gray-900 rounded-lg p-4 border border-gray-700 w-32"[39m
    [36m>[39m
      [36m<div[39m
        [33mclass[39m=[32m"text-center mb-3"[39m
      [36m>[39m
        [36m<div[39m
          [33mclass[39m=[32m"text-sm font-bold uppercase tracking-wider mb-1"[39m
          [33mstyle[39m=[32m"color: rgb(239, 68, 68);"[39m
        [36m>[39m
          [0mDRM[0m
        [36m</div>[39m
        [36m<div[39m
          [33mclass[39m=[32m"text-xs text-gray-500 capitalize"[39m
        [36m>[39m
          [0mdrums[0m
        [36m</div>[39m
      [36m</div>[39m
      [36m<div[39m
        [33maria-hidden[39m=[32m"true"[39m
        [33mclass[39m=[32m"flex justify-center mb-4"[39m
        [33mrole[39m=[32m"generic"[39m
      [36m>[39m
        [36m<div[39m
          [33mclass[39m=[32m"w-3 h-24 bg-gray-800 rounded-sm border border-gray-700 overflow-hidden"[39m
        [36m>[39m
          [36m<div[39m
            [33mclass[39m=[32m"
                  w-full border-b border-gray-900 transition-all duration-75
                  opacity-20
                "[39m
            [33mstyle[39m=[32m"height: 8.333333333333334%; background-color: rgb(55, 65, 81);"[39m
          [36m/>[39m
          [36m<div[39m
            [33mclass[39m=[32m"
                  w-full border-b border-gray-900 transition-all duration-75
                  opacity-20
                "[39m
            [33mstyle[39m=[32m"height: 8.333333333333334%; background-color: rgb(55, 65, 81);"[39m
          [36m/>[39m
          [36m<div[39m
            [33mclass[39m=[32m"
                  w-full border-b border-gray-900 transition-all duration-75
                  opacity-20
                "[39m
            [33mstyle[39m=[32m"height: 8.333333333333334%; background-color: rgb(55, 65, 81);"[39m
          [36m/>[39m
          [36m<div[39m
            [33mclass[39m=[32m"
                  w-full border-b border-gray-900 transition-all duration-75
                  opacity-20
                "[39m
            [33mstyle[39m=[32m"height: 8.333333333333334%; background-color: rgb(55, 65, 81);"[39m
          [36m/>[39m
          [36m<div[39m
            [33mclass[39m=[32m"
                  w-full border-b border-gray-900 transition-all duration-75
                  opacity-20
                "[39m
            [33mstyle[39m=[32m"height: 8.333333333333334%; background-color: rgb(55, 65, 81);"[39m
          [36m/>[39m
          [36m<div[39m
            [33mclass[39m=[32m"
                  w-full border-b border-gray-900 transition-all duration-75
                  opacity-100
                "[39m
            [33mstyle[39m=[32m"height: 8.333333333333334%; background-color: rgb(16, 185, 129);"[39m
          [36m/>[39m
          [36m<div[39m
            [33mclass[39m=[32m"
                  w-full border-b border-gray-900 transition-all duration-75
                  opacity-100
                "[39m
            [33mstyle[39m=[32m"height: 8.333333333333334%; background-color: rgb(16, 185, 129);"[39m
          [36m/>[39m
          [36m<div[39m
            [33mclass[39m=[32m"
                  w-full border-b border-gray-900 transition-all duration-75
                  opacity-100
                "[39m
            [33mstyle[39m=[32m"height: 8.333333333333334%; background-color: rgb(16, 185, 129);"[39m
          [36m/>[39m
          [36m<div[39m
            [33mclass[39m=[32m"
                  w-full border-b border-gray-900 transition-all duration-75
                  opacity-100
                "[39m
            [33mstyle[39m=[32m"height: 8.333333333333334%; background-color: rgb(16, 185, 129);"[39m
          [36m/>[39m
          [36m<div[39m
            [33mclass[39m=[32m"
                  w-full border-b border-gray-900 transition-all duration-75
                  opacity-100
                "[39m
            [33mstyle[39m=[32m"height: 8.333333333333334%; background-color: rgb(16, 185, 129);"[39m
          [36m/>[39m
          [36m<div[39m
            [33mclass[39m=[32m"
                  w-full border-b border-gray-900 transition-all duration-75
                  opacity-100
                "[39m
            [33mstyle[39m=[32m"height: 8.333333333333334%; background-color: rgb(16, 185, 129);"[39m
          [36m/>[39m
          [36m<div[39m
            [33mclass[39m=[32m"
                  w-full border-b border-gray-900 transition-all duration-75
                  opacity-100
                "[39m
            [33mstyle[39m=[32m"height: 8.333333333333334%; background-color: rgb(16, 185, 129);"[39m
          [36m/>[39m
        [36m</div>[39m
      [36m</div>[39m
      [36m<div[39m
        [33mclass[39m=[32m"grid grid-cols-3 gap-2 mb-4"[39m
      [36m>[39m
        [36m<div[39m
          [33mclass[39m=[32m"flex flex-col items-center"[39m
        [36m>[39m
          [36m<div[39m
            [33mclass[39m=[32m"text-xs text-gray-400 mb-1 uppercase font-semibold"[39m
          [36m>[39m
            [0mhigh[0m
          [36m</div>[39m
          [36m<div[39m
            [33maria-label[39m=[32m"HIGH EQ control"[39m
            [33mclass[39m=[32m"
              relative w-12 h-12 rounded-full border-2 border-gray-600 bg-gray-800
              cursor-pointer select-none transition-all duration-150
              hover:border-gray-500 active:scale-95
            "[39m
            [33mrole[39m=[32m"button"[39m
            [33mstyle[39m=[32m"box-shadow: inset 0 0 10px rgba(0,0,0,0.5), 0 0 5px transparent;"[39m
          [36m>[39m
            [36m<div[39m
              [33mclass[39m=[32m"absolute w-1 h-4 bg-gray-300 rounded-full"[39m
              [33mstyle[39m=[32m"top: 4px; left: 50%; transform-origin: 50% 20px; transform: translateX(-50%) rotate(0deg); background-color: rgb(209, 213, 219);"[39m
            [36m/>[39m
            [36m<div[39m
              [33mclass[39m=[32m"absolute w-2 h-2 rounded-full top-1/2 left-1/2 transform -translate-x-1/2 -translate-y-1/2"[39m
              [33mstyle[39m=[32m"background-color: rgb(107, 114, 128);"[39m
            [36m/>[39m
          [36m</div>[39m
          [36m<div[39m
            [33mclass[39m=[32m"text-xs text-gray-400 mt-1 font-mono"[39m
          [36m>[39m
            [0m0.0[0m
          [36m</div>[39m
        [36m</div>[39m
        [36m<div[39m
          [33mclass[39m=[32m"flex flex-col items-center"[39m
        [36m>[39m
          [36m<div[39m
            [33mclass[39m=[32m"text-xs text-gray-400 mb-1 uppercase font-semibold"[39m
          [36m>[39m
            [0mmid[0m
          [36m</div>[39m
          [36m<div[39m
            [33maria-label[39m=[32m"MID EQ control"[39m
            [33mclass[39m=[32m"
              relative w-12 h-12 rounded-full border-2 border-gray-600 bg-gray-800
              cursor-pointer select-none transition-all duration-150
              hover:border-gray-500 active:scale-95
            "[39m
            [33mrole[39m=[32m"button"[39m
            [33mstyle[39m=[32m"box-shadow: inset 0 0 10px rgba(0,0,0,0.5), 0 0 5px transparent;"[39m
          [36m>[39m
            [36m<div[39m
              [33mclass[39m=[32m"absolute w-1 h-4 bg-gray-300 rounded-full"[39m
              [33mstyle[39m=[32m"top: 4px; left: 50%; transform-origin: 50% 20px; transform: translateX(-50%) rotate(0deg); background-color: rgb(209, 213, 219);"[39m
            [36m/>[39m
            [3...

    Ignored nodes: comments, script, style
    [36m<div[39m
      [33mclass[39m=[32m"text-center mb-3"[39m
    [36m>[39m
      [36m<div[39m
        [33mclass[39m=[32m"text-sm font-bold uppercase tracking-wider mb-1"[39m
        [33mstyle[39m=[32m"color: rgb(239, 68, 68);"[39m
      [36m>[39m
        [0mDRM[0m
      [36m</div>[39m
      [36m<div[39m
        [33mclass[39m=[32m"text-xs text-gray-500 capitalize"[39m
      [36m>[39m
        [0mdrums[0m
      [36m</div>[39m
    [36m</div>[39m

    Ignored nodes: comments, script, style
    [36m<div[39m
      [33mclass[39m=[32m"text-sm font-bold uppercase tracking-wider mb-1"[39m
      [33mstyle[39m=[32m"color: rgb(239, 68, 68);"[39m
    [36m>[39m
      [0mDRM[0m
    [36m</div>[39m

    Ignored nodes: comments, script, style
    [36m<div[39m
      [33mclass[39m=[32m"text-xs text-gray-500 capitalize"[39m
    [36m>[39m
      [0mdrums[0m
    [36m</div>[39m

    Ignored nodes: comments, script, style
    [36m<div[39m
      [33mclass[39m=[32m"grid grid-cols-3 gap-2 mb-4"[39m
    [36m>[39m
      [36m<div[39m
        [33mclass[39m=[32m"flex flex-col items-center"[39m
      [36m>[39m
        [36m<div[39m
          [33mclass[39m=[32m"text-xs text-gray-400 mb-1 uppercase font-semibold"[39m
        [36m>[39m
          [0mhigh[0m
        [36m</div>[39m
        [36m<div[39m
          [33maria-label[39m=[32m"HIGH EQ control"[39m
          [33mclass[39m=[32m"
              relative w-12 h-12 rounded-full border-2 border-gray-600 bg-gray-800
              cursor-pointer select-none transition-all duration-150
              hover:border-gray-500 active:scale-95
            "[39m
          [33mrole[39m=[32m"button"[39m
          [33mstyle[39m=[32m"box-shadow: inset 0 0 10px rgba(0,0,0,0.5), 0 0 5px transparent;"[39m
        [36m>[39m
          [36m<div[39m
            [33mclass[39m=[32m"absolute w-1 h-4 bg-gray-300 rounded-full"[39m
            [33mstyle[39m=[32m"top: 4px; left: 50%; transform-origin: 50% 20px; transform: translateX(-50%) rotate(0deg); background-color: rgb(209, 213, 219);"[39m
          [36m/>[39m
          [36m<div[39m
            [33mclass[39m=[32m"absolute w-2 h-2 rounded-full top-1/2 left-1/2 transform -translate-x-1/2 -translate-y-1/2"[39m
            [33mstyle[39m=[32m"background-color: rgb(107, 114, 128);"[39m
          [36m/>[39m
        [36m</div>[39m
        [36m<div[39m
          [33mclass[39m=[32m"text-xs text-gray-400 mt-1 font-mono"[39m
        [36m>[39m
          [0m0.0[0m
        [36m</div>[39m
      [36m</div>[39m
      [36m<div[39m
        [33mclass[39m=[32m"flex flex-col items-center"[39m
      [36m>[39m
        [36m<div[39m
          [33mclass[39m=[32m"text-xs text-gray-400 mb-1 uppercase font-semibold"[39m
        [36m>[39m
          [0mmid[0m
        [36m</div>[39m
        [36m<div[39m
          [33maria-label[39m=[32m"MID EQ control"[39m
          [33mclass[39m=[32m"
              relative w-12 h-12 rounded-full border-2 border-gray-600 bg-gray-800
              cursor-pointer select-none transition-all duration-150
              hover:border-gray-500 active:scale-95
            "[39m
          [33mrole[39m=[32m"button"[39m
          [33mstyle[39m=[32m"box-shadow: inset 0 0 10px rgba(0,0,0,0.5), 0 0 5px transparent;"[39m
        [36m>[39m
          [36m<div[39m
            [33mclass[39m=[32m"absolute w-1 h-4 bg-gray-300 rounded-full"[39m
            [33mstyle[39m=[32m"top: 4px; left: 50%; transform-origin: 50% 20px; transform: translateX(-50%) rotate(0deg); background-color: rgb(209, 213, 219);"[39m
          [36m/>[39m
          [36m<div[39m
            [33mclass[39m=[32m"absolute w-2 h-2 rounded-full top-1/2 left-1/2 transform -translate-x-1/2 -translate-y-1/2"[39m
            [33mstyle[39m=[32m"background-color: rgb(107, 114, 128);"[39m
          [36m/>[39m
        [36m</div>[39m
        [36m<div[39m
          [33mclass[39m=[32m"text-xs text-gray-400 mt-1 font-mono"[39m
        [36m>[39m
          [0m0.0[0m
        [36m</div>[39m
      [36m</div>[39m
      [36m<div[39m
        [33mclass[39m=[32m"flex flex-col items-center"[39m
      [36m>[39m
        [36m<div[39m
          [33mclass[39m=[32m"text-xs text-gray-400 mb-1 uppercase font-semibold"[39m
        [36m>[39m
          [0mlow[0m
        [36m</div>[39m
        [36m<div[39m
          [33maria-label[39m=[32m"LOW EQ control"[39m
          [33mclass[39m=[32m"
              relative w-12 h-12 rounded-full border-2 border-gray-600 bg-gray-800
              cursor-pointer select-none transition-all duration-150
              hover:border-gray-500 active:scale-95
            "[39m
          [33mrole[39m=[32m"button"[39m
          [33mstyle[39m=[32m"box-shadow: inset 0 0 10px rgba(0,0,0,0.5), 0 0 5px transparent;"[39m
        [36m>[39m
          [36m<div[39m
            [33mclass[39m=[32m"absolute w-1 h-4 bg-gray-300 rounded-full"[39m
            [33mstyle[39m=[32m"top: 4px; left: 50%; transform-origin: 50% 20px; transform: translateX(-50%) rotate(0deg); background-color: rgb(209, 213, 219);"[39m
          [36m/>[39m
          [36m<div[39m
            [33mclass[39m=[32m"absolute w-2 h-2 rounded-full top-1/2 left-1/2 transform -translate-x-1/2 -translate-y-1/2"[39m
            [33mstyle[39m=[32m"background-color: rgb(107, 114, 128);"[39m
          [36m/>[39m
        [36m</div>[39m
        [36m<div[39m
          [33mclass[39m=[32m"text-xs text-gray-400 mt-1 font-mono"[39m
        [36m>[39m
          [0m0.0[0m
        [36m</div>[39m
      [36m</div>[39m
    [36m</div>[39m

    Ignored nodes: comments, script, style
    [36m<div[39m
      [33mclass[39m=[32m"flex flex-col items-center"[39m
    [36m>[39m
      [36m<div[39m
        [33mclass[39m=[32m"text-xs text-gray-400 mb-1 uppercase font-semibold"[39m
      [36m>[39m
        [0mhigh[0m
      [36m</div>[39m
      [36m<div[39m
        [33maria-label[39m=[32m"HIGH EQ control"[39m
        [33mclass[39m=[32m"
              relative w-12 h-12 rounded-full border-2 border-gray-600 bg-gray-800
              cursor-pointer select-none transition-all duration-150
              hover:border-gray-500 active:scale-95
            "[39m
        [33mrole[39m=[32m"button"[39m
        [33mstyle[39m=[32m"box-shadow: inset 0 0 10px rgba(0,0,0,0.5), 0 0 5px transparent;"[39m
      [36m>[39m
        [36m<div[39m
          [33mclass[39m=[32m"absolute w-1 h-4 bg-gray-300 rounded-full"[39m
          [33mstyle[39m=[32m"top: 4px; left: 50%; transform-origin: 50% 20px; transform: translateX(-50%) rotate(0deg); background-color: rgb(209, 213, 219);"[39m
        [36m/>[39m
        [36m<div[39m
          [33mclass[39m=[32m"absolute w-2 h-2 rounded-full top-1/2 left-1/2 transform -translate-x-1/2 -translate-y-1/2"[39m
          [33mstyle[39m=[32m"background-color: rgb(107, 114, 128);"[39m
        [36m/>[39m
      [36m</div>[39m
      [36m<div[39m
        [33mclass[39m=[32m"text-xs text-gray-400 mt-1 font-mono"[39m
      [36m>[39m
        [0m0.0[0m
      [36m</div>[39m
    [36m</div>[39m

    Ignored nodes: comments, script, style
    [36m<div[39m
      [33mclass[39m=[32m"text-xs text-gray-400 mb-1 uppercase font-semibold"[39m
    [36m>[39m
      [0mhigh[0m
    [36m</div>[39m

    Ignored nodes: comments, script, style
    [36m<div[39m
      [33mclass[39m=[32m"absolute w-1 h-4 bg-gray-300 rounded-full"[39m
      [33mstyle[39m=[32m"top: 4px; left: 50%; transform-origin: 50% 20px; transform: translateX(-50%) rotate(0deg); background-color: rgb(209, 213, 219);"[39m
    [36m/>[39m

    Ignored nodes: comments, script, style
    [36m<div[39m
      [33mclass[39m=[32m"absolute w-2 h-2 rounded-full top-1/2 left-1/2 transform -translate-x-1/2 -translate-y-1/2"[39m
      [33mstyle[39m=[32m"background-color: rgb(107, 114, 128);"[39m
    [36m/>[39m

    Ignored nodes: comments, script, style
    [36m<div[39m
      [33mclass[39m=[32m"text-xs text-gray-400 mt-1 font-mono"[39m
    [36m>[39m
      [0m0.0[0m
    [36m</div>[39m

    Ignored nodes: comments, script, style
    [36m<div[39m
      [33mclass[39m=[32m"flex flex-col items-center"[39m
    [36m>[39m
      [36m<div[39m
        [33mclass[39m=[32m"text-xs text-gray-400 mb-1 uppercase font-semibold"[39m
      [36m>[39m
        [0mmid[0m
      [36m</div>[39m
      [36m<div[39m
        [33maria-label[39m=[32m"MID EQ control"[39m
        [33mclass[39m=[32m"
              relative w-12 h-12 rounded-full border-2 border-gray-600 bg-gray-800
              cursor-pointer select-none transition-all duration-150
              hover:border-gray-500 active:scale-95
            "[39m
        [33mrole[39m=[32m"button"[39m
        [33mstyle[39m=[32m"box-shadow: inset 0 0 10px rgba(0,0,0,0.5), 0 0 5px transparent;"[39m
      [36m>[39m
        [36m<div[39m
          [33mclass[39m=[32m"absolute w-1 h-4 bg-gray-300 rounded-full"[39m
          [33mstyle[39m=[32m"top: 4px; left: 50%; transform-origin: 50% 20px; transform: translateX(-50%) rotate(0deg); background-color: rgb(209, 213, 219);"[39m
        [36m/>[39m
        [36m<div[39m
          [33mclass[39m=[32m"absolute w-2 h-2 rounded-full top-1/2 left-1/2 transform -translate-x-1/2 -translate-y-1/2"[39m
          [33mstyle[39m=[32m"background-color: rgb(107, 114, 128);"[39m
        [36m/>[39m
      [36m</div>[39m
      [36m<div[39m
        [33mclass[39m=[32m"text-xs text-gray-400 mt-1 font-mono"[39m
      [36m>[39m
        [0m0.0[0m
      [36m</div>[39m
    [36m</div>[39m

    Ignored nodes: comments, script, style
    [36m<div[39m
      [33mclass[39m=[32m"text-xs text-gray-400 mb-1 uppercase font-semibold"[39m
    [36m>[39m
      [0mmid[0m
    [36m</div>[39m

    Ignored nodes: comments, script, style
    [36m<div[39m
      [33mclass[39m=[32m"absolute w-1 h-4 bg-gray-300 rounded-full"[39m
      [33mstyle[39m=[32m"top: 4px; left: 50%; transform-origin: 50% 20px; transform: translateX(-50%) rotate(0deg); background-color: rgb(209, 213, 219);"[39m
    [36m/>[39m

    Ignored nodes: comments, script, style
    [36m<div[39m
      [33mclass[39m=[32m"absolute w-2 h-2 rounded-full top-1/2 left-1/2 transform -translate-x-1/2 -translate-y-1/2"[39m
      [33mstyle[39m=[32m"background-color: rgb(107, 114, 128);"[39m
    [36m/>[39m

    Ignored nodes: comments, script, style
    [36m<div[39m
      [33mclass[39m=[32m"text-xs text-gray-400 mt-1 font-mono"[39m
    [36m>[39m
      [0m0.0[0m
    [36m</div>[39m

    Ignored nodes: comments, script, style
    [36m<div[39m
      [33mclass[39m=[32m"flex flex-col items-center"[39m
    [36m>[39m
      [36m<div[39m
        [33mclass[39m=[32m"text-xs text-gray-400 mb-1 uppercase font-semibold"[39m
      [36m>[39m
        [0mlow[0m
      [36m</div>[39m
      [36m<div[39m
        [33maria-label[39m=[32m"LOW EQ control"[39m
        [33mclass[39m=[32m"
              relative w-12 h-12 rounded-full border-2 border-gray-600 bg-gray-800
              cursor-pointer select-none transition-all duration-150
              hover:border-gray-500 active:scale-95
            "[39m
        [33mrole[39m=[32m"button"[39m
        [33mstyle[39m=[32m"box-shadow: inset 0 0 10px rgba(0,0,0,0.5), 0 0 5px transparent;"[39m
      [36m>[39m
        [36m<div[39m
          [33mclass[39m=[32m"absolute w-1 h-4 bg-gray-300 rounded-full"[39m
          [33mstyle[39m=[32m"top: 4px; left: 50%; transform-origin: 50% 20px; transform: translateX(-50%) rotate(0deg); background-color: rgb(209, 213, 219);"[39m
        [36m/>[39m
        [36m<div[39m
          [33mclass[39m=[32m"absolute w-2 h-2 rounded-full top-1/2 left-1/2 transform -translate-x-1/2 -translate-y-1/2"[39m
          [33mstyle[39m=[32m"background-color: rgb(107, 114, 128);"[39m
        [36m/>[39m
      [36m</div>[39m
      [36m<div[39m
        [33mclass[39m=[32m"text-xs text-gray-400 mt-1 font-mono"[39m
      [36m>[39m
        [0m0.0[0m
      [36m</div>[39m
    [36m</div>[39m

    Ignored nodes: comments, script, style
    [36m<div[39m
      [33mclass[39m=[32m"text-xs text-gray-400 mb-1 uppercase font-semibold"[39m
    [36m>[39m
      [0mlow[0m
    [36m</div>[39m

    Ignored nodes: comments, script, style
    [36m<div[39m
      [33mclass[39m=[32m"absolute w-1 h-4 bg-gray-300 rounded-full"[39m
      [33mstyle[39m=[32m"top: 4px; left: 50%; transform-origin: 50% 20px; transform: translateX(-50%) rotate(0deg); background-color: rgb(209, 213, 219);"[39m
    [36m/>[39m

    Ignored nodes: comments, script, style
    [36m<div[39m
      [33mclass[39m=[32m"absolute w-2 h-2 rounded-full top-1/2 left-1/2 transform -translate-x-1/2 -translate-y-1/2"[39m
      [33mstyle[39m=[32m"background-color: rgb(107, 114, 128);"[39m
    [36m/>[39m

    Ignored nodes: comments, script, style
    [36m<div[39m
      [33mclass[39m=[32m"text-xs text-gray-400 mt-1 font-mono"[39m
    [36m>[39m
      [0m0.0[0m
    [36m</div>[39m

    Ignored nodes: comments, script, style
    [36m<div[39m
      [33mclass[39m=[32m"flex justify-center mb-4"[39m
    [36m>[39m
      [36m<div[39m
        [33mclass[39m=[32m"flex flex-col items-center"[39m
      [36m>[39m
        [36m<div[39m
          [33mclass[39m=[32m"text-xs text-gray-400 mb-1 uppercase font-semibold"[39m
        [36m>[39m
          [0mPAN[0m
        [36m</div>[39m
        [36m<div[39m
          [33maria-label[39m=[32m"Pan control"[39m
          [33mclass[39m=[32m"
              relative w-12 h-12 rounded-full border-2 border-gray-600 bg-gray-800
              cursor-pointer select-none transition-all duration-150
              hover:border-gray-500 active:scale-95
            "[39m
          [33mrole[39m=[32m"button"[39m
          [33mstyle[39m=[32m"box-shadow: inset 0 0 10px rgba(0,0,0,0.5), 0 0 5px transparent;"[39m
        [36m>[39m
          [36m<div[39m
            [33mclass[39m=[32m"absolute w-1 h-4 bg-gray-300 rounded-full"[39m
            [33mstyle[39m=[32m"top: 4px; left: 50%; transform-origin: 50% 20px; transform: translateX(-50%) rotate(0deg); background-color: rgb(209, 213, 219);"[39m
          [36m/>[39m
          [36m<div[39m
            [33mclass[39m=[32m"absolute w-0.5 h-2 bg-gray-500 top-1 left-1/2 transform -translate-x-1/2"[39m
          [36m/>[39m
          [36m<div[39m
            [33mclass[39m=[32m"absolute w-2 h-2 rounded-full top-1/2 left-1/2 transform -translate-x-1/2 -translate-y-1/2"[39m
            [33mstyle[39m=[32m"background-color: rgb(107, 114, 128);"[39m
          [36m/>[39m
        [36m</div>[39m
        [36m<div[39m
          [33mclass[39m=[32m"text-xs text-gray-400 mt-1 font-mono"[39m
        [36m>[39m
          [0mC[0m
        [36m</div>[39m
      [36m</div>[39m
    [36m</div>[39m

    Ignored nodes: comments, script, style
    [36m<div[39m
      [33mclass[39m=[32m"flex flex-col items-center"[39m
    [36m>[39m
      [36m<div[39m
        [33mclass[39m=[32m"text-xs text-gray-400 mb-1 uppercase font-semibold"[39m
      [36m>[39m
        [0mPAN[0m
      [36m</div>[39m
      [36m<div[39m
        [33maria-label[39m=[32m"Pan control"[39m
        [33mclass[39m=[32m"
              relative w-12 h-12 rounded-full border-2 border-gray-600 bg-gray-800
              cursor-pointer select-none transition-all duration-150
              hover:border-gray-500 active:scale-95
            "[39m
        [33mrole[39m=[32m"button"[39m
        [33mstyle[39m=[32m"box-shadow: inset 0 0 10px rgba(0,0,0,0.5), 0 0 5px transparent;"[39m
      [36m>[39m
        [36m<div[39m
          [33mclass[39m=[32m"absolute w-1 h-4 bg-gray-300 rounded-full"[39m
          [33mstyle[39m=[32m"top: 4px; left: 50%; transform-origin: 50% 20px; transform: translateX(-50%) rotate(0deg); background-color: rgb(209, 213, 219);"[39m
        [36m/>[39m
        [36m<div[39m
          [33mclass[39m=[32m"absolute w-0.5 h-2 bg-gray-500 top-1 left-1/2 transform -translate-x-1/2"[39m
        [36m/>[39m
        [36m<div[39m
          [33mclass[39m=[32m"absolute w-2 h-2 rounded-full top-1/2 left-1/2 transform -translate-x-1/2 -translate-y-1/2"[39m
          [33mstyle[39m=[32m"background-color: rgb(107, 114, 128);"[39m
        [36m/>[39m
      [36m</div>[39m
      [36m<div[39m
        [33mclass[39m=[32m"text-xs text-gray-400 mt-1 font-mono"[39m
      [36m>[39m
        [0mC[0m
      [36m</div>[39m
    [36m</div>[39m

    Ignored nodes: comments, script, style
    [36m<div[39m
      [33mclass[39m=[32m"text-xs text-gray-400 mb-1 uppercase font-semibold"[39m
    [36m>[39m
      [0mPAN[0m
    [36m</div>[39m

    Ignored nodes: comments, script, style
    [36m<div[39m
      [33mclass[39m=[32m"absolute w-1 h-4 bg-gray-300 rounded-full"[39m
      [33mstyle[39m=[32m"top: 4px; left: 50%; transform-origin: 50% 20px; transform: translateX(-50%) rotate(0deg); background-color: rgb(209, 213, 219);"[39m
    [36m/>[39m

    Ignored nodes: comments, script, style
    [36m<div[39m
      [33mclass[39m=[32m"absolute w-0.5 h-2 bg-gray-500 top-1 left-1/2 transform -translate-x-1/2"[39m
    [36m/>[39m

    Ignored nodes: comments, script, style
    [36m<div[39m
      [33mclass[39m=[32m"absolute w-2 h-2 rounded-full top-1/2 left-1/2 transform -translate-x-1/2 -translate-y-1/2"[39m
      [33mstyle[39m=[32m"background-color: rgb(107, 114, 128);"[39m
    [36m/>[39m

    Ignored nodes: comments, script, style
    [36m<div[39m
      [33mclass[39m=[32m"text-xs text-gray-400 mt-1 font-mono"[39m
    [36m>[39m
      [0mC[0m
    [36m</div>[39m

    Ignored nodes: comments, script, style
    [36m<div[39m
      [33mclass[39m=[32m"grid grid-cols-2 gap-2 mb-4"[39m
    [36m>[39m
      [36m<button[39m
        [33maria-label[39m=[32m"Mute"[39m
        [33maria-pressed[39m=[32m"false"[39m
        [33mclass[39m=[32m"
                px-3 py-2 text-xs font-bold uppercase rounded transition-all duration-150
                bg-gray-700 text-gray-300 hover:bg-gray-600
              "[39m
        [33mrole[39m=[32m"button"[39m
      [36m>[39m
        [0mMute[0m
      [36m</button>[39m
      [36m<button[39m
        [33maria-label[39m=[32m"Solo"[39m
        [33maria-pressed[39m=[32m"false"[39m
        [33mclass[39m=[32m"
                px-3 py-2 text-xs font-bold uppercase rounded transition-all duration-150
                bg-gray-700 text-gray-300 hover:bg-gray-600
              "[39m
        [33mrole[39m=[32m"button"[39m
      [36m>[39m
        [0mSolo[0m
      [36m</button>[39m
    [36m</div>[39m

    Ignored nodes: comments, script, style
    [36m<div[39m
      [33mclass[39m=[32m"flex justify-center"[39m
    [36m>[39m
      [36m<div[39m
        [33mclass[39m=[32m"flex flex-col items-center h-32 w-8"[39m
      [36m>[39m
        [36m<div[39m
          [33mclass[39m=[32m"relative flex-1 w-full"[39m
        [36m>[39m
          [36m<input[39m
            [33maria-label[39m=[32m"Volume control"[39m
            [33maria-valuemax[39m=[32m"1"[39m
            [33maria-valuemin[39m=[32m"0"[39m
            [33maria-valuenow[39m=[32m"0.75"[39m
            [33mclass[39m=[32m"
                absolute top-0 left-1/2 transform -translate-x-1/2 rotate-90 origin-center
                w-24 h-2 bg-gray-700 rounded-lg appearance-none cursor-pointer
                transition-opacity duration-150
                hover:bg-gray-600
              "[39m
            [33mmax[39m=[32m"1"[39m
            [33mmin[39m=[32m"0"[39m
            [33mrole[39m=[32m"slider"[39m
            [33mstep[39m=[32m"0.01"[39m
            [33mstyle[39m=[32m"background: linear-gradient(to right, #ef4444 0%, #ef4444 75%, #374151 75%, #374151 100%);"[39m
            [33mtype[39m=[32m"range"[39m
            [33mvalue[39m=[32m"0.75"[39m
          [36m/>[39m
          [36m<div[39m
            [33mclass[39m=[32m"absolute right-0 w-1 bg-gray-800 rounded"[39m
            [33mstyle[39m=[32m"height: 100%; background: linear-gradient(to top, transparent 0%, transparent 25%, #ef4444 25%, #ef4444 100%);"[39m
          [36m/>[39m
        [36m</div>[39m
        [36m<div[39m
          [33mclass[39m=[32m"text-xs text-gray-400 mt-1 font-mono"[39m
        [36m>[39m
          [0m75[0m
        [36m</div>[39m
      [36m</div>[39m
    [36m</div>[39m

    Ignored nodes: comments, script, style
    [36m<div[39m
      [33mclass[39m=[32m"flex flex-col items-center h-32 w-8"[39m
    [36m>[39m
      [36m<div[39m
        [33mclass[39m=[32m"relative flex-1 w-full"[39m
      [36m>[39m
        [36m<input[39m
          [33maria-label[39m=[32m"Volume control"[39m
          [33maria-valuemax[39m=[32m"1"[39m
          [33maria-valuemin[39m=[32m"0"[39m
          [33maria-valuenow[39m=[32m"0.75"[39m
          [33mclass[39m=[32m"
                absolute top-0 left-1/2 transform -translate-x-1/2 rotate-90 origin-center
                w-24 h-2 bg-gray-700 rounded-lg appearance-none cursor-pointer
                transition-opacity duration-150
                hover:bg-gray-600
              "[39m
          [33mmax[39m=[32m"1"[39m
          [33mmin[39m=[32m"0"[39m
          [33mrole[39m=[32m"slider"[39m
          [33mstep[39m=[32m"0.01"[39m
          [33mstyle[39m=[32m"background: linear-gradient(to right, #ef4444 0%, #ef4444 75%, #374151 75%, #374151 100%);"[39m
          [33mtype[39m=[32m"range"[39m
          [33mvalue[39m=[32m"0.75"[39m
        [36m/>[39m
        [36m<div[39m
          [33mclass[39m=[32m"absolute right-0 w-1 bg-gray-800 rounded"[39m
          [33mstyle[39m=[32m"height: 100%; background: linear-gradient(to top, transparent 0%, transparent 25%, #ef4444 25%, #ef4444 100%);"[39m
        [36m/>[39m
      [36m</div>[39m
      [36m<div[39m
        [33mclass[39m=[32m"text-xs text-gray-400 mt-1 font-mono"[39m
      [36m>[39m
        [0m75[0m
      [36m</div>[39m
    [36m</div>[39m

    Ignored nodes: comments, script, style
    [36m<div[39m
      [33mclass[39m=[32m"relative flex-1 w-full"[39m
    [36m>[39m
      [36m<input[39m
        [33maria-label[39m=[32m"Volume control"[39m
        [33maria-valuemax[39m=[32m"1"[39m
        [33maria-valuemin[39m=[32m"0"[39m
        [33maria-valuenow[39m=[32m"0.75"[39m
        [33mclass[39m=[32m"
                absolute top-0 left-1/2 transform -translate-x-1/2 rotate-90 origin-center
                w-24 h-2 bg-gray-700 rounded-lg appearance-none cursor-pointer
                transition-opacity duration-150
                hover:bg-gray-600
              "[39m
        [33mmax[39m=[32m"1"[39m
        [33mmin[39m=[32m"0"[39m
        [33mrole[39m=[32m"slider"[39m
        [33mstep[39m=[32m"0.01"[39m
        [33mstyle[39m=[32m"background: linear-gradient(to right, #ef4444 0%, #ef4444 75%, #374151 75%, #374151 100%);"[39m
        [33mtype[39m=[32m"range"[39m
        [33mvalue[39m=[32m"0.75"[39m
      [36m/>[39m
      [36m<div[39m
        [33mclass[39m=[32m"absolute right-0 w-1 bg-gray-800 rounded"[39m
        [33mstyle[39m=[32m"height: 100%; background: linear-gradient(to top, transparent 0%, transparent 25%, #ef4444 25%, #ef4444 100%);"[39m
      [36m/>[39m
    [36m</div>[39m

    Ignored nodes: comments, script, style
    [36m<div[39m
      [33mclass[39m=[32m"absolute right-0 w-1 bg-gray-800 rounded"[39m
      [33mstyle[39m=[32m"height: 100%; background: linear-gradient(to top, transparent 0%, transparent 25%, #ef4444 25%, #ef4444 100%);"[39m
    [36m/>[39m

    Ignored nodes: comments, script, style
    [36m<div[39m
      [33mclass[39m=[32m"text-xs text-gray-400 mt-1 font-mono"[39m
    [36m>[39m
      [0m75[0m
    [36m</div>[39m

    (If this is intentional, then use the `*AllBy*` variant of the query (like `queryAllByText`, `getAllByText`, or `findAllByText`)).

    Ignored nodes: comments, script, style
    [36m<body[39m
      [33mstyle[39m=[32m""[39m
    [36m>[39m
      [36m<div>[39m
        [36m<div[39m
          [33mclass[39m=[32m"bg-gray-900 rounded-lg p-4 border border-gray-700 w-32"[39m
        [36m>[39m
          [36m<div[39m
            [33mclass[39m=[32m"text-center mb-3"[39m
          [36m>[39m
            [36m<div[39m
              [33mclass[39m=[32m"text-sm font-bold uppercase tracking-wider mb-1"[39m
              [33mstyle[39m=[32m"color: rgb(239, 68, 68);"[39m
            [36m>[39m
              [0mDRM[0m
            [36m</div>[39m
            [36m<div[39m
              [33mclass[39m=[32m"text-xs text-gray-500 capitalize"[39m
            [36m>[39m
              [0mdrums[0m
            [36m</div>[39m
          [36m</div>[39m
          [36m<div[39m
            [33maria-hidden[39m=[32m"true"[39m
            [33mclass[39m=[32m"flex justify-center mb-4"[39m
            [33mrole[39m=[32m"generic"[39m
          [36m>[39m
            [36m<div[39m
              [33mclass[39m=[32m"w-3 h-24 bg-gray-800 rounded-sm border border-gray-700 overflow-hidden"[39m
            [36m>[39m
              [36m<div[39m
                [33mclass[39m=[32m"
                  w-full border-b border-gray-900 transition-all duration-75
                  opacity-20
                "[39m
                [33mstyle[39m=[32m"height: 8.333333333333334%; background-color: rgb(55, 65, 81);"[39m
              [36m/>[39m
              [36m<div[39m
                [33mclass[39m=[32m"
                  w-full border-b border-gray-900 transition-all duration-75
                  opacity-20
                "[39m
                [33mstyle[39m=[32m"height: 8.333333333333334%; background-color: rgb(55, 65, 81);"[39m
              [36m/>[39m
              [36m<div[39m
                [33mclass[39m=[32m"
                  w-full border-b border-gray-900 transition-all duration-75
                  opacity-20
                "[39m
                [33mstyle[39m=[32m"height: 8.333333333333334%; background-color: rgb(55, 65, 81);"[39m
              [36m/>[39m
              [36m<div[39m
                [33mclass[39m=[32m"
                  w-full border-b border-gray-900 transition-all duration-75
                  opacity-20
                "[39m
                [33mstyle[39m=[32m"height: 8.333333333333334%; background-color: rgb(55, 65, 81);"[39m
              [36m/>[39m
              [36m<div[39m
                [33mclass[39m=[32m"
                  w-full border-b border-gray-900 transition-all duration-75
                  opacity-20
                "[39m
                [33mstyle[39m=[32m"height: 8.333333333333334%; background-color: rgb(55, 65, 81);"[39m
              [36m/>[39m
              [36m<div[39m
                [33mclass[39m=[32m"
                  w-full border-b border-gray-900 transition-all duration-75
                  opacity-100
                "[39m
                [33mstyle[39m=[32m"height: 8.333333333333334%; background-color: rgb(16, 185, 129);"[39m
              [36m/>[39m
              [36m<div[39m
                [33mclass[39m=[32m"
                  w-full border-b border-gray-900 transition-all duration-75
                  opacity-100
                "[39m
                [33mstyle[39m=[32m"height: 8.333333333333334%; background-color: rgb(16, 185, 129);"[39m
              [36m/>[39m
              [36m<div[39m
                [33mclass[39m=[32m"
                  w-full border-b border-gray-900 transition-all duration-75
                  opacity-100
                "[39m
                [33mstyle[39m=[32m"height: 8.333333333333334%; background-color: rgb(16, 185, 129);"[39m
              [36m/>[39m
              [36m<div[39m
                [33mclass[39m=[32m"
                  w-full border-b border-gray-900 transition-all duration-75
                  opacity-100
                "[39m
                [33mstyle[39m=[32m"height: 8.333333333333334%; background-color: rgb(16, 185, 129);"[39m
              [36m/>[39m
              [36m<div[39m
                [33mclass[39m=[32m"
                  w-full border-b border-gray-900 transition-all duration-75
                  opacity-100
                "[39m
                [33mstyle[39m=[32m"height: 8.333333333333334%; background-color: rgb(16, 185, 129);"[39m
              [36m/>[39m
              [36m<div[39m
                [33mclass[39m=[32m"
                  w-full border-b border-gray-900 transition-all duration-75
                  opacity-100
                "[39m
                [33mstyle[39m=[32m"height: 8.333333333333334%; background-color: rgb(16, 185, 129);"[39m
              [36m/>[39m
              [36m<div[39m
                [33mclass[39m=[32m"
                  w-full border-b border-gray-900 transition-all duration-75
                  opacity-100
                "[39m
                [33mstyle[39m=[32m"height: 8.333333333333334%; background-color: rgb(16, 185, 129);"[39m
              [36m/>[39m
            [36m</div>[39m
          [36m</div>[39m
          [36m<div[39m
            [33mclass[39m=[32m"grid grid-cols-3 gap-2 mb-4"[39m
          [36m>[39m
            [36m<div[39m
              [33mclass[39m=[32m"flex flex-col items-center"[39m
            [36m>[39m
              [36m<div[39m
                [33mclass[39m=[32m"text-xs text-gray-400 mb-1 uppercase font-semibold"[39m
              [36m>[39m
                [0mhigh[0m
              [36m</div>[39m
              [36m<div[39m
                [33maria-label[39m=[32m"HIGH EQ control"[39m
                [33mclass[39m=[32m"
              relative w-12 h-12 rounded-full border-2 border-gray-600 bg-gray-800
              cursor-pointer select-none transition-all duration-150
              hover:border-gray-500 active:scale-95
            "[39m
                [33mrole[39m=[32m"button"[39m
                [33mstyle[39m=[32m"box-shadow: inset 0 0 10px rgba(0,0,0,0.5), 0 0 5px transparent;"[39m
              [36m>[39m
                [36m<div[39m
                  [33mclass[39m=[32m"absolute w-1 h-4 bg-gray-300 rounded-full"[39m
                  [33mstyle[39m=[32m"top: 4px; left: 50%; transform-origin: 50% 20px; transform: translateX(-50%) rotate(0deg); background-color: rgb(209, 213, 219);"[39m
                [36m/>[39m
                [36m<div[39m
                  [33mclass[39m=[32m"absolute w-2 h-2 rounded-full top-1/2 left-1/2 transform -translate-x-1/2 -translate-y-1/2"[39m
                  [33mstyle[39m=[32m"background-color: rgb(107, 114, 128);"[39m
                [36m/>[39m
              [36m</div>[39m
              [36m<div[39m
                [33mclass[39m=[32m"text-xs text-gray-400 mt-1 font-mono"[39m
              [36m>[39m
                [0m0.0[0m
              [36m</div>[39m
            [36m</div>[39m
            [36m<div[39m
              [33mclass[39m=[32m"flex flex-col items-center"[39m
            [36m>[39m
              [36m<div[39m
                [33mclass[39m=[32m"text-xs text-gray-400 mb-1 uppercase font-semibold"[39m
              [36m>[39m
                [0mmid[0m
              [36m</div>[39m
              [36m<div[39m
                [33maria-label[39m=[32m"MID EQ control"[39m
                [33mclass[39m=[32m"
              relative w-12 h-12 rounded-full border-2 border-gray-600 bg-gray-800
              cursor-pointer select-none t...

    [0m [90m 450 |[39m
     [90m 451 |[39m       [90m// Level meter should have multiple segments[39m
    [31m[1m>[22m[39m[90m 452 |[39m       [36mconst[39m levelMeter [33m=[39m screen[33m.[39mgetByRole([32m"generic"[39m)[33m;[39m
     [90m     |[39m                                 [31m[1m^[22m[39m
     [90m 453 |[39m       expect(levelMeter)[33m.[39mtoBeInTheDocument()[33m;[39m
     [90m 454 |[39m     })[33m;[39m
     [90m 455 |[39m[0m

      at Object.getElementError (node_modules/@testing-library/dom/dist/config.js:37:19)
      at getElementError (node_modules/@testing-library/dom/dist/query-helpers.js:20:35)
      at getMultipleElementsFoundError (node_modules/@testing-library/dom/dist/query-helpers.js:23:10)
      at node_modules/@testing-library/dom/dist/query-helpers.js:55:13
      at node_modules/@testing-library/dom/dist/query-helpers.js:95:19
      at Object.getByRole (tests/unit/components/StemControls.test.tsx:452:33)

  console.error
    Error: Uncaught [Error: Too many re-renders. React limits the number of renders to prevent an infinite loop.]
        at Object.<anonymous> (C:\Users\Nate2\code\ox-board\tests\unit\components\GestureFeedback.test.tsx:424:8)
        at new Promise (<anonymous>) {
      detail: Error: Too many re-renders. React limits the number of renders to prevent an infinite loop.
          at renderWithHooks (C:\Users\Nate2\code\ox-board\node_modules\react-dom\cjs\react-dom.development.js:15498:15)
          at updateFunctionComponent (C:\Users\Nate2\code\ox-board\node_modules\react-dom\cjs\react-dom.development.js:19617:20)
          at beginWork (C:\Users\Nate2\code\ox-board\node_modules\react-dom\cjs\react-dom.development.js:21640:16)
          at HTMLUnknownElement.callCallback (C:\Users\Nate2\code\ox-board\node_modules\react-dom\cjs\react-dom.development.js:4164:14)
          at HTMLUnknownElement.callTheUserObjectsOperation (C:\Users\Nate2\code\ox-board\node_modules\jsdom\lib\jsdom\living\generated\EventListener.js:26:30)
          at innerInvokeEventListeners (C:\Users\Nate2\code\ox-board\node_modules\jsdom\lib\jsdom\living\events\EventTarget-impl.js:350:25)
          at invokeEventListeners (C:\Users\Nate2\code\ox-board\node_modules\jsdom\lib\jsdom\living\events\EventTarget-impl.js:286:3)
          at HTMLUnknownElementImpl._dispatch (C:\Users\Nate2\code\ox-board\node_modules\jsdom\lib\jsdom\living\events\EventTarget-impl.js:233:9)
          at HTMLUnknownElementImpl.dispatchEvent (C:\Users\Nate2\code\ox-board\node_modules\jsdom\lib\jsdom\living\events\EventTarget-impl.js:104:17)
          at HTMLUnknownElement.dispatchEvent (C:\Users\Nate2\code\ox-board\node_modules\jsdom\lib\jsdom\living\generated\EventTarget.js:241:34)
          at Object.invokeGuardedCallbackDev (C:\Users\Nate2\code\ox-board\node_modules\react-dom\cjs\react-dom.development.js:4213:16)
          at invokeGuardedCallback (C:\Users\Nate2\code\ox-board\node_modules\react-dom\cjs\react-dom.development.js:4277:31)
          at beginWork$1 (C:\Users\Nate2\code\ox-board\node_modules\react-dom\cjs\react-dom.development.js:27490:7)
          at performUnitOfWork (C:\Users\Nate2\code\ox-board\node_modules\react-dom\cjs\react-dom.development.js:26599:12)
          at workLoopSync (C:\Users\Nate2\code\ox-board\node_modules\react-dom\cjs\react-dom.development.js:26505:5)
          at renderRootSync (C:\Users\Nate2\code\ox-board\node_modules\react-dom\cjs\react-dom.development.js:26473:7)
          at performConcurrentWorkOnRoot (C:\Users\Nate2\code\ox-board\node_modules\react-dom\cjs\react-dom.development.js:25777:74)
          at flushActQueue (C:\Users\Nate2\code\ox-board\node_modules\react\cjs\react.development.js:2667:24)
          at act (C:\Users\Nate2\code\ox-board\node_modules\react\cjs\react.development.js:2582:11)
          at C:\Users\Nate2\code\ox-board\node_modules\@testing-library\react\dist\act-compat.js:47:25
          at Object.<anonymous> (C:\Users\Nate2\code\ox-board\tests\unit\components\GestureFeedback.test.tsx:424:8)
          at Promise.finally.completed (C:\Users\Nate2\code\ox-board\node_modules\jest-circus\build\jestAdapterInit.js:1556:28)
          at new Promise (<anonymous>)
          at callAsyncCircusFn (C:\Users\Nate2\code\ox-board\node_modules\jest-circus\build\jestAdapterInit.js:1496:10)
          at _callCircusTest (C:\Users\Nate2\code\ox-board\node_modules\jest-circus\build\jestAdapterInit.js:1006:40)
          at processTicksAndRejections (node:internal/process/task_queues:105:5)
          at _runTest (C:\Users\Nate2\code\ox-board\node_modules\jest-circus\build\jestAdapterInit.js:946:3)
          at _runTestsForDescribeBlock (C:\Users\Nate2\code\ox-board\node_modules\jest-circus\build\jestAdapterInit.js:839:13)
          at _runTestsForDescribeBlock (C:\Users\Nate2\code\ox-board\node_modules\jest-circus\build\jestAdapterInit.js:829:11)
          at run (C:\Users\Nate2\code\ox-board\node_modules\jest-circus\build\jestAdapterInit.js:757:3)
          at runAndTransformResultsToJestFormat (C:\Users\Nate2\code\ox-board\node_modules\jest-circus\build\jestAdapterInit.js:1917:21)
          at jestAdapter (C:\Users\Nate2\code\ox-board\node_modules\jest-circus\build\runner.js:101:19)
          at runTestInternal (C:\Users\Nate2\code\ox-board\node_modules\jest-runner\build\testWorker.js:275:16)
          at runTest (C:\Users\Nate2\code\ox-board\node_modules\jest-runner\build\testWorker.js:343:7)
          at Object.worker (C:\Users\Nate2\code\ox-board\node_modules\jest-runner\build\testWorker.js:497:12),
      type: 'unhandled exception'
    }

    [0m [90m 103 |[39m     [36mreturn[39m[33m;[39m
     [90m 104 |[39m   }
    [31m[1m>[22m[39m[90m 105 |[39m   originalError[33m.[39mcall(console[33m,[39m [33m...[39margs)[33m;[39m
     [90m     |[39m                 [31m[1m^[22m[39m
     [90m 106 |[39m }[33m;[39m
     [90m 107 |[39m
     [90m 108 |[39m [90m// Suppress specific warnings during tests[39m[0m

      at console.call [as error] (tests/setup/jest.setup.js:105:17)
      at VirtualConsole.<anonymous> (node_modules/@jest/environment-jsdom-abstract/build/index.js:78:23)
      at reportException (node_modules/jsdom/lib/jsdom/living/helpers/runtime-script-errors.js:70:28)
      at innerInvokeEventListeners (node_modules/jsdom/lib/jsdom/living/events/EventTarget-impl.js:353:9)
      at invokeEventListeners (node_modules/jsdom/lib/jsdom/living/events/EventTarget-impl.js:286:3)
      at HTMLUnknownElementImpl._dispatch (node_modules/jsdom/lib/jsdom/living/events/EventTarget-impl.js:233:9)
      at HTMLUnknownElementImpl.dispatchEvent (node_modules/jsdom/lib/jsdom/living/events/EventTarget-impl.js:104:17)
      at HTMLUnknownElement.dispatchEvent (node_modules/jsdom/lib/jsdom/living/generated/EventTarget.js:241:34)
      at Object.invokeGuardedCallbackDev (node_modules/react-dom/cjs/react-dom.development.js:4213:16)
      at invokeGuardedCallback (node_modules/react-dom/cjs/react-dom.development.js:4277:31)
      at beginWork$1 (node_modules/react-dom/cjs/react-dom.development.js:27490:7)
      at performUnitOfWork (node_modules/react-dom/cjs/react-dom.development.js:26599:12)
      at workLoopSync (node_modules/react-dom/cjs/react-dom.development.js:26505:5)
      at renderRootSync (node_modules/react-dom/cjs/react-dom.development.js:26473:7)
      at performConcurrentWorkOnRoot (node_modules/react-dom/cjs/react-dom.development.js:25777:74)
      at flushActQueue (node_modules/react/cjs/react.development.js:2667:24)
      at act (node_modules/react/cjs/react.development.js:2582:11)
      at node_modules/@testing-library/react/dist/act-compat.js:47:25
      at Object.<anonymous> (tests/unit/components/GestureFeedback.test.tsx:424:8)

FAIL tests/unit/lib/offline/offlineIntegration.test.ts
  Offline Integration Tests
    Service Worker Integration
      × should register service worker successfully (5 ms)
      × should handle service worker messages
    Offline State Management
      √ should detect online state correctly (1 ms)
      × should detect offline state correctly (1 ms)
      × should update capabilities when going offline (1 ms)
      √ should provide optimized settings for connection
    Stem Cache Integration
      × should save and load stems correctly (1 ms)
      × should track access patterns
      √ should handle LRU eviction (1 ms)
      √ should verify stem integrity (1 ms)
    Offline Sync Integration
      × should queue actions when offline
      × should sync when coming back online
      × should handle sync errors gracefully
      × should provide sync statistics (1 ms)
    Smart Cache Integration
      × should generate predictions
      √ should respect cache conditions
      × should handle preload execution
      √ should provide cache statistics (1 ms)
    End-to-End Offline Workflow
      × should handle complete offline workflow (151 ms)
      × should handle service worker caching strategies (1 ms)
    Error Handling and Edge Cases
      × should handle IndexedDB errors gracefully (17 ms)
      √ should handle network errors during sync
      × should handle missing service worker
    Performance and Memory Management
      √ should clean up resources on destroy (1 ms)
      × should handle large cache operations (8 ms)

  ● Offline Integration Tests › Service Worker Integration › should register service worker successfully

    expect(jest.fn()).toHaveBeenCalled()

    Expected number of calls: >= 1
    Received number of calls:    0

    [0m [90m 82 |[39m
     [90m 83 |[39m       [90m// Test service worker registration[39m
    [31m[1m>[22m[39m[90m 84 |[39m       expect(serviceWorkerMock[33m.[39mregister)[33m.[39mtoHaveBeenCalled()[33m;[39m
     [90m    |[39m                                          [31m[1m^[22m[39m
     [90m 85 |[39m     })[33m;[39m
     [90m 86 |[39m
     [90m 87 |[39m     test([32m"should handle service worker messages"[39m[33m,[39m [36masync[39m () [33m=>[39m {[0m

      at Object.toHaveBeenCalled (tests/unit/lib/offline/offlineIntegration.test.ts:84:42)

  ● Offline Integration Tests › Service Worker Integration › should handle service worker messages

    TypeError: Cannot redefine property: serviceWorker
        at Object.defineProperty (<anonymous>)

    [0m [90m 90 |[39m       }[33m;[39m
     [90m 91 |[39m
    [31m[1m>[22m[39m[90m 92 |[39m       [33mObject[39m[33m.[39mdefineProperty(navigator[33m,[39m [32m"serviceWorker"[39m[33m,[39m {
     [90m    |[39m              [31m[1m^[22m[39m
     [90m 93 |[39m         value[33m:[39m {
     [90m 94 |[39m           [33m...[39mserviceWorkerMock[33m,[39m
     [90m 95 |[39m           controller[33m:[39m mockController[33m,[39m[0m

      at Object.defineProperty (tests/unit/lib/offline/offlineIntegration.test.ts:92:14)

  ● Offline Integration Tests › Offline State Management › should detect offline state correctly

    expect(received).toBe(expected) // Object.is equality

    Expected: false
    Received: true

    [0m [90m 124 |[39m
     [90m 125 |[39m       [36mconst[39m state [33m=[39m offlineManager[33m.[39mgetState()[33m;[39m
    [31m[1m>[22m[39m[90m 126 |[39m       expect(state[33m.[39misOnline)[33m.[39mtoBe([36mfalse[39m)[33m;[39m
     [90m     |[39m                              [31m[1m^[22m[39m
     [90m 127 |[39m     })[33m;[39m
     [90m 128 |[39m
     [90m 129 |[39m     test([32m"should update capabilities when going offline"[39m[33m,[39m [36masync[39m () [33m=>[39m {[0m

      at Object.toBe (tests/unit/lib/offline/offlineIntegration.test.ts:126:30)

  ● Offline Integration Tests › Offline State Management › should update capabilities when going offline

    expect(received).toBe(expected) // Object.is equality

    Expected: true
    Received: false

    [0m [90m 131 |[39m       [33mObject[39m[33m.[39mdefineProperty(navigator[33m,[39m [32m"onLine"[39m[33m,[39m { value[33m:[39m [36mtrue[39m })[33m;[39m
     [90m 132 |[39m       [36mlet[39m state [33m=[39m offlineManager[33m.[39mgetState()[33m;[39m
    [31m[1m>[22m[39m[90m 133 |[39m       expect(state[33m.[39mcapabilities[33m.[39mcanUploadStems)[33m.[39mtoBe([36mtrue[39m)[33m;[39m
     [90m     |[39m                                                 [31m[1m^[22m[39m
     [90m 134 |[39m
     [90m 135 |[39m       [90m// Go offline[39m
     [90m 136 |[39m       [33mObject[39m[33m.[39mdefineProperty(navigator[33m,[39m [32m"onLine"[39m[33m,[39m { value[33m:[39m [36mfalse[39m })[33m;[39m[0m

      at Object.toBe (tests/unit/lib/offline/offlineIntegration.test.ts:133:49)

  ● Offline Integration Tests › Stem Cache Integration › should save and load stems correctly

    expect(received).resolves.toBeDefined()

    Received promise rejected instead of resolved
    Rejected to value: [TypeError: Cannot set properties of undefined (setting 'onerror')]

    [0m [90m 229 |[39m       )[33m;[39m
     [90m 230 |[39m
    [31m[1m>[22m[39m[90m 231 |[39m       [36mawait[39m expect(savePromise)[33m.[39mresolves[33m.[39mtoBeDefined()[33m;[39m
     [90m     |[39m             [31m[1m^[22m[39m
     [90m 232 |[39m     })[33m;[39m
     [90m 233 |[39m
     [90m 234 |[39m     test([32m"should track access patterns"[39m[33m,[39m [36masync[39m () [33m=>[39m {[0m

      at expect (node_modules/expect/build/index.js:2116:15)
      at Object.expect (tests/unit/lib/offline/offlineIntegration.test.ts:231:13)

  ● Offline Integration Tests › Stem Cache Integration › should track access patterns

    TypeError: Cannot set properties of undefined (setting 'onerror')

    [0m [90m  96 |[39m       [36mconst[39m request [33m=[39m indexedDB[33m.[39mopen([33mDB_NAME[39m[33m,[39m [33mDB_VERSION[39m)[33m;[39m
     [90m  97 |[39m
    [31m[1m>[22m[39m[90m  98 |[39m       request[33m.[39monerror [33m=[39m () [33m=>[39m {
     [90m     |[39m                      [31m[1m^[22m[39m
     [90m  99 |[39m         console[33m.[39merror([32m"Failed to open IndexedDB:"[39m[33m,[39m request[33m.[39merror)[33m;[39m
     [90m 100 |[39m         reject(request[33m.[39merror)[33m;[39m
     [90m 101 |[39m       }[33m;[39m[0m

      at app/lib/storage/stemCache.ts:98:22
      at StemCacheService.init (app/lib/storage/stemCache.ts:95:12)
      at StemCacheService.init [as getAccessPatterns] (app/lib/storage/stemCache.ts:403:30)
      at Object.getAccessPatterns (tests/unit/lib/offline/offlineIntegration.test.ts:235:40)

  ● Offline Integration Tests › Offline Sync Integration › should queue actions when offline

    expect(received).resolves.toBeDefined()

    Received promise rejected instead of resolved
    Rejected to value: [TypeError: Cannot set properties of undefined (setting 'onerror')]

    [0m [90m 308 |[39m       )[33m;[39m
     [90m 309 |[39m
    [31m[1m>[22m[39m[90m 310 |[39m       [36mawait[39m expect(actionPromise)[33m.[39mresolves[33m.[39mtoBeDefined()[33m;[39m
     [90m     |[39m             [31m[1m^[22m[39m
     [90m 311 |[39m     })[33m;[39m
     [90m 312 |[39m
     [90m 313 |[39m     test([32m"should sync when coming back online"[39m[33m,[39m [36masync[39m () [33m=>[39m {[0m

      at expect (node_modules/expect/build/index.js:2116:15)
      at Object.expect (tests/unit/lib/offline/offlineIntegration.test.ts:310:13)

  ● Offline Integration Tests › Offline Sync Integration › should sync when coming back online

    TypeError: Cannot set properties of undefined (setting 'onerror')

    [0m [90m 71 |[39m       [36mconst[39m request [33m=[39m indexedDB[33m.[39mopen([36mthis[39m[33m.[39m[33mDB_NAME[39m[33m,[39m [36mthis[39m[33m.[39m[33mDB_VERSION[39m)[33m;[39m
     [90m 72 |[39m
    [31m[1m>[22m[39m[90m 73 |[39m       request[33m.[39monerror [33m=[39m () [33m=>[39m {
     [90m    |[39m                      [31m[1m^[22m[39m
     [90m 74 |[39m         console[33m.[39merror([32m"❌ Failed to open sync database:"[39m[33m,[39m request[33m.[39merror)[33m;[39m
     [90m 75 |[39m         reject(request[33m.[39merror)[33m;[39m
     [90m 76 |[39m       }[33m;[39m[0m

      at app/lib/sync/offlineSync.ts:73:22
      at OfflineSyncManager.initializeDB (app/lib/sync/offlineSync.ts:70:12)
      at OfflineSyncManager.initializeDB [as queueAction] (app/lib/sync/offlineSync.ts:174:30)
      at Object.queueAction (tests/unit/lib/offline/offlineIntegration.test.ts:318:25)

  ● Offline Integration Tests › Offline Sync Integration › should handle sync errors gracefully

    expect(received).resolves.not.toThrow()

    Received promise rejected instead of resolved
    Rejected to value: [TypeError: Cannot set properties of undefined (setting 'onerror')]

    [0m [90m 339 |[39m
     [90m 340 |[39m       [36mconst[39m syncPromise [33m=[39m offlineSync[33m.[39msyncPendingActions()[33m;[39m
    [31m[1m>[22m[39m[90m 341 |[39m       [36mawait[39m expect(syncPromise)[33m.[39mresolves[33m.[39mnot[33m.[39mtoThrow()[33m;[39m
     [90m     |[39m             [31m[1m^[22m[39m
     [90m 342 |[39m     })[33m;[39m
     [90m 343 |[39m
     [90m 344 |[39m     test([32m"should provide sync statistics"[39m[33m,[39m [36masync[39m () [33m=>[39m {[0m

      at expect (node_modules/expect/build/index.js:2116:15)
      at Object.expect (tests/unit/lib/offline/offlineIntegration.test.ts:341:13)

  ● Offline Integration Tests › Offline Sync Integration › should provide sync statistics

    TypeError: Cannot set properties of undefined (setting 'onerror')

    [0m [90m 71 |[39m       [36mconst[39m request [33m=[39m indexedDB[33m.[39mopen([36mthis[39m[33m.[39m[33mDB_NAME[39m[33m,[39m [36mthis[39m[33m.[39m[33mDB_VERSION[39m)[33m;[39m
     [90m 72 |[39m
    [31m[1m>[22m[39m[90m 73 |[39m       request[33m.[39monerror [33m=[39m () [33m=>[39m {
     [90m    |[39m                      [31m[1m^[22m[39m
     [90m 74 |[39m         console[33m.[39merror([32m"❌ Failed to open sync database:"[39m[33m,[39m request[33m.[39merror)[33m;[39m
     [90m 75 |[39m         reject(request[33m.[39merror)[33m;[39m
     [90m 76 |[39m       }[33m;[39m[0m

      at app/lib/sync/offlineSync.ts:73:22
      at OfflineSyncManager.initializeDB (app/lib/sync/offlineSync.ts:70:12)
      at OfflineSyncManager.initializeDB [as getPendingActions] (app/lib/sync/offlineSync.ts:384:30)
      at OfflineSyncManager.getPendingActions [as getSyncStats] (app/lib/sync/offlineSync.ts:618:32)
      at Object.getSyncStats (tests/unit/lib/offline/offlineIntegration.test.ts:345:39)

  ● Offline Integration Tests › Smart Cache Integration › should generate predictions

    TypeError: Cannot set properties of undefined (setting 'onerror')

    [0m [90m  96 |[39m       [36mconst[39m request [33m=[39m indexedDB[33m.[39mopen([33mDB_NAME[39m[33m,[39m [33mDB_VERSION[39m)[33m;[39m
     [90m  97 |[39m
    [31m[1m>[22m[39m[90m  98 |[39m       request[33m.[39monerror [33m=[39m () [33m=>[39m {
     [90m     |[39m                      [31m[1m^[22m[39m
     [90m  99 |[39m         console[33m.[39merror([32m"Failed to open IndexedDB:"[39m[33m,[39m request[33m.[39merror)[33m;[39m
     [90m 100 |[39m         reject(request[33m.[39merror)[33m;[39m
     [90m 101 |[39m       }[33m;[39m[0m

      at app/lib/storage/stemCache.ts:98:22
      at StemCacheService.init (app/lib/storage/stemCache.ts:95:12)
      at StemCacheService.init [as getAccessPatterns] (app/lib/storage/stemCache.ts:403:30)
      at SmartCacheManager.getAccessPatterns [as generatePredictions] (app/lib/cache/smartCache.ts:142:42)
      at Object.generatePredictions (tests/unit/lib/offline/offlineIntegration.test.ts:356:53)

  ● Offline Integration Tests › Smart Cache Integration › should handle preload execution

    TypeError: Cannot read properties of undefined (reading 'length')

    [0m [90m 288 |[39m   )[33m:[39m [33mPromise[39m[33m<[39m[36mvoid[39m[33m>[39m {
     [90m 289 |[39m     console[33m.[39mlog(
    [31m[1m>[22m[39m[90m 290 |[39m       [32m`🚀 Executing preload strategy for ${predictions.length} resources`[39m[33m,[39m
     [90m     |[39m                                                        [31m[1m^[22m[39m
     [90m 291 |[39m     )[33m;[39m
     [90m 292 |[39m
     [90m 293 |[39m     [90m// Limit concurrent preloads[39m[0m

      at SmartCacheManager.length [as executePreloadStrategy] (app/lib/cache/smartCache.ts:290:56)
      at Object.executePreloadStrategy (tests/unit/lib/offline/offlineIntegration.test.ts:378:33)

  ● Offline Integration Tests › End-to-End Offline Workflow › should handle complete offline workflow

    TypeError: Cannot set properties of undefined (setting 'onerror')

    [0m [90m 71 |[39m       [36mconst[39m request [33m=[39m indexedDB[33m.[39mopen([36mthis[39m[33m.[39m[33mDB_NAME[39m[33m,[39m [36mthis[39m[33m.[39m[33mDB_VERSION[39m)[33m;[39m
     [90m 72 |[39m
    [31m[1m>[22m[39m[90m 73 |[39m       request[33m.[39monerror [33m=[39m () [33m=>[39m {
     [90m    |[39m                      [31m[1m^[22m[39m
     [90m 74 |[39m         console[33m.[39merror([32m"❌ Failed to open sync database:"[39m[33m,[39m request[33m.[39merror)[33m;[39m
     [90m 75 |[39m         reject(request[33m.[39merror)[33m;[39m
     [90m 76 |[39m       }[33m;[39m[0m

      at app/lib/sync/offlineSync.ts:73:22
      at OfflineSyncManager.initializeDB (app/lib/sync/offlineSync.ts:70:12)
      at OfflineSyncManager.initializeDB [as queueAction] (app/lib/sync/offlineSync.ts:174:30)
      at Object.queueAction (tests/unit/lib/offline/offlineIntegration.test.ts:422:25)

  ● Offline Integration Tests › End-to-End Offline Workflow › should handle complete offline workflow

    ReferenceError: indexedDB is not defined

    [0m [90m 69 |[39m   [36mprivate[39m [36masync[39m initializeDB()[33m:[39m [33mPromise[39m[33m<[39m[36mvoid[39m[33m>[39m {
     [90m 70 |[39m     [36mreturn[39m [36mnew[39m [33mPromise[39m((resolve[33m,[39m reject) [33m=>[39m {
    [31m[1m>[22m[39m[90m 71 |[39m       [36mconst[39m request [33m=[39m indexedDB[33m.[39mopen([36mthis[39m[33m.[39m[33mDB_NAME[39m[33m,[39m [36mthis[39m[33m.[39m[33mDB_VERSION[39m)[33m;[39m
     [90m    |[39m                       [31m[1m^[22m[39m
     [90m 72 |[39m
     [90m 73 |[39m       request[33m.[39monerror [33m=[39m () [33m=>[39m {
     [90m 74 |[39m         console[33m.[39merror([32m"❌ Failed to open sync database:"[39m[33m,[39m request[33m.[39merror)[33m;[39m[0m

      at indexedDB (app/lib/sync/offlineSync.ts:71:23)
      at OfflineSyncManager.initializeDB (app/lib/sync/offlineSync.ts:70:12)
      at new initializeDB (app/lib/sync/offlineSync.ts:61:10)
      at Object.<anonymous> (app/lib/sync/offlineSync.ts:640:28)
      at Object.<anonymous> (app/lib/offline/offlineManager.ts:14:22)
      at Object.<anonymous> (tests/unit/lib/offline/offlineIntegration.test.ts:9:25)

  ● Offline Integration Tests › End-to-End Offline Workflow › should handle complete offline workflow

    TypeError: Cannot set properties of undefined (setting 'onerror')

    [0m [90m 71 |[39m       [36mconst[39m request [33m=[39m indexedDB[33m.[39mopen([36mthis[39m[33m.[39m[33mDB_NAME[39m[33m,[39m [36mthis[39m[33m.[39m[33mDB_VERSION[39m)[33m;[39m
     [90m 72 |[39m
    [31m[1m>[22m[39m[90m 73 |[39m       request[33m.[39monerror [33m=[39m () [33m=>[39m {
     [90m    |[39m                      [31m[1m^[22m[39m
     [90m 74 |[39m         console[33m.[39merror([32m"❌ Failed to open sync database:"[39m[33m,[39m request[33m.[39merror)[33m;[39m
     [90m 75 |[39m         reject(request[33m.[39merror)[33m;[39m
     [90m 76 |[39m       }[33m;[39m[0m

      at app/lib/sync/offlineSync.ts:73:22
      at OfflineSyncManager.initializeDB (app/lib/sync/offlineSync.ts:70:12)
      at OfflineSyncManager.initializeDB [as updateSyncStatus] (app/lib/sync/offlineSync.ts:498:30)
      at OfflineSyncManager.updateSyncStatus [as handleConnectionChange] (app/lib/sync/offlineSync.ts:148:16)
      at callTheUserObjectsOperation (node_modules/jsdom/lib/jsdom/living/generated/EventListener.js:26:30)
      at innerInvokeEventListeners (node_modules/jsdom/lib/jsdom/living/events/EventTarget-impl.js:350:25)
      at invokeEventListeners (node_modules/jsdom/lib/jsdom/living/events/EventTarget-impl.js:286:3)
      at EventTargetImpl._dispatch (node_modules/jsdom/lib/jsdom/living/events/EventTarget-impl.js:233:9)
      at EventTargetImpl.dispatchEvent (node_modules/jsdom/lib/jsdom/living/events/EventTarget-impl.js:104:17)
      at dispatchEvent (node_modules/jsdom/lib/jsdom/living/generated/EventTarget.js:241:34)
      at Object.dispatchEvent (tests/unit/lib/offline/offlineIntegration.test.ts:414:14)

  ● Offline Integration Tests › End-to-End Offline Workflow › should handle complete offline workflow

    TypeError: Cannot set properties of undefined (setting 'onerror')

    [0m [90m  96 |[39m       [36mconst[39m request [33m=[39m indexedDB[33m.[39mopen([33mDB_NAME[39m[33m,[39m [33mDB_VERSION[39m)[33m;[39m
     [90m  97 |[39m
    [31m[1m>[22m[39m[90m  98 |[39m       request[33m.[39monerror [33m=[39m () [33m=>[39m {
     [90m     |[39m                      [31m[1m^[22m[39m
     [90m  99 |[39m         console[33m.[39merror([32m"Failed to open IndexedDB:"[39m[33m,[39m request[33m.[39merror)[33m;[39m
     [90m 100 |[39m         reject(request[33m.[39merror)[33m;[39m
     [90m 101 |[39m       }[33m;[39m[0m

      at app/lib/storage/stemCache.ts:98:22
      at StemCacheService.init (app/lib/storage/stemCache.ts:95:12)
      at StemCacheService.init [as getCacheStats] (app/lib/storage/stemCache.ts:644:30)
      at OfflineManager.getCacheStats [as detectCapabilities] (app/lib/offline/offlineManager.ts:300:40)
      at OfflineManager.detectCapabilities (app/lib/offline/offlineManager.ts:106:40)
      at OfflineManager.updateCapabilities [as handleConnectionChange] (app/lib/offline/offlineManager.ts:258:18)
      at callTheUserObjectsOperation (node_modules/jsdom/lib/jsdom/living/generated/EventListener.js:26:30)
      at innerInvokeEventListeners (node_modules/jsdom/lib/jsdom/living/events/EventTarget-impl.js:350:25)
      at invokeEventListeners (node_modules/jsdom/lib/jsdom/living/events/EventTarget-impl.js:286:3)
      at EventTargetImpl._dispatch (node_modules/jsdom/lib/jsdom/living/events/EventTarget-impl.js:233:9)
      at EventTargetImpl.dispatchEvent (node_modules/jsdom/lib/jsdom/living/events/EventTarget-impl.js:104:17)
      at dispatchEvent (node_modules/jsdom/lib/jsdom/living/generated/EventTarget.js:241:34)
      at Object.dispatchEvent (tests/unit/lib/offline/offlineIntegration.test.ts:414:14)

  ● Offline Integration Tests › End-to-End Offline Workflow › should handle complete offline workflow

    TypeError: Cannot set properties of undefined (setting 'onerror')

    [0m [90m  96 |[39m       [36mconst[39m request [33m=[39m indexedDB[33m.[39mopen([33mDB_NAME[39m[33m,[39m [33mDB_VERSION[39m)[33m;[39m
     [90m  97 |[39m
    [31m[1m>[22m[39m[90m  98 |[39m       request[33m.[39monerror [33m=[39m () [33m=>[39m {
     [90m     |[39m                      [31m[1m^[22m[39m
     [90m  99 |[39m         console[33m.[39merror([32m"Failed to open IndexedDB:"[39m[33m,[39m request[33m.[39merror)[33m;[39m
     [90m 100 |[39m         reject(request[33m.[39merror)[33m;[39m
     [90m 101 |[39m       }[33m;[39m[0m

      at app/lib/storage/stemCache.ts:98:22
      at StemCacheService.init (app/lib/storage/stemCache.ts:95:12)
      at StemCacheService.init [as getCacheStats] (app/lib/storage/stemCache.ts:644:30)
      at OfflineManager.getCacheStats [as detectCapabilities] (app/lib/offline/offlineManager.ts:300:40)
      at OfflineManager.detectCapabilities (app/lib/offline/offlineManager.ts:106:40)
      at updateCapabilities (app/lib/offline/offlineManager.ts:485:37)
      at Timeout.task [as _onTimeout] (node_modules/jsdom/lib/jsdom/browser/Window.js:579:19)

  ● Offline Integration Tests › End-to-End Offline Workflow › should handle service worker caching strategies

    ReferenceError: Response is not defined

    [0m [90m 457 |[39m
     [90m 458 |[39m       [90m// Test cache operations[39m
    [31m[1m>[22m[39m[90m 459 |[39m       [36mawait[39m cache[33m.[39mput([32m"test-key"[39m[33m,[39m [36mnew[39m [33mResponse[39m([32m"test-data"[39m))[33m;[39m
     [90m     |[39m                                       [31m[1m^[22m[39m
     [90m 460 |[39m       expect(mockCache[33m.[39mput)[33m.[39mtoHaveBeenCalled()[33m;[39m
     [90m 461 |[39m     })[33m;[39m
     [90m 462 |[39m   })[33m;[39m[0m

      at Object.Response (tests/unit/lib/offline/offlineIntegration.test.ts:459:39)

  ● Offline Integration Tests › Error Handling and Edge Cases › should handle IndexedDB errors gracefully

    expect(received).resolves.not.toThrow()

    Received promise rejected instead of resolved
    Rejected to value: [Error: IndexedDB error]

    [0m [90m 482 |[39m
     [90m 483 |[39m       [90m// Should not throw[39m
    [31m[1m>[22m[39m[90m 484 |[39m       [36mawait[39m expect(stemCache[33m.[39minit())[33m.[39mresolves[33m.[39mnot[33m.[39mtoThrow()[33m;[39m
     [90m     |[39m             [31m[1m^[22m[39m
     [90m 485 |[39m     })[33m;[39m
     [90m 486 |[39m
     [90m 487 |[39m     test([32m"should handle network errors during sync"[39m[33m,[39m [36masync[39m () [33m=>[39m {[0m

      at expect (node_modules/expect/build/index.js:2116:15)
      at Object.expect (tests/unit/lib/offline/offlineIntegration.test.ts:484:13)

  ● Offline Integration Tests › Error Handling and Edge Cases › should handle missing service worker

    TypeError: Cannot redefine property: serviceWorker
        at Object.defineProperty (<anonymous>)

    [0m [90m 497 |[39m
     [90m 498 |[39m     test([32m"should handle missing service worker"[39m[33m,[39m () [33m=>[39m {
    [31m[1m>[22m[39m[90m 499 |[39m       [33mObject[39m[33m.[39mdefineProperty(navigator[33m,[39m [32m"serviceWorker"[39m[33m,[39m {
     [90m     |[39m              [31m[1m^[22m[39m
     [90m 500 |[39m         value[33m:[39m undefined[33m,[39m
     [90m 501 |[39m       })[33m;[39m
     [90m 502 |[39m[0m

      at Object.defineProperty (tests/unit/lib/offline/offlineIntegration.test.ts:499:14)

  ● Offline Integration Tests › Performance and Memory Management › should handle large cache operations

    expect(received).resolves.toBeDefined()

    Received promise rejected instead of resolved
    Rejected to value: [Error: IndexedDB error]

    [0m [90m 586 |[39m       )[33m;[39m
     [90m 587 |[39m
    [31m[1m>[22m[39m[90m 588 |[39m       [36mawait[39m expect(savePromise)[33m.[39mresolves[33m.[39mtoBeDefined()[33m;[39m
     [90m     |[39m             [31m[1m^[22m[39m
     [90m 589 |[39m     })[33m;[39m
     [90m 590 |[39m   })[33m;[39m
     [90m 591 |[39m })[33m;[39m[0m

      at expect (node_modules/expect/build/index.js:2116:15)
      at Object.expect (tests/unit/lib/offline/offlineIntegration.test.ts:588:13)

  console.error
    Error: Uncaught [Error: Too many re-renders. React limits the number of renders to prevent an infinite loop.]
        at Object.<anonymous> (C:\Users\Nate2\code\ox-board\tests\unit\components\GestureFeedback.test.tsx:424:8)
        at new Promise (<anonymous>) {
      detail: Error: Too many re-renders. React limits the number of renders to prevent an infinite loop.
          at renderWithHooks (C:\Users\Nate2\code\ox-board\node_modules\react-dom\cjs\react-dom.development.js:15498:15)
          at updateFunctionComponent (C:\Users\Nate2\code\ox-board\node_modules\react-dom\cjs\react-dom.development.js:19617:20)
          at beginWork (C:\Users\Nate2\code\ox-board\node_modules\react-dom\cjs\react-dom.development.js:21640:16)
          at HTMLUnknownElement.callCallback (C:\Users\Nate2\code\ox-board\node_modules\react-dom\cjs\react-dom.development.js:4164:14)
          at HTMLUnknownElement.callTheUserObjectsOperation (C:\Users\Nate2\code\ox-board\node_modules\jsdom\lib\jsdom\living\generated\EventListener.js:26:30)
          at innerInvokeEventListeners (C:\Users\Nate2\code\ox-board\node_modules\jsdom\lib\jsdom\living\events\EventTarget-impl.js:350:25)
          at invokeEventListeners (C:\Users\Nate2\code\ox-board\node_modules\jsdom\lib\jsdom\living\events\EventTarget-impl.js:286:3)
          at HTMLUnknownElementImpl._dispatch (C:\Users\Nate2\code\ox-board\node_modules\jsdom\lib\jsdom\living\events\EventTarget-impl.js:233:9)
          at HTMLUnknownElementImpl.dispatchEvent (C:\Users\Nate2\code\ox-board\node_modules\jsdom\lib\jsdom\living\events\EventTarget-impl.js:104:17)
          at HTMLUnknownElement.dispatchEvent (C:\Users\Nate2\code\ox-board\node_modules\jsdom\lib\jsdom\living\generated\EventTarget.js:241:34)
          at Object.invokeGuardedCallbackDev (C:\Users\Nate2\code\ox-board\node_modules\react-dom\cjs\react-dom.development.js:4213:16)
          at invokeGuardedCallback (C:\Users\Nate2\code\ox-board\node_modules\react-dom\cjs\react-dom.development.js:4277:31)
          at beginWork$1 (C:\Users\Nate2\code\ox-board\node_modules\react-dom\cjs\react-dom.development.js:27490:7)
          at performUnitOfWork (C:\Users\Nate2\code\ox-board\node_modules\react-dom\cjs\react-dom.development.js:26599:12)
          at workLoopSync (C:\Users\Nate2\code\ox-board\node_modules\react-dom\cjs\react-dom.development.js:26505:5)
          at renderRootSync (C:\Users\Nate2\code\ox-board\node_modules\react-dom\cjs\react-dom.development.js:26473:7)
          at recoverFromConcurrentError (C:\Users\Nate2\code\ox-board\node_modules\react-dom\cjs\react-dom.development.js:25889:20)
          at performConcurrentWorkOnRoot (C:\Users\Nate2\code\ox-board\node_modules\react-dom\cjs\react-dom.development.js:25789:22)
          at flushActQueue (C:\Users\Nate2\code\ox-board\node_modules\react\cjs\react.development.js:2667:24)
          at act (C:\Users\Nate2\code\ox-board\node_modules\react\cjs\react.development.js:2582:11)
          at C:\Users\Nate2\code\ox-board\node_modules\@testing-library\react\dist\act-compat.js:47:25
          at Object.<anonymous> (C:\Users\Nate2\code\ox-board\tests\unit\components\GestureFeedback.test.tsx:424:8)
          at Promise.finally.completed (C:\Users\Nate2\code\ox-board\node_modules\jest-circus\build\jestAdapterInit.js:1556:28)
          at new Promise (<anonymous>)
          at callAsyncCircusFn (C:\Users\Nate2\code\ox-board\node_modules\jest-circus\build\jestAdapterInit.js:1496:10)
          at _callCircusTest (C:\Users\Nate2\code\ox-board\node_modules\jest-circus\build\jestAdapterInit.js:1006:40)
          at processTicksAndRejections (node:internal/process/task_queues:105:5)
          at _runTest (C:\Users\Nate2\code\ox-board\node_modules\jest-circus\build\jestAdapterInit.js:946:3)
          at _runTestsForDescribeBlock (C:\Users\Nate2\code\ox-board\node_modules\jest-circus\build\jestAdapterInit.js:839:13)
          at _runTestsForDescribeBlock (C:\Users\Nate2\code\ox-board\node_modules\jest-circus\build\jestAdapterInit.js:829:11)
          at run (C:\Users\Nate2\code\ox-board\node_modules\jest-circus\build\jestAdapterInit.js:757:3)
          at runAndTransformResultsToJestFormat (C:\Users\Nate2\code\ox-board\node_modules\jest-circus\build\jestAdapterInit.js:1917:21)
          at jestAdapter (C:\Users\Nate2\code\ox-board\node_modules\jest-circus\build\runner.js:101:19)
          at runTestInternal (C:\Users\Nate2\code\ox-board\node_modules\jest-runner\build\testWorker.js:275:16)
          at runTest (C:\Users\Nate2\code\ox-board\node_modules\jest-runner\build\testWorker.js:343:7)
          at Object.worker (C:\Users\Nate2\code\ox-board\node_modules\jest-runner\build\testWorker.js:497:12),
      type: 'unhandled exception'
    }

    [0m [90m 103 |[39m     [36mreturn[39m[33m;[39m
     [90m 104 |[39m   }
    [31m[1m>[22m[39m[90m 105 |[39m   originalError[33m.[39mcall(console[33m,[39m [33m...[39margs)[33m;[39m
     [90m     |[39m                 [31m[1m^[22m[39m
     [90m 106 |[39m }[33m;[39m
     [90m 107 |[39m
     [90m 108 |[39m [90m// Suppress specific warnings during tests[39m[0m

      at console.call [as error] (tests/setup/jest.setup.js:105:17)
      at VirtualConsole.<anonymous> (node_modules/@jest/environment-jsdom-abstract/build/index.js:78:23)
      at reportException (node_modules/jsdom/lib/jsdom/living/helpers/runtime-script-errors.js:70:28)
      at innerInvokeEventListeners (node_modules/jsdom/lib/jsdom/living/events/EventTarget-impl.js:353:9)
      at invokeEventListeners (node_modules/jsdom/lib/jsdom/living/events/EventTarget-impl.js:286:3)
      at HTMLUnknownElementImpl._dispatch (node_modules/jsdom/lib/jsdom/living/events/EventTarget-impl.js:233:9)
      at HTMLUnknownElementImpl.dispatchEvent (node_modules/jsdom/lib/jsdom/living/events/EventTarget-impl.js:104:17)
      at HTMLUnknownElement.dispatchEvent (node_modules/jsdom/lib/jsdom/living/generated/EventTarget.js:241:34)
      at Object.invokeGuardedCallbackDev (node_modules/react-dom/cjs/react-dom.development.js:4213:16)
      at invokeGuardedCallback (node_modules/react-dom/cjs/react-dom.development.js:4277:31)
      at beginWork$1 (node_modules/react-dom/cjs/react-dom.development.js:27490:7)
      at performUnitOfWork (node_modules/react-dom/cjs/react-dom.development.js:26599:12)
      at workLoopSync (node_modules/react-dom/cjs/react-dom.development.js:26505:5)
      at renderRootSync (node_modules/react-dom/cjs/react-dom.development.js:26473:7)
      at recoverFromConcurrentError (node_modules/react-dom/cjs/react-dom.development.js:25889:20)
      at performConcurrentWorkOnRoot (node_modules/react-dom/cjs/react-dom.development.js:25789:22)
      at flushActQueue (node_modules/react/cjs/react.development.js:2667:24)
      at act (node_modules/react/cjs/react.development.js:2582:11)
      at node_modules/@testing-library/react/dist/act-compat.js:47:25
      at Object.<anonymous> (tests/unit/components/GestureFeedback.test.tsx:424:8)

  console.error
    The above error occurred in the <GestureFeedback> component:
    
        at mapper (C:\Users\Nate2\code\ox-board\app\components\GestureFeedback.tsx:64:3)
    
    Consider adding an error boundary to your tree to customize error handling behavior.
    Visit https://reactjs.org/link/error-boundaries to learn more about error boundaries.

    [0m [90m 103 |[39m     [36mreturn[39m[33m;[39m
     [90m 104 |[39m   }
    [31m[1m>[22m[39m[90m 105 |[39m   originalError[33m.[39mcall(console[33m,[39m [33m...[39margs)[33m;[39m
     [90m     |[39m                 [31m[1m^[22m[39m
     [90m 106 |[39m }[33m;[39m
     [90m 107 |[39m
     [90m 108 |[39m [90m// Suppress specific warnings during tests[39m[0m

      at console.call [as error] (tests/setup/jest.setup.js:105:17)
      at logCapturedError (node_modules/react-dom/cjs/react-dom.development.js:18704:23)
      at update.callback (node_modules/react-dom/cjs/react-dom.development.js:18737:5)
      at callCallback (node_modules/react-dom/cjs/react-dom.development.js:15036:12)
      at commitUpdateQueue (node_modules/react-dom/cjs/react-dom.development.js:15057:9)
      at commitLayoutEffectOnFiber (node_modules/react-dom/cjs/react-dom.development.js:23430:13)
      at commitLayoutMountEffects_complete (node_modules/react-dom/cjs/react-dom.development.js:24727:9)
      at commitLayoutEffects_begin (node_modules/react-dom/cjs/react-dom.development.js:24713:7)
      at commitLayoutEffects (node_modules/react-dom/cjs/react-dom.development.js:24651:3)
      at commitRootImpl (node_modules/react-dom/cjs/react-dom.development.js:26862:5)
      at commitRoot (node_modules/react-dom/cjs/react-dom.development.js:26721:5)
      at finishConcurrentRender (node_modules/react-dom/cjs/react-dom.development.js:25931:9)
      at performConcurrentWorkOnRoot (node_modules/react-dom/cjs/react-dom.development.js:25848:7)
      at flushActQueue (node_modules/react/cjs/react.development.js:2667:24)
      at act (node_modules/react/cjs/react.development.js:2582:11)
      at node_modules/@testing-library/react/dist/act-compat.js:47:25
      at Object.<anonymous> (tests/unit/components/GestureFeedback.test.tsx:424:8)

  console.error
    Error: Uncaught [Error: Too many re-renders. React limits the number of renders to prevent an infinite loop.]
        at Object.<anonymous> (C:\Users\Nate2\code\ox-board\tests\unit\components\GestureFeedback.test.tsx:444:8)
        at new Promise (<anonymous>) {
      detail: Error: Too many re-renders. React limits the number of renders to prevent an infinite loop.
          at renderWithHooks (C:\Users\Nate2\code\ox-board\node_modules\react-dom\cjs\react-dom.development.js:15498:15)
          at updateFunctionComponent (C:\Users\Nate2\code\ox-board\node_modules\react-dom\cjs\react-dom.development.js:19617:20)
          at beginWork (C:\Users\Nate2\code\ox-board\node_modules\react-dom\cjs\react-dom.development.js:21640:16)
          at HTMLUnknownElement.callCallback (C:\Users\Nate2\code\ox-board\node_modules\react-dom\cjs\react-dom.development.js:4164:14)
          at HTMLUnknownElement.callTheUserObjectsOperation (C:\Users\Nate2\code\ox-board\node_modules\jsdom\lib\jsdom\living\generated\EventListener.js:26:30)
          at innerInvokeEventListeners (C:\Users\Nate2\code\ox-board\node_modules\jsdom\lib\jsdom\living\events\EventTarget-impl.js:350:25)
          at invokeEventListeners (C:\Users\Nate2\code\ox-board\node_modules\jsdom\lib\jsdom\living\events\EventTarget-impl.js:286:3)
          at HTMLUnknownElementImpl._dispatch (C:\Users\Nate2\code\ox-board\node_modules\jsdom\lib\jsdom\living\events\EventTarget-impl.js:233:9)
          at HTMLUnknownElementImpl.dispatchEvent (C:\Users\Nate2\code\ox-board\node_modules\jsdom\lib\jsdom\living\events\EventTarget-impl.js:104:17)
          at HTMLUnknownElement.dispatchEvent (C:\Users\Nate2\code\ox-board\node_modules\jsdom\lib\jsdom\living\generated\EventTarget.js:241:34)
          at Object.invokeGuardedCallbackDev (C:\Users\Nate2\code\ox-board\node_modules\react-dom\cjs\react-dom.development.js:4213:16)
          at invokeGuardedCallback (C:\Users\Nate2\code\ox-board\node_modules\react-dom\cjs\react-dom.development.js:4277:31)
          at beginWork$1 (C:\Users\Nate2\code\ox-board\node_modules\react-dom\cjs\react-dom.development.js:27490:7)
          at performUnitOfWork (C:\Users\Nate2\code\ox-board\node_modules\react-dom\cjs\react-dom.development.js:26599:12)
          at workLoopSync (C:\Users\Nate2\code\ox-board\node_modules\react-dom\cjs\react-dom.development.js:26505:5)
          at renderRootSync (C:\Users\Nate2\code\ox-board\node_modules\react-dom\cjs\react-dom.development.js:26473:7)
          at performConcurrentWorkOnRoot (C:\Users\Nate2\code\ox-board\node_modules\react-dom\cjs\react-dom.development.js:25777:74)
          at flushActQueue (C:\Users\Nate2\code\ox-board\node_modules\react\cjs\react.development.js:2667:24)
          at act (C:\Users\Nate2\code\ox-board\node_modules\react\cjs\react.development.js:2582:11)
          at C:\Users\Nate2\code\ox-board\node_modules\@testing-library\react\dist\act-compat.js:47:25
          at Object.<anonymous> (C:\Users\Nate2\code\ox-board\tests\unit\components\GestureFeedback.test.tsx:444:8)
          at Promise.finally.completed (C:\Users\Nate2\code\ox-board\node_modules\jest-circus\build\jestAdapterInit.js:1556:28)
          at new Promise (<anonymous>)
          at callAsyncCircusFn (C:\Users\Nate2\code\ox-board\node_modules\jest-circus\build\jestAdapterInit.js:1496:10)
          at _callCircusTest (C:\Users\Nate2\code\ox-board\node_modules\jest-circus\build\jestAdapterInit.js:1006:40)
          at processTicksAndRejections (node:internal/process/task_queues:105:5)
          at _runTest (C:\Users\Nate2\code\ox-board\node_modules\jest-circus\build\jestAdapterInit.js:946:3)
          at _runTestsForDescribeBlock (C:\Users\Nate2\code\ox-board\node_modules\jest-circus\build\jestAdapterInit.js:839:13)
          at _runTestsForDescribeBlock (C:\Users\Nate2\code\ox-board\node_modules\jest-circus\build\jestAdapterInit.js:829:11)
          at run (C:\Users\Nate2\code\ox-board\node_modules\jest-circus\build\jestAdapterInit.js:757:3)
          at runAndTransformResultsToJestFormat (C:\Users\Nate2\code\ox-board\node_modules\jest-circus\build\jestAdapterInit.js:1917:21)
          at jestAdapter (C:\Users\Nate2\code\ox-board\node_modules\jest-circus\build\runner.js:101:19)
          at runTestInternal (C:\Users\Nate2\code\ox-board\node_modules\jest-runner\build\testWorker.js:275:16)
          at runTest (C:\Users\Nate2\code\ox-board\node_modules\jest-runner\build\testWorker.js:343:7)
          at Object.worker (C:\Users\Nate2\code\ox-board\node_modules\jest-runner\build\testWorker.js:497:12),
      type: 'unhandled exception'
    }

    [0m [90m 103 |[39m     [36mreturn[39m[33m;[39m
     [90m 104 |[39m   }
    [31m[1m>[22m[39m[90m 105 |[39m   originalError[33m.[39mcall(console[33m,[39m [33m...[39margs)[33m;[39m
     [90m     |[39m                 [31m[1m^[22m[39m
     [90m 106 |[39m }[33m;[39m
     [90m 107 |[39m
     [90m 108 |[39m [90m// Suppress specific warnings during tests[39m[0m

      at console.call [as error] (tests/setup/jest.setup.js:105:17)
      at VirtualConsole.<anonymous> (node_modules/@jest/environment-jsdom-abstract/build/index.js:78:23)
      at reportException (node_modules/jsdom/lib/jsdom/living/helpers/runtime-script-errors.js:70:28)
      at innerInvokeEventListeners (node_modules/jsdom/lib/jsdom/living/events/EventTarget-impl.js:353:9)
      at invokeEventListeners (node_modules/jsdom/lib/jsdom/living/events/EventTarget-impl.js:286:3)
      at HTMLUnknownElementImpl._dispatch (node_modules/jsdom/lib/jsdom/living/events/EventTarget-impl.js:233:9)
      at HTMLUnknownElementImpl.dispatchEvent (node_modules/jsdom/lib/jsdom/living/events/EventTarget-impl.js:104:17)
      at HTMLUnknownElement.dispatchEvent (node_modules/jsdom/lib/jsdom/living/generated/EventTarget.js:241:34)
      at Object.invokeGuardedCallbackDev (node_modules/react-dom/cjs/react-dom.development.js:4213:16)
      at invokeGuardedCallback (node_modules/react-dom/cjs/react-dom.development.js:4277:31)
      at beginWork$1 (node_modules/react-dom/cjs/react-dom.development.js:27490:7)
      at performUnitOfWork (node_modules/react-dom/cjs/react-dom.development.js:26599:12)
      at workLoopSync (node_modules/react-dom/cjs/react-dom.development.js:26505:5)
      at renderRootSync (node_modules/react-dom/cjs/react-dom.development.js:26473:7)
      at performConcurrentWorkOnRoot (node_modules/react-dom/cjs/react-dom.development.js:25777:74)
      at flushActQueue (node_modules/react/cjs/react.development.js:2667:24)
      at act (node_modules/react/cjs/react.development.js:2582:11)
      at node_modules/@testing-library/react/dist/act-compat.js:47:25
      at Object.<anonymous> (tests/unit/components/GestureFeedback.test.tsx:444:8)

  console.error
    Error: Uncaught [Error: Too many re-renders. React limits the number of renders to prevent an infinite loop.]
        at Object.<anonymous> (C:\Users\Nate2\code\ox-board\tests\unit\components\GestureFeedback.test.tsx:444:8)
        at new Promise (<anonymous>) {
      detail: Error: Too many re-renders. React limits the number of renders to prevent an infinite loop.
          at renderWithHooks (C:\Users\Nate2\code\ox-board\node_modules\react-dom\cjs\react-dom.development.js:15498:15)
          at updateFunctionComponent (C:\Users\Nate2\code\ox-board\node_modules\react-dom\cjs\react-dom.development.js:19617:20)
          at beginWork (C:\Users\Nate2\code\ox-board\node_modules\react-dom\cjs\react-dom.development.js:21640:16)
          at HTMLUnknownElement.callCallback (C:\Users\Nate2\code\ox-board\node_modules\react-dom\cjs\react-dom.development.js:4164:14)
          at HTMLUnknownElement.callTheUserObjectsOperation (C:\Users\Nate2\code\ox-board\node_modules\jsdom\lib\jsdom\living\generated\EventListener.js:26:30)
          at innerInvokeEventListeners (C:\Users\Nate2\code\ox-board\node_modules\jsdom\lib\jsdom\living\events\EventTarget-impl.js:350:25)
          at invokeEventListeners (C:\Users\Nate2\code\ox-board\node_modules\jsdom\lib\jsdom\living\events\EventTarget-impl.js:286:3)
          at HTMLUnknownElementImpl._dispatch (C:\Users\Nate2\code\ox-board\node_modules\jsdom\lib\jsdom\living\events\EventTarget-impl.js:233:9)
          at HTMLUnknownElementImpl.dispatchEvent (C:\Users\Nate2\code\ox-board\node_modules\jsdom\lib\jsdom\living\events\EventTarget-impl.js:104:17)
          at HTMLUnknownElement.dispatchEvent (C:\Users\Nate2\code\ox-board\node_modules\jsdom\lib\jsdom\living\generated\EventTarget.js:241:34)
          at Object.invokeGuardedCallbackDev (C:\Users\Nate2\code\ox-board\node_modules\react-dom\cjs\react-dom.development.js:4213:16)
          at invokeGuardedCallback (C:\Users\Nate2\code\ox-board\node_modules\react-dom\cjs\react-dom.development.js:4277:31)
          at beginWork$1 (C:\Users\Nate2\code\ox-board\node_modules\react-dom\cjs\react-dom.development.js:27490:7)
          at performUnitOfWork (C:\Users\Nate2\code\ox-board\node_modules\react-dom\cjs\react-dom.development.js:26599:12)
          at workLoopSync (C:\Users\Nate2\code\ox-board\node_modules\react-dom\cjs\react-dom.development.js:26505:5)
          at renderRootSync (C:\Users\Nate2\code\ox-board\node_modules\react-dom\cjs\react-dom.development.js:26473:7)
          at recoverFromConcurrentError (C:\Users\Nate2\code\ox-board\node_modules\react-dom\cjs\react-dom.development.js:25889:20)
          at performConcurrentWorkOnRoot (C:\Users\Nate2\code\ox-board\node_modules\react-dom\cjs\react-dom.development.js:25789:22)
          at flushActQueue (C:\Users\Nate2\code\ox-board\node_modules\react\cjs\react.development.js:2667:24)
          at act (C:\Users\Nate2\code\ox-board\node_modules\react\cjs\react.development.js:2582:11)
          at C:\Users\Nate2\code\ox-board\node_modules\@testing-library\react\dist\act-compat.js:47:25
          at Object.<anonymous> (C:\Users\Nate2\code\ox-board\tests\unit\components\GestureFeedback.test.tsx:444:8)
          at Promise.finally.completed (C:\Users\Nate2\code\ox-board\node_modules\jest-circus\build\jestAdapterInit.js:1556:28)
          at new Promise (<anonymous>)
          at callAsyncCircusFn (C:\Users\Nate2\code\ox-board\node_modules\jest-circus\build\jestAdapterInit.js:1496:10)
          at _callCircusTest (C:\Users\Nate2\code\ox-board\node_modules\jest-circus\build\jestAdapterInit.js:1006:40)
          at processTicksAndRejections (node:internal/process/task_queues:105:5)
          at _runTest (C:\Users\Nate2\code\ox-board\node_modules\jest-circus\build\jestAdapterInit.js:946:3)
          at _runTestsForDescribeBlock (C:\Users\Nate2\code\ox-board\node_modules\jest-circus\build\jestAdapterInit.js:839:13)
          at _runTestsForDescribeBlock (C:\Users\Nate2\code\ox-board\node_modules\jest-circus\build\jestAdapterInit.js:829:11)
          at run (C:\Users\Nate2\code\ox-board\node_modules\jest-circus\build\jestAdapterInit.js:757:3)
          at runAndTransformResultsToJestFormat (C:\Users\Nate2\code\ox-board\node_modules\jest-circus\build\jestAdapterInit.js:1917:21)
          at jestAdapter (C:\Users\Nate2\code\ox-board\node_modules\jest-circus\build\runner.js:101:19)
          at runTestInternal (C:\Users\Nate2\code\ox-board\node_modules\jest-runner\build\testWorker.js:275:16)
          at runTest (C:\Users\Nate2\code\ox-board\node_modules\jest-runner\build\testWorker.js:343:7)
          at Object.worker (C:\Users\Nate2\code\ox-board\node_modules\jest-runner\build\testWorker.js:497:12),
      type: 'unhandled exception'
    }

    [0m [90m 103 |[39m     [36mreturn[39m[33m;[39m
     [90m 104 |[39m   }
    [31m[1m>[22m[39m[90m 105 |[39m   originalError[33m.[39mcall(console[33m,[39m [33m...[39margs)[33m;[39m
     [90m     |[39m                 [31m[1m^[22m[39m
     [90m 106 |[39m }[33m;[39m
     [90m 107 |[39m
     [90m 108 |[39m [90m// Suppress specific warnings during tests[39m[0m

      at console.call [as error] (tests/setup/jest.setup.js:105:17)
      at VirtualConsole.<anonymous> (node_modules/@jest/environment-jsdom-abstract/build/index.js:78:23)
      at reportException (node_modules/jsdom/lib/jsdom/living/helpers/runtime-script-errors.js:70:28)
      at innerInvokeEventListeners (node_modules/jsdom/lib/jsdom/living/events/EventTarget-impl.js:353:9)
      at invokeEventListeners (node_modules/jsdom/lib/jsdom/living/events/EventTarget-impl.js:286:3)
      at HTMLUnknownElementImpl._dispatch (node_modules/jsdom/lib/jsdom/living/events/EventTarget-impl.js:233:9)
      at HTMLUnknownElementImpl.dispatchEvent (node_modules/jsdom/lib/jsdom/living/events/EventTarget-impl.js:104:17)
      at HTMLUnknownElement.dispatchEvent (node_modules/jsdom/lib/jsdom/living/generated/EventTarget.js:241:34)
      at Object.invokeGuardedCallbackDev (node_modules/react-dom/cjs/react-dom.development.js:4213:16)
      at invokeGuardedCallback (node_modules/react-dom/cjs/react-dom.development.js:4277:31)
      at beginWork$1 (node_modules/react-dom/cjs/react-dom.development.js:27490:7)
      at performUnitOfWork (node_modules/react-dom/cjs/react-dom.development.js:26599:12)
      at workLoopSync (node_modules/react-dom/cjs/react-dom.development.js:26505:5)
      at renderRootSync (node_modules/react-dom/cjs/react-dom.development.js:26473:7)
      at recoverFromConcurrentError (node_modules/react-dom/cjs/react-dom.development.js:25889:20)
      at performConcurrentWorkOnRoot (node_modules/react-dom/cjs/react-dom.development.js:25789:22)
      at flushActQueue (node_modules/react/cjs/react.development.js:2667:24)
      at act (node_modules/react/cjs/react.development.js:2582:11)
      at node_modules/@testing-library/react/dist/act-compat.js:47:25
      at Object.<anonymous> (tests/unit/components/GestureFeedback.test.tsx:444:8)

  console.error
    The above error occurred in the <GestureFeedback> component:
    
        at mapper (C:\Users\Nate2\code\ox-board\app\components\GestureFeedback.tsx:64:3)
    
    Consider adding an error boundary to your tree to customize error handling behavior.
    Visit https://reactjs.org/link/error-boundaries to learn more about error boundaries.

    [0m [90m 103 |[39m     [36mreturn[39m[33m;[39m
     [90m 104 |[39m   }
    [31m[1m>[22m[39m[90m 105 |[39m   originalError[33m.[39mcall(console[33m,[39m [33m...[39margs)[33m;[39m
     [90m     |[39m                 [31m[1m^[22m[39m
     [90m 106 |[39m }[33m;[39m
     [90m 107 |[39m
     [90m 108 |[39m [90m// Suppress specific warnings during tests[39m[0m

      at console.call [as error] (tests/setup/jest.setup.js:105:17)
      at logCapturedError (node_modules/react-dom/cjs/react-dom.development.js:18704:23)
      at update.callback (node_modules/react-dom/cjs/react-dom.development.js:18737:5)
      at callCallback (node_modules/react-dom/cjs/react-dom.development.js:15036:12)
      at commitUpdateQueue (node_modules/react-dom/cjs/react-dom.development.js:15057:9)
      at commitLayoutEffectOnFiber (node_modules/react-dom/cjs/react-dom.development.js:23430:13)
      at commitLayoutMountEffects_complete (node_modules/react-dom/cjs/react-dom.development.js:24727:9)
      at commitLayoutEffects_begin (node_modules/react-dom/cjs/react-dom.development.js:24713:7)
      at commitLayoutEffects (node_modules/react-dom/cjs/react-dom.development.js:24651:3)
      at commitRootImpl (node_modules/react-dom/cjs/react-dom.development.js:26862:5)
      at commitRoot (node_modules/react-dom/cjs/react-dom.development.js:26721:5)
      at finishConcurrentRender (node_modules/react-dom/cjs/react-dom.development.js:25931:9)
      at performConcurrentWorkOnRoot (node_modules/react-dom/cjs/react-dom.development.js:25848:7)
      at flushActQueue (node_modules/react/cjs/react.development.js:2667:24)
      at act (node_modules/react/cjs/react.development.js:2582:11)
      at node_modules/@testing-library/react/dist/act-compat.js:47:25
      at Object.<anonymous> (tests/unit/components/GestureFeedback.test.tsx:444:8)

  console.log
    Music analyzer client initialized

      at MusicAnalyzerClient.log [as initializeWorker] (app/lib/audio/musicAnalyzerClient.ts:143:15)

PASS tests/unit/hooks/useGestureStemMapping.test.ts
  useGestureStemMapping
    √ should initialize with default configuration (15 ms)
    √ should initialize with custom configuration (2 ms)
    √ should initialize gesture mapper on mount (2 ms)
    √ should skip processing when already processing in performance mode (4 ms)
    √ should apply smoothing when enabled (3 ms)
    √ should track performance metrics (3 ms)
    √ should handle batch processing (2 ms)
    √ should handle screen dimension updates (2 ms)
    √ should handle high latency recovery (2 ms)
    √ should schedule gesture processing with animation frames (2 ms)
    √ should enable/disable processing correctly (9 ms)
    √ should cleanup on unmount (1 ms)
    √ should handle disabled state gracefully (1 ms)
    √ should provide performance status indicators (1 ms)
    ○ skipped should throttle gesture processing based on interval

  console.error
    Error: Uncaught [Error: Too many re-renders. React limits the number of renders to prevent an infinite loop.]
        at Object.<anonymous> (C:\Users\Nate2\code\ox-board\tests\unit\components\GestureFeedback.test.tsx:482:8)
        at new Promise (<anonymous>) {
      detail: Error: Too many re-renders. React limits the number of renders to prevent an infinite loop.
          at renderWithHooks (C:\Users\Nate2\code\ox-board\node_modules\react-dom\cjs\react-dom.development.js:15498:15)
          at updateFunctionComponent (C:\Users\Nate2\code\ox-board\node_modules\react-dom\cjs\react-dom.development.js:19617:20)
          at beginWork (C:\Users\Nate2\code\ox-board\node_modules\react-dom\cjs\react-dom.development.js:21640:16)
          at HTMLUnknownElement.callCallback (C:\Users\Nate2\code\ox-board\node_modules\react-dom\cjs\react-dom.development.js:4164:14)
          at HTMLUnknownElement.callTheUserObjectsOperation (C:\Users\Nate2\code\ox-board\node_modules\jsdom\lib\jsdom\living\generated\EventListener.js:26:30)
          at innerInvokeEventListeners (C:\Users\Nate2\code\ox-board\node_modules\jsdom\lib\jsdom\living\events\EventTarget-impl.js:350:25)
          at invokeEventListeners (C:\Users\Nate2\code\ox-board\node_modules\jsdom\lib\jsdom\living\events\EventTarget-impl.js:286:3)
          at HTMLUnknownElementImpl._dispatch (C:\Users\Nate2\code\ox-board\node_modules\jsdom\lib\jsdom\living\events\EventTarget-impl.js:233:9)
          at HTMLUnknownElementImpl.dispatchEvent (C:\Users\Nate2\code\ox-board\node_modules\jsdom\lib\jsdom\living\events\EventTarget-impl.js:104:17)
          at HTMLUnknownElement.dispatchEvent (C:\Users\Nate2\code\ox-board\node_modules\jsdom\lib\jsdom\living\generated\EventTarget.js:241:34)
          at Object.invokeGuardedCallbackDev (C:\Users\Nate2\code\ox-board\node_modules\react-dom\cjs\react-dom.development.js:4213:16)
          at invokeGuardedCallback (C:\Users\Nate2\code\ox-board\node_modules\react-dom\cjs\react-dom.development.js:4277:31)
          at beginWork$1 (C:\Users\Nate2\code\ox-board\node_modules\react-dom\cjs\react-dom.development.js:27490:7)
          at performUnitOfWork (C:\Users\Nate2\code\ox-board\node_modules\react-dom\cjs\react-dom.development.js:26599:12)
          at workLoopSync (C:\Users\Nate2\code\ox-board\node_modules\react-dom\cjs\react-dom.development.js:26505:5)
          at renderRootSync (C:\Users\Nate2\code\ox-board\node_modules\react-dom\cjs\react-dom.development.js:26473:7)
          at performConcurrentWorkOnRoot (C:\Users\Nate2\code\ox-board\node_modules\react-dom\cjs\react-dom.development.js:25777:74)
          at flushActQueue (C:\Users\Nate2\code\ox-board\node_modules\react\cjs\react.development.js:2667:24)
          at act (C:\Users\Nate2\code\ox-board\node_modules\react\cjs\react.development.js:2582:11)
          at C:\Users\Nate2\code\ox-board\node_modules\@testing-library\react\dist\act-compat.js:47:25
          at Object.<anonymous> (C:\Users\Nate2\code\ox-board\tests\unit\components\GestureFeedback.test.tsx:482:8)
          at Promise.finally.completed (C:\Users\Nate2\code\ox-board\node_modules\jest-circus\build\jestAdapterInit.js:1556:28)
          at new Promise (<anonymous>)
          at callAsyncCircusFn (C:\Users\Nate2\code\ox-board\node_modules\jest-circus\build\jestAdapterInit.js:1496:10)
          at _callCircusTest (C:\Users\Nate2\code\ox-board\node_modules\jest-circus\build\jestAdapterInit.js:1006:40)
          at processTicksAndRejections (node:internal/process/task_queues:105:5)
          at _runTest (C:\Users\Nate2\code\ox-board\node_modules\jest-circus\build\jestAdapterInit.js:946:3)
          at _runTestsForDescribeBlock (C:\Users\Nate2\code\ox-board\node_modules\jest-circus\build\jestAdapterInit.js:839:13)
          at _runTestsForDescribeBlock (C:\Users\Nate2\code\ox-board\node_modules\jest-circus\build\jestAdapterInit.js:829:11)
          at run (C:\Users\Nate2\code\ox-board\node_modules\jest-circus\build\jestAdapterInit.js:757:3)
          at runAndTransformResultsToJestFormat (C:\Users\Nate2\code\ox-board\node_modules\jest-circus\build\jestAdapterInit.js:1917:21)
          at jestAdapter (C:\Users\Nate2\code\ox-board\node_modules\jest-circus\build\runner.js:101:19)
          at runTestInternal (C:\Users\Nate2\code\ox-board\node_modules\jest-runner\build\testWorker.js:275:16)
          at runTest (C:\Users\Nate2\code\ox-board\node_modules\jest-runner\build\testWorker.js:343:7)
          at Object.worker (C:\Users\Nate2\code\ox-board\node_modules\jest-runner\build\testWorker.js:497:12),
      type: 'unhandled exception'
    }

    [0m [90m 103 |[39m     [36mreturn[39m[33m;[39m
     [90m 104 |[39m   }
    [31m[1m>[22m[39m[90m 105 |[39m   originalError[33m.[39mcall(console[33m,[39m [33m...[39margs)[33m;[39m
     [90m     |[39m                 [31m[1m^[22m[39m
     [90m 106 |[39m }[33m;[39m
     [90m 107 |[39m
     [90m 108 |[39m [90m// Suppress specific warnings during tests[39m[0m

      at console.call [as error] (tests/setup/jest.setup.js:105:17)
      at VirtualConsole.<anonymous> (node_modules/@jest/environment-jsdom-abstract/build/index.js:78:23)
      at reportException (node_modules/jsdom/lib/jsdom/living/helpers/runtime-script-errors.js:70:28)
      at innerInvokeEventListeners (node_modules/jsdom/lib/jsdom/living/events/EventTarget-impl.js:353:9)
      at invokeEventListeners (node_modules/jsdom/lib/jsdom/living/events/EventTarget-impl.js:286:3)
      at HTMLUnknownElementImpl._dispatch (node_modules/jsdom/lib/jsdom/living/events/EventTarget-impl.js:233:9)
      at HTMLUnknownElementImpl.dispatchEvent (node_modules/jsdom/lib/jsdom/living/events/EventTarget-impl.js:104:17)
      at HTMLUnknownElement.dispatchEvent (node_modules/jsdom/lib/jsdom/living/generated/EventTarget.js:241:34)
      at Object.invokeGuardedCallbackDev (node_modules/react-dom/cjs/react-dom.development.js:4213:16)
      at invokeGuardedCallback (node_modules/react-dom/cjs/react-dom.development.js:4277:31)
      at beginWork$1 (node_modules/react-dom/cjs/react-dom.development.js:27490:7)
      at performUnitOfWork (node_modules/react-dom/cjs/react-dom.development.js:26599:12)
      at workLoopSync (node_modules/react-dom/cjs/react-dom.development.js:26505:5)
      at renderRootSync (node_modules/react-dom/cjs/react-dom.development.js:26473:7)
      at performConcurrentWorkOnRoot (node_modules/react-dom/cjs/react-dom.development.js:25777:74)
      at flushActQueue (node_modules/react/cjs/react.development.js:2667:24)
      at act (node_modules/react/cjs/react.development.js:2582:11)
      at node_modules/@testing-library/react/dist/act-compat.js:47:25
      at Object.<anonymous> (tests/unit/components/GestureFeedback.test.tsx:482:8)

  console.error
    Error: Uncaught [Error: Too many re-renders. React limits the number of renders to prevent an infinite loop.]
        at Object.<anonymous> (C:\Users\Nate2\code\ox-board\tests\unit\components\GestureFeedback.test.tsx:482:8)
        at new Promise (<anonymous>) {
      detail: Error: Too many re-renders. React limits the number of renders to prevent an infinite loop.
          at renderWithHooks (C:\Users\Nate2\code\ox-board\node_modules\react-dom\cjs\react-dom.development.js:15498:15)
          at updateFunctionComponent (C:\Users\Nate2\code\ox-board\node_modules\react-dom\cjs\react-dom.development.js:19617:20)
          at beginWork (C:\Users\Nate2\code\ox-board\node_modules\react-dom\cjs\react-dom.development.js:21640:16)
          at HTMLUnknownElement.callCallback (C:\Users\Nate2\code\ox-board\node_modules\react-dom\cjs\react-dom.development.js:4164:14)
          at HTMLUnknownElement.callTheUserObjectsOperation (C:\Users\Nate2\code\ox-board\node_modules\jsdom\lib\jsdom\living\generated\EventListener.js:26:30)
          at innerInvokeEventListeners (C:\Users\Nate2\code\ox-board\node_modules\jsdom\lib\jsdom\living\events\EventTarget-impl.js:350:25)
          at invokeEventListeners (C:\Users\Nate2\code\ox-board\node_modules\jsdom\lib\jsdom\living\events\EventTarget-impl.js:286:3)
          at HTMLUnknownElementImpl._dispatch (C:\Users\Nate2\code\ox-board\node_modules\jsdom\lib\jsdom\living\events\EventTarget-impl.js:233:9)
          at HTMLUnknownElementImpl.dispatchEvent (C:\Users\Nate2\code\ox-board\node_modules\jsdom\lib\jsdom\living\events\EventTarget-impl.js:104:17)
          at HTMLUnknownElement.dispatchEvent (C:\Users\Nate2\code\ox-board\node_modules\jsdom\lib\jsdom\living\generated\EventTarget.js:241:34)
          at Object.invokeGuardedCallbackDev (C:\Users\Nate2\code\ox-board\node_modules\react-dom\cjs\react-dom.development.js:4213:16)
          at invokeGuardedCallback (C:\Users\Nate2\code\ox-board\node_modules\react-dom\cjs\react-dom.development.js:4277:31)
          at beginWork$1 (C:\Users\Nate2\code\ox-board\node_modules\react-dom\cjs\react-dom.development.js:27490:7)
          at performUnitOfWork (C:\Users\Nate2\code\ox-board\node_modules\react-dom\cjs\react-dom.development.js:26599:12)
          at workLoopSync (C:\Users\Nate2\code\ox-board\node_modules\react-dom\cjs\react-dom.development.js:26505:5)
          at renderRootSync (C:\Users\Nate2\code\ox-board\node_modules\react-dom\cjs\react-dom.development.js:26473:7)
          at recoverFromConcurrentError (C:\Users\Nate2\code\ox-board\node_modules\react-dom\cjs\react-dom.development.js:25889:20)
          at performConcurrentWorkOnRoot (C:\Users\Nate2\code\ox-board\node_modules\react-dom\cjs\react-dom.development.js:25789:22)
          at flushActQueue (C:\Users\Nate2\code\ox-board\node_modules\react\cjs\react.development.js:2667:24)
          at act (C:\Users\Nate2\code\ox-board\node_modules\react\cjs\react.development.js:2582:11)
          at C:\Users\Nate2\code\ox-board\node_modules\@testing-library\react\dist\act-compat.js:47:25
          at Object.<anonymous> (C:\Users\Nate2\code\ox-board\tests\unit\components\GestureFeedback.test.tsx:482:8)
          at Promise.finally.completed (C:\Users\Nate2\code\ox-board\node_modules\jest-circus\build\jestAdapterInit.js:1556:28)
          at new Promise (<anonymous>)
          at callAsyncCircusFn (C:\Users\Nate2\code\ox-board\node_modules\jest-circus\build\jestAdapterInit.js:1496:10)
          at _callCircusTest (C:\Users\Nate2\code\ox-board\node_modules\jest-circus\build\jestAdapterInit.js:1006:40)
          at processTicksAndRejections (node:internal/process/task_queues:105:5)
          at _runTest (C:\Users\Nate2\code\ox-board\node_modules\jest-circus\build\jestAdapterInit.js:946:3)
          at _runTestsForDescribeBlock (C:\Users\Nate2\code\ox-board\node_modules\jest-circus\build\jestAdapterInit.js:839:13)
          at _runTestsForDescribeBlock (C:\Users\Nate2\code\ox-board\node_modules\jest-circus\build\jestAdapterInit.js:829:11)
          at run (C:\Users\Nate2\code\ox-board\node_modules\jest-circus\build\jestAdapterInit.js:757:3)
          at runAndTransformResultsToJestFormat (C:\Users\Nate2\code\ox-board\node_modules\jest-circus\build\jestAdapterInit.js:1917:21)
          at jestAdapter (C:\Users\Nate2\code\ox-board\node_modules\jest-circus\build\runner.js:101:19)
          at runTestInternal (C:\Users\Nate2\code\ox-board\node_modules\jest-runner\build\testWorker.js:275:16)
          at runTest (C:\Users\Nate2\code\ox-board\node_modules\jest-runner\build\testWorker.js:343:7)
          at Object.worker (C:\Users\Nate2\code\ox-board\node_modules\jest-runner\build\testWorker.js:497:12),
      type: 'unhandled exception'
    }

    [0m [90m 103 |[39m     [36mreturn[39m[33m;[39m
     [90m 104 |[39m   }
    [31m[1m>[22m[39m[90m 105 |[39m   originalError[33m.[39mcall(console[33m,[39m [33m...[39margs)[33m;[39m
     [90m     |[39m                 [31m[1m^[22m[39m
     [90m 106 |[39m }[33m;[39m
     [90m 107 |[39m
     [90m 108 |[39m [90m// Suppress specific warnings during tests[39m[0m

      at console.call [as error] (tests/setup/jest.setup.js:105:17)
      at VirtualConsole.<anonymous> (node_modules/@jest/environment-jsdom-abstract/build/index.js:78:23)
      at reportException (node_modules/jsdom/lib/jsdom/living/helpers/runtime-script-errors.js:70:28)
      at innerInvokeEventListeners (node_modules/jsdom/lib/jsdom/living/events/EventTarget-impl.js:353:9)
      at invokeEventListeners (node_modules/jsdom/lib/jsdom/living/events/EventTarget-impl.js:286:3)
      at HTMLUnknownElementImpl._dispatch (node_modules/jsdom/lib/jsdom/living/events/EventTarget-impl.js:233:9)
      at HTMLUnknownElementImpl.dispatchEvent (node_modules/jsdom/lib/jsdom/living/events/EventTarget-impl.js:104:17)
      at HTMLUnknownElement.dispatchEvent (node_modules/jsdom/lib/jsdom/living/generated/EventTarget.js:241:34)
      at Object.invokeGuardedCallbackDev (node_modules/react-dom/cjs/react-dom.development.js:4213:16)
      at invokeGuardedCallback (node_modules/react-dom/cjs/react-dom.development.js:4277:31)
      at beginWork$1 (node_modules/react-dom/cjs/react-dom.development.js:27490:7)
      at performUnitOfWork (node_modules/react-dom/cjs/react-dom.development.js:26599:12)
      at workLoopSync (node_modules/react-dom/cjs/react-dom.development.js:26505:5)
      at renderRootSync (node_modules/react-dom/cjs/react-dom.development.js:26473:7)
      at recoverFromConcurrentError (node_modules/react-dom/cjs/react-dom.development.js:25889:20)
      at performConcurrentWorkOnRoot (node_modules/react-dom/cjs/react-dom.development.js:25789:22)
      at flushActQueue (node_modules/react/cjs/react.development.js:2667:24)
      at act (node_modules/react/cjs/react.development.js:2582:11)
      at node_modules/@testing-library/react/dist/act-compat.js:47:25
      at Object.<anonymous> (tests/unit/components/GestureFeedback.test.tsx:482:8)

  console.error
    The above error occurred in the <GestureFeedback> component:
    
        at mapper (C:\Users\Nate2\code\ox-board\app\components\GestureFeedback.tsx:64:3)
    
    Consider adding an error boundary to your tree to customize error handling behavior.
    Visit https://reactjs.org/link/error-boundaries to learn more about error boundaries.

    [0m [90m 103 |[39m     [36mreturn[39m[33m;[39m
     [90m 104 |[39m   }
    [31m[1m>[22m[39m[90m 105 |[39m   originalError[33m.[39mcall(console[33m,[39m [33m...[39margs)[33m;[39m
     [90m     |[39m                 [31m[1m^[22m[39m
     [90m 106 |[39m }[33m;[39m
     [90m 107 |[39m
     [90m 108 |[39m [90m// Suppress specific warnings during tests[39m[0m

      at console.call [as error] (tests/setup/jest.setup.js:105:17)
      at logCapturedError (node_modules/react-dom/cjs/react-dom.development.js:18704:23)
      at update.callback (node_modules/react-dom/cjs/react-dom.development.js:18737:5)
      at callCallback (node_modules/react-dom/cjs/react-dom.development.js:15036:12)
      at commitUpdateQueue (node_modules/react-dom/cjs/react-dom.development.js:15057:9)
      at commitLayoutEffectOnFiber (node_modules/react-dom/cjs/react-dom.development.js:23430:13)
      at commitLayoutMountEffects_complete (node_modules/react-dom/cjs/react-dom.development.js:24727:9)
      at commitLayoutEffects_begin (node_modules/react-dom/cjs/react-dom.development.js:24713:7)
      at commitLayoutEffects (node_modules/react-dom/cjs/react-dom.development.js:24651:3)
      at commitRootImpl (node_modules/react-dom/cjs/react-dom.development.js:26862:5)
      at commitRoot (node_modules/react-dom/cjs/react-dom.development.js:26721:5)
      at finishConcurrentRender (node_modules/react-dom/cjs/react-dom.development.js:25931:9)
      at performConcurrentWorkOnRoot (node_modules/react-dom/cjs/react-dom.development.js:25848:7)
      at flushActQueue (node_modules/react/cjs/react.development.js:2667:24)
      at act (node_modules/react/cjs/react.development.js:2582:11)
      at node_modules/@testing-library/react/dist/act-compat.js:47:25
      at Object.<anonymous> (tests/unit/components/GestureFeedback.test.tsx:482:8)

  console.warn
    Received response for unknown request: init

    [0m [90m 117 |[39m     [36mreturn[39m[33m;[39m
     [90m 118 |[39m   }
    [31m[1m>[22m[39m[90m 119 |[39m   originalWarn[33m.[39mcall(console[33m,[39m [33m...[39margs)[33m;[39m
     [90m     |[39m                [31m[1m^[22m[39m
     [90m 120 |[39m }[33m;[39m
     [90m 121 |[39m[0m

      at console.call (tests/setup/jest.setup.js:119:16)
      at MusicAnalyzerClient.warn [as handleWorkerMessage] (app/lib/audio/musicAnalyzerClient.ts:158:15)
      at MockWorker.onmessage [as simulateMessage] (tests/unit/lib/audio/musicAnalyzerClient.test.ts:58:12)
      at simulateMessage (tests/unit/lib/audio/musicAnalyzerClient.test.ts:32:12)
      at Timeout.task [as _onTimeout] (node_modules/jsdom/lib/jsdom/browser/Window.js:579:19)

FAIL tests/unit/components/GestureFeedback.test.tsx
  GestureFeedback
    √ should render nothing when not active (17 ms)
    √ should render nothing when no feedback state is available (3 ms)
    √ should subscribe to mapper feedback updates on mount (3 ms)
    √ should unsubscribe from mapper feedback updates on unmount (3 ms)
    × should display gesture indicators when feedback is available (113 ms)
    × should display confidence percentages (31 ms)
    × should display latency when enabled (36 ms)
    × should show stem indicators correctly (25 ms)
    × should display correct gesture icons (28 ms)
    × should show mapping descriptions (25 ms)
    √ should render in compact mode (12 ms)
    × should show channel information (31 ms)
    × should display value progress bars (23 ms)
    √ should handle empty gesture state (4 ms)
    × should apply correct confidence color coding (22 ms)
    × should apply correct latency color coding (23 ms)
    × should handle animated value transitions (37 ms)
    × should handle multiple gesture updates (23 ms)

  ● GestureFeedback › should display gesture indicators when feedback is available

    Too many re-renders. React limits the number of renders to prevent an infinite loop.

    [0m [90m 153 |[39m     render([33m<[39m[33mGestureFeedback[39m mapper[33m=[39m{mockMapper} isActive[33m=[39m{[36mtrue[39m} [33m/[39m[33m>[39m)[33m;[39m
     [90m 154 |[39m
    [31m[1m>[22m[39m[90m 155 |[39m     act(() [33m=>[39m {
     [90m     |[39m        [31m[1m^[22m[39m
     [90m 156 |[39m       jest[33m.[39mrunAllTimers()[33m;[39m
     [90m 157 |[39m     })[33m;[39m
     [90m 158 |[39m[0m

      at renderWithHooks (node_modules/react-dom/cjs/react-dom.development.js:15498:15)
      at updateFunctionComponent (node_modules/react-dom/cjs/react-dom.development.js:19617:20)
      at beginWork (node_modules/react-dom/cjs/react-dom.development.js:21640:16)
      at beginWork$1 (node_modules/react-dom/cjs/react-dom.development.js:27465:14)
      at performUnitOfWork (node_modules/react-dom/cjs/react-dom.development.js:26599:12)
      at workLoopSync (node_modules/react-dom/cjs/react-dom.development.js:26505:5)
      at renderRootSync (node_modules/react-dom/cjs/react-dom.development.js:26473:7)
      at recoverFromConcurrentError (node_modules/react-dom/cjs/react-dom.development.js:25889:20)
      at performConcurrentWorkOnRoot (node_modules/react-dom/cjs/react-dom.development.js:25789:22)
      at flushActQueue (node_modules/react/cjs/react.development.js:2667:24)
      at act (node_modules/react/cjs/react.development.js:2582:11)
      at node_modules/@testing-library/react/dist/act-compat.js:47:25
      at Object.<anonymous> (tests/unit/components/GestureFeedback.test.tsx:155:8)

  ● GestureFeedback › should display confidence percentages

    Too many re-renders. React limits the number of renders to prevent an infinite loop.

    [0m [90m 178 |[39m     )[33m;[39m
     [90m 179 |[39m
    [31m[1m>[22m[39m[90m 180 |[39m     act(() [33m=>[39m {
     [90m     |[39m        [31m[1m^[22m[39m
     [90m 181 |[39m       jest[33m.[39mrunAllTimers()[33m;[39m
     [90m 182 |[39m     })[33m;[39m
     [90m 183 |[39m[0m

      at renderWithHooks (node_modules/react-dom/cjs/react-dom.development.js:15498:15)
      at updateFunctionComponent (node_modules/react-dom/cjs/react-dom.development.js:19617:20)
      at beginWork (node_modules/react-dom/cjs/react-dom.development.js:21640:16)
      at beginWork$1 (node_modules/react-dom/cjs/react-dom.development.js:27465:14)
      at performUnitOfWork (node_modules/react-dom/cjs/react-dom.development.js:26599:12)
      at workLoopSync (node_modules/react-dom/cjs/react-dom.development.js:26505:5)
      at renderRootSync (node_modules/react-dom/cjs/react-dom.development.js:26473:7)
      at recoverFromConcurrentError (node_modules/react-dom/cjs/react-dom.development.js:25889:20)
      at performConcurrentWorkOnRoot (node_modules/react-dom/cjs/react-dom.development.js:25789:22)
      at flushActQueue (node_modules/react/cjs/react.development.js:2667:24)
      at act (node_modules/react/cjs/react.development.js:2582:11)
      at node_modules/@testing-library/react/dist/act-compat.js:47:25
      at Object.<anonymous> (tests/unit/components/GestureFeedback.test.tsx:180:8)

  ● GestureFeedback › should display latency when enabled

    Too many re-renders. React limits the number of renders to prevent an infinite loop.

    [0m [90m 202 |[39m     )[33m;[39m
     [90m 203 |[39m
    [31m[1m>[22m[39m[90m 204 |[39m     act(() [33m=>[39m {
     [90m     |[39m        [31m[1m^[22m[39m
     [90m 205 |[39m       jest[33m.[39mrunAllTimers()[33m;[39m
     [90m 206 |[39m     })[33m;[39m
     [90m 207 |[39m[0m

      at renderWithHooks (node_modules/react-dom/cjs/react-dom.development.js:15498:15)
      at updateFunctionComponent (node_modules/react-dom/cjs/react-dom.development.js:19617:20)
      at beginWork (node_modules/react-dom/cjs/react-dom.development.js:21640:16)
      at beginWork$1 (node_modules/react-dom/cjs/react-dom.development.js:27465:14)
      at performUnitOfWork (node_modules/react-dom/cjs/react-dom.development.js:26599:12)
      at workLoopSync (node_modules/react-dom/cjs/react-dom.development.js:26505:5)
      at renderRootSync (node_modules/react-dom/cjs/react-dom.development.js:26473:7)
      at recoverFromConcurrentError (node_modules/react-dom/cjs/react-dom.development.js:25889:20)
      at performConcurrentWorkOnRoot (node_modules/react-dom/cjs/react-dom.development.js:25789:22)
      at flushActQueue (node_modules/react/cjs/react.development.js:2667:24)
      at act (node_modules/react/cjs/react.development.js:2582:11)
      at node_modules/@testing-library/react/dist/act-compat.js:47:25
      at Object.<anonymous> (tests/unit/components/GestureFeedback.test.tsx:204:8)

  ● GestureFeedback › should show stem indicators correctly

    Too many re-renders. React limits the number of renders to prevent an infinite loop.

    [0m [90m 219 |[39m     render([33m<[39m[33mGestureFeedback[39m mapper[33m=[39m{mockMapper} isActive[33m=[39m{[36mtrue[39m} [33m/[39m[33m>[39m)[33m;[39m
     [90m 220 |[39m
    [31m[1m>[22m[39m[90m 221 |[39m     act(() [33m=>[39m {
     [90m     |[39m        [31m[1m^[22m[39m
     [90m 222 |[39m       jest[33m.[39mrunAllTimers()[33m;[39m
     [90m 223 |[39m     })[33m;[39m
     [90m 224 |[39m[0m

      at renderWithHooks (node_modules/react-dom/cjs/react-dom.development.js:15498:15)
      at updateFunctionComponent (node_modules/react-dom/cjs/react-dom.development.js:19617:20)
      at beginWork (node_modules/react-dom/cjs/react-dom.development.js:21640:16)
      at beginWork$1 (node_modules/react-dom/cjs/react-dom.development.js:27465:14)
      at performUnitOfWork (node_modules/react-dom/cjs/react-dom.development.js:26599:12)
      at workLoopSync (node_modules/react-dom/cjs/react-dom.development.js:26505:5)
      at renderRootSync (node_modules/react-dom/cjs/react-dom.development.js:26473:7)
      at recoverFromConcurrentError (node_modules/react-dom/cjs/react-dom.development.js:25889:20)
      at performConcurrentWorkOnRoot (node_modules/react-dom/cjs/react-dom.development.js:25789:22)
      at flushActQueue (node_modules/react/cjs/react.development.js:2667:24)
      at act (node_modules/react/cjs/react.development.js:2582:11)
      at node_modules/@testing-library/react/dist/act-compat.js:47:25
      at Object.<anonymous> (tests/unit/components/GestureFeedback.test.tsx:221:8)

  ● GestureFeedback › should display correct gesture icons

    Too many re-renders. React limits the number of renders to prevent an infinite loop.

    [0m [90m 241 |[39m     render([33m<[39m[33mGestureFeedback[39m mapper[33m=[39m{mockMapper} isActive[33m=[39m{[36mtrue[39m} [33m/[39m[33m>[39m)[33m;[39m
     [90m 242 |[39m
    [31m[1m>[22m[39m[90m 243 |[39m     act(() [33m=>[39m {
     [90m     |[39m        [31m[1m^[22m[39m
     [90m 244 |[39m       jest[33m.[39mrunAllTimers()[33m;[39m
     [90m 245 |[39m     })[33m;[39m
     [90m 246 |[39m[0m

      at renderWithHooks (node_modules/react-dom/cjs/react-dom.development.js:15498:15)
      at updateFunctionComponent (node_modules/react-dom/cjs/react-dom.development.js:19617:20)
      at beginWork (node_modules/react-dom/cjs/react-dom.development.js:21640:16)
      at beginWork$1 (node_modules/react-dom/cjs/react-dom.development.js:27465:14)
      at performUnitOfWork (node_modules/react-dom/cjs/react-dom.development.js:26599:12)
      at workLoopSync (node_modules/react-dom/cjs/react-dom.development.js:26505:5)
      at renderRootSync (node_modules/react-dom/cjs/react-dom.development.js:26473:7)
      at recoverFromConcurrentError (node_modules/react-dom/cjs/react-dom.development.js:25889:20)
      at performConcurrentWorkOnRoot (node_modules/react-dom/cjs/react-dom.development.js:25789:22)
      at flushActQueue (node_modules/react/cjs/react.development.js:2667:24)
      at act (node_modules/react/cjs/react.development.js:2582:11)
      at node_modules/@testing-library/react/dist/act-compat.js:47:25
      at Object.<anonymous> (tests/unit/components/GestureFeedback.test.tsx:243:8)

  ● GestureFeedback › should show mapping descriptions

    Too many re-renders. React limits the number of renders to prevent an infinite loop.

    [0m [90m 260 |[39m     render([33m<[39m[33mGestureFeedback[39m mapper[33m=[39m{mockMapper} isActive[33m=[39m{[36mtrue[39m} [33m/[39m[33m>[39m)[33m;[39m
     [90m 261 |[39m
    [31m[1m>[22m[39m[90m 262 |[39m     act(() [33m=>[39m {
     [90m     |[39m        [31m[1m^[22m[39m
     [90m 263 |[39m       jest[33m.[39mrunAllTimers()[33m;[39m
     [90m 264 |[39m     })[33m;[39m
     [90m 265 |[39m[0m

      at renderWithHooks (node_modules/react-dom/cjs/react-dom.development.js:15498:15)
      at updateFunctionComponent (node_modules/react-dom/cjs/react-dom.development.js:19617:20)
      at beginWork (node_modules/react-dom/cjs/react-dom.development.js:21640:16)
      at beginWork$1 (node_modules/react-dom/cjs/react-dom.development.js:27465:14)
      at performUnitOfWork (node_modules/react-dom/cjs/react-dom.development.js:26599:12)
      at workLoopSync (node_modules/react-dom/cjs/react-dom.development.js:26505:5)
      at renderRootSync (node_modules/react-dom/cjs/react-dom.development.js:26473:7)
      at recoverFromConcurrentError (node_modules/react-dom/cjs/react-dom.development.js:25889:20)
      at performConcurrentWorkOnRoot (node_modules/react-dom/cjs/react-dom.development.js:25789:22)
      at flushActQueue (node_modules/react/cjs/react.development.js:2667:24)
      at act (node_modules/react/cjs/react.development.js:2582:11)
      at node_modules/@testing-library/react/dist/act-compat.js:47:25
      at Object.<anonymous> (tests/unit/components/GestureFeedback.test.tsx:262:8)

  ● GestureFeedback › should show channel information

    Too many re-renders. React limits the number of renders to prevent an infinite loop.

    [0m [90m 304 |[39m     render([33m<[39m[33mGestureFeedback[39m mapper[33m=[39m{mockMapper} isActive[33m=[39m{[36mtrue[39m} channel[33m=[39m{[35m2[39m} [33m/[39m[33m>[39m)[33m;[39m
     [90m 305 |[39m
    [31m[1m>[22m[39m[90m 306 |[39m     act(() [33m=>[39m {
     [90m     |[39m        [31m[1m^[22m[39m
     [90m 307 |[39m       jest[33m.[39mrunAllTimers()[33m;[39m
     [90m 308 |[39m     })[33m;[39m
     [90m 309 |[39m[0m

      at renderWithHooks (node_modules/react-dom/cjs/react-dom.development.js:15498:15)
      at updateFunctionComponent (node_modules/react-dom/cjs/react-dom.development.js:19617:20)
      at beginWork (node_modules/react-dom/cjs/react-dom.development.js:21640:16)
      at beginWork$1 (node_modules/react-dom/cjs/react-dom.development.js:27465:14)
      at performUnitOfWork (node_modules/react-dom/cjs/react-dom.development.js:26599:12)
      at workLoopSync (node_modules/react-dom/cjs/react-dom.development.js:26505:5)
      at renderRootSync (node_modules/react-dom/cjs/react-dom.development.js:26473:7)
      at recoverFromConcurrentError (node_modules/react-dom/cjs/react-dom.development.js:25889:20)
      at performConcurrentWorkOnRoot (node_modules/react-dom/cjs/react-dom.development.js:25789:22)
      at flushActQueue (node_modules/react/cjs/react.development.js:2667:24)
      at act (node_modules/react/cjs/react.development.js:2582:11)
      at node_modules/@testing-library/react/dist/act-compat.js:47:25
      at Object.<anonymous> (tests/unit/components/GestureFeedback.test.tsx:306:8)

  ● GestureFeedback › should display value progress bars

    Too many re-renders. React limits the number of renders to prevent an infinite loop.

    [0m [90m 321 |[39m     render([33m<[39m[33mGestureFeedback[39m mapper[33m=[39m{mockMapper} isActive[33m=[39m{[36mtrue[39m} [33m/[39m[33m>[39m)[33m;[39m
     [90m 322 |[39m
    [31m[1m>[22m[39m[90m 323 |[39m     act(() [33m=>[39m {
     [90m     |[39m        [31m[1m^[22m[39m
     [90m 324 |[39m       jest[33m.[39mrunAllTimers()[33m;[39m
     [90m 325 |[39m     })[33m;[39m
     [90m 326 |[39m[0m

      at renderWithHooks (node_modules/react-dom/cjs/react-dom.development.js:15498:15)
      at updateFunctionComponent (node_modules/react-dom/cjs/react-dom.development.js:19617:20)
      at beginWork (node_modules/react-dom/cjs/react-dom.development.js:21640:16)
      at beginWork$1 (node_modules/react-dom/cjs/react-dom.development.js:27465:14)
      at performUnitOfWork (node_modules/react-dom/cjs/react-dom.development.js:26599:12)
      at workLoopSync (node_modules/react-dom/cjs/react-dom.development.js:26505:5)
      at renderRootSync (node_modules/react-dom/cjs/react-dom.development.js:26473:7)
      at recoverFromConcurrentError (node_modules/react-dom/cjs/react-dom.development.js:25889:20)
      at performConcurrentWorkOnRoot (node_modules/react-dom/cjs/react-dom.development.js:25789:22)
      at flushActQueue (node_modules/react/cjs/react.development.js:2667:24)
      at act (node_modules/react/cjs/react.development.js:2582:11)
      at node_modules/@testing-library/react/dist/act-compat.js:47:25
      at Object.<anonymous> (tests/unit/components/GestureFeedback.test.tsx:323:8)

  ● GestureFeedback › should apply correct confidence color coding

    Too many re-renders. React limits the number of renders to prevent an infinite loop.

    [0m [90m 390 |[39m     )[33m;[39m
     [90m 391 |[39m
    [31m[1m>[22m[39m[90m 392 |[39m     act(() [33m=>[39m {
     [90m     |[39m        [31m[1m^[22m[39m
     [90m 393 |[39m       jest[33m.[39mrunAllTimers()[33m;[39m
     [90m 394 |[39m     })[33m;[39m
     [90m 395 |[39m[0m

      at renderWithHooks (node_modules/react-dom/cjs/react-dom.development.js:15498:15)
      at updateFunctionComponent (node_modules/react-dom/cjs/react-dom.development.js:19617:20)
      at beginWork (node_modules/react-dom/cjs/react-dom.development.js:21640:16)
      at beginWork$1 (node_modules/react-dom/cjs/react-dom.development.js:27465:14)
      at performUnitOfWork (node_modules/react-dom/cjs/react-dom.development.js:26599:12)
      at workLoopSync (node_modules/react-dom/cjs/react-dom.development.js:26505:5)
      at renderRootSync (node_modules/react-dom/cjs/react-dom.development.js:26473:7)
      at recoverFromConcurrentError (node_modules/react-dom/cjs/react-dom.development.js:25889:20)
      at performConcurrentWorkOnRoot (node_modules/react-dom/cjs/react-dom.development.js:25789:22)
      at flushActQueue (node_modules/react/cjs/react.development.js:2667:24)
      at act (node_modules/react/cjs/react.development.js:2582:11)
      at node_modules/@testing-library/react/dist/act-compat.js:47:25
      at Object.<anonymous> (tests/unit/components/GestureFeedback.test.tsx:392:8)

  ● GestureFeedback › should apply correct latency color coding

    Too many re-renders. React limits the number of renders to prevent an infinite loop.

    [0m [90m 422 |[39m     )[33m;[39m
     [90m 423 |[39m
    [31m[1m>[22m[39m[90m 424 |[39m     act(() [33m=>[39m {
     [90m     |[39m        [31m[1m^[22m[39m
     [90m 425 |[39m       jest[33m.[39mrunAllTimers()[33m;[39m
     [90m 426 |[39m     })[33m;[39m
     [90m 427 |[39m[0m

      at renderWithHooks (node_modules/react-dom/cjs/react-dom.development.js:15498:15)
      at updateFunctionComponent (node_modules/react-dom/cjs/react-dom.development.js:19617:20)
      at beginWork (node_modules/react-dom/cjs/react-dom.development.js:21640:16)
      at beginWork$1 (node_modules/react-dom/cjs/react-dom.development.js:27465:14)
      at performUnitOfWork (node_modules/react-dom/cjs/react-dom.development.js:26599:12)
      at workLoopSync (node_modules/react-dom/cjs/react-dom.development.js:26505:5)
      at renderRootSync (node_modules/react-dom/cjs/react-dom.development.js:26473:7)
      at recoverFromConcurrentError (node_modules/react-dom/cjs/react-dom.development.js:25889:20)
      at performConcurrentWorkOnRoot (node_modules/react-dom/cjs/react-dom.development.js:25789:22)
      at flushActQueue (node_modules/react/cjs/react.development.js:2667:24)
      at act (node_modules/react/cjs/react.development.js:2582:11)
      at node_modules/@testing-library/react/dist/act-compat.js:47:25
      at Object.<anonymous> (tests/unit/components/GestureFeedback.test.tsx:424:8)

  ● GestureFeedback › should handle animated value transitions

    Too many re-renders. React limits the number of renders to prevent an infinite loop.

    [0m [90m 442 |[39m     render([33m<[39m[33mGestureFeedback[39m mapper[33m=[39m{mockMapper} isActive[33m=[39m{[36mtrue[39m} [33m/[39m[33m>[39m)[33m;[39m
     [90m 443 |[39m
    [31m[1m>[22m[39m[90m 444 |[39m     act(() [33m=>[39m {
     [90m     |[39m        [31m[1m^[22m[39m
     [90m 445 |[39m       jest[33m.[39mrunAllTimers()[33m;[39m
     [90m 446 |[39m     })[33m;[39m
     [90m 447 |[39m[0m

      at renderWithHooks (node_modules/react-dom/cjs/react-dom.development.js:15498:15)
      at updateFunctionComponent (node_modules/react-dom/cjs/react-dom.development.js:19617:20)
      at beginWork (node_modules/react-dom/cjs/react-dom.development.js:21640:16)
      at beginWork$1 (node_modules/react-dom/cjs/react-dom.development.js:27465:14)
      at performUnitOfWork (node_modules/react-dom/cjs/react-dom.development.js:26599:12)
      at workLoopSync (node_modules/react-dom/cjs/react-dom.development.js:26505:5)
      at renderRootSync (node_modules/react-dom/cjs/react-dom.development.js:26473:7)
      at recoverFromConcurrentError (node_modules/react-dom/cjs/react-dom.development.js:25889:20)
      at performConcurrentWorkOnRoot (node_modules/react-dom/cjs/react-dom.development.js:25789:22)
      at flushActQueue (node_modules/react/cjs/react.development.js:2667:24)
      at act (node_modules/react/cjs/react.development.js:2582:11)
      at node_modules/@testing-library/react/dist/act-compat.js:47:25
      at Object.<anonymous> (tests/unit/components/GestureFeedback.test.tsx:444:8)

  ● GestureFeedback › should handle multiple gesture updates

    Too many re-renders. React limits the number of renders to prevent an infinite loop.

    [0m [90m 480 |[39m
     [90m 481 |[39m     [90m// Send multiple rapid updates[39m
    [31m[1m>[22m[39m[90m 482 |[39m     act(() [33m=>[39m {
     [90m     |[39m        [31m[1m^[22m[39m
     [90m 483 |[39m       callbackFn(mockFeedbackState)[33m;[39m
     [90m 484 |[39m       callbackFn(mockFeedbackState)[33m;[39m
     [90m 485 |[39m       callbackFn(mockFeedbackState)[33m;[39m[0m

      at renderWithHooks (node_modules/react-dom/cjs/react-dom.development.js:15498:15)
      at updateFunctionComponent (node_modules/react-dom/cjs/react-dom.development.js:19617:20)
      at beginWork (node_modules/react-dom/cjs/react-dom.development.js:21640:16)
      at beginWork$1 (node_modules/react-dom/cjs/react-dom.development.js:27465:14)
      at performUnitOfWork (node_modules/react-dom/cjs/react-dom.development.js:26599:12)
      at workLoopSync (node_modules/react-dom/cjs/react-dom.development.js:26505:5)
      at renderRootSync (node_modules/react-dom/cjs/react-dom.development.js:26473:7)
      at recoverFromConcurrentError (node_modules/react-dom/cjs/react-dom.development.js:25889:20)
      at performConcurrentWorkOnRoot (node_modules/react-dom/cjs/react-dom.development.js:25789:22)
      at flushActQueue (node_modules/react/cjs/react.development.js:2667:24)
      at act (node_modules/react/cjs/react.development.js:2582:11)
      at node_modules/@testing-library/react/dist/act-compat.js:47:25
      at Object.<anonymous> (tests/unit/components/GestureFeedback.test.tsx:482:8)

  console.log
    Music analyzer client initialized

      at MusicAnalyzerClient.log [as initializeWorker] (app/lib/audio/musicAnalyzerClient.ts:143:15)

  console.warn
    Received response for unknown request: init

    [0m [90m 117 |[39m     [36mreturn[39m[33m;[39m
     [90m 118 |[39m   }
    [31m[1m>[22m[39m[90m 119 |[39m   originalWarn[33m.[39mcall(console[33m,[39m [33m...[39margs)[33m;[39m
     [90m     |[39m                [31m[1m^[22m[39m
     [90m 120 |[39m }[33m;[39m
     [90m 121 |[39m[0m

      at console.call (tests/setup/jest.setup.js:119:16)
      at MusicAnalyzerClient.warn [as handleWorkerMessage] (app/lib/audio/musicAnalyzerClient.ts:158:15)
      at MockWorker.onmessage [as simulateMessage] (tests/unit/lib/audio/musicAnalyzerClient.test.ts:58:12)
      at simulateMessage (tests/unit/lib/audio/musicAnalyzerClient.test.ts:32:12)
      at Timeout.task [as _onTimeout] (node_modules/jsdom/lib/jsdom/browser/Window.js:579:19)

  console.log
    Music analyzer client initialized

      at MusicAnalyzerClient.log [as initializeWorker] (app/lib/audio/musicAnalyzerClient.ts:143:15)

  console.warn
    Received response for unknown request: init

    [0m [90m 117 |[39m     [36mreturn[39m[33m;[39m
     [90m 118 |[39m   }
    [31m[1m>[22m[39m[90m 119 |[39m   originalWarn[33m.[39mcall(console[33m,[39m [33m...[39margs)[33m;[39m
     [90m     |[39m                [31m[1m^[22m[39m
     [90m 120 |[39m }[33m;[39m
     [90m 121 |[39m[0m

      at console.call (tests/setup/jest.setup.js:119:16)
      at MusicAnalyzerClient.warn [as handleWorkerMessage] (app/lib/audio/musicAnalyzerClient.ts:158:15)
      at MockWorker.onmessage [as simulateMessage] (tests/unit/lib/audio/musicAnalyzerClient.test.ts:58:12)
      at simulateMessage (tests/unit/lib/audio/musicAnalyzerClient.test.ts:32:12)
      at Timeout.task [as _onTimeout] (node_modules/jsdom/lib/jsdom/browser/Window.js:579:19)

  console.log
    Music analyzer client initialized

      at MusicAnalyzerClient.log [as initializeWorker] (app/lib/audio/musicAnalyzerClient.ts:143:15)

  console.warn
    Received response for unknown request: init

    [0m [90m 117 |[39m     [36mreturn[39m[33m;[39m
     [90m 118 |[39m   }
    [31m[1m>[22m[39m[90m 119 |[39m   originalWarn[33m.[39mcall(console[33m,[39m [33m...[39margs)[33m;[39m
     [90m     |[39m                [31m[1m^[22m[39m
     [90m 120 |[39m }[33m;[39m
     [90m 121 |[39m[0m

      at console.call (tests/setup/jest.setup.js:119:16)
      at MusicAnalyzerClient.warn [as handleWorkerMessage] (app/lib/audio/musicAnalyzerClient.ts:158:15)
      at MockWorker.onmessage [as simulateMessage] (tests/unit/lib/audio/musicAnalyzerClient.test.ts:58:12)
      at simulateMessage (tests/unit/lib/audio/musicAnalyzerClient.test.ts:32:12)
      at Timeout.task [as _onTimeout] (node_modules/jsdom/lib/jsdom/browser/Window.js:579:19)

  console.log
    Music analyzer client initialized

      at MusicAnalyzerClient.log [as initializeWorker] (app/lib/audio/musicAnalyzerClient.ts:143:15)

  console.warn
    Received response for unknown request: init

    [0m [90m 117 |[39m     [36mreturn[39m[33m;[39m
     [90m 118 |[39m   }
    [31m[1m>[22m[39m[90m 119 |[39m   originalWarn[33m.[39mcall(console[33m,[39m [33m...[39margs)[33m;[39m
     [90m     |[39m                [31m[1m^[22m[39m
     [90m 120 |[39m }[33m;[39m
     [90m 121 |[39m[0m

      at console.call (tests/setup/jest.setup.js:119:16)
      at MusicAnalyzerClient.warn [as handleWorkerMessage] (app/lib/audio/musicAnalyzerClient.ts:158:15)
      at MockWorker.onmessage [as simulateMessage] (tests/unit/lib/audio/musicAnalyzerClient.test.ts:58:12)
      at simulateMessage (tests/unit/lib/audio/musicAnalyzerClient.test.ts:32:12)
      at Timeout.task [as _onTimeout] (node_modules/jsdom/lib/jsdom/browser/Window.js:579:19)

  console.log
    Music analyzer client initialized

      at MusicAnalyzerClient.log [as initializeWorker] (app/lib/audio/musicAnalyzerClient.ts:143:15)

  console.warn
    Received response for unknown request: init

    [0m [90m 117 |[39m     [36mreturn[39m[33m;[39m
     [90m 118 |[39m   }
    [31m[1m>[22m[39m[90m 119 |[39m   originalWarn[33m.[39mcall(console[33m,[39m [33m...[39margs)[33m;[39m
     [90m     |[39m                [31m[1m^[22m[39m
     [90m 120 |[39m }[33m;[39m
     [90m 121 |[39m[0m

      at console.call (tests/setup/jest.setup.js:119:16)
      at MusicAnalyzerClient.warn [as handleWorkerMessage] (app/lib/audio/musicAnalyzerClient.ts:158:15)
      at MockWorker.onmessage [as simulateMessage] (tests/unit/lib/audio/musicAnalyzerClient.test.ts:58:12)
      at simulateMessage (tests/unit/lib/audio/musicAnalyzerClient.test.ts:32:12)
      at Timeout.task [as _onTimeout] (node_modules/jsdom/lib/jsdom/browser/Window.js:579:19)

  console.log
    Music analyzer client initialized

      at MusicAnalyzerClient.log [as initializeWorker] (app/lib/audio/musicAnalyzerClient.ts:143:15)

  console.warn
    Received response for unknown request: init

    [0m [90m 117 |[39m     [36mreturn[39m[33m;[39m
     [90m 118 |[39m   }
    [31m[1m>[22m[39m[90m 119 |[39m   originalWarn[33m.[39mcall(console[33m,[39m [33m...[39margs)[33m;[39m
     [90m     |[39m                [31m[1m^[22m[39m
     [90m 120 |[39m }[33m;[39m
     [90m 121 |[39m[0m

      at console.call (tests/setup/jest.setup.js:119:16)
      at MusicAnalyzerClient.warn [as handleWorkerMessage] (app/lib/audio/musicAnalyzerClient.ts:158:15)
      at MockWorker.onmessage [as simulateMessage] (tests/unit/lib/audio/musicAnalyzerClient.test.ts:58:12)
      at simulateMessage (tests/unit/lib/audio/musicAnalyzerClient.test.ts:32:12)
      at Timeout.task [as _onTimeout] (node_modules/jsdom/lib/jsdom/browser/Window.js:579:19)

  console.log
    Music analyzer client initialized

      at MusicAnalyzerClient.log [as initializeWorker] (app/lib/audio/musicAnalyzerClient.ts:143:15)

  console.warn
    Received response for unknown request: init

    [0m [90m 117 |[39m     [36mreturn[39m[33m;[39m
     [90m 118 |[39m   }
    [31m[1m>[22m[39m[90m 119 |[39m   originalWarn[33m.[39mcall(console[33m,[39m [33m...[39margs)[33m;[39m
     [90m     |[39m                [31m[1m^[22m[39m
     [90m 120 |[39m }[33m;[39m
     [90m 121 |[39m[0m

      at console.call (tests/setup/jest.setup.js:119:16)
      at MusicAnalyzerClient.warn [as handleWorkerMessage] (app/lib/audio/musicAnalyzerClient.ts:158:15)
      at MockWorker.onmessage [as simulateMessage] (tests/unit/lib/audio/musicAnalyzerClient.test.ts:58:12)
      at simulateMessage (tests/unit/lib/audio/musicAnalyzerClient.test.ts:32:12)
      at Timeout.task [as _onTimeout] (node_modules/jsdom/lib/jsdom/browser/Window.js:579:19)

  console.log
    Music analyzer client initialized

      at MusicAnalyzerClient.log [as initializeWorker] (app/lib/audio/musicAnalyzerClient.ts:143:15)

  console.warn
    Received response for unknown request: init

    [0m [90m 117 |[39m     [36mreturn[39m[33m;[39m
     [90m 118 |[39m   }
    [31m[1m>[22m[39m[90m 119 |[39m   originalWarn[33m.[39mcall(console[33m,[39m [33m...[39margs)[33m;[39m
     [90m     |[39m                [31m[1m^[22m[39m
     [90m 120 |[39m }[33m;[39m
     [90m 121 |[39m[0m

      at console.call (tests/setup/jest.setup.js:119:16)
      at MusicAnalyzerClient.warn [as handleWorkerMessage] (app/lib/audio/musicAnalyzerClient.ts:158:15)
      at MockWorker.onmessage [as simulateMessage] (tests/unit/lib/audio/musicAnalyzerClient.test.ts:58:12)
      at simulateMessage (tests/unit/lib/audio/musicAnalyzerClient.test.ts:32:12)
      at Timeout.task [as _onTimeout] (node_modules/jsdom/lib/jsdom/browser/Window.js:579:19)

  console.log
    Music analyzer client initialized

      at MusicAnalyzerClient.log [as initializeWorker] (app/lib/audio/musicAnalyzerClient.ts:143:15)

  console.warn
    Received response for unknown request: init

    [0m [90m 117 |[39m     [36mreturn[39m[33m;[39m
     [90m 118 |[39m   }
    [31m[1m>[22m[39m[90m 119 |[39m   originalWarn[33m.[39mcall(console[33m,[39m [33m...[39margs)[33m;[39m
     [90m     |[39m                [31m[1m^[22m[39m
     [90m 120 |[39m }[33m;[39m
     [90m 121 |[39m[0m

      at console.call (tests/setup/jest.setup.js:119:16)
      at MusicAnalyzerClient.warn [as handleWorkerMessage] (app/lib/audio/musicAnalyzerClient.ts:158:15)
      at MockWorker.onmessage [as simulateMessage] (tests/unit/lib/audio/musicAnalyzerClient.test.ts:58:12)
      at simulateMessage (tests/unit/lib/audio/musicAnalyzerClient.test.ts:32:12)
      at Timeout.task [as _onTimeout] (node_modules/jsdom/lib/jsdom/browser/Window.js:579:19)

  console.log
    Music analyzer client initialized

      at MusicAnalyzerClient.log [as initializeWorker] (app/lib/audio/musicAnalyzerClient.ts:143:15)

  console.warn
    Received response for unknown request: init

    [0m [90m 117 |[39m     [36mreturn[39m[33m;[39m
     [90m 118 |[39m   }
    [31m[1m>[22m[39m[90m 119 |[39m   originalWarn[33m.[39mcall(console[33m,[39m [33m...[39margs)[33m;[39m
     [90m     |[39m                [31m[1m^[22m[39m
     [90m 120 |[39m }[33m;[39m
     [90m 121 |[39m[0m

      at console.call (tests/setup/jest.setup.js:119:16)
      at MusicAnalyzerClient.warn [as handleWorkerMessage] (app/lib/audio/musicAnalyzerClient.ts:158:15)
      at MockWorker.onmessage [as simulateMessage] (tests/unit/lib/audio/musicAnalyzerClient.test.ts:58:12)
      at simulateMessage (tests/unit/lib/audio/musicAnalyzerClient.test.ts:32:12)
      at Timeout.task [as _onTimeout] (node_modules/jsdom/lib/jsdom/browser/Window.js:579:19)

  console.log
    Music analyzer client initialized

      at MusicAnalyzerClient.log [as initializeWorker] (app/lib/audio/musicAnalyzerClient.ts:143:15)

  console.warn
    Received response for unknown request: init

    [0m [90m 117 |[39m     [36mreturn[39m[33m;[39m
     [90m 118 |[39m   }
    [31m[1m>[22m[39m[90m 119 |[39m   originalWarn[33m.[39mcall(console[33m,[39m [33m...[39margs)[33m;[39m
     [90m     |[39m                [31m[1m^[22m[39m
     [90m 120 |[39m }[33m;[39m
     [90m 121 |[39m[0m

      at console.call (tests/setup/jest.setup.js:119:16)
      at MusicAnalyzerClient.warn [as handleWorkerMessage] (app/lib/audio/musicAnalyzerClient.ts:158:15)
      at MockWorker.onmessage [as simulateMessage] (tests/unit/lib/audio/musicAnalyzerClient.test.ts:58:12)
      at simulateMessage (tests/unit/lib/audio/musicAnalyzerClient.test.ts:32:12)
      at Timeout.task [as _onTimeout] (node_modules/jsdom/lib/jsdom/browser/Window.js:579:19)

  console.log
    Music analyzer client initialized

      at MusicAnalyzerClient.log [as initializeWorker] (app/lib/audio/musicAnalyzerClient.ts:143:15)

  console.warn
    Received response for unknown request: init

    [0m [90m 117 |[39m     [36mreturn[39m[33m;[39m
     [90m 118 |[39m   }
    [31m[1m>[22m[39m[90m 119 |[39m   originalWarn[33m.[39mcall(console[33m,[39m [33m...[39margs)[33m;[39m
     [90m     |[39m                [31m[1m^[22m[39m
     [90m 120 |[39m }[33m;[39m
     [90m 121 |[39m[0m

      at console.call (tests/setup/jest.setup.js:119:16)
      at MusicAnalyzerClient.warn [as handleWorkerMessage] (app/lib/audio/musicAnalyzerClient.ts:158:15)
      at MockWorker.onmessage [as simulateMessage] (tests/unit/lib/audio/musicAnalyzerClient.test.ts:58:12)
      at simulateMessage (tests/unit/lib/audio/musicAnalyzerClient.test.ts:32:12)
      at Timeout.task [as _onTimeout] (node_modules/jsdom/lib/jsdom/browser/Window.js:579:19)

  console.log
    Music analyzer client initialized

      at MusicAnalyzerClient.log [as initializeWorker] (app/lib/audio/musicAnalyzerClient.ts:143:15)

  console.warn
    Received response for unknown request: init

    [0m [90m 117 |[39m     [36mreturn[39m[33m;[39m
     [90m 118 |[39m   }
    [31m[1m>[22m[39m[90m 119 |[39m   originalWarn[33m.[39mcall(console[33m,[39m [33m...[39margs)[33m;[39m
     [90m     |[39m                [31m[1m^[22m[39m
     [90m 120 |[39m }[33m;[39m
     [90m 121 |[39m[0m

      at console.call (tests/setup/jest.setup.js:119:16)
      at MusicAnalyzerClient.warn [as handleWorkerMessage] (app/lib/audio/musicAnalyzerClient.ts:158:15)
      at MockWorker.onmessage [as simulateMessage] (tests/unit/lib/audio/musicAnalyzerClient.test.ts:58:12)
      at simulateMessage (tests/unit/lib/audio/musicAnalyzerClient.test.ts:32:12)
      at Timeout.task [as _onTimeout] (node_modules/jsdom/lib/jsdom/browser/Window.js:579:19)

  console.log
    Music analyzer client initialized

      at MusicAnalyzerClient.log [as initializeWorker] (app/lib/audio/musicAnalyzerClient.ts:143:15)

  console.warn
    Received response for unknown request: init

    [0m [90m 117 |[39m     [36mreturn[39m[33m;[39m
     [90m 118 |[39m   }
    [31m[1m>[22m[39m[90m 119 |[39m   originalWarn[33m.[39mcall(console[33m,[39m [33m...[39margs)[33m;[39m
     [90m     |[39m                [31m[1m^[22m[39m
     [90m 120 |[39m }[33m;[39m
     [90m 121 |[39m[0m

      at console.call (tests/setup/jest.setup.js:119:16)
      at MusicAnalyzerClient.warn [as handleWorkerMessage] (app/lib/audio/musicAnalyzerClient.ts:158:15)
      at MockWorker.onmessage [as simulateMessage] (tests/unit/lib/audio/musicAnalyzerClient.test.ts:58:12)
      at simulateMessage (tests/unit/lib/audio/musicAnalyzerClient.test.ts:32:12)
      at Timeout.task [as _onTimeout] (node_modules/jsdom/lib/jsdom/browser/Window.js:579:19)

  console.log
    Music analyzer client initialized

      at MusicAnalyzerClient.log [as initializeWorker] (app/lib/audio/musicAnalyzerClient.ts:143:15)

  console.warn
    Received response for unknown request: init

    [0m [90m 117 |[39m     [36mreturn[39m[33m;[39m
     [90m 118 |[39m   }
    [31m[1m>[22m[39m[90m 119 |[39m   originalWarn[33m.[39mcall(console[33m,[39m [33m...[39margs)[33m;[39m
     [90m     |[39m                [31m[1m^[22m[39m
     [90m 120 |[39m }[33m;[39m
     [90m 121 |[39m[0m

      at console.call (tests/setup/jest.setup.js:119:16)
      at MusicAnalyzerClient.warn [as handleWorkerMessage] (app/lib/audio/musicAnalyzerClient.ts:158:15)
      at MockWorker.onmessage [as simulateMessage] (tests/unit/lib/audio/musicAnalyzerClient.test.ts:58:12)
      at simulateMessage (tests/unit/lib/audio/musicAnalyzerClient.test.ts:32:12)
      at Timeout.task [as _onTimeout] (node_modules/jsdom/lib/jsdom/browser/Window.js:579:19)

  console.log
    Music analyzer client initialized

      at MusicAnalyzerClient.log [as initializeWorker] (app/lib/audio/musicAnalyzerClient.ts:143:15)

  console.warn
    Received response for unknown request: init

    [0m [90m 117 |[39m     [36mreturn[39m[33m;[39m
     [90m 118 |[39m   }
    [31m[1m>[22m[39m[90m 119 |[39m   originalWarn[33m.[39mcall(console[33m,[39m [33m...[39margs)[33m;[39m
     [90m     |[39m                [31m[1m^[22m[39m
     [90m 120 |[39m }[33m;[39m
     [90m 121 |[39m[0m

      at console.call (tests/setup/jest.setup.js:119:16)
      at MusicAnalyzerClient.warn [as handleWorkerMessage] (app/lib/audio/musicAnalyzerClient.ts:158:15)
      at MockWorker.onmessage [as simulateMessage] (tests/unit/lib/audio/musicAnalyzerClient.test.ts:58:12)
      at simulateMessage (tests/unit/lib/audio/musicAnalyzerClient.test.ts:32:12)
      at Timeout.task [as _onTimeout] (node_modules/jsdom/lib/jsdom/browser/Window.js:579:19)

  console.log
    Music analyzer client initialized

      at MusicAnalyzerClient.log [as initializeWorker] (app/lib/audio/musicAnalyzerClient.ts:143:15)

  console.warn
    Received response for unknown request: init

    [0m [90m 117 |[39m     [36mreturn[39m[33m;[39m
     [90m 118 |[39m   }
    [31m[1m>[22m[39m[90m 119 |[39m   originalWarn[33m.[39mcall(console[33m,[39m [33m...[39margs)[33m;[39m
     [90m     |[39m                [31m[1m^[22m[39m
     [90m 120 |[39m }[33m;[39m
     [90m 121 |[39m[0m

      at console.call (tests/setup/jest.setup.js:119:16)
      at MusicAnalyzerClient.warn [as handleWorkerMessage] (app/lib/audio/musicAnalyzerClient.ts:158:15)
      at MockWorker.onmessage [as simulateMessage] (tests/unit/lib/audio/musicAnalyzerClient.test.ts:58:12)
      at simulateMessage (tests/unit/lib/audio/musicAnalyzerClient.test.ts:32:12)
      at Timeout.task [as _onTimeout] (node_modules/jsdom/lib/jsdom/browser/Window.js:579:19)

  console.log
    Music analyzer client initialized

      at MusicAnalyzerClient.log [as initializeWorker] (app/lib/audio/musicAnalyzerClient.ts:143:15)

  console.warn
    Received response for unknown request: init

    [0m [90m 117 |[39m     [36mreturn[39m[33m;[39m
     [90m 118 |[39m   }
    [31m[1m>[22m[39m[90m 119 |[39m   originalWarn[33m.[39mcall(console[33m,[39m [33m...[39margs)[33m;[39m
     [90m     |[39m                [31m[1m^[22m[39m
     [90m 120 |[39m }[33m;[39m
     [90m 121 |[39m[0m

      at console.call (tests/setup/jest.setup.js:119:16)
      at MusicAnalyzerClient.warn [as handleWorkerMessage] (app/lib/audio/musicAnalyzerClient.ts:158:15)
      at MockWorker.onmessage [as simulateMessage] (tests/unit/lib/audio/musicAnalyzerClient.test.ts:58:12)
      at simulateMessage (tests/unit/lib/audio/musicAnalyzerClient.test.ts:32:12)
      at Timeout.task [as _onTimeout] (node_modules/jsdom/lib/jsdom/browser/Window.js:579:19)

  console.log
    Music analyzer client initialized

      at MusicAnalyzerClient.log [as initializeWorker] (app/lib/audio/musicAnalyzerClient.ts:143:15)

  console.warn
    Received response for unknown request: init

    [0m [90m 117 |[39m     [36mreturn[39m[33m;[39m
     [90m 118 |[39m   }
    [31m[1m>[22m[39m[90m 119 |[39m   originalWarn[33m.[39mcall(console[33m,[39m [33m...[39margs)[33m;[39m
     [90m     |[39m                [31m[1m^[22m[39m
     [90m 120 |[39m }[33m;[39m
     [90m 121 |[39m[0m

      at console.call (tests/setup/jest.setup.js:119:16)
      at MusicAnalyzerClient.warn [as handleWorkerMessage] (app/lib/audio/musicAnalyzerClient.ts:158:15)
      at MockWorker.onmessage [as simulateMessage] (tests/unit/lib/audio/musicAnalyzerClient.test.ts:58:12)
      at simulateMessage (tests/unit/lib/audio/musicAnalyzerClient.test.ts:32:12)
      at Timeout.task [as _onTimeout] (node_modules/jsdom/lib/jsdom/browser/Window.js:579:19)

PASS tests/unit/components/StemWaveform.test.tsx
  StemWaveform
    Rendering
      √ renders waveform canvas with correct dimensions (37 ms)
      √ shows stem type and color in header (18 ms)
      √ displays zoom controls when enabled (13 ms)
      √ hides zoom controls when disabled (13 ms)
      √ shows scrollbar when zoomed in (103 ms)
      √ shows no track message when no track loaded (2 ms)
    Waveform Generation
      √ generates mock waveform data for different stem types (46 ms)
      √ updates waveform when track changes (9 ms)
    Zoom Controls
      √ zooms in when zoom in button clicked (84 ms)
      √ zooms out when zoom out button clicked (155 ms)
      √ resets zoom when fit button clicked (202 ms)
      √ disables zoom out at minimum zoom (9 ms)
      √ disables zoom in at maximum zoom (641 ms)
    Mouse Interactions
      √ seeks to time position when canvas clicked (47 ms)
      √ starts drag selection with shift-click (13 ms)
      √ handles mouse wheel for zoom and scroll (19 ms)
    Keyboard Shortcuts
      √ zooms with keyboard shortcuts (122 ms)
      √ resets zoom with "0" key (125 ms)
      √ seeks with Home and End keys (78 ms)
    Performance
      √ uses React.memo for optimization (9 ms)
      √ throttles rendering to 60 FPS (12 ms)
      √ cancels animation frame on unmount (11 ms)
      √ handles resize events efficiently (9 ms)
    Visual Features
      √ renders time markers at appropriate intervals (8 ms)
      √ shows playhead position when playing (12 ms)
      √ renders grid when zoomed in (315 ms)
    Accessibility
      √ has proper focus management (31 ms)
      √ supports keyboard navigation (141 ms)
    Custom Callbacks
      √ calls onTimeSeek when position clicked (63 ms)
    Error Handling
      √ handles missing track gracefully (2 ms)
      √ handles canvas context errors gracefully (10 ms)
      √ handles invalid dimensions gracefully (8 ms)

  console.log
    Music analyzer client initialized

      at MusicAnalyzerClient.log [as initializeWorker] (app/lib/audio/musicAnalyzerClient.ts:143:15)

  console.warn
    Received response for unknown request: init

    [0m [90m 117 |[39m     [36mreturn[39m[33m;[39m
     [90m 118 |[39m   }
    [31m[1m>[22m[39m[90m 119 |[39m   originalWarn[33m.[39mcall(console[33m,[39m [33m...[39margs)[33m;[39m
     [90m     |[39m                [31m[1m^[22m[39m
     [90m 120 |[39m }[33m;[39m
     [90m 121 |[39m[0m

      at console.call (tests/setup/jest.setup.js:119:16)
      at MusicAnalyzerClient.warn [as handleWorkerMessage] (app/lib/audio/musicAnalyzerClient.ts:158:15)
      at MockWorker.onmessage [as simulateMessage] (tests/unit/lib/audio/musicAnalyzerClient.test.ts:58:12)
      at simulateMessage (tests/unit/lib/audio/musicAnalyzerClient.test.ts:32:12)
      at Timeout.task [as _onTimeout] (node_modules/jsdom/lib/jsdom/browser/Window.js:579:19)

  console.log
    Music analyzer client initialized

      at MusicAnalyzerClient.log [as initializeWorker] (app/lib/audio/musicAnalyzerClient.ts:143:15)

  console.warn
    Received response for unknown request: init

    [0m [90m 117 |[39m     [36mreturn[39m[33m;[39m
     [90m 118 |[39m   }
    [31m[1m>[22m[39m[90m 119 |[39m   originalWarn[33m.[39mcall(console[33m,[39m [33m...[39margs)[33m;[39m
     [90m     |[39m                [31m[1m^[22m[39m
     [90m 120 |[39m }[33m;[39m
     [90m 121 |[39m[0m

      at console.call (tests/setup/jest.setup.js:119:16)
      at MusicAnalyzerClient.warn [as handleWorkerMessage] (app/lib/audio/musicAnalyzerClient.ts:158:15)
      at MockWorker.onmessage [as simulateMessage] (tests/unit/lib/audio/musicAnalyzerClient.test.ts:58:12)
      at simulateMessage (tests/unit/lib/audio/musicAnalyzerClient.test.ts:32:12)
      at Timeout.task [as _onTimeout] (node_modules/jsdom/lib/jsdom/browser/Window.js:579:19)

  console.log
    Music analyzer client initialized

      at MusicAnalyzerClient.log [as initializeWorker] (app/lib/audio/musicAnalyzerClient.ts:143:15)

  console.warn
    Received response for unknown request: init

    [0m [90m 117 |[39m     [36mreturn[39m[33m;[39m
     [90m 118 |[39m   }
    [31m[1m>[22m[39m[90m 119 |[39m   originalWarn[33m.[39mcall(console[33m,[39m [33m...[39margs)[33m;[39m
     [90m     |[39m                [31m[1m^[22m[39m
     [90m 120 |[39m }[33m;[39m
     [90m 121 |[39m[0m

      at console.call (tests/setup/jest.setup.js:119:16)
      at MusicAnalyzerClient.warn [as handleWorkerMessage] (app/lib/audio/musicAnalyzerClient.ts:158:15)
      at MockWorker.onmessage [as simulateMessage] (tests/unit/lib/audio/musicAnalyzerClient.test.ts:58:12)
      at simulateMessage (tests/unit/lib/audio/musicAnalyzerClient.test.ts:32:12)
      at Timeout.task [as _onTimeout] (node_modules/jsdom/lib/jsdom/browser/Window.js:579:19)

  console.log
    Music analyzer client initialized

      at MusicAnalyzerClient.log [as initializeWorker] (app/lib/audio/musicAnalyzerClient.ts:143:15)

  console.warn
    Received response for unknown request: init

    [0m [90m 117 |[39m     [36mreturn[39m[33m;[39m
     [90m 118 |[39m   }
    [31m[1m>[22m[39m[90m 119 |[39m   originalWarn[33m.[39mcall(console[33m,[39m [33m...[39margs)[33m;[39m
     [90m     |[39m                [31m[1m^[22m[39m
     [90m 120 |[39m }[33m;[39m
     [90m 121 |[39m[0m

      at console.call (tests/setup/jest.setup.js:119:16)
      at MusicAnalyzerClient.warn [as handleWorkerMessage] (app/lib/audio/musicAnalyzerClient.ts:158:15)
      at MockWorker.onmessage [as simulateMessage] (tests/unit/lib/audio/musicAnalyzerClient.test.ts:58:12)
      at simulateMessage (tests/unit/lib/audio/musicAnalyzerClient.test.ts:32:12)
      at Timeout.task [as _onTimeout] (node_modules/jsdom/lib/jsdom/browser/Window.js:579:19)

  console.log
    Music analyzer client initialized

      at MusicAnalyzerClient.log [as initializeWorker] (app/lib/audio/musicAnalyzerClient.ts:143:15)

  console.warn
    Received response for unknown request: init

    [0m [90m 117 |[39m     [36mreturn[39m[33m;[39m
     [90m 118 |[39m   }
    [31m[1m>[22m[39m[90m 119 |[39m   originalWarn[33m.[39mcall(console[33m,[39m [33m...[39margs)[33m;[39m
     [90m     |[39m                [31m[1m^[22m[39m
     [90m 120 |[39m }[33m;[39m
     [90m 121 |[39m[0m

      at console.call (tests/setup/jest.setup.js:119:16)
      at MusicAnalyzerClient.warn [as handleWorkerMessage] (app/lib/audio/musicAnalyzerClient.ts:158:15)
      at MockWorker.onmessage [as simulateMessage] (tests/unit/lib/audio/musicAnalyzerClient.test.ts:58:12)
      at simulateMessage (tests/unit/lib/audio/musicAnalyzerClient.test.ts:32:12)
      at Timeout.task [as _onTimeout] (node_modules/jsdom/lib/jsdom/browser/Window.js:579:19)

  console.error
    Music analyzer worker error: { message: 'Worker crashed' }

    [0m [90m 103 |[39m     [36mreturn[39m[33m;[39m
     [90m 104 |[39m   }
    [31m[1m>[22m[39m[90m 105 |[39m   originalError[33m.[39mcall(console[33m,[39m [33m...[39margs)[33m;[39m
     [90m     |[39m                 [31m[1m^[22m[39m
     [90m 106 |[39m }[33m;[39m
     [90m 107 |[39m
     [90m 108 |[39m [90m// Suppress specific warnings during tests[39m[0m

      at console.call [as error] (tests/setup/jest.setup.js:105:17)
      at MusicAnalyzerClient.error [as handleWorkerError] (app/lib/audio/musicAnalyzerClient.ts:189:13)
      at MockWorker.onerror [as simulateError] (tests/unit/lib/audio/musicAnalyzerClient.test.ts:64:12)
      at simulateError (tests/unit/lib/audio/musicAnalyzerClient.test.ts:606:20)
      at Timeout.task [as _onTimeout] (node_modules/jsdom/lib/jsdom/browser/Window.js:579:19)

  console.log
    Music analyzer client initialized

      at MusicAnalyzerClient.log [as initializeWorker] (app/lib/audio/musicAnalyzerClient.ts:143:15)

  console.warn
    Received response for unknown request: init

    [0m [90m 117 |[39m     [36mreturn[39m[33m;[39m
     [90m 118 |[39m   }
    [31m[1m>[22m[39m[90m 119 |[39m   originalWarn[33m.[39mcall(console[33m,[39m [33m...[39margs)[33m;[39m
     [90m     |[39m                [31m[1m^[22m[39m
     [90m 120 |[39m }[33m;[39m
     [90m 121 |[39m[0m

      at console.call (tests/setup/jest.setup.js:119:16)
      at MusicAnalyzerClient.warn [as handleWorkerMessage] (app/lib/audio/musicAnalyzerClient.ts:158:15)
      at MockWorker.onmessage [as simulateMessage] (tests/unit/lib/audio/musicAnalyzerClient.test.ts:58:12)
      at simulateMessage (tests/unit/lib/audio/musicAnalyzerClient.test.ts:32:12)
      at Timeout.task [as _onTimeout] (node_modules/jsdom/lib/jsdom/browser/Window.js:579:19)

  console.warn
    Received response for unknown request: wrong-id

    [0m [90m 117 |[39m     [36mreturn[39m[33m;[39m
     [90m 118 |[39m   }
    [31m[1m>[22m[39m[90m 119 |[39m   originalWarn[33m.[39mcall(console[33m,[39m [33m...[39margs)[33m;[39m
     [90m     |[39m                [31m[1m^[22m[39m
     [90m 120 |[39m }[33m;[39m
     [90m 121 |[39m[0m

      at console.call (tests/setup/jest.setup.js:119:16)
      at MusicAnalyzerClient.warn [as handleWorkerMessage] (app/lib/audio/musicAnalyzerClient.ts:158:15)
      at MockWorker.onmessage [as simulateMessage] (tests/unit/lib/audio/musicAnalyzerClient.test.ts:58:12)
      at simulateMessage (tests/unit/lib/audio/musicAnalyzerClient.test.ts:623:16)
      at Timeout.task [as _onTimeout] (node_modules/jsdom/lib/jsdom/browser/Window.js:579:19)

  console.log
    Music analyzer client initialized

      at MusicAnalyzerClient.log [as initializeWorker] (app/lib/audio/musicAnalyzerClient.ts:143:15)

  console.warn
    Received response for unknown request: init

    [0m [90m 117 |[39m     [36mreturn[39m[33m;[39m
     [90m 118 |[39m   }
    [31m[1m>[22m[39m[90m 119 |[39m   originalWarn[33m.[39mcall(console[33m,[39m [33m...[39margs)[33m;[39m
     [90m     |[39m                [31m[1m^[22m[39m
     [90m 120 |[39m }[33m;[39m
     [90m 121 |[39m[0m

      at console.call (tests/setup/jest.setup.js:119:16)
      at MusicAnalyzerClient.warn [as handleWorkerMessage] (app/lib/audio/musicAnalyzerClient.ts:158:15)
      at MockWorker.onmessage [as simulateMessage] (tests/unit/lib/audio/musicAnalyzerClient.test.ts:58:12)
      at simulateMessage (tests/unit/lib/audio/musicAnalyzerClient.test.ts:32:12)
      at Timeout.task [as _onTimeout] (node_modules/jsdom/lib/jsdom/browser/Window.js:579:19)

  console.log
    Music analyzer client initialized

      at MusicAnalyzerClient.log [as initializeWorker] (app/lib/audio/musicAnalyzerClient.ts:143:15)

  console.warn
    Received response for unknown request: init

    [0m [90m 117 |[39m     [36mreturn[39m[33m;[39m
     [90m 118 |[39m   }
    [31m[1m>[22m[39m[90m 119 |[39m   originalWarn[33m.[39mcall(console[33m,[39m [33m...[39margs)[33m;[39m
     [90m     |[39m                [31m[1m^[22m[39m
     [90m 120 |[39m }[33m;[39m
     [90m 121 |[39m[0m

      at console.call (tests/setup/jest.setup.js:119:16)
      at MusicAnalyzerClient.warn [as handleWorkerMessage] (app/lib/audio/musicAnalyzerClient.ts:158:15)
      at MockWorker.onmessage [as simulateMessage] (tests/unit/lib/audio/musicAnalyzerClient.test.ts:58:12)
      at simulateMessage (tests/unit/lib/audio/musicAnalyzerClient.test.ts:32:12)
      at Timeout.task [as _onTimeout] (node_modules/jsdom/lib/jsdom/browser/Window.js:579:19)

  console.log
    Music analyzer client initialized

      at MusicAnalyzerClient.log [as initializeWorker] (app/lib/audio/musicAnalyzerClient.ts:143:15)

  console.warn
    Received response for unknown request: init

    [0m [90m 117 |[39m     [36mreturn[39m[33m;[39m
     [90m 118 |[39m   }
    [31m[1m>[22m[39m[90m 119 |[39m   originalWarn[33m.[39mcall(console[33m,[39m [33m...[39margs)[33m;[39m
     [90m     |[39m                [31m[1m^[22m[39m
     [90m 120 |[39m }[33m;[39m
     [90m 121 |[39m[0m

      at console.call (tests/setup/jest.setup.js:119:16)
      at MusicAnalyzerClient.warn [as handleWorkerMessage] (app/lib/audio/musicAnalyzerClient.ts:158:15)
      at MockWorker.onmessage [as simulateMessage] (tests/unit/lib/audio/musicAnalyzerClient.test.ts:58:12)
      at simulateMessage (tests/unit/lib/audio/musicAnalyzerClient.test.ts:32:12)
      at Timeout.task [as _onTimeout] (node_modules/jsdom/lib/jsdom/browser/Window.js:579:19)

  console.log
    Music analyzer client initialized

      at MusicAnalyzerClient.log [as initializeWorker] (app/lib/audio/musicAnalyzerClient.ts:143:15)

  console.warn
    Received response for unknown request: init

    [0m [90m 117 |[39m     [36mreturn[39m[33m;[39m
     [90m 118 |[39m   }
    [31m[1m>[22m[39m[90m 119 |[39m   originalWarn[33m.[39mcall(console[33m,[39m [33m...[39margs)[33m;[39m
     [90m     |[39m                [31m[1m^[22m[39m
     [90m 120 |[39m }[33m;[39m
     [90m 121 |[39m[0m

      at console.call (tests/setup/jest.setup.js:119:16)
      at MusicAnalyzerClient.warn [as handleWorkerMessage] (app/lib/audio/musicAnalyzerClient.ts:158:15)
      at MockWorker.onmessage [as simulateMessage] (tests/unit/lib/audio/musicAnalyzerClient.test.ts:58:12)
      at simulateMessage (tests/unit/lib/audio/musicAnalyzerClient.test.ts:32:12)
      at Timeout.task [as _onTimeout] (node_modules/jsdom/lib/jsdom/browser/Window.js:579:19)

PASS tests/unit/lib/audio/musicAnalyzerClient.test.ts (10.408 s)
  MusicAnalyzerClient
    Initialization
      √ should initialize worker successfully (36 ms)
      √ should handle worker initialization errors (42 ms)
    BPM Analysis
      √ should extract BPM from audio (93 ms)
      √ should handle different sample rates (92 ms)
      √ should track analysis statistics (92 ms)
    Key Detection
      √ should detect musical key (93 ms)
      √ should provide key strength (93 ms)
    Spectral Analysis
      √ should calculate spectral features (93 ms)
      √ should validate spectral feature ranges (95 ms)
    Onset Detection
      √ should detect onsets (95 ms)
      √ should provide onset strengths (92 ms)
    Beat Phase Tracking
      √ should get beat phase (93 ms)
      √ should validate beat phase values (94 ms)
    Complete Track Analysis
      √ should analyze complete track (94 ms)
      √ should respect analysis options (92 ms)
      √ should provide mixing suggestions (96 ms)
    Real-time Analysis
      √ should perform real-time analysis (92 ms)
      √ should be faster than full analysis (153 ms)
    Static Utility Methods
      √ should check key compatibility (33 ms)
      √ should calculate BPM match percentage (30 ms)
      √ should get compatible BPM range (31 ms)
      √ should handle edge cases in BPM matching (31 ms)
    Request Management
      √ should handle concurrent requests (92 ms)
      √ should track queue size (93 ms)
      √ should handle request timeout (3050 ms)
      √ should cancel pending requests (46 ms)
    Performance Monitoring
      √ should track processing times (152 ms)
      √ should handle analysis failures (46 ms)
      √ should clear statistics (92 ms)
    Error Handling
      √ should handle worker errors (93 ms)
      √ should handle malformed worker responses (3034 ms)
      √ should validate input parameters (92 ms)
    Resource Management
      √ should destroy worker properly (33 ms)
      √ should handle multiple destroy calls (30 ms)
      √ should prevent operations after destroy (31 ms)

PASS tests/unit/lib/ai/mixAssistant.test.ts (12.263 s)
  IntelligentMixAssistant
    Initialization
      √ should initialize successfully (347 ms)
    Track Analysis
      √ should analyze a track and return complete analysis (313 ms)
      √ should detect phrase structure correctly (338 ms)
    Camelot Wheel Harmonic Compatibility
      √ should calculate perfect harmonic compatibility for same key (293 ms)
      √ should calculate high compatibility for relative major/minor (295 ms)
      √ should calculate good compatibility for adjacent Camelot positions (292 ms)
      √ should calculate lower compatibility for distant keys (292 ms)
    BPM Matching and Tempo Adjustment
      √ should calculate perfect rhythmic compatibility for same BPM (292 ms)
      √ should calculate high compatibility within natural mixing range (±8%) (294 ms)
      √ should calculate tempo adjustment correctly (307 ms)
      √ should recommend pitch_shift for natural range adjustments (408 ms)
      √ should recommend sync_lock for large tempo differences (479 ms)
    Energy Level Analysis
      √ should analyze energy profile correctly (511 ms)
      √ should calculate energetic compatibility correctly (464 ms)
    Mix Point Detection
      √ should identify appropriate mix points (487 ms)
      √ should find compatible mix points between tracks (533 ms)
    Track Compatibility Scoring
      √ should calculate overall compatibility score (526 ms)
      √ should throw error for non-existent tracks (493 ms)
    Transition Recommendations
      √ should generate intelligent transition recommendation (367 ms)
      √ should generate effect recommendations based on track characteristics (342 ms)
      √ should provide real-time mix suggestions (446 ms)
    Beat Matching
      √ should calculate optimal beat sync points (322 ms)
    Performance and Edge Cases
      √ should handle empty audio buffers gracefully (293 ms)
      √ should handle very short audio buffers (304 ms)
      √ should clean up resources properly (386 ms)
      √ should handle concurrent track analyses (394 ms)
    Algorithm Accuracy
      √ should maintain consistent analysis results for same input (328 ms)
      √ should calculate crossfade times based on phrase structure (298 ms)

PASS tests/unit/lib/audio/demucsProcessor.test.ts (37.656 s)
  DemucsProcessor
    Availability and Configuration
      √ should report as available (4 ms)
      √ should return supported audio formats (1 ms)
    Stem Separation Processing
      √ should process audio file successfully (1202 ms)
      √ should process with custom options (1192 ms)
      √ should use default model when no options provided (1204 ms)
      √ should handle processing errors gracefully (9 ms)
      √ should handle file read errors (1 ms)
    Stem Data Validation
      √ should create valid stem data for each stem type (1207 ms)
      √ should maintain consistent duration across all stems (1201 ms)
      √ should maintain consistent sample rate across all stems (1201 ms)
    Processing Progress Tracking
      √ should track processing progress (1207 ms)
      √ should return 0 progress for unknown process ID (1 ms)
      √ should allow canceling processing (1 ms)
    Metadata Generation
      √ should generate complete metadata (1196 ms)
      √ should include error in metadata when processing fails (1 ms)
      √ should record processing time accurately (1194 ms)
    File Type Handling
      √ should handle different audio file types (4769 ms)
      √ should handle large files (1194 ms)
      √ should handle files with unusual names (1198 ms)
    Edge Cases and Error Conditions
      √ should handle empty files (8 ms)
      √ should handle corrupted audio data (1 ms)
      √ should handle very short audio files (1212 ms)
      √ should handle very long audio files (1192 ms)
    Concurrent Processing
      √ should handle multiple concurrent processing requests (1188 ms)
      √ should handle processing cancellation (1 ms)
    Memory Management
      √ should not leak memory during processing (5986 ms)
      √ should clean up resources after processing (1194 ms)
    Integration Scenarios
      √ should work with typical DJ workflow (1198 ms)
      √ should handle batch processing scenario (5970 ms)

Test Suites: 11 failed, 5 passed, 16 total
Tests:       127 failed, 1 skipped, 337 passed, 465 total
Snapshots:   0 total
Time:        42.793 s
Ran all test suites.
